01-30 23:25:23.984  1100  1100 I Layer   : id=129941 removeFromCurrentState Surface(name=ActivityRecord{588e96d u0 com.example.sportmatch/.LoginActivity} t17302})/@0xc3794dc - animation-bounds#129941 (251)
01-30 23:25:23.984  1100  1100 I Layer   : Layer [com.example.sportmatch/com.example.sportmatch.MainActivity$_14070#129927] hidden!! flag(1)
01-30 23:25:23.984 14070 14114 D OpenGLRenderer: setSurface called with nullptr
01-30 23:25:23.984 14070 14114 D OpenGLRenderer: setSurface() destroyed EGLSurface
01-30 23:25:23.984 14070 14114 D OpenGLRenderer: destroyEglSurface
01-30 23:25:23.984  1100  1100 I SurfaceFlinger: id=129948 Removed bbq-wrapper#129948 (251)
01-30 23:25:23.984  1100  1100 I SurfaceFlinger: id=129945 Removed bbq-wrapper#129945 (251)
01-30 23:25:23.984  1100  1100 I SurfaceFlinger: id=129944 Removed Bottom Edge Extension#129944 (251)
01-30 23:25:23.984  1100  1100 I SurfaceFlinger: id=129939 Removed DimAnimationLayer for ActivityRecord{588e96d u0 com.example.sportmatch/.LoginActivity} t17302}#129939 (251)
01-30 23:25:23.984  1100  1100 I SurfaceFlinger: id=129938 Removed Surface(name=ActivityRecord{ac0db3b u0 com.example.sportmatch/.MainActivity} t17302})/@0x7895092 - animation-bounds#129938 (251)
01-30 23:25:23.984  1100  1100 I SurfaceFlinger: id=129947 Removed Top Edge Extension#129947 (251)
01-30 23:25:23.984  1100  1100 I SurfaceFlinger: id=129941 Removed Surface(name=ActivityRecord{588e96d u0 com.example.sportmatch/.LoginActivity} t17302})/@0xc3794dc - animation-bounds#129941 (251)
01-30 23:25:23.984  1100  1100 I SurfaceFlinger: id=129940 Removed Surface(name=ActivityRecord{588e96d u0 com.example.sportmatch/.LoginActivity} t17302})/@0xc3794dc - animation-leash of app_transition#129940 (251)
01-30 23:25:23.984  1100  1100 I SurfaceFlinger: id=129937 Removed Surface(name=ActivityRecord{ac0db3b u0 com.example.sportmatch/.MainActivity} t17302})/@0x7895092 - animation-leash of app_transition#129937 (251)
01-30 23:25:23.985  1100  1100 I Layer   : id=129938 Destroyed Surface(name=ActivityRecord{ac0db3b u0 com.example.sportmatch/.MainActivity} t17302})/@0x7895092 - animation-bounds#129938
01-30 23:25:23.985  1100  1100 I Layer   : id=129937 Destroyed Surface(name=ActivityRecord{ac0db3b u0 com.example.sportmatch/.MainActivity} t17302})/@0x7895092 - animation-leash of app_transition#129937
01-30 23:25:23.986  1100  1100 I Layer   : id=129944 Destroyed Bottom Edge Extension#129944
01-30 23:25:23.986  1426  1485 W WindowManager: lockNow pending, ignore updating lockscreen timeout
01-30 23:25:23.986  1100  1100 I Layer   : id=129945 Destroyed bbq-wrapper#129945
01-30 23:25:23.986  1100  1100 I Layer   : id=129941 Destroyed Surface(name=ActivityRecord{588e96d u0 com.example.sportmatch/.LoginActivity} t17302})/@0xc3794dc - animation-bounds#129941
01-30 23:25:23.987  1100  1100 I Layer   : id=129940 Destroyed Surface(name=ActivityRecord{588e96d u0 com.example.sportmatch/.LoginActivity} t17302})/@0xc3794dc - animation-leash of app_transition#129940
01-30 23:25:23.987  1100  1100 I Layer   : id=129947 Destroyed Top Edge Extension#129947
01-30 23:25:23.987  1100  1100 I Layer   : id=129948 Destroyed bbq-wrapper#129948
01-30 23:25:23.987 14070 14070 I ViewRootImpl@829fdb8[MainActivity]: performTraversals mFirst=false windowShouldResize=false viewVisibilityChanged=true mForceNextWindowRelayout=false params=null
01-30 23:25:23.988  1100  1100 I Layer   : id=129939 Destroyed DimAnimationLayer for ActivityRecord{588e96d u0 com.example.sportmatch/.LoginActivity} t17302}#129939
01-30 23:25:23.989  1426  4484 V WindowManager: Relayout Window{3e5bcc4 u0 com.example.sportmatch/com.example.sportmatch.MainActivity}: viewVisibility=8 req=1080x2400 d0
01-30 23:25:23.991  1426  4484 W WindowManager: lockNow pending, ignore updating lockscreen timeout
01-30 23:25:23.998  1426  4484 V WindowManager: Relayout hash=3e5bcc4, pid=14070, syncId=-1: mAttrs={(0,0)(fillxfill) sim={adjust=pan forwardNavigation} ty=BASE_APPLICATION wanim=0x1030309
01-30 23:25:23.998  1426  4484 V WindowManager:   fl=81810100
01-30 23:25:23.998  1426  4484 V WindowManager:   pfl=12020040
01-30 23:25:23.998  1426  4484 V WindowManager:   bhv=DEFAULT
01-30 23:25:23.998  1426  4484 V WindowManager:   fitSides= naviIconColor=0}
01-30 23:25:24.008 14070 14070 I ViewRootImpl@829fdb8[MainActivity]: Relayout returned: old=(0,0,1080,2400) new=(0,0,1080,2400) req=(1080,2400)8 dur=18 res=0x2 s={false 0x0} ch=true seqId=0
01-30 23:25:24.011 14070 14070 I ViewRootImpl@829fdb8[MainActivity]: stopped(true) old = false
01-30 23:25:24.011 14070 14070 I ViewRootImpl@829fdb8[MainActivity]: WindowStopped on com.example.sportmatch/com.example.sportmatch.MainActivity set to true
01-30 23:25:24.014 14070 14070 D LifecycleMonitor: Lifecycle status change: com.example.sportmatch.MainActivity@cf366af in: STOPPED
01-30 23:25:24.014 14070 14070 V ActivityScenario: Update currentActivityStage to STOPPED, currentActivity=com.example.sportmatch.MainActivity@cf366af
01-30 23:25:24.018 14070 14070 I MSHandlerLifeCycle: removeMultiSplitHandler: no exist. decor=DecorView@83db016[MainActivity]
01-30 23:25:24.047  1100  1100 I Layer   : id=129927 removeFromCurrentState com.example.sportmatch/com.example.sportmatch.MainActivity$_14070#129927 (242)
01-30 23:25:24.048  1100  1100 I SurfaceFlinger: id=129927 Removed com.example.sportmatch/com.example.sportmatch.MainActivity$_14070#129927 (242)
01-30 23:25:24.050  1100  1100 I Layer   : id=129927 Destroyed com.example.sportmatch/com.example.sportmatch.MainActivity$_14070#129927
01-30 23:25:24.112  1426  2377 D SemNscXgbMsL1: Probability - Cloud gaming: [0.057469163]
01-30 23:25:24.113  1426  2377 D SemNscXgbMsL1: Probability - Real time: [0.150587]
01-30 23:25:24.113  1426  2377 D SemNscXgbMsL1: Probability - Non real time: [0.92564625]
01-30 23:25:24.113  1426  2377 D SemNscXgbMsL1: 1 sample inference time: 1.832654 msecs
01-30 23:25:24.117  1426  2377 D SemNscXgbL2Rt: L2 RT 1 sample inference time: 3.225462 msecs
01-30 23:25:24.121  1426  2377 D SemNscXgbL2Nrt: L2 NRT 1 sample inference time: 2.354731 msecs
01-30 23:25:24.121  1426  2377 I SemWifiServiceDetector: NSD results: [0, 1, 2, 0, 0, 1, 1, 2, 0] Traff. type 1 Thr 0
01-30 23:25:24.124  1426  2380 D SemWifiOptimizer: enable=0 state=0x10 prev=0x10 new=0x00 force=0 mode=0
01-30 23:25:24.284  2448  2553 D MobileStatusTracker(0/1): onSignalStrengthsChanged level=4, vendorLevel=3
01-30 23:25:24.289  2448  2553 D MobileSignalController(0/1): notifyListener: enabled=true, connected=true, dataConnected=true, networkType=LTE (4G), emergencyOnly=false, roaming=false, isDefault=false, dataActivity=, level=3, ca=false, mmWave=false, disabledDataIcon=false, simCard=ETC
01-30 23:25:24.291  2448  2553 D NetworkController: SignalStrength from intent slotId=0
01-30 23:25:24.470  1426  2393 D SemWifiSwitchForIndividualAppsService: isSkipNetworkCondition - result:2
01-30 23:25:24.533  2448  2448 D SecPowerUI.Notification: showChargingNotice oldChargingType : 11 / currentChargingType : 11, oldChargingTime : 2785000 / mChargingTime : 2785000
01-30 23:25:24.533  2448  2448 D SecPowerUI.Notification: There is no change about charging status, so return!
01-30 23:25:24.622  1426 11177 D SemWifiUsabilityStatsMonitor: onWifiUsabilityStats - seqNum 43038, isSameBssidAndFreq true
01-30 23:25:24.625  1426  2379 I SemWifiLinkQualityMonitor: Link Qos Query: 0.130 ms / 61.649 Mbps (130 / 0.000 / 2.109)
01-30 23:25:24.628  1426  2377 D SemNscXgbMsL1: Probability - Cloud gaming: [0.011918532]
01-30 23:25:24.629  1426  2377 D SemNscXgbMsL1: Probability - Real time: [0.24084677]
01-30 23:25:24.629  1426  2377 D SemNscXgbMsL1: Probability - Non real time: [0.8255143]
01-30 23:25:24.630  1426  2377 D SemNscXgbMsL1: 1 sample inference time: 5.482077 msecs
01-30 23:25:24.633  1426  2377 D SemNscXgbL2Rt: L2 RT 1 sample inference time: 2.77723 msecs
01-30 23:25:24.636  1426  2377 D SemNscXgbL2Nrt: L2 NRT 1 sample inference time: 2.447538 msecs
01-30 23:25:25.137  1426  2377 D SemNscXgbMsL1: Probability - Cloud gaming: [0.011188335]
01-30 23:25:25.138  1426  2377 D SemNscXgbMsL1: Probability - Real time: [0.14750248]
01-30 23:25:25.138  1426  2377 D SemNscXgbMsL1: Probability - Non real time: [0.7835168]
01-30 23:25:25.139  1426  2377 D SemNscXgbMsL1: 1 sample inference time: 1.858423 msecs
01-30 23:25:25.143  1426  2377 D SemNscXgbL2Rt: L2 RT 1 sample inference time: 3.668038 msecs
01-30 23:25:25.145  1426  2377 D SemNscXgbL2Nrt: L2 NRT 1 sample inference time: 2.160808 msecs
01-30 23:25:25.254  1037 14112 I HYPER-HAL: [RequestManager.cpp]releaseLocked(): Released ID : 16373521
01-30 23:25:25.498  1426  2393 D SemWifiSwitchForIndividualAppsService: isSkipNetworkCondition - result:2
01-30 23:25:25.774 14070 14070 I ViewInteraction: Checking 'androidx.test.espresso.intent.Intents$2@4086a3' assertion on view view.getRootView() to equal view
01-30 23:25:25.783 14070 14070 I ViewInteraction: Checking 'MatchesViewAssertion{viewMatcher=(view has effective visibility <VISIBLE> and view.getGlobalVisibleRect() to return non-empty rectangle)}' assertion on view view.getId() is <2131361958/com.example.sportmatch:id/cardViewLogin>
01-30 23:25:25.795  1426  1484 I ChimeraSystemEventListener: appLaunchIntent package name is: com.example.sportmatch
01-30 23:25:25.800  1426  4484 I SemDvfsHyPerManager: acquire hyper - AMS_ACT_START/1426@21, type = -999
01-30 23:25:25.801  1037  1116 I HYPER-HAL: [RequestManager.cpp]acquire(): Acquired ID : 1047649  [1426 / 21]    HINT : AMS_ACT_START    list :
01-30 23:25:25.803  1100  1152 I SurfaceFlinger: id=129950 createSurf flag=80004, ActivityRecord{1e785cc u0 com.example.sportmatch/androidx.test.core.app.InstrumentationActivityInvoker$EmptyActivity} t17302}#129950
01-30 23:25:25.807  1100  1198 I VSyncReactor: Current= 60, TransitioningTo= 60, hwcPeriod= 60, Distance= 0
01-30 23:25:25.809  1426  4484 W WindowManager: lockNow pending, ignore updating lockscreen timeout
01-30 23:25:25.811  3326  3326 E pageboostd: Received HALT command code 2
01-30 23:25:25.813 14070 14070 D LifecycleMonitor: Lifecycle status change: com.example.sportmatch.LoginActivity@f28d420 in: PAUSED
01-30 23:25:25.814 14070 14070 V ActivityScenario: Activity lifecycle changed event received but ignored because the intent does not match. startActivityIntent=Intent { act=android.intent.action.MAIN cat=[android.intent.category.LAUNCHER] flg=0x10008000 cmp=com.example.sportmatch/.MainActivity }, activity.getIntent()=Intent { cmp=com.example.sportmatch/.LoginActivity }, activity=com.example.sportmatch.LoginActivity@f28d420
01-30 23:25:25.815 14070 14106 V FA      : Recording user engagement, ms: 2415
01-30 23:25:25.826  1426  4480 D InputDispatcher: Focused application(0): ActivityRecord{1e785cc u0 com.example.sportmatch/androidx.test.core.app.InstrumentationActivityInvoker$EmptyActivity} t17302}
01-30 23:25:25.832  1426  4480 W WindowManager: lockNow pending, ignore updating lockscreen timeout
01-30 23:25:25.838  1426  3460 I MediaSessionMonitor: Media session stopped : controllerList empty
01-30 23:25:25.844 14070 14070 D LifecycleMonitor: Lifecycle status change: androidx.test.core.app.InstrumentationActivityInvoker$EmptyActivity@318e782 in: PRE_ON_CREATE
01-30 23:25:25.844  5767  5767 I ActivityUtils: HomePackage : com.sec.android.app.launcher, resumePackageName : com.example.sportmatch
01-30 23:25:25.844 14070 14070 V ActivityScenario: Activity lifecycle changed event received but ignored because the intent does not match. startActivityIntent=Intent { act=android.intent.action.MAIN cat=[android.intent.category.LAUNCHER] flg=0x10008000 cmp=com.example.sportmatch/.MainActivity }, activity.getIntent()=Intent { act=android.intent.action.MAIN cat=[android.intent.category.LAUNCHER] flg=0x10000000 cmp=com.example.sportmatch/androidx.test.core.app.InstrumentationActivityInvoker$EmptyActivity }, activity=androidx.test.core.app.InstrumentationActivityInvoker$EmptyActivity@318e782
01-30 23:25:25.845 14070 14092 V FA      : onActivityCreated
01-30 23:25:25.849  1100  1100 I SurfaceFlinger: [2e2a8ac com.example.sportmatch/com.example.sportmatch.LoginActivity#129933] FrameRatePriority: -1
01-30 23:25:25.849  1100  1100 D SurfaceFlinger: [input] inputWindowCommands.focusRequests size is 1
01-30 23:25:25.852  8598 14153 V FA-SVC  : Logging event: origin=auto,name=user_engagement(_e),params=Bundle[{ga_event_origin(_o)=auto, engagement_time_msec(_et)=2415, ga_screen_class(_sc)=LoginActivity, ga_screen_id(_si)=2564371498319530781}]
01-30 23:25:25.852 14070 14106 V FA      : Activity paused, time: 589515918
01-30 23:25:25.852  1100  1210 D SurfaceFlinger: [input] setFocusedWindow: <null>
01-30 23:25:25.852  1426  2534 D InputDispatcher: Focus request (0): <null> but waiting because NOT_FOCUSABLE
01-30 23:25:25.852  1426  2534 D InputDispatcher: Focus left window (0): 2e2a8ac com.example.sportmatch/com.example.sportmatch.LoginActivity
01-30 23:25:25.853 14070 14070 I DecorView: [INFO] isPopOver=false config=true
01-30 23:25:25.853 14070 14070 I DecorView: updateCaptionType: isFloating=false isApplication=true hasWindowDecorCaption=false this=DecorView@5bd77fc[]
01-30 23:25:25.854 14070 14070 D DecorView: setCaptionType = 0, this = DecorView@5bd77fc[]
01-30 23:25:25.855 14070 14070 I DecorView: getCurrentDensityDpi: from real metrics. densityDpi=450 msg=resources_loaded
01-30 23:25:25.856 14070 14070 I DecorView: setWindowBackground: isPopOver=false color=ffffffff d=android.graphics.drawable.ColorDrawable@e37e4da
01-30 23:25:25.857 14070 14070 D LifecycleMonitor: Lifecycle status change: androidx.test.core.app.InstrumentationActivityInvoker$EmptyActivity@318e782 in: CREATED
01-30 23:25:25.858 14070 14070 V ActivityScenario: Activity lifecycle changed event received but ignored because the intent does not match. startActivityIntent=Intent { act=android.intent.action.MAIN cat=[android.intent.category.LAUNCHER] flg=0x10008000 cmp=com.example.sportmatch/.MainActivity }, activity.getIntent()=Intent { act=android.intent.action.MAIN cat=[android.intent.category.LAUNCHER] flg=0x10000000 cmp=com.example.sportmatch/androidx.test.core.app.InstrumentationActivityInvoker$EmptyActivity }, activity=androidx.test.core.app.InstrumentationActivityInvoker$EmptyActivity@318e782
01-30 23:25:25.860 14070 14070 D LifecycleMonitor: Lifecycle status change: androidx.test.core.app.InstrumentationActivityInvoker$EmptyActivity@318e782 in: STARTED
01-30 23:25:25.861 14070 14070 V ActivityScenario: Activity lifecycle changed event received but ignored because the intent does not match. startActivityIntent=Intent { act=android.intent.action.MAIN cat=[android.intent.category.LAUNCHER] flg=0x10008000 cmp=com.example.sportmatch/.MainActivity }, activity.getIntent()=Intent { act=android.intent.action.MAIN cat=[android.intent.category.LAUNCHER] flg=0x10000000 cmp=com.example.sportmatch/androidx.test.core.app.InstrumentationActivityInvoker$EmptyActivity }, activity=androidx.test.core.app.InstrumentationActivityInvoker$EmptyActivity@318e782
01-30 23:25:25.861  8598 14153 V FA-SVC  : Upload scheduled in approximately ms: 3455046
01-30 23:25:25.861  8598 14153 V FA-SVC  : Unscheduling upload
01-30 23:25:25.863 14070 14070 D LifecycleMonitor: Lifecycle status change: androidx.test.core.app.InstrumentationActivityInvoker$EmptyActivity@318e782 in: RESUMED
01-30 23:25:25.863  8598 14153 V FA-SVC  : Scheduling upload, millis: 3455046
01-30 23:25:25.864 14070 14070 V ActivityScenario: Activity lifecycle changed event received but ignored because the intent does not match. startActivityIntent=Intent { act=android.intent.action.MAIN cat=[android.intent.category.LAUNCHER] flg=0x10008000 cmp=com.example.sportmatch/.MainActivity }, activity.getIntent()=Intent { act=android.intent.action.MAIN cat=[android.intent.category.LAUNCHER] flg=0x10000000 cmp=com.example.sportmatch/androidx.test.core.app.InstrumentationActivityInvoker$EmptyActivity }, activity=androidx.test.core.app.InstrumentationActivityInvoker$EmptyActivity@318e782
01-30 23:25:25.864 14070 14070 I MSHandlerLifeCycle: check: return. pkg=com.example.sportmatch parent=null callers=com.android.internal.policy.DecorView.setVisibility:4412 android.app.ActivityThread.handleResumeActivity:5476 android.app.servertransaction.ResumeActivityItem.execute:54 android.app.servertransaction.ActivityTransactionItem.execute:45 android.app.servertransaction.TransactionExecutor.executeLifecycleState:176
01-30 23:25:25.864 14070 14070 I MSHandlerLifeCycle: removeMultiSplitHandler: no exist. decor=DecorView@5bd77fc[]
01-30 23:25:25.865  8598 14153 V FA-SVC  : Background event processing time, ms: 13
01-30 23:25:25.865 14070 14106 V FA      : Activity resumed, time: 589515967
01-30 23:25:25.869 14070 14114 D NativeCustomFrequencyManager: [NativeCFMS] BpCustomFrequencyManager::BpCustomFrequencyManager()
01-30 23:25:25.871 12143 12904 W NetworkScheduler: Error inserting flex_time=3455000 job_id=-1 period=6911000 source=16 requires_charging=0 preferred_network_type=1 target_class=com.google.android.gms.measurement.PackageMeasurementTaskService user_id=0 target_package=com.google.android.gms tag=Measurement.PackageMeasurementTaskService.UPLOAD_TASK_TAG task_type=0 required_idleness_state=0 service_kind=0 source_version=240213000 persistence_level=1 preferred_charging_state=1 required_network_type=0 runtime=1706649925867 retry_strategy={"maximum_backoff_seconds":{"3600":0},"initial_backoff_seconds":{"30":0},"retry_policy":{"0":0}} last_runtime=0 [CONTEXT service_id=218 ]
01-30 23:25:25.871 12143 12904 W NetworkScheduler: android.database.sqlite.SQLiteConstraintException: UNIQUE constraint failed: pending_ops.tag, pending_ops.target_class, pending_ops.target_package, pending_ops.user_id (code 2067 SQLITE_CONSTRAINT_UNIQUE[2067])
01-30 23:25:25.871 12143 12904 W NetworkScheduler: 	at android.database.sqlite.SQLiteConnection.nativeExecuteForLastInsertedRowId(Native Method)
01-30 23:25:25.871 12143 12904 W NetworkScheduler: 	at android.database.sqlite.SQLiteConnection.executeForLastInsertedRowId(SQLiteConnection.java:1275)
01-30 23:25:25.871 12143 12904 W NetworkScheduler: 	at android.database.sqlite.SQLiteSession.executeForLastInsertedRowId(SQLiteSession.java:790)
01-30 23:25:25.871 12143 12904 W NetworkScheduler: 	at android.database.sqlite.SQLiteStatement.executeInsert(SQLiteStatement.java:89)
01-30 23:25:25.871 12143 12904 W NetworkScheduler: 	at android.database.sqlite.SQLiteDatabase.insertWithOnConflict(SQLiteDatabase.java:2410)
01-30 23:25:25.871 12143 12904 W NetworkScheduler: 	at android.database.sqlite.SQLiteDatabase.insertOrThrow(SQLiteDatabase.java:2305)
01-30 23:25:25.871 12143 12904 W NetworkScheduler: 	at crnw.d(:com.google.android.gms@240213038@24.02.13 (190400-599553831):743)
01-30 23:25:25.871 12143 12904 W NetworkScheduler: 	at crmd.n(:com.google.android.gms@240213038@24.02.13 (190400-599553831):29)
01-30 23:25:25.871 12143 12904 W NetworkScheduler: 	at crmd.u(:com.google.android.gms@240213038@24.02.13 (190400-599553831):362)
01-30 23:25:25.871 12143 12904 W NetworkScheduler: 	at crmd.h(:com.google.android.gms@240213038@24.02.13 (190400-599553831):51)
01-30 23:25:25.871 12143 12904 W NetworkScheduler: 	at crhi.run(:com.google.android.gms@240213038@24.02.13 (190400-599553831):72)
01-30 23:25:25.871 12143 12904 W NetworkScheduler: 	at akki.c(:com.google.android.gms@240213038@24.02.13 (190400-599553831):50)
01-30 23:25:25.871 12143 12904 W NetworkScheduler: 	at akki.run(:com.google.android.gms@240213038@24.02.13 (190400-599553831):97)
01-30 23:25:25.871 12143 12904 W NetworkScheduler: 	at java.util.concurrent.ThreadPoolExecutor.runWorker(ThreadPoolExecutor.java:1145)
01-30 23:25:25.871 12143 12904 W NetworkScheduler: 	at java.util.concurrent.ThreadPoolExecutor$Worker.run(ThreadPoolExecutor.java:644)
01-30 23:25:25.871 12143 12904 W NetworkScheduler: 	at akpt.run(:com.google.android.gms@240213038@24.02.13 (190400-599553831):8)
01-30 23:25:25.871 12143 12904 W NetworkScheduler: 	at java.lang.Thread.run(Thread.java:1012)
01-30 23:25:25.872  1426  4480 D InputTransport: Input channel constructed: '62b6ccd', fd=907
01-30 23:25:25.872  1426  4480 D InputTransport: Input channel constructed: '62b6ccd', fd=913
01-30 23:25:25.872  1426  4480 D InputTransport: Input channel constructed: '62b6ccd', fd=915
01-30 23:25:25.872  1100  1152 I SurfaceFlinger: id=129951 createSurf flag=80004, 62b6ccd com.example.sportmatch/androidx.test.core.app.InstrumentationActivityInvoker$EmptyActivity#129951
01-30 23:25:25.874  1426  4480 D InputTransport: Input channel destroyed: '62b6ccd', fd=915
01-30 23:25:25.876 14070 14070 D InsetsController: onStateChanged: InsetsState: {mDisplayFrame=Rect(0, 0 - 1080, 2400), mDisplayCutout=DisplayCutout{insets=Rect(0, 88 - 0, 0) waterfall=Insets{left=0, top=0, right=0, bottom=0} boundingRect={Bounds=[Rect(0, 0 - 0, 0), Rect(512, 0 - 568, 88), Rect(0, 0 - 0, 0), Rect(0, 0 - 0, 0)]} cutoutPathParserInfo={CutoutPathParserInfo{displayWidth=1080 displayHeight=2400 physicalDisplayWidth=1080 physicalDisplayHeight=2400 density={2.8125} cutoutSpec={M 0,0 M 0,11.43427858034597 a 9.899054752987353,9.899054752987353 0 1,0 0,19.79810950597471 a 9.899054752987353,9.899054752987353 0 1,0 0,-19.79810950597471 Z @dp} rotation={0} scale={1.0} physicalPixelDisplaySizeRatio={1.0}}}}, mRoundedCorners=RoundedCorners{[RoundedCorner{position=TopLeft, radius=90, center=Point(90, 90)}, RoundedCorner{position=TopRight, radius=90, center=Point(990, 90)}, RoundedCorner{position=BottomRight, radius=90, center=Point(990, 2310)}, RoundedCorner{position=BottomLeft, radius=90, center=Point(90, 2310)}]}  mRoundedCornerFrame=Rect(0, 0 - 1080, 2400), mPrivacyIndicatorBounds=PrivacyIndicatorBounds {static bounds=Rect(956, 0 - 1080, 88) rotation=0}, mSources= { InsetsSource: {mType=ITYPE_STATUS_BAR, mFrame=[0,0][1080,88], mVisible=true, mInsetsRoundedCornerFrame=false}, InsetsSource: {mType=ITYPE_NAVIGATION_BAR, mFrame=[0,2265][1080,2400], mVisible=true, mInsetsRoundedCornerFrame=false}, InsetsSource: {mType=ITYPE_LEFT_GESTURES, mFrame=[0,0][0,2400], mVisible=true, mInsetsRoundedCornerFrame=false}, InsetsSource: {mType=ITYPE_RIGHT_GESTURES, mFrame=[1080,0][1080,2400], mVisible=true, mInsetsRoundedCornerFrame=false}, InsetsSource: {mType=ITYPE_TOP_MANDATORY_GESTURES, mFrame=[0,0][1080,122], mVisible=true, mInsetsRoundedCornerFrame=false}, InsetsSource: {mType=ITYPE_BOTTOM_MANDATORY_GESTURES, mFrame=[0,2265][1080,2400], mVisible=true, mInsetsRoundedCornerFrame=false}, InsetsSource: {mType=ITYPE_LEFT_DISPLAY_CUTOUT, mFrame=[0,0][-100000,2400], mVisible=true, mInsetsRoundedCornerFrame=false}, InsetsSource: {mType=ITYPE_TOP_DISPLAY_CUTOUT, mFrame=[0,0][1080,88], mVisible=true, mInsetsRoundedCornerFrame=false}, InsetsSource: {mType=ITYPE_RIGHT_DISPLAY_CUTOUT, mFrame=[100000,0][1080,2400], mVisible=true, mInsetsRoundedCornerFrame=false}, InsetsSource: {mType=ITYPE_BOTTOM_DISPLAY_CUTOUT, mFrame=[0,100000][1080,2400], mVisible=true, mInsetsRoundedCornerFrame=false}, InsetsSource: {mType=ITYPE_TOP_TAPPABLE_ELEMENT, mFrame=[0,0][1080,88], mVisible=true, mInsetsRoundedCornerFrame=false}, InsetsSource: {mType=ITYPE_BOTTOM_TAPPABLE_ELEMENT, mFrame=[0,2265][1080,2400], mVisible=true, mInsetsRoundedCornerFrame=false} } host=com.example.sportmatch/androidx.test.core.app.InstrumentationActivityInvoker$EmptyActivity from=android.view.ViewRootImpl.setView:1732
01-30 23:25:25.878 14070 14070 I ViewRootImpl@f0b0e01[InstrumentationActivityInvoker$EmptyActivity]: setView = com.android.internal.policy.DecorView@5bd77fc TM=true
01-30 23:25:25.879 14070 14070 I MSHandlerLifeCycle: removeMultiSplitHandler: no exist. decor=DecorView@5bd77fc[InstrumentationActivityInvoker$EmptyActivity]
01-30 23:25:25.888 14070 14070 I ViewRootImpl@f0b0e01[InstrumentationActivityInvoker$EmptyActivity]: performTraversals params={(0,0)(fillxfill) sim={adjust=pan forwardNavigation} ty=BASE_APPLICATION
01-30 23:25:25.888 14070 14070 I ViewRootImpl@f0b0e01[InstrumentationActivityInvoker$EmptyActivity]:   fl=81810100
01-30 23:25:25.888 14070 14070 I ViewRootImpl@f0b0e01[InstrumentationActivityInvoker$EmptyActivity]:   pfl=12020040
01-30 23:25:25.888 14070 14070 I ViewRootImpl@f0b0e01[InstrumentationActivityInvoker$EmptyActivity]:   bhv=DEFAULT
01-30 23:25:25.888 14070 14070 I ViewRootImpl@f0b0e01[InstrumentationActivityInvoker$EmptyActivity]:   fitSides= naviIconColor=0}
01-30 23:25:25.891 14070 14070 I ViewRootImpl@f0b0e01[InstrumentationActivityInvoker$EmptyActivity]: performTraversals mFirst=true windowShouldResize=true viewVisibilityChanged=false mForceNextWindowRelayout=false params={(0,0)(fillxfill) sim={adjust=pan forwardNavigation} ty=BASE_APPLICATION
01-30 23:25:25.891 14070 14070 I ViewRootImpl@f0b0e01[InstrumentationActivityInvoker$EmptyActivity]:   fl=81810100
01-30 23:25:25.891 14070 14070 I ViewRootImpl@f0b0e01[InstrumentationActivityInvoker$EmptyActivity]:   pfl=12020040
01-30 23:25:25.891 14070 14070 I ViewRootImpl@f0b0e01[InstrumentationActivityInvoker$EmptyActivity]:   bhv=DEFAULT
01-30 23:25:25.891 14070 14070 I ViewRootImpl@f0b0e01[InstrumentationActivityInvoker$EmptyActivity]:   fitSides= naviIconColor=0}
01-30 23:25:25.892  1426  2534 V WindowManager: Relayout Window{62b6ccd u0 com.example.sportmatch/androidx.test.core.app.InstrumentationActivityInvoker$EmptyActivity}: viewVisibility=0 req=1080x2400 d0
01-30 23:25:25.892  1100  1152 I SurfaceFlinger: id=129952 createSurf flag=40004, com.example.sportmatch/androidx.test.core.app.InstrumentationActivityInvoker$EmptyActivity$_14070#129952
01-30 23:25:25.894  1426  2534 W WindowManager: lockNow pending, ignore updating lockscreen timeout
01-30 23:25:25.896  1100  1152 I SurfaceFlinger: id=129953 createSurf flag=24000, Surface(name=c2abcc7 StatusBar)/@0x2f665b7 - animation-leash of insets_animation#129953
01-30 23:25:25.897  1100  1333 I SurfaceFlinger: id=129954 createSurf flag=24000, Surface(name=719c3fd NavigationBar0)/@0xe9d3c89 - animation-leash of insets_animation#129954
01-30 23:25:25.899  1426  2534 V WindowManager: Relayout hash=62b6ccd, pid=14070, syncId=-1: mAttrs={(0,0)(fillxfill) sim={adjust=pan forwardNavigation} ty=BASE_APPLICATION
01-30 23:25:25.899  1426  2534 V WindowManager:   fl=81810100
01-30 23:25:25.899  1426  2534 V WindowManager:   pfl=12020040
01-30 23:25:25.899  1426  2534 V WindowManager:   bhv=DEFAULT
01-30 23:25:25.899  1426  2534 V WindowManager:   fitSides= naviIconColor=0}
01-30 23:25:25.902 14070 14070 D InsetsController: onStateChanged: InsetsState: {mDisplayFrame=Rect(0, 0 - 1080, 2400), mDisplayCutout=DisplayCutout{insets=Rect(0, 88 - 0, 0) waterfall=Insets{left=0, top=0, right=0, bottom=0} boundingRect={Bounds=[Rect(0, 0 - 0, 0), Rect(512, 0 - 568, 88), Rect(0, 0 - 0, 0), Rect(0, 0 - 0, 0)]} cutoutPathParserInfo={CutoutPathParserInfo{displayWidth=1080 displayHeight=2400 physicalDisplayWidth=1080 physicalDisplayHeight=2400 density={2.8125} cutoutSpec={M 0,0 M 0,11.43427858034597 a 9.899054752987353,9.899054752987353 0 1,0 0,19.79810950597471 a 9.899054752987353,9.899054752987353 0 1,0 0,-19.79810950597471 Z @dp} rotation={0} scale={1.0} physicalPixelDisplaySizeRatio={1.0}}}}, mRoundedCorners=RoundedCorners{[RoundedCorner{position=TopLeft, radius=90, center=Point(90, 90)}, RoundedCorner{position=TopRight, radius=90, center=Point(990, 90)}, RoundedCorner{position=BottomRight, radius=90, center=Point(990, 2310)}, RoundedCorner{position=BottomLeft, radius=90, center=Point(90, 2310)}]}  mRoundedCornerFrame=Rect(0, 0 - 1080, 2400), mPrivacyIndicatorBounds=PrivacyIndicatorBounds {static bounds=Rect(956, 0 - 1080, 88) rotation=0}, mSources= { InsetsSource: {mType=ITYPE_STATUS_BAR, mFrame=[0,0][1080,88], mVisible=true, mInsetsRoundedCornerFrame=false}, InsetsSource: {mType=ITYPE_NAVIGATION_BAR, mFrame=[0,2265][1080,2400], mVisible=true, mInsetsRoundedCornerFrame=false}, InsetsSource: {mType=ITYPE_LEFT_GESTURES, mFrame=[0,0][0,2400], mVisible=true, mInsetsRoundedCornerFrame=false}, InsetsSource: {mType=ITYPE_RIGHT_GESTURES, mFrame=[1080,0][1080,2400], mVisible=true, mInsetsRoundedCornerFrame=false}, InsetsSource: {mType=ITYPE_TOP_MANDATORY_GESTURES, mFrame=[0,0][1080,122], mVisible=true, mInsetsRoundedCornerFrame=false}, InsetsSource: {mType=ITYPE_BOTTOM_MANDATORY_GESTURES, mFrame=[0,2265][1080,2400], mVisible=true, mInsetsRoundedCornerFrame=false}, InsetsSource: {mType=ITYPE_LEFT_DISPLAY_CUTOUT, mFrame=[0,0][-100000,2400], mVisible=true, mInsetsRoundedCornerFrame=false}, InsetsSource: {mType=ITYPE_TOP_DISPLAY_CUTOUT, mFrame=[0,0][1080,88], mVisible=true, mInsetsRoundedCornerFrame=false}, InsetsSource: {mType=ITYPE_RIGHT_DISPLAY_CUTOUT, mFrame=[100000,0][1080,2400], mVisible=true, mInsetsRoundedCornerFrame=false}, InsetsSource: {mType=ITYPE_BOTTOM_DISPLAY_CUTOUT, mFrame=[0,100000][1080,2400], mVisible=true, mInsetsRoundedCornerFrame=false}, InsetsSource: {mType=ITYPE_TOP_TAPPABLE_ELEMENT, mFrame=[0,0][1080,88], mVisible=true, mInsetsRoundedCornerFrame=false}, InsetsSource: {mType=ITYPE_BOTTOM_TAPPABLE_ELEMENT, mFrame=[0,2265][1080,2400], mVisible=true, mInsetsRoundedCornerFrame=false}, InsetsSource: {mType=ITYPE_IME, mFrame=[0,0][0,0], mVisibleFrame=[0,1392][1080,2400], mVisible=false, mInsetsRoundedCornerFrame=false} } host=com.example.sportmatch/androidx.test.core.app.InstrumentationActivityInvoker$EmptyActivity from=android.view.ViewRootImpl.relayoutWindow:9802
01-30 23:25:25.904  8598 14153 V FA-SVC  : Logging event: origin=auto,name=screen_view(_vs),params=Bundle[{ga_event_origin(_o)=auto, ga_previous_class(_pc)=LoginActivity, ga_previous_id(_pi)=2564371498319530781, ga_screen_class(_sc)=EmptyActivity, ga_screen_id(_si)=2564371498319530782}]
01-30 23:25:25.904 14070 14070 I ViewRootImpl@f0b0e01[InstrumentationActivityInvoker$EmptyActivity]: updateBlastSurfaceIfNeeded mBlastBufferQueue=null isSameSurfaceControl=false
01-30 23:25:25.905 14070 14070 I BLASTBufferQueue: new BLASTBufferQueue, mName= ViewRootImpl@f0b0e01[InstrumentationActivityInvoker$EmptyActivity] mNativeObject= 0xb40000722b65d230 sc.mNativeObject= 0xb4000071bb6ce970 caller= android.view.ViewRootImpl.updateBlastSurfaceIfNeeded:2909 android.view.ViewRootImpl.relayoutWindow:9847 android.view.ViewRootImpl.performTraversals:3884 android.view.ViewRootImpl.doTraversal:3116 android.view.ViewRootImpl$TraversalRunnable.run:10885 android.view.Choreographer$CallbackRecord.run:1301 android.view.Choreographer$CallbackRecord.run:1309 android.view.Choreographer.doCallbacks:923 android.view.Choreographer.doFrame:852 android.view.Choreographer$FrameDisplayEventReceiver.run:1283
01-30 23:25:25.906 14070 14070 I BLASTBufferQueue: update, w= 1080 h= 2400 mName = ViewRootImpl@f0b0e01[InstrumentationActivityInvoker$EmptyActivity] mNativeObject= 0xb40000722b65d230 sc.mNativeObject= 0xb4000071bb6ce970 format= -1 caller= android.graphics.BLASTBufferQueue.<init>:84 android.view.ViewRootImpl.updateBlastSurfaceIfNeeded:2909 android.view.ViewRootImpl.relayoutWindow:9847 android.view.ViewRootImpl.performTraversals:3884 android.view.ViewRootImpl.doTraversal:3116 android.view.ViewRootImpl$TraversalRunnable.run:10885
01-30 23:25:25.906 14070 14070 I ViewRootImpl@f0b0e01[InstrumentationActivityInvoker$EmptyActivity]: Relayout returned: old=(0,0,1080,2400) new=(0,0,1080,2400) req=(1080,2400)0 dur=13 res=0x3 s={true 0xb4000072bb6b1ce0} ch=true seqId=0
01-30 23:25:25.908 14070 14114 D OpenGLRenderer: eglCreateWindowSurface
01-30 23:25:25.908 14070 14070 I ViewRootImpl@f0b0e01[InstrumentationActivityInvoker$EmptyActivity]: mThreadedRenderer.initialize() mSurface={isValid=true 0xb4000072bb6b1ce0} hwInitialized=true
01-30 23:25:25.910 14070 14070 I ViewRootImpl@f0b0e01[InstrumentationActivityInvoker$EmptyActivity]: reportNextDraw android.view.ViewRootImpl.performTraversals:4438 android.view.ViewRootImpl.doTraversal:3116 android.view.ViewRootImpl$TraversalRunnable.run:10885 android.view.Choreographer$CallbackRecord.run:1301 android.view.Choreographer$CallbackRecord.run:1309
01-30 23:25:25.910 14070 14070 I ViewRootImpl@f0b0e01[InstrumentationActivityInvoker$EmptyActivity]: Setup new sync id=0
01-30 23:25:25.910 14070 14070 I ViewRootImpl@f0b0e01[InstrumentationActivityInvoker$EmptyActivity]: Setting syncFrameCallback
01-30 23:25:25.910 14070 14070 I ViewRootImpl@f0b0e01[InstrumentationActivityInvoker$EmptyActivity]: registerCallbacksForSync syncBuffer=false
01-30 23:25:25.912 14070 14148 I ViewRootImpl@f0b0e01[InstrumentationActivityInvoker$EmptyActivity]: Received frameDrawingCallback syncResult=0 frameNum=1.
01-30 23:25:25.913 14070 14148 I ViewRootImpl@f0b0e01[InstrumentationActivityInvoker$EmptyActivity]: Setting up sync and frameCommitCallback
01-30 23:25:25.914  8598 14153 V FA-SVC  : Upload scheduled in approximately ms: 3454993
01-30 23:25:25.914  8598 14153 V FA-SVC  : Unscheduling upload
01-30 23:25:25.915 14070 14114 I BLASTBufferQueue: [ViewRootImpl@f0b0e01[InstrumentationActivityInvoker$EmptyActivity]#2](f:0,a:0) onFrameAvailable the first frame is available
01-30 23:25:25.915 14070 14114 I ViewRootImpl@f0b0e01[InstrumentationActivityInvoker$EmptyActivity]: Received frameCommittedCallback lastAttemptedDrawFrameNum=1 didProduceBuffer=true
01-30 23:25:25.916  8598 14153 V FA-SVC  : Scheduling upload, millis: 3454993
01-30 23:25:25.916 14070 14114 D OpenGLRenderer: CFMS:: SetUp Pid : 14070    Tid : 14114
01-30 23:25:25.916  1100  1100 I Layer   : id=129935 removeFromCurrentState Surface(name=c2abcc7 StatusBar)/@0x2f665b7 - animation-leash of insets_animation#129935 (246)
01-30 23:25:25.917 14070 14114 W Parcel  : Expecting binder but got null!
01-30 23:25:25.917  1100  1100 I Layer   : id=129936 removeFromCurrentState Surface(name=719c3fd NavigationBar0)/@0xe9d3c89 - animation-leash of insets_animation#129936 (246)
01-30 23:25:25.917  1100  1100 I SurfaceFlinger: [62b6ccd com.example.sportmatch/androidx.test.core.app.InstrumentationActivityInvoker$EmptyActivity#129951] FrameRatePriority: 1
01-30 23:25:25.917  1100  1100 D SurfaceFlinger: [input] inputWindowCommands.focusRequests size is 1
01-30 23:25:25.917 14070 14070 I ViewRootImpl@f0b0e01[InstrumentationActivityInvoker$EmptyActivity]: onSyncComplete
01-30 23:25:25.917 14070 14070 I ViewRootImpl@f0b0e01[InstrumentationActivityInvoker$EmptyActivity]: setupSync seqId=0 mSyncId=0 fn=1 caller=android.view.ViewRootImpl$$ExternalSyntheticLambda11.accept:6 android.window.SurfaceSyncer.lambda$setupSync$1$android-window-SurfaceSyncer:128 android.window.SurfaceSyncer$$ExternalSyntheticLambda1.accept:8 android.window.SurfaceSyncer$SyncSet.checkIfSyncIsComplete:382 android.window.SurfaceSyncer$SyncSet.markSyncReady:359 android.window.SurfaceSyncer.markSyncReady:151 android.view.ViewRootImpl.performTraversals:4503
01-30 23:25:25.918 14070 14070 I ViewRootImpl@f0b0e01[InstrumentationActivityInvoker$EmptyActivity]: reportDrawFinished seqId=0 mSyncId=-1 fn=1 mSurfaceChangedTransaction=0xb4000071eb65e210
01-30 23:25:25.919 14070 14070 I ViewRootImpl@3699d4b[LoginActivity]: MSG_WINDOW_FOCUS_CHANGED 0 0
01-30 23:25:25.922  8598 14153 V FA-SVC  : Background event processing time, ms: 18
01-30 23:25:25.922  1100  1210 D SurfaceFlinger: [input] setFocusedWindow: 62b6ccd com.example.sportmatch/androidx.test.core.app.InstrumentationActivityInvoker$EmptyActivity
01-30 23:25:25.923  1426  4482 D InputDispatcher: Focus request (0): 62b6ccd com.example.sportmatch/androidx.test.core.app.InstrumentationActivityInvoker$EmptyActivity but waiting because NOT_VISIBLE
01-30 23:25:25.924  1426  1485 W WindowManager: lockNow pending, ignore updating lockscreen timeout
01-30 23:25:25.929  1426  1485 I SemDvfsHyPerManager: acquire hyper - AMS_RESUME_TAIL/1426@22, type = -999
01-30 23:25:25.929  1426  1479 I ActivityTaskManager: Displayed com.example.sportmatch/androidx.test.core.app.InstrumentationActivityInvoker$EmptyActivity: +132ms
01-30 23:25:25.929  1426  1485 I SemDvfsHyPerManager: acquire hyper - AMS_ACT_LAZY/1426@23, type = -999
01-30 23:25:25.930  1037  1116 I HYPER-HAL: [RequestManager.cpp]acquire(): Acquired ID : 1049098  [1426 / 22]    HINT : AMS_RESUME_TAIL    list :
01-30 23:25:25.930 12143 13822 W NetworkScheduler: Error inserting flex_time=3454000 job_id=-1 period=6910000 source=16 requires_charging=0 preferred_network_type=1 target_class=com.google.android.gms.measurement.PackageMeasurementTaskService user_id=0 target_package=com.google.android.gms tag=Measurement.PackageMeasurementTaskService.UPLOAD_TASK_TAG task_type=0 required_idleness_state=0 service_kind=0 source_version=240213000 persistence_level=1 preferred_charging_state=1 required_network_type=0 runtime=1706649925926 retry_strategy={"maximum_backoff_seconds":{"3600":0},"initial_backoff_seconds":{"30":0},"retry_policy":{"0":0}} last_runtime=0 [CONTEXT service_id=218 ]
01-30 23:25:25.930 12143 13822 W NetworkScheduler: android.database.sqlite.SQLiteConstraintException: UNIQUE constraint failed: pending_ops.tag, pending_ops.target_class, pending_ops.target_package, pending_ops.user_id (code 2067 SQLITE_CONSTRAINT_UNIQUE[2067])
01-30 23:25:25.930 12143 13822 W NetworkScheduler: 	at android.database.sqlite.SQLiteConnection.nativeExecuteForLastInsertedRowId(Native Method)
01-30 23:25:25.930 12143 13822 W NetworkScheduler: 	at android.database.sqlite.SQLiteConnection.executeForLastInsertedRowId(SQLiteConnection.java:1275)
01-30 23:25:25.930 12143 13822 W NetworkScheduler: 	at android.database.sqlite.SQLiteSession.executeForLastInsertedRowId(SQLiteSession.java:790)
01-30 23:25:25.930 12143 13822 W NetworkScheduler: 	at android.database.sqlite.SQLiteStatement.executeInsert(SQLiteStatement.java:89)
01-30 23:25:25.930 12143 13822 W NetworkScheduler: 	at android.database.sqlite.SQLiteDatabase.insertWithOnConflict(SQLiteDatabase.java:2410)
01-30 23:25:25.930 12143 13822 W NetworkScheduler: 	at android.database.sqlite.SQLiteDatabase.insertOrThrow(SQLiteDatabase.java:2305)
01-30 23:25:25.930 12143 13822 W NetworkScheduler: 	at crnw.d(:com.google.android.gms@240213038@24.02.13 (190400-599553831):743)
01-30 23:25:25.930 12143 13822 W NetworkScheduler: 	at crmd.n(:com.google.android.gms@240213038@24.02.13 (190400-599553831):29)
01-30 23:25:25.930 12143 13822 W NetworkScheduler: 	at crmd.u(:com.google.android.gms@240213038@24.02.13 (190400-599553831):362)
01-30 23:25:25.930 12143 13822 W NetworkScheduler: 	at crmd.h(:com.google.android.gms@240213038@24.02.13 (190400-599553831):51)
01-30 23:25:25.930 12143 13822 W NetworkScheduler: 	at crhi.run(:com.google.android.gms@240213038@24.02.13 (190400-599553831):72)
01-30 23:25:25.930 12143 13822 W NetworkScheduler: 	at akki.c(:com.google.android.gms@240213038@24.02.13 (190400-599553831):50)
01-30 23:25:25.930 12143 13822 W NetworkScheduler: 	at akki.run(:com.google.android.gms@240213038@24.02.13 (190400-599553831):76)
01-30 23:25:25.930 12143 13822 W NetworkScheduler: 	at java.util.concurrent.ThreadPoolExecutor.runWorker(ThreadPoolExecutor.java:1145)
01-30 23:25:25.930 12143 13822 W NetworkScheduler: 	at java.util.concurrent.ThreadPoolExecutor$Worker.run(ThreadPoolExecutor.java:644)
01-30 23:25:25.930 12143 13822 W NetworkScheduler: 	at akpt.run(:com.google.android.gms@240213038@24.02.13 (190400-599553831):8)
01-30 23:25:25.930 12143 13822 W NetworkScheduler: 	at java.lang.Thread.run(Thread.java:1012)
01-30 23:25:25.930  1426  1485 W WindowManager: lockNow pending, ignore updating lockscreen timeout
01-30 23:25:25.931  3326  3326 E pageboostd: Received HALT command code 2
01-30 23:25:25.931  1037  1116 I HYPER-HAL: [RequestManager.cpp]releaseLocked(): Released ID : 1047649
01-30 23:25:25.931  1100  1152 I SurfaceFlinger: id=129955 createSurf flag=80000, d0db3ff ActivityRecordInputSink com.example.sportmatch/androidx.test.core.app.InstrumentationActivityInvoker$EmptyActivity#129955
01-30 23:25:25.935 25557 25571 I RecentModel: onTaskStackChangedBackground
01-30 23:25:25.937  1426  1485 W WindowManager: lockNow pending, ignore updating lockscreen timeout
01-30 23:25:25.941  1100  1333 I SurfaceFlinger: id=129936 Removed Surface(name=719c3fd NavigationBar0)/@0xe9d3c89 - animation-leash of insets_animation#129936 (247)
01-30 23:25:25.941  1100  1152 I SurfaceFlinger: id=129935 Removed Surface(name=c2abcc7 StatusBar)/@0x2f665b7 - animation-leash of insets_animation#129935 (247)
01-30 23:25:25.947 14070 14070 I ViewRootImpl@3699d4b[LoginActivity]: handleAppVisibility mAppVisible = true visible = false
01-30 23:25:25.948 14070 14070 I ViewRootImpl@3699d4b[LoginActivity]: stopped(true) old = false
01-30 23:25:25.948 14070 14070 I ViewRootImpl@3699d4b[LoginActivity]: WindowStopped on com.example.sportmatch/com.example.sportmatch.LoginActivity set to true
01-30 23:25:25.949  1100  1100 I Layer   : Layer [com.example.sportmatch/androidx.test.core.app.InstrumentationActivityInvoker$EmptyActivity$_14070#129952] hidden!! flag(0)
01-30 23:25:25.950  1100  1100 I Layer   : Layer [com.example.sportmatch/com.example.sportmatch.LoginActivity$_14070#129934] hidden!! flag(1)
01-30 23:25:25.951  1100  1100 I Layer   : id=129936 Destroyed Surface(name=719c3fd NavigationBar0)/@0xe9d3c89 - animation-leash of insets_animation#129936
01-30 23:25:25.951  1100  1100 I Layer   : id=129935 Destroyed Surface(name=c2abcc7 StatusBar)/@0x2f665b7 - animation-leash of insets_animation#129935
01-30 23:25:25.951 14070 14070 D LifecycleMonitor: Lifecycle status change: com.example.sportmatch.LoginActivity@f28d420 in: STOPPED
01-30 23:25:25.951 14070 14070 V ActivityScenario: Activity lifecycle changed event received but ignored because the intent does not match. startActivityIntent=Intent { act=android.intent.action.MAIN cat=[android.intent.category.LAUNCHER] flg=0x10008000 cmp=com.example.sportmatch/.MainActivity }, activity.getIntent()=Intent { cmp=com.example.sportmatch/.LoginActivity }, activity=com.example.sportmatch.LoginActivity@f28d420
01-30 23:25:25.954  1426  4480 D InputDispatcher: Focus entered window (0): 62b6ccd com.example.sportmatch/androidx.test.core.app.InstrumentationActivityInvoker$EmptyActivity
01-30 23:25:25.955 14070 14070 I MSHandlerLifeCycle: removeMultiSplitHandler: no exist. decor=DecorView@1b5311[LoginActivity]
01-30 23:25:25.958  1100  1100 D SurfaceFlinger: Display 4633128672291735932 HWC layers:
01-30 23:25:25.958  1100  1100 D SurfaceFlinger:      DEVICE | 0xb400007704b619d0 | 0102 | RGBA_8888    |    0.0    0.0 1080.0 2400.0 |    0    0 1080 2400 | com.example.sportmatch/androidx.test[...]yInvoker$EmptyActivity$_14070#129952
01-30 23:25:25.958  1100  1100 D SurfaceFlinger:      DEVICE | 0xb400007704b67310 | 0100 | RGBA_8888    |    0.0    0.0 1080.0   88.0 |    0    0 1080   88 | StatusBar$_2448#94
01-30 23:25:25.958  1100  1100 D SurfaceFlinger:      DEVICE | 0xb400007704b64750 | 0100 | RGBA_8888    |    0.0    0.0   67.0  342.0 |    0 1504   67 1846 | com.samsung.android.app.cocktailbars[...]vice.CocktailBarService$_5767#129865
01-30 23:25:25.958  1100  1100 D SurfaceFlinger:      DEVICE | 0xb400007704b68110 | 0100 | RGBA_8888    |    0.0    0.0 1080.0  135.0 |    0 2265 1080 2400 | NavigationBar0$_2448#88
01-30 23:25:25.958  1100  1100 D SurfaceFlinger:
01-30 23:25:25.960 14070 14070 D LifecycleMonitor: Lifecycle status change: com.example.sportmatch.MainActivity@cf366af in: DESTROYED
01-30 23:25:25.960 14070 14070 V ActivityScenario: Update currentActivityStage to DESTROYED, currentActivity=null
01-30 23:25:25.962 14070 14070 I MSHandlerLifeCycle: removeMultiSplitHandler: no exist. decor=DecorView@83db016[MainActivity]
01-30 23:25:25.962 14070 14114 D OpenGLRenderer: setSurface called with nullptr
01-30 23:25:25.963 14070 14070 I ViewRootImpl@829fdb8[MainActivity]: dispatchDetachedFromWindow
01-30 23:25:25.963  1426  4480 D InputTransport: Input channel destroyed: '3e5bcc4', fd=859
01-30 23:25:25.963  1426  4480 W InputManager-JNI: Input channel object '3e5bcc4 com.example.sportmatch/com.example.sportmatch.MainActivity (client)' was disposed without first being removed with the input manager!
01-30 23:25:25.963  1426  4480 D InputTransport: Input channel destroyed: '3e5bcc4', fd=864
01-30 23:25:25.964  1426  4480 W WindowManager: lockNow pending, ignore updating lockscreen timeout
01-30 23:25:25.965 14070 14070 D InputTransport: Input channel destroyed: '3e5bcc4', fd=110
01-30 23:25:25.967  1100  1100 I Layer   : id=129926 removeFromCurrentState 3e5bcc4 com.example.sportmatch/com.example.sportmatch.MainActivity#129926 (245)
01-30 23:25:25.967  1100  1100 I SurfaceFlinger: id=129926 Removed 3e5bcc4 com.example.sportmatch/com.example.sportmatch.MainActivity#129926 (245)
01-30 23:25:25.968  1100  1100 I Layer   : id=129926 Destroyed 3e5bcc4 com.example.sportmatch/com.example.sportmatch.MainActivity#129926
01-30 23:25:25.969  1100  1333 I SurfaceFlinger: id=129925 Removed a28c535 ActivityRecordInputSink com.example.sportmatch/.MainActivity#129925 (244)
01-30 23:25:25.970  1426  1705 W WindowManager: lockNow pending, ignore updating lockscreen timeout
01-30 23:25:25.973 14070 14114 D OpenGLRenderer: setSurface called with nullptr
01-30 23:25:25.973 14070 14114 D OpenGLRenderer: setSurface() destroyed EGLSurface
01-30 23:25:25.973 14070 14114 D OpenGLRenderer: destroyEglSurface
01-30 23:25:25.975 14070 14070 I ViewRootImpl@3699d4b[LoginActivity]: performTraversals mFirst=false windowShouldResize=false viewVisibilityChanged=true mForceNextWindowRelayout=false params=null
01-30 23:25:25.975  1426  4480 V WindowManager: Relayout Window{2e2a8ac u0 com.example.sportmatch/com.example.sportmatch.LoginActivity}: viewVisibility=8 req=1080x2400 d0
01-30 23:25:25.976  1426  4480 W WindowManager: lockNow pending, ignore updating lockscreen timeout
01-30 23:25:25.978  1426  4480 V WindowManager: Relayout hash=2e2a8ac, pid=14070, syncId=-1: mAttrs={(0,0)(fillxfill) sim={adjust=pan forwardNavigation} ty=BASE_APPLICATION wanim=0x1030309
01-30 23:25:25.978  1426  4480 V WindowManager:   fl=81810100
01-30 23:25:25.978  1426  4480 V WindowManager:   pfl=12020040
01-30 23:25:25.978  1426  4480 V WindowManager:   bhv=DEFAULT
01-30 23:25:25.978  1426  4480 V WindowManager:   fitSides= naviIconColor=0}
01-30 23:25:25.981 14070 14070 I ViewRootImpl@3699d4b[LoginActivity]: Relayout returned: old=(0,0,1080,2400) new=(0,0,1080,2400) req=(1080,2400)8 dur=6 res=0x2 s={false 0x0} ch=false seqId=0
01-30 23:25:25.982 14070 14070 I ViewRootImpl@f0b0e01[InstrumentationActivityInvoker$EmptyActivity]: MSG_WINDOW_FOCUS_CHANGED 1 0
01-30 23:25:25.983 14070 14070 I ViewRootImpl@f0b0e01[InstrumentationActivityInvoker$EmptyActivity]: mThreadedRenderer.initializeIfNeeded()#2 mSurface={isValid=true 0xb4000072bb6b1ce0}
01-30 23:25:25.983  1100  1100 I Layer   : id=129920 removeFromCurrentState ActivityRecord{ac0db3b u0 com.example.sportmatch/.MainActivity} t17302}#129920 (244)
01-30 23:25:25.983  1100  1100 I Layer   : id=129925 removeFromCurrentState a28c535 ActivityRecordInputSink com.example.sportmatch/.MainActivity#129925 (244)
01-30 23:25:25.983 14070 14070 D InputMethodManager: startInputInner - Id : 0
01-30 23:25:25.983 14070 14070 I InputMethodManager: startInputInner - mService.startInputOrWindowGainedFocus
01-30 23:25:25.983  1100  1100 I SurfaceFlinger: id=129920 Removed ActivityRecord{ac0db3b u0 com.example.sportmatch/.MainActivity} t17302}#129920 (244)
01-30 23:25:25.984  1100  1100 I Layer   : id=129920 Destroyed ActivityRecord{ac0db3b u0 com.example.sportmatch/.MainActivity} t17302}#129920
01-30 23:25:25.984  1100  1100 I Layer   : id=129925 Destroyed a28c535 ActivityRecordInputSink com.example.sportmatch/.MainActivity#129925
01-30 23:25:25.985  1426  4480 D InputMethodManagerService: mDesktopModeManager null!
01-30 23:25:25.985  1426  4480 V InputMethodManagerService: getDisplayIdOfInputMethodWindowToBeAdded: displayId=0
01-30 23:25:25.985  1426  4480 D InputMethodManagerService: isImeSwitcherDisabledPackage : false
01-30 23:25:25.988  1426  4480 D InputMethodManagerService: checkDisplayOfStartInputAndUpdateKeyboard: displayId=0, mFocusedDisplayId=0
01-30 23:25:25.988  1426  4480 D InputTransport: Input channel constructed: 'ClientS', fd=859
01-30 23:25:25.988  1426  4480 D InputTransport: Input channel destroyed: 'ClientS', fd=859
01-30 23:25:25.988  1426  1705 D InputDispatcher: Focus left window (0): 62b6ccd com.example.sportmatch/androidx.test.core.app.InstrumentationActivityInvoker$EmptyActivity
01-30 23:25:25.989  6115  6115 I HBD     : HoneyBoardService onFinishInput
01-30 23:25:25.990  6115  6115 I HBD     : a IC have been unbinding,  RemoteInputConnection{idHash=#6ecfb33}
01-30 23:25:25.990  6115  6115 I HBD     : HoneyBoardService [PF_CL][onFinishInput]  1 ms
01-30 23:25:25.990  6115  6115 I HBD     : HoneyBoardService [IMI] onStartInput - caller pid : 14070 , caller uid : 10438
01-30 23:25:25.990  6115  6115 I HBD     : j updateConfigs
01-30 23:25:25.990  6115  6115 I HBD     : j isEnabledNightMode : true
01-30 23:25:25.991  6115  6115 I HBD     : a IC have been binding, RemoteInputConnection{idHash=#6ecfb33}
01-30 23:25:25.991  6115  6115 I HBD     : h [EditorInputType]setPrivateImeOptionsToTable privateImeOptions ( null )
01-30 23:25:25.991  6115  6115 I HBD     : b incognitoMode : false
01-30 23:25:25.991  6115  6115 I HBD     : b needOff = true , isForceOff = false, isNullInputClass : true
01-30 23:25:25.991  1100  1152 I SurfaceFlinger: id=129956 createSurf flag=24004, Surface(name=1e49913 InputMethod)/@0x940201a - animation-leash of insets_animation#129956
01-30 23:25:25.991  6115  6115 I HBD     : h getDefaultInputRange : UNKNOWN
01-30 23:25:25.991  6115  6115 I HBD     : h getDefaultInputRange : UNKNOWN
01-30 23:25:25.991  6115  6115 I HBD     : h getDefaultInputRange : UNKNOWN
01-30 23:25:25.992  1426  1485 W WindowManager: lockNow pending, ignore updating lockscreen timeout
01-30 23:25:25.993 14070 14070 D LifecycleMonitor: Lifecycle status change: androidx.test.core.app.InstrumentationActivityInvoker$EmptyActivity@318e782 in: PAUSED
