01-30 20:26:55.986  1086  1086 V APM_AudioPolicyManager: listAudioPorts() role 0 type 0 num_ports 0 ports 0xb4000072ac58c8f0
01-30 20:26:55.986  1086  1086 V APM_AudioPolicyManager: listAudioPorts() got 0 ports needed 13
01-30 20:26:55.988  1086  1470 V APM_AudioPolicyManager: listAudioPorts() role 0 type 0 num_ports 13 ports 0xb40000753b472f60
01-30 20:26:55.988  1086  1470 V APM_AudioPolicyManager: listAudioPorts() got 13 ports needed 13
01-30 20:26:55.991  1086  9336 V APM_AudioPolicyManager: listAudioPorts() role 0 type 0 num_ports 13 ports 0xb400007536736f60
01-30 20:26:55.991  1086  9336 V APM_AudioPolicyManager: listAudioPorts() got 13 ports needed 13
01-30 20:26:55.991  5133  9869 I SharedAudioTracks: Ph_[closeAllAndCreateFromRecord, android.media.AudioRecord@8e64f9] [VF-ATP-2]
01-30 20:26:55.992  1086 21699 V APM_AudioPolicyManager: listAudioPorts() role 0 type 0 num_ports 13 ports 0xb400007534988f60
01-30 20:26:55.992  1086 21699 V APM_AudioPolicyManager: listAudioPorts() got 13 ports needed 13
01-30 20:26:55.992  5133  9869 I NativeAudioSource: Ph_[native audio created from recorder:, android.media.AudioRecord@8e64f9] [VF-ATP-2]
01-30 20:26:55.995  5767  5767 I ViewRootImpl@e7ac884[CocktailBarService]: performTraversals mFirst=false windowShouldResize=false viewVisibilityChanged=true mForceNextWindowRelayout=false params=null
01-30 20:26:55.995  1426  3022 V WindowManager: Relayout Window{6ebf3aa u0 com.samsung.android.app.cocktailbarservice/com.samsung.android.app.cocktailbarservice.CocktailBarService}: viewVisibility=8 req=67x342 d0
01-30 20:26:55.995  5133  9869 I AsyncCachedReader: Ph_[set source ( , c4.m$d@fb0c3e] [VF-ATP-2]
01-30 20:26:55.996  5133  9869 I RepeatableTask: Ph_[inc+ , 1,  with interval: , 7] [VF-ATP-2]
01-30 20:26:55.996  1426  3022 W WindowManager: lockNow pending, ignore updating lockscreen timeout
01-30 20:26:55.997  5133  9869 I AudioTrack: Ph_[audio track (, c4.m$b@b6d67ec, 0, NativeAudioSource  RELEASED  @fc757b5, ) created @e934a9f] [VF-ATP-2]
01-30 20:26:55.998  5133  9869 I AsyncCachedReader: Ph_[retain called , AudioTrack: open:true offset:0 limit:0 mId:NativeAudioSource  RELEASED  @fc757b5-@e934a9f, 1] [VF-ATP-2]
01-30 20:26:55.998  1426  3022 V WindowManager: Relayout hash=6ebf3aa, pid=5767, syncId=-1: mAttrs={(0,1504)(67x342) gr=TOP LEFT CENTER sim={adjust=nothing} layoutInDisplayCutoutMode=shortEdges ty=2226 fmt=TRANSPARENT
01-30 20:26:55.998  1426  3022 V WindowManager:   fl=81800508
01-30 20:26:55.998  1426  3022 V WindowManager:   pfl=2000050
01-30 20:26:55.998  1426  3022 V WindowManager:   vsysui=802
01-30 20:26:55.998  1426  3022 V WindowManager:   bhv=SHOW_TRANSIENT_BARS_BY_SWIPE
01-30 20:26:55.998  1426  3022 V WindowManager:   fitTypes=NAVIGATION_BARS CAPTION_BAR
01-30 20:26:55.998  1426  3022 V WindowManager:  dimAmount=0.0 dimDuration=0 naviIconColor=0
01-30 20:26:55.998  1426  3022 V WindowManager:   sfl=620000}
01-30 20:26:55.999  5133  9870 I AsyncCachedReader: Ph_[start reading ( , c4.m$d@fb0c3e] [VF-ATP-3]
01-30 20:26:55.999  5133  9869 I AudioTrack: Ph_add listener for AudioTrack( NativeAudioSource  RELEASED  @fc757b5 _ 1 mOffset:0 limit:0 [VF-ATP-2]
01-30 20:26:55.999  5133  9870 I NativeAudioSource: Ph_recording call+++ [VF-ATP-3]
01-30 20:26:55.999  1086 29522 V APM_AudioPolicyManager: listAudioPorts() role 0 type 0 num_ports 13 ports 0xb4000075348b6f60
01-30 20:26:55.999  1086 29522 V APM_AudioPolicyManager: listAudioPorts() got 13 ports needed 13
01-30 20:26:55.999  5133  9869 I CacheReader: Ph_[ CREATE CALLED :: , c4.m$c@f97ae4a, 0] [VF-ATP-2]
01-30 20:26:55.999  1086 21699 V APM_AudioPolicyManager: setAppState(portId:10394, state:2)
01-30 20:26:55.999  1086 21699 V APM_AudioPolicyManager: setAppState(portId:10394, state:2)
01-30 20:26:55.999  1086 21699 V APM_AudioPolicyManager: startInput portId 10394
01-30 20:26:56.000  5133  9869 I BWU@DspControlService: Ph_Service state : Recording [VF-ATP-2]
01-30 20:26:56.000  1086 21699 V APM_AudioPolicyManager: startInput input:10230, session:78929)
01-30 20:26:56.003  1100  1100 D SurfaceFlinger: [input] inputWindowCommands.focusRequests size is 1
01-30 20:26:56.003  1100  1100 I Layer   : id=125134 removeFromCurrentState com.samsung.android.app.cocktailbarservice/com.samsung.android.app.cocktailbarservice.CocktailBarService$_5767#125134 (256)
01-30 20:26:56.005  5767  5767 I ViewRootImpl@e7ac884[CocktailBarService]: Relayout returned: old=(0,1504,67,1846) new=(0,1504,67,1846) req=(67,342)8 dur=8 res=0x2 s={false 0x0} ch=true seqId=85
01-30 20:26:56.005  5767  5767 I TrayStateController: putInputRect mDynamicInputRegion=121862435@LastEvent=t=1706639216005Rect(0, 0 - 42, 342),Rect=Rect(0, 0 - 0, 0)
01-30 20:26:56.005  5767  5767 I DecorView: notifyKeepScreenOnChanged: keepScreenOn=false
01-30 20:26:56.008  1100  1210 D SurfaceFlinger: [input] setFocusedWindow: 6a904a9 com.example.sportmatch/com.example.sportmatch.RegisterActivity
01-30 20:26:56.011  1426  3022 W WindowManager: lockNow pending, ignore updating lockscreen timeout
01-30 20:26:56.012  1100  1100 D SurfaceFlinger: Display 4633128672291735932 HWC layers:
01-30 20:26:56.012  1100  1100 D SurfaceFlinger:      DEVICE | 0xb400007704b46b50 | 0102 | RGBA_8888    |    0.0    0.0 1080.0 2400.0 |    0    0 1080 2400 | com.example.sportmatch/com.example.sportmatch.RegisterActivity$_9712#125111
01-30 20:26:56.012  1100  1100 D SurfaceFlinger:      DEVICE | 0xb400007704b49fd0 | 0100 | RGBA_8888    |    0.0    0.0 1080.0 2312.0 |    0   88 1080 2400 | InputMethod$_6115#125138
01-30 20:26:56.012  1100  1100 D SurfaceFlinger:      DEVICE | 0xb400007704b63950 | 0100 | RGBA_8888    |    0.0    0.0  727.0  251.0 |  205  912  891 1149 | Autofill UI#125139
01-30 20:26:56.012  1100  1100 D SurfaceFlinger:      DEVICE | 0xb400007704b5c5d0 | 0100 | RGBA_8888    |    0.0    0.0 1080.0   88.0 |    0    0 1080   88 | StatusBar$_2448#94
01-30 20:26:56.012  1100  1100 D SurfaceFlinger:      DEVICE | 0xb400007704b39cd0 | 0100 | RGBA_8888    |    0.0    0.0 1080.0  135.0 |    0 2265 1080 2400 | NavigationBar0$_2448#88
01-30 20:26:56.012  1100  1100 D SurfaceFlinger:
01-30 20:26:56.014  1426  4480 D InputDispatcher: Focus entered window (0): 6a904a9 com.example.sportmatch/com.example.sportmatch.RegisterActivity
01-30 20:26:56.015  1021  1454 D audio_hw_capture: hotword_in-in_update_sink_metadata: called
01-30 20:26:56.015  1021  1454 D audio_hw_capture: hotword_in-in_update_sink_metadata: This stream has 1 tracks
01-30 20:26:56.015  1021  1454 D audio_hw_capture: 1 Track has Source(6), Gain(1.000000)
01-30 20:26:56.015  1021  1454 D audio_hw_capture: 1 Track usage : hotword_seamless)
01-30 20:26:56.015  9712  9712 I ViewRootImpl@ebcc417[RegisterActivity]: MSG_WINDOW_FOCUS_CHANGED 1 0
01-30 20:26:56.016  9712  9712 I ViewRootImpl@ebcc417[RegisterActivity]: mThreadedRenderer.initializeIfNeeded()#2 mSurface={isValid=true 0xb4000072bb6e2c50}
01-30 20:26:56.016  9712  9712 W OnBackInvokedCallback: OnBackInvokedCallback is not enabled for the application.
01-30 20:26:56.016  9712  9712 W OnBackInvokedCallback: Set 'android:enableOnBackInvokedCallback="true"' in the application manifest.
01-30 20:26:56.019  1100  1100 I SurfaceFlinger: id=125134 Removed com.samsung.android.app.cocktailbarservice/com.samsung.android.app.cocktailbarservice.CocktailBarService$_5767#125134 (256)
01-30 20:26:56.019  1426  2528 I SensorService: [PROTOS] [ACTIVATE] Hover / Call Gesture / Acc / HallIC
01-30 20:26:56.019  1021  1454 D audio_hw_capture: hotword_in-in_set_parameters: enter
01-30 20:26:56.019  1021  1454 D audio_hw_capture: hotword_in-in_set_parameters: exit - CAPTURE_HOTWORD
01-30 20:26:56.020  1100  1100 I Layer   : id=125134 Destroyed com.samsung.android.app.cocktailbarservice/com.samsung.android.app.cocktailbarservice.CocktailBarService$_5767#125134
01-30 20:26:56.020  1426  1711 I InputDispatcher: Delivering key to (9712): action: 0x0 (0), f=0x8, m=0x0, d=0, '6a904a9'
01-30 20:26:56.021  1031  1031 I SensorsHub: batch: handle=35 period=1000000 timeout=0
01-30 20:26:56.021  1037  9850 I HYPER-HAL: [RequestManager.cpp]releaseLocked(): Released ID : 18705787
01-30 20:26:56.022  1031  1031 I SensorsHub: activate: handle 35 enable 1
01-30 20:26:56.024  1031  1031 I SensorsHub: type : 35, enable : 1
01-30 20:26:56.025  1086 21699 V APM_AudioPolicyManager: setInputDevice() AF::createAudioPatch returned 0 patchHandle 23324 num_sources 1 num_sinks 1
01-30 20:26:56.025  1426  2528 I SensorService: [PROTOS] CallGesture enabled
01-30 20:26:56.028  1031  1031 I SensorsInputVirtual: HoverProximity::activate: 1
01-30 20:26:56.029  1031  1031 I SensorsInputVirtual: HoverProximity::activate 1
01-30 20:26:56.030  5976  5976 I NotificationListener: Received new notification
01-30 20:26:56.031 25557 25557 I Launcher.NotificationListener: onNotificationPosted : android number : 0
01-30 20:26:56.036  5976  8030 I NotificationPipeline: Processing new notification: -1|android|8|null|1000
01-30 20:26:56.036  5976  8030 E Notification4Water_NB: WatchFactory.getWatch-lastConnectedNodeId is null
01-30 20:26:56.037  5976  8030 W Notification4Water_NB: NotificationBridgeCallback.onNotificationPosted-never connected before
01-30 20:26:56.037  5767  5767 I ViewRootImpl@e7ac884[CocktailBarService]: performTraversals params={(0,1504)(67x342) gr=TOP LEFT CENTER sim={adjust=nothing} layoutInDisplayCutoutMode=shortEdges ty=2226 fmt=TRANSPARENT
01-30 20:26:56.037  5767  5767 I ViewRootImpl@e7ac884[CocktailBarService]:   fl=81800508
01-30 20:26:56.037  5767  5767 I ViewRootImpl@e7ac884[CocktailBarService]:   pfl=2000050
01-30 20:26:56.037  5767  5767 I ViewRootImpl@e7ac884[CocktailBarService]:   vsysui=802
01-30 20:26:56.037  5767  5767 I ViewRootImpl@e7ac884[CocktailBarService]:   bhv=SHOW_TRANSIENT_BARS_BY_SWIPE
01-30 20:26:56.037  5767  5767 I ViewRootImpl@e7ac884[CocktailBarService]:   fitTypes=STATUS_BARS NAVIGATION_BARS CAPTION_BAR
01-30 20:26:56.037  5767  5767 I ViewRootImpl@e7ac884[CocktailBarService]:  dimAmount=0.0 dimDuration=0 naviIconColor=0
01-30 20:26:56.037  5767  5767 I ViewRootImpl@e7ac884[CocktailBarService]:   sfl=620000}
01-30 20:26:56.038  2448  2448 D BubblesManager: onEntryAdded : bubbleEntryAdded=false
01-30 20:26:56.039  1067  1067 I sysinput:Touch: writeInformation:249, OK
01-30 20:26:56.039  1426  1726 D SysinputHAL_V1_3(V1_2): runTspCmdNoRead(1): set_grip_data,0,0,0,0(0)
01-30 20:26:56.040  5767  5767 I ViewRootImpl@e7ac884[CocktailBarService]: performTraversals mFirst=false windowShouldResize=false viewVisibilityChanged=false mForceNextWindowRelayout=false params={(0,1504)(67x342) gr=TOP LEFT CENTER sim={adjust=nothing} layoutInDisplayCutoutMode=shortEdges ty=2226 fmt=TRANSPARENT
01-30 20:26:56.040  5767  5767 I ViewRootImpl@e7ac884[CocktailBarService]:   fl=81800508
01-30 20:26:56.040  5767  5767 I ViewRootImpl@e7ac884[CocktailBarService]:   pfl=2000050
01-30 20:26:56.040  5767  5767 I ViewRootImpl@e7ac884[CocktailBarService]:   vsysui=802
01-30 20:26:56.040  5767  5767 I ViewRootImpl@e7ac884[CocktailBarService]:   bhv=SHOW_TRANSIENT_BARS_BY_SWIPE
01-30 20:26:56.040  5767  5767 I ViewRootImpl@e7ac884[CocktailBarService]:   fitTypes=NAVIGATION_BARS CAPTION_BAR
01-30 20:26:56.040  5767  5767 I ViewRootImpl@e7ac884[CocktailBarService]:  dimAmount=0.0 dimDuration=0 naviIconColor=0
01-30 20:26:56.040  5767  5767 I ViewRootImpl@e7ac884[CocktailBarService]:   sfl=620000}
01-30 20:26:56.042  2448  2448 D InterruptionStateProvider:  no Heads up : edgelighting enabled app. -1|android|8|null|1000
01-30 20:26:56.043  1426  2528 I SensorService: [PROTOS] Hover prox enabled
01-30 20:26:56.046  1426  1444 V WindowManager: Relayout Window{6ebf3aa u0 com.samsung.android.app.cocktailbarservice/com.samsung.android.app.cocktailbarservice.CocktailBarService}: viewVisibility=8 req=67x342 d0
01-30 20:26:56.047  1031  1031 I SensorsInputVirtual: HallICSensor::activate: 1
01-30 20:26:56.047  1031  1031 I SensorsInputVirtual: HallICSensor::activate 1
01-30 20:26:56.048  1426  1444 W WindowManager: lockNow pending, ignore updating lockscreen timeout
01-30 20:26:56.048  1031  1031 I SensorsInputVirtual: activate -- first 0
01-30 20:26:56.048  1031  1031 I SensorsInputVirtual: HallICSensor::activate: 1
01-30 20:26:56.049  1426  2528 I SensorService: [PROTOS] HallIC Sensor enabled
01-30 20:26:56.049  1426  2528 D SensorService: [PROTOS] [ACTIVATE] SC 1 HOV 0 CG 0 TD 0 (89) PWR 0 COV UNKNOWN LAST UNKNOWN
01-30 20:26:56.050  1426  1655 I SensorService: [PROTOS] [P] COV = 1 (OPEN)
01-30 20:26:56.050  1426  1655 I SensorService: [PROTOS] [J] [60] HOVER 0 => FAR
01-30 20:26:56.050  1426  1655 D SensorService: [PROTOS] [P] SC 1 HOV 0 CG 0 TD 0 (89) LUX 0 PWR 0 COV OPEN MD NR [UNKNOWN => FAR]
01-30 20:26:56.050  1426  1655 D SensorService: [PROTOS] [R] PROPOSED DISTANCE = FAR
01-30 20:26:56.051  1021  1454 V sec_audio_hw: sec_dev_set_parameters : l_=0
01-30 20:26:56.051  1021  1454 D audio_hw_primary: device-adev_set_parameters: enter
01-30 20:26:56.052  1021  1454 D audio_hw_primary: device-adev_set_parameters: param (l_=0)
01-30 20:26:56.053  1031  1031 I SensorsHub: batch: handle=1 period=160000000 timeout=0
01-30 20:26:56.054  1031  1031 I SensorsHub: activate: handle 1 enable 1
01-30 20:26:56.054  1031  1031 I SensorsHub: type : 1, enable : 1
01-30 20:26:56.055  1086 21699 V APM_AudioPolicyManager: startInput input 10230 source = 6 status = 0 exit
01-30 20:26:56.055  1086 24940 V APM_AudioPolicyManager: listAudioPorts() role 0 type 0 num_ports 13 ports 0xb4000075349b4f60
01-30 20:26:56.055  1426  1444 V WindowManager: Relayout hash=6ebf3aa, pid=5767, syncId=-1: mAttrs={(0,1504)(67x342) gr=TOP LEFT CENTER sim={adjust=nothing} layoutInDisplayCutoutMode=shortEdges ty=2226 fmt=TRANSPARENT
01-30 20:26:56.055  1426  1444 V WindowManager:   fl=81800508
01-30 20:26:56.055  1426  1444 V WindowManager:   pfl=2000050
01-30 20:26:56.055  1426  1444 V WindowManager:   vsysui=802
01-30 20:26:56.055  1426  1444 V WindowManager:   bhv=SHOW_TRANSIENT_BARS_BY_SWIPE
01-30 20:26:56.055  1426  1444 V WindowManager:   fitTypes=NAVIGATION_BARS CAPTION_BAR
01-30 20:26:56.055  1426  1444 V WindowManager:  dimAmount=0.0 dimDuration=0 naviIconColor=0
01-30 20:26:56.055  1426  1444 V WindowManager:   sfl=620000}
01-30 20:26:56.055  1086 24940 V APM_AudioPolicyManager: listAudioPorts() got 13 ports needed 13
01-30 20:26:56.056  5133  9869 I BWU@SeamlessRecorder: Ph_EXECUTED mainAudioStreamExecutor [VF-ATP-2]
01-30 20:26:56.056  5133  9868 I BWU@SeamlessRecorder: Ph_outputStream writing thread start recordState : 10001 [VF-ATP-1]
01-30 20:26:56.056  5133  9869 I BWU@SeamlessRecorder: Ph_DONE run run run [VF-ATP-2]
01-30 20:26:56.056  1086  1086 V APM_AudioPolicyManager: listAudioPorts() role 0 type 0 num_ports 13 ports 0xb40000753693af60
01-30 20:26:56.056  1086  1086 V APM_AudioPolicyManager: listAudioPorts() got 13 ports needed 13
01-30 20:26:56.057  1086 26572 V APM_AudioPolicyManager: listAudioPorts() role 0 type 0 num_ports 13 ports 0xb400007536b75f60
01-30 20:26:56.057  1086 26572 V APM_AudioPolicyManager: listAudioPorts() got 13 ports needed 13
01-30 20:26:56.061  1086  1351 V APM_AudioPolicyManager: setAppState(portId:10394, state:2)
01-30 20:26:56.061  1086 19385 V APM_AudioPolicyManager: listAudioPorts() role 0 type 0 num_ports 0 ports 0xb4000072ac587c90
01-30 20:26:56.061  1086 19385 V APM_AudioPolicyManager: listAudioPorts() got 0 ports needed 13
01-30 20:26:56.062  1086 21699 V APM_AudioPolicyManager: listAudioPorts() role 0 type 0 num_ports 0 ports 0xb4000072ac58dbf0
01-30 20:26:56.062  1086 21699 V APM_AudioPolicyManager: listAudioPorts() got 0 ports needed 13
01-30 20:26:56.063  1021  9904 I audio_hw_capture: hotword_in-in_read: transited to Ready
01-30 20:26:56.063  1086  9336 V APM_AudioPolicyManager: listAudioPorts() role 0 type 0 num_ports 0 ports 0xb4000072ac58f610
01-30 20:26:56.063  1086  9336 V APM_AudioPolicyManager: listAudioPorts() got 0 ports needed 13
01-30 20:26:56.063  1086 19385 V APM_AudioPolicyManager: listAudioPorts() role 0 type 0 num_ports 13 ports 0xb400007536b75f60
01-30 20:26:56.064  1086 19385 V APM_AudioPolicyManager: listAudioPorts() got 13 ports needed 13
01-30 20:26:56.064  1021  9904 D PreProcess_RA: PreProcessInit() There is no solutions for recording
01-30 20:26:56.065  1021  9904 V soundtrigger_hw_primary: sound_trigger_open_for_streaming
01-30 20:26:56.065  1021  9904 I soundtrigger_hw_primary: sound_trigger_open_for_streaming: Opening PCM Device /dev/snd/pcmC0D24c
01-30 20:26:56.065  1021  1454 V audio_hw_capture: in_set_microphone_direction
01-30 20:26:56.065  1086 26572 V APM_AudioPolicyManager: listAudioPorts() role 0 type 0 num_ports 0 ports 0xb4000072ac58dbf0
01-30 20:26:56.065  1086 26572 V APM_AudioPolicyManager: listAudioPorts() got 0 ports needed 13
01-30 20:26:56.065  1086  1086 V APM_AudioPolicyManager: listAudioPorts() role 0 type 0 num_ports 0 ports 0xb4000072ac58dbf0
01-30 20:26:56.065  1086  1086 V APM_AudioPolicyManager: listAudioPorts() got 0 ports needed 13
01-30 20:26:56.066  5133  5199 I BWU@SeamlessRecorder: Ph_EXECUTE VERIFIER [ForkJoinPool.commonPool-worker-4]
01-30 20:26:56.066  1086 19385 V APM_AudioPolicyManager: listAudioPorts() role 0 type 0 num_ports 13 ports 0xb40000753b472f60
01-30 20:26:56.067  1086 19385 V APM_AudioPolicyManager: listAudioPorts() got 13 ports needed 13
01-30 20:26:56.068  1021  1454 W StreamHAL: Error from HAL stream in function set_microphone_direction: Function not implemented
01-30 20:26:56.072  1021  1454 V audio_hw_capture: in_set_microphone_field_dimension
01-30 20:26:56.072  1021  1454 W StreamHAL: Error from HAL stream in function set_microphone_field_dimension: Function not implemented
01-30 20:26:56.072  5133  9870 I NativeAudioSource: Ph_recording call---  SesId:78929 [VF-ATP-3]
01-30 20:26:56.073  5133  9870 I NativeAudioSourceTT: Ph_6read:0 ret:-3   fp:0     nt:0 [VF-ATP-3]
01-30 20:26:56.076  5133  5199 I BWU@KeywordPreference: Ph_getLocale unknown @ pref android.app.SharedPreferencesImpl@b8899f4 [ForkJoinPool.commonPool-worker-4]
01-30 20:26:56.077  1028  1028 I android.hardware.health@2.1-service-samsung: updateLrpSysfs: write: 326
01-30 20:26:56.080  5767  5767 I ViewRootImpl@e7ac884[CocktailBarService]: Relayout returned: old=(0,1504,67,1846) new=(0,1504,67,1846) req=(67,342)8 dur=25 res=0x0 s={false 0x0} ch=false seqId=85
01-30 20:26:56.080  1426  1699 D MotionRecognitionService: [SAR]  onReceive : ACTION_BATTERY_CHANGED, Plugged: 2
01-30 20:26:56.081  1426  1426 D PhoneWindowManagerExt: ACTION_BATTERY_CHANGED - Level=94, status=2
01-30 20:26:56.081  5767  5767 I CocktailBarUiController: onCocktailBarStateChanged: flag=0x1 vis=2 bgType= showTimeout=-1 activate=true
01-30 20:26:56.081  5767  5767 I Edge.badge: updateBadge item = android:-1 1
01-30 20:26:56.081  9712  9712 I InputMethodManager: startInputAsyncOnWindowFocusGain - mService.startInputOrWindowGainedFocus
01-30 20:26:56.081  1426  3022 W WindowManager: lockNow pending, ignore updating lockscreen timeout
01-30 20:26:56.074  1086  1086 V APM_AudioPolicyManager: listAudioPorts() role 0 type 0 num_ports 13 ports 0xb40000753b472f60
01-30 20:26:56.082  1086  1086 V APM_AudioPolicyManager: listAudioPorts() got 13 ports needed 13
01-30 20:26:56.082  1086 21699 V APM_AudioPolicyManager: listAudioPorts() role 0 type 0 num_ports 13 ports 0xb400007536b75f60
01-30 20:26:56.083  1086 21699 V APM_AudioPolicyManager: listAudioPorts() got 13 ports needed 13
01-30 20:26:56.084  6115  6115 I HBD     : b skip onKeyDown as physical keyboard not connected
01-30 20:26:56.085  6115  6115 I HBD     : HoneyBoardService onKeyDown r:369c682e consumed:false 0
01-30 20:26:56.088  1086 26572 V APM_AudioPolicyManager: listAudioPorts() role 0 type 0 num_ports 0 ports 0xb4000072ac58dbf0
01-30 20:26:56.088  1086 26572 V APM_AudioPolicyManager: listAudioPorts() got 0 ports needed 13
01-30 20:26:56.089  1086 26572 V APM_AudioPolicyManager: listAudioPorts() role 0 type 0 num_ports 13 ports 0xb400007536b75f60
01-30 20:26:56.089  1086 26572 V APM_AudioPolicyManager: listAudioPorts() got 13 ports needed 13
01-30 20:26:56.091  1426  1444 V AudioService.RecordingActivityMonitor: updateSoundAppPolicy packageName = system
01-30 20:26:56.094  1086 29522 V APM_AudioPolicyManager: listAudioPorts() role 0 type 0 num_ports 0 ports 0xb4000072ac58da50
01-30 20:26:56.094  1086 29522 V APM_AudioPolicyManager: listAudioPorts() got 0 ports needed 13
01-30 20:26:56.094  1086  9336 V APM_AudioPolicyManager: listAudioPorts() role 0 type 0 num_ports 13 ports 0xb400007536736f60
01-30 20:26:56.094  1086  9336 V APM_AudioPolicyManager: listAudioPorts() got 13 ports needed 13
01-30 20:26:56.095  1426  1426 D SemWifiApBroadcastReceiver: Received : android.intent.action.BATTERY_CHANGED
01-30 20:26:56.095  1086 29522 V APM_AudioPolicyManager: listAudioPorts() role 0 type 0 num_ports 13 ports 0xb400007536736f60
01-30 20:26:56.095  1086 29522 V APM_AudioPolicyManager: listAudioPorts() got 13 ports needed 13
01-30 20:26:56.097  2795  2795 D SemBigDataInfoController: Intent: android.intent.action.BATTERY_CHANGED
01-30 20:26:56.097  1086 29522 V APM_AudioPolicyManager: listAudioPorts() role 0 type 0 num_ports 0 ports 0xb4000072ac58c9f0
01-30 20:26:56.097  1086 29522 V APM_AudioPolicyManager: listAudioPorts() got 0 ports needed 13
01-30 20:26:56.098  1086 29522 V APM_AudioPolicyManager: listAudioPorts() role 0 type 0 num_ports 13 ports 0xb400007536736f60
01-30 20:26:56.098  1086 29522 V APM_AudioPolicyManager: listAudioPorts() got 13 ports needed 13
01-30 20:26:56.098  9712  9712 I ViewRootImpl@ebcc417[RegisterActivity]: ViewPostIme key 0
01-30 20:26:56.100  1086  9336 V APM_AudioPolicyManager: listAudioPorts() role 0 type 0 num_ports 0 ports 0xb4000072ac58da50
01-30 20:26:56.100  1086  9336 V APM_AudioPolicyManager: listAudioPorts() got 0 ports needed 13
01-30 20:26:56.101  2795  2795 D SemBigDataInfoController: Intent: android.intent.action.BATTERY_CHANGED
01-30 20:26:56.101  1086  9336 V APM_AudioPolicyManager: listAudioPorts() role 0 type 0 num_ports 13 ports 0xb400007536736f60
01-30 20:26:56.101  1086  9336 V APM_AudioPolicyManager: listAudioPorts() got 13 ports needed 13
01-30 20:26:56.111  1086 29522 V APM_AudioPolicyManager: listAudioPorts() role 0 type 0 num_ports 0 ports 0xb4000072ac58c9f0
01-30 20:26:56.111  1086 29522 V APM_AudioPolicyManager: listAudioPorts() got 0 ports needed 13
01-30 20:26:56.111  1086 29522 V APM_AudioPolicyManager: listAudioPorts() role 0 type 0 num_ports 13 ports 0xb400007536736f60
01-30 20:26:56.111  1086 29522 V APM_AudioPolicyManager: listAudioPorts() got 13 ports needed 13
01-30 20:26:56.115  2448  2448 I AODBatteryManager: updateBatteryData: ACTION_BATTERY_CHANGED
01-30 20:26:56.116  2448  2448 I AODBatteryManager: saveBatteryData : AOD BatteryData [mBatteryLevel=94, mBatteryStatus=CHARGING, mBatteryPlugType=USB, mBatteryPlugged=true, mRemainingChargeTime=1755000, mBatteryChargingType=1, mBatteryChargerType=NORMAL, mBatteryOnline=USB, mBatterySwellingMode=NONE, mBatteryProtectMode=false]
01-30 20:26:56.116  2448  2448 D SamsungBatteryMeterDrawable: onBatteryLevelChanged isSomethingChanged: false
01-30 20:26:56.116  2448  2448 D SamsungBatteryMeterDrawable: onBatteryLevelChanged isSomethingChanged: false
01-30 20:26:56.117  2448  2448 D SamsungBatteryMeterDrawable: onBatteryLevelChanged isSomethingChanged: false
01-30 20:26:56.117  2448  2448 D SamsungBatteryMeterDrawable: onBatteryLevelChanged isSomethingChanged: false
01-30 20:26:56.117  2448  2448 D KeyguardUpdateMonitor: received broadcast android.intent.action.BATTERY_CHANGED
01-30 20:26:56.117  2448  2448 I PowerUI : mBootCompleted = true |  mFullyConnected = true
01-30 20:26:56.117  2448  2448 W PowerUI : Plug reason
01-30 20:26:56.117  2448  2448 W PowerUI : Skip charging animation - by plug status
01-30 20:26:56.117  2448  2448 D PowerUI : priorPlugType = 2 mPlugType = 2 priorBatteryStatus = 2 mBatteryStatus = 2
01-30 20:26:56.117  2448  2448 W PowerUI : Plug reason
01-30 20:26:56.117  2448  2448 W PowerUI : Skip charging sound - by plug status
01-30 20:26:56.117  2448  2448 I PowerUI : oldMisalign : false, curMisalign : false
01-30 20:26:56.118  2448  2448 D SecPowerUI.Notification: showChargingNotice oldChargingType : 11 / currentChargingType : 11, oldChargingTime : 1755000 / mChargingTime : 1755000
01-30 20:26:56.118  2448  2448 D SecPowerUI.Notification: There is no change about charging status, so return!
01-30 20:26:56.118  2448  2448 D PowerUI : Battery swelling mode - priorBatterySwellingMode = 0 mBatterySwellingMode = 0 mBatteryStatus = 2
01-30 20:26:56.118  2448  2448 I PowerUI : mBatteryMiscEvent = 65536
01-30 20:26:56.118  2448  4432 D SecPowerUI.Notification: dismissing low battery warning: level=94
01-30 20:26:56.118  2448  4432 D SecPowerUI.Notification: updateNotification mWarning=false mPlaySound=false
01-30 20:26:56.118  2448  4432 D SecPowerUI.Notification: SecBatteryStatsSnapshot{batteryLevel=94, currentBatteryMode=1, chargingTime=1755000, chargingType=11, batteryHealth=2, automaticTestMode=false, isHiccupState=false}
01-30 20:26:56.121  2448  4432 D SecPowerUI.Notification: 1. restoreScreenTimeOut - saved_value : :
01-30 20:26:56.121  2448  4432 E SecPowerUI.Notification: no saved value, so we do nothing !!
01-30 20:26:56.124  2448  2448 D KeyguardUpdateMonitor: handleBatteryUpdate
01-30 20:26:56.126  1100  1100 D SurfaceFlinger: Display 4633128672291735932 HWC layers:
01-30 20:26:56.126  1100  1100 D SurfaceFlinger:      DEVICE | 0xb400007704b6c550 | 0102 | RGBA_8888    |    0.0    0.0 1080.0 2400.0 |    0    0 1080 2400 | com.example.sportmatch/com.example.sportmatch.RegisterActivity$_9712#125111
01-30 20:26:56.126  1100  1100 D SurfaceFlinger:      DEVICE | 0xb400007704b49fd0 | 0100 | RGBA_8888    |    0.0    0.0 1080.0 2312.0 |    0   88 1080 2400 | InputMethod$_6115#125138
01-30 20:26:56.126  1100  1100 D SurfaceFlinger:      DEVICE | 0xb400007704b5c5d0 | 0100 | RGBA_8888    |    0.0    0.0 1080.0   88.0 |    0    0 1080   88 | StatusBar$_2448#94
01-30 20:26:56.126  1100  1100 D SurfaceFlinger:      DEVICE | 0xb400007704b39cd0 | 0100 | RGBA_8888    |    0.0    0.0 1080.0  135.0 |    0 2265 1080 2400 | NavigationBar0$_2448#88
01-30 20:26:56.126  1100  1100 D SurfaceFlinger:
01-30 20:26:56.126  6115  6115 I HBD     : d1 ous -  1 ,  1 ,  2 ,  2 ,  -1 ,  -1
01-30 20:26:56.126  6115  6115 I HBD     : l0 EBD cm S 0
01-30 20:26:56.128  1426  4483 D InputDispatcher: Inject key (9712/10438): action=1, f=0x8, d=-1, time=329754739000000
01-30 20:26:56.128  1426  4483 D WindowManager: interceptKeyTq interceptKeyResult=1
01-30 20:26:56.129  1021  9904 I audio_hw_proxy2: Opened STHAL PCM Node successfully
01-30 20:26:56.129  1021  9904 I audio_hw_capture: hotword_in-in_read: transited to Idle
01-30 20:26:56.129  1021  9904 I audio_hw_capture: hotword_in-in_read: transited to Capturing
01-30 20:26:56.130  1426  1711 I InputDispatcher: Delivering key to (9712): action: 0x1 (0), f=0x8, m=0x0, d=0, '6a904a9'
01-30 20:26:56.132  5133  5314 I BWU@WakeupMultiRecordManager: Ph_onRecordingConfigChanged:[android.media.AudioRecordingConfiguration@255996] size 1 [VF-T-L]
01-30 20:26:56.133  6115  6115 I HBD     : HoneyBoardService onKeyUp r:c0f3bdcf consumed:false 0
01-30 20:26:56.133  9712  9712 I ViewRootImpl@ebcc417[RegisterActivity]: ViewPostIme key 1
01-30 20:26:56.136  5133  5314 I WakeupMultiRecordManager: Ph_[WakeupAudioRecordingConfiguration, system, 6] [VF-T-L]
01-30 20:26:56.137  5133  5314 I WakeupMultiRecordManager: Ph_[updateRecordingState, prev, 0, configs, 1, mIsAllowedPackageRecording, false, mMultiRecordingStateCallbacks, 2] [VF-T-L]
01-30 20:26:56.137  1426  4483 D InputDispatcher: Inject key (9712/10438): action=0, f=0x8, d=-1, time=329754748000000
01-30 20:26:56.137  1426  4483 D WindowManager: interceptKeyTq interceptKeyResult=1
01-30 20:26:56.138  5133  5314 I BWU@WakeupMultiRecordManager: Ph_get MULTI_RECORDING_PACAKGE 46 [VF-T-L]
01-30 20:26:56.138  5133  5314 I BWU@WakeupMultiRecordManager: Ph_system is allowed? false [VF-T-L]
01-30 20:26:56.139  1426  1711 I InputDispatcher: Delivering key to (9712): action: 0x0 (0), f=0x8, m=0x0, d=0, '6a904a9'
01-30 20:26:56.139  6115  6115 I HBD     : b skip onKeyDown as physical keyboard not connected
01-30 20:26:56.139  5133  5314 I BWU@AecWakeupService: Ph_onBlockedRecordingStart! [VF-T-L]
01-30 20:26:56.140  6115  6115 I HBD     : HoneyBoardService onKeyDown r:63b7b636 consumed:false 1
01-30 20:26:56.140  9712  9712 I ViewRootImpl@ebcc417[RegisterActivity]: ViewPostIme key 0
01-30 20:26:56.141  5133  5314 I BWU@ApWakeupService: Ph_onBlockedRecordingStart! isMultiRecording : false [VF-T-L]
01-30 20:26:56.143  5133  5314 I WakeupMultiRecordManager: Ph_[updateRecordingState, allowStart, 0, blockStart, 1] [VF-T-L]
01-30 20:26:56.145  5133  5314 I WakeupMultiRecordManager: Ph_[updateRecordingState, newConfigurations, 1, removedConfigurations, 0] [VF-T-L]
01-30 20:26:56.151  5133  9868 W BWU@SeamlessRecorder: Ph_unusual readSize : 320 @ 43561714 [VF-ATP-1]
01-30 20:26:56.158  6115  6115 I HBD     : d1 ous -  2 ,  2 ,  3 ,  3 ,  -1 ,  -1
01-30 20:26:56.159  6115  6115 I HBD     : l0 EBD cm S 0
01-30 20:26:56.161  1426  4483 D InputDispatcher: Inject key (9712/10438): action=1, f=0x8, d=-1, time=329754771000000
01-30 20:26:56.161  1426  4483 D WindowManager: interceptKeyTq interceptKeyResult=1
01-30 20:26:56.162  1426  1711 I InputDispatcher: Delivering key to (9712): action: 0x1 (0), f=0x8, m=0x0, d=0, '6a904a9'
01-30 20:26:56.163  6115  6115 I HBD     : HoneyBoardService onKeyUp r:d77ece6f consumed:false 0
01-30 20:26:56.164  1086 29522 V APM_AudioPolicyManager: listAudioPorts() role 0 type 0 num_ports 0 ports 0xb4000072ac58da50
01-30 20:26:56.164  1086 29522 V APM_AudioPolicyManager: listAudioPorts() got 0 ports needed 13
01-30 20:26:56.164  1086 29522 V APM_AudioPolicyManager: listAudioPorts() role 0 type 0 num_ports 13 ports 0xb400007536736f60
01-30 20:26:56.164  1086 29522 V APM_AudioPolicyManager: listAudioPorts() got 13 ports needed 13
01-30 20:26:56.164  9712  9712 I ViewRootImpl@ebcc417[RegisterActivity]: ViewPostIme key 1
01-30 20:26:56.167  1426  4483 D InputDispatcher: Inject key (9712/10438): action=0, f=0x8, d=-1, time=329754780000000
01-30 20:26:56.168  1426  4483 D WindowManager: interceptKeyTq interceptKeyResult=1
01-30 20:26:56.168  1426  1711 I InputDispatcher: Delivering key to (9712): action: 0x0 (0), f=0x8, m=0x0, d=0, '6a904a9'
01-30 20:26:56.169  6115  6115 I HBD     : b skip onKeyDown as physical keyboard not connected
01-30 20:26:56.169  6115  6115 I HBD     : HoneyBoardService onKeyDown r:45c9d397 consumed:false 0
01-30 20:26:56.170  9712  9712 I ViewRootImpl@ebcc417[RegisterActivity]: ViewPostIme key 0
01-30 20:26:56.171  1086 29522 V APM_AudioPolicyManager: listAudioPorts() role 0 type 0 num_ports 0 ports 0xb4000072ac58c9f0
01-30 20:26:56.171  1086 29522 V APM_AudioPolicyManager: listAudioPorts() got 0 ports needed 13
01-30 20:26:56.171  1086 29522 V APM_AudioPolicyManager: listAudioPorts() role 0 type 0 num_ports 13 ports 0xb400007536736f60
01-30 20:26:56.171  5133  9868 I BWU@SeamlessRecorder: Ph_input stream available : 6080 ==> flush  [VF-ATP-1]
01-30 20:26:56.172  1086 29522 V APM_AudioPolicyManager: listAudioPorts() got 13 ports needed 13
01-30 20:26:56.177  9871  9871 I FirebaseApp: Device unlocked: initializing all Firebase APIs for app [DEFAULT]
01-30 20:26:56.188  1426  1485 W WindowManager: lockNow pending, ignore updating lockscreen timeout
01-30 20:26:56.189  1086 29522 V APM_AudioPolicyManager: listAudioPorts() role 0 type 0 num_ports 0 ports 0xb4000072ac58da50
01-30 20:26:56.189  1086 29522 V APM_AudioPolicyManager: listAudioPorts() got 0 ports needed 13
01-30 20:26:56.189  1086 29522 V APM_AudioPolicyManager: listAudioPorts() role 0 type 0 num_ports 13 ports 0xb400007536736f60
01-30 20:26:56.190  1086 29522 V APM_AudioPolicyManager: listAudioPorts() got 13 ports needed 13
01-30 20:26:56.192  6115  6115 I HBD     : d1 ous -  3 ,  3 ,  4 ,  4 ,  -1 ,  -1
01-30 20:26:56.192  6115  6115 I HBD     : l0 EBD cm S 0
01-30 20:26:56.194  1426  2489 D InputDispatcher: Inject key (9712/10438): action=1, f=0x8, d=-1, time=329754805000000
01-30 20:26:56.194  1426  2489 D WindowManager: interceptKeyTq interceptKeyResult=1
01-30 20:26:56.195  1426  1711 I InputDispatcher: Delivering key to (9712): action: 0x1 (0), f=0x8, m=0x0, d=0, '6a904a9'
01-30 20:26:56.195  6115  6115 I HBD     : HoneyBoardService onKeyUp r:e7386cc4 consumed:false 0
01-30 20:26:56.196  9712  9712 I ViewRootImpl@ebcc417[RegisterActivity]: ViewPostIme key 1
01-30 20:26:56.199  1426  2489 D InputDispatcher: Inject key (9712/10438): action=0, f=0x8, d=-1, time=329754811000000
01-30 20:26:56.199  9871  9871 I FirebaseInitProvider: FirebaseApp initialization successful
01-30 20:26:56.199  1426  2489 D WindowManager: interceptKeyTq interceptKeyResult=1
01-30 20:26:56.199  1426  1711 I InputDispatcher: Delivering key to (9712): action: 0x0 (0), f=0x8, m=0x41, d=0, '6a904a9'
01-30 20:26:56.200  6115  6115 I HBD     : b skip onKeyDown as physical keyboard not connected
01-30 20:26:56.200  6115  6115 I HBD     : HoneyBoardService onKeyDown r:52a47483 consumed:false 0
01-30 20:26:56.200  9712  9712 I ViewRootImpl@ebcc417[RegisterActivity]: ViewPostIme key 0
01-30 20:26:56.202  1100  1100 I Layer   : id=125139 removeFromCurrentState Autofill UI#125139 (255)
01-30 20:26:56.202  1100  1100 I Layer   : id=125135 removeFromCurrentState 852d783 Autofill UI#125135 (255)
01-30 20:26:56.202  1100  1100 I Layer   : id=125141 removeFromCurrentState Surface(name=852d783 Autofill UI)/@0xb48eb48 - animation-leash of window_animation#125141 (255)
01-30 20:26:56.202  1100  1100 I Layer   : Layer [Autofill UI#125139] hidden!! flag(1)
01-30 20:26:56.203  1100  1100 I SurfaceFlinger: id=125135 Removed 852d783 Autofill UI#125135 (255)
01-30 20:26:56.203  1100  1100 I SurfaceFlinger: id=125139 Removed Autofill UI#125139 (255)
01-30 20:26:56.203  1100  1100 I SurfaceFlinger: id=125141 Removed Surface(name=852d783 Autofill UI)/@0xb48eb48 - animation-leash of window_animation#125141 (255)
01-30 20:26:56.204  1100  1100 I Layer   : id=125141 Destroyed Surface(name=852d783 Autofill UI)/@0xb48eb48 - animation-leash of window_animation#125141
01-30 20:26:56.204  1100  1100 I Layer   : id=125135 Destroyed 852d783 Autofill UI#125135
01-30 20:26:56.204  1100  1100 I Layer   : id=125139 Destroyed Autofill UI#125139
01-30 20:26:56.207  1426  4483 D InputDispatcher: Inject key (9712/10438): action=0, f=0x8, d=-1, time=329754819000000
01-30 20:26:56.208  1426  4483 D SingleKeyGesture: reset counter=0 mActiveRule=null Callers(5)=com.android.server.policy.SingleKeyGestureDetector.interceptKeyDown:453 com.android.server.policy.SingleKeyGestureDetector.interceptKey:399 com.android.server.policy.PhoneWindowManager.handleKeyGesture:5034 com.android.server.policy.PhoneWindowManager.interceptKeyBeforeQueueing:4564 com.android.server.wm.InputManagerCallback.interceptKeyBeforeQueueing:156
01-30 20:26:56.208  1426  4483 D WindowManager: interceptKeyTq interceptKeyResult=1
01-30 20:26:56.208  1426  1711 I InputDispatcher: Delivering key to (9712): action: 0x0 (0), f=0x8, m=0x41, d=0, '6a904a9'
01-30 20:26:56.209  1426  1485 W WindowManager: lockNow pending, ignore updating lockscreen timeout
01-30 20:26:56.209  6115  6115 I HBD     : b skip onKeyDown as physical keyboard not connected
01-30 20:26:56.209  6115  6115 I HBD     : HoneyBoardService onKeyDown r:e603f873 consumed:false 0
01-30 20:26:56.210  9712  9712 I ViewRootImpl@ebcc417[RegisterActivity]: ViewPostIme key 0
01-30 20:26:56.227  6115  6115 I HBD     : d1 ous -  4 ,  4 ,  5 ,  5 ,  -1 ,  -1
01-30 20:26:56.228  6115  6115 I HBD     : l0 EBD cm S 0
01-30 20:26:56.228  9871  9871 I BCL@ExternalAppHandler: (AttachmentProvider) AttachmentProvider()
01-30 20:26:56.229  1426  1444 D InputDispatcher: Inject key (9712/10438): action=1, f=0x8, d=-1, time=329754841000000
01-30 20:26:56.229  1426  1444 D WindowManager: interceptKeyTq interceptKeyResult=1
01-30 20:26:56.230  1426  1711 I InputDispatcher: Delivering key to (9712): action: 0x1 (0), f=0x8, m=0x41, d=0, '6a904a9'
01-30 20:26:56.231  6115  6115 I HBD     : HoneyBoardService onKeyUp r:a5124955 consumed:false 0
01-30 20:26:56.231  9712  9712 I ViewRootImpl@ebcc417[RegisterActivity]: ViewPostIme key 1
01-30 20:26:56.234  1426  1444 D InputDispatcher: Inject key (9712/10438): action=1, f=0x8, d=-1, time=329754846000000
01-30 20:26:56.234  1426  1444 D WindowManager: interceptKeyTq interceptKeyResult=1
01-30 20:26:56.234  1426  1711 I InputDispatcher: Delivering key to (9712): action: 0x1 (0), f=0x8, m=0x0, d=0, '6a904a9'
01-30 20:26:56.235  6115  6115 I HBD     : HoneyBoardService onKeyUp r:288bb4da consumed:false 0
01-30 20:26:56.235  9712  9712 I ViewRootImpl@ebcc417[RegisterActivity]: ViewPostIme key 1
01-30 20:26:56.241  2448  2448 D PluginInstanceManager: startListening
01-30 20:26:56.241  2448  2567 D PluginInstanceManager: queryAll com.android.systemui.action.PLUGIN_NOTIFICATION_MENU_ROW
01-30 20:26:56.242  2448  2567 D PluginInstanceManager: Found 0 plugins
01-30 20:26:56.245  2448  2448 I FaceWidgetPositionAlgorithm: getClockContainerHeight() supplier = 291, bottom margin = 0, real height = 359
01-30 20:26:56.245  2448  2448 I FaceWidgetPositionAlgorithm: getClockContainerHeight() supplier = 291, bottom margin = 68, real height = 359
01-30 20:26:56.245  2448  2448 I FaceWidgetPositionAlgorithm: getMediaContainerHeight() height = 489 container Visibility = 8, isValid = false, mIsDozing = false, fraction = 1.0, source = 0, target = 0
01-30 20:26:56.245  2448  2448 I FaceWidgetPositionAlgorithm: getMediaContainerHeight() supplier = 0
01-30 20:26:56.245  9871  9871 I BCL@Common: (CommonContextHolder) setContext() : com.samsung.android.bixby.agent.app.BixbyApplication@d81ab87
01-30 20:26:56.248  9871  9871 I SA_SDK-1.5.24: [Util] SA does exist
01-30 20:26:56.248  9871  9871 I SA_SDK-1.5.24: [Util] SA version = 1470201100
01-30 20:26:56.248  9871  9871 I SA_SDK-1.5.24: [Util] iot SA version
01-30 20:26:56.248  9871  9871 I SA_SDK-1.5.24: [Util] isIotSaAppInstalled ? true
01-30 20:26:56.248  9871  9871 I BCL@Common: (SdkInitializerDelegator) initialize()
01-30 20:26:56.249  9871  9871 I BCL@BixbyApp: (SdkInitializer) initialize()
01-30 20:26:56.256  1426  1444 D InputDispatcher: Inject key (9712/10438): action=0, f=0x8, d=-1, time=329754868000000
01-30 20:26:56.256  1426  1444 D WindowManager: interceptKeyTq interceptKeyResult=1
01-30 20:26:56.257  9871  9871 I BCL@Common: (Features) isShopDemo : false
01-30 20:26:56.258  1426  1711 I InputDispatcher: Delivering key to (9712): action: 0x0 (0), f=0x8, m=0x0, d=0, '6a904a9'
01-30 20:26:56.259  6115  6115 I HBD     : b skip onKeyDown as physical keyboard not connected
01-30 20:26:56.259  6115  6115 I HBD     : HoneyBoardService onKeyDown r:5597884f consumed:false 0
01-30 20:26:56.260  9712  9712 I ViewRootImpl@ebcc417[RegisterActivity]: ViewPostIme key 0
01-30 20:26:56.267  9871  9871 I BCL@BixbyApp: (SdkInitializer) Sdk initialized!
01-30 20:26:56.274  9871  9871 I BCL@CoreSvc: (McfStateProvider) onCreate()
01-30 20:26:56.275  6115  6115 I HBD     : d1 ous -  5 ,  5 ,  6 ,  6 ,  -1 ,  -1
01-30 20:26:56.277  6115  6115 I HBD     : l0 EBD cm S 0
01-30 20:26:56.278  1426  1444 D InputDispatcher: Inject key (9712/10438): action=1, f=0x8, d=-1, time=329754889000000
01-30 20:26:56.278  9871  9871 I BCL@CoreSvc: (PerformUtteranceManager) onCreate()
01-30 20:26:56.278  1426  1444 D WindowManager: interceptKeyTq interceptKeyResult=1
01-30 20:26:56.279  1426  1711 I InputDispatcher: Delivering key to (9712): action: 0x1 (0), f=0x8, m=0x0, d=0, '6a904a9'
01-30 20:26:56.280  6115  6115 I HBD     : HoneyBoardService onKeyUp r:0d1e9d75 consumed:false 1
01-30 20:26:56.280  9712  9712 I ViewRootImpl@ebcc417[RegisterActivity]: ViewPostIme key 1
01-30 20:26:56.283  1426  1444 D InputDispatcher: Inject key (9712/10438): action=0, f=0x8, d=-1, time=329754895000000
01-30 20:26:56.283  1426  1444 D WindowManager: interceptKeyTq interceptKeyResult=1
01-30 20:26:56.283  1426  1711 I InputDispatcher: Delivering key to (9712): action: 0x0 (0), f=0x8, m=0x0, d=0, '6a904a9'
01-30 20:26:56.284  9871  9871 I CapsuleProvider_1.0.20: onCreate
01-30 20:26:56.284  6115  6115 I HBD     : b skip onKeyDown as physical keyboard not connected
01-30 20:26:56.284  6115  6115 I HBD     : HoneyBoardService onKeyDown r:db42c438 consumed:false 0
01-30 20:26:56.285  9712  9712 I ViewRootImpl@ebcc417[RegisterActivity]: ViewPostIme key 0
01-30 20:26:56.293  9871  9871 I BCL@Common: /PERF/BixbyApplication onCreate() start
01-30 20:26:56.294  5133  5199 W id.bixby.wakeup: Long monitor contention with owner main (5133) at android.content.IContentProvider android.app.ActivityThread.acquireProvider(android.content.Context, java.lang.String, int, boolean)(ActivityThread.java:7890) waiters=0 in android.content.IContentProvider android.app.ActivityThread.acquireProvider(android.content.Context, java.lang.String, int, boolean) for 216ms
01-30 20:26:56.297  9871  9894 I BCL@Common: (SettingsProvider) query, content://com.samsung.android.bixby.agent.common.settings/bixby_locale
01-30 20:26:56.297  9871  9894 I BCL@Common: (SdkInitializerDelegator) initialize()
01-30 20:26:56.297  9871  9894 I BCL@BixbyApp: (SdkInitializer) initialize()
01-30 20:26:56.299  9871  9892 I BCL@Common: (SettingsProvider) query, content://com.samsung.android.bixby.agent.common.settings/bixby_locale
01-30 20:26:56.299  9871  9892 I BCL@Common: (SdkInitializerDelegator) initialize()
01-30 20:26:56.299  9871  9892 I BCL@BixbyApp: (SdkInitializer) initialize()
01-30 20:26:56.300  5133  5133 I BWU@BixbyAgentInfo: Ph_bixbyLocale : en_GB [main]
01-30 20:26:56.302  9871  9871 I BCL@Common: /PERF/BixbyApplication onCreate() after super
01-30 20:26:56.302  9871  9871 I BCL@Common: (CommonContextHolder) setContext() : com.samsung.android.bixby.agent.app.BixbyApplication@d81ab87
01-30 20:26:56.302  9871  9871 I SA_SDK-1.5.24: [Util] SA does exist
01-30 20:26:56.302  9871  9871 I SA_SDK-1.5.24: [Util] SA version = 1470201100
01-30 20:26:56.302  9871  9871 I SA_SDK-1.5.24: [Util] iot SA version
01-30 20:26:56.302  9871  9871 I SA_SDK-1.5.24: [Util] isIotSaAppInstalled ? true
01-30 20:26:56.303  5133  5199 I BWU@BixbyAgentInfo: Ph_bixbyLocale : en_GB [ForkJoinPool.commonPool-worker-4]
01-30 20:26:56.303  9871  9871 I BCL@BixbyApp: (SdkInitializer) initialize()
01-30 20:26:56.304  5133  5199 I BWU@VoiceWakeupInfo: Ph_getWakeupKeywordType: hibixby [ForkJoinPool.commonPool-worker-4]
01-30 20:26:56.306  5133  5199 I BWU@VoiceWakeupInfo: Ph_keyword : hibixby, isKeywordEnrolled : false [ForkJoinPool.commonPool-worker-4]
01-30 20:26:56.306  9871  9871 I BCL@MainUi: (MobileDisplay) createVisualContextWithDisplay mDisplay = Display id 0: DisplayInfo{"Built-in Screen", displayId 0", displayGroupId 0, FLAG_SECURE, FLAG_SUPPORTS_PROTECTED_BUFFERS, FLAG_TRUSTED, real 1080 x 2400, largest app 2177 x 2177, smallest app 1080 x 1012, appVsyncOff 0, presDeadline 17666667, mode 2, defaultMode 1, REFRESH_RATE_MODE_NORMAL, modes [{id=1, width=1080, height=2400, fps=120.00001, alternativeRefreshRates=[60.0]}, {id=2, width=1080, height=2400, fps=60.0, alternativeRefreshRates=[120.00001]}], hdrCapabilities HdrCapabilities{mSupportedHdrTypes=[2, 3], mMaxLuminance=450.0, mMaxAverageLuminance=120.0, mMinLuminance=5.0E-4}, userDisabledHdrTypes [], minimalPostProcessingSupported false, rotation 0, state ON}, DisplayMetrics{density=2.8125, width=1080, height=2177, scaledDensity=2.8125, xdpi=409.432, ydpi=406.4}, isValid=true
01-30 20:26:56.307  9871  9930 I engmode_java_manager: em library is enabled, will use library
01-30 20:26:56.307  5133  5199 I BWU@KeywordPreference: Ph_getLocale unknown @ pref android.app.SharedPreferencesImpl@b8899f4 [ForkJoinPool.commonPool-worker-4]
01-30 20:26:56.308  9871  9892 I BCL@Common: (SettingsProvider) query, content://com.samsung.android.bixby.agent.common.settings/bixby_locale
01-30 20:26:56.308  6115  6115 I HBD     : d1 ous -  6 ,  6 ,  7 ,  7 ,  -1 ,  -1
01-30 20:26:56.309  6115  6115 I HBD     : l0 EBD cm S 0
01-30 20:26:56.309  9871  9930 I engmode_java_manager: com.samsung.android.bixby.agent(10054, 0) connects to EngineeringModeNative
01-30 20:26:56.310  9871  9892 I BCL@Common: (SdkInitializerDelegator) initialize()
01-30 20:26:56.310  9871  9892 I BCL@BixbyApp: (SdkInitializer) initialize()
01-30 20:26:56.311  1426  3022 D InputDispatcher: Inject key (9712/10438): action=1, f=0x8, d=-1, time=329754921000000
01-30 20:26:56.311  1426  3022 D WindowManager: interceptKeyTq interceptKeyResult=1
01-30 20:26:56.312  9871  9930 I engmode_java_manager: getStatus() is called.
01-30 20:26:56.312  9871  9930 I engmode_java_manager: com.samsung.android.bixby.agent(10054, 0) call em(15)
01-30 20:26:56.312  9871  9930 I engmode_jni: EM version = 30.3.00
01-30 20:26:56.312  1426  1711 I InputDispatcher: Delivering key to (9712): action: 0x1 (0), f=0x8, m=0x0, d=0, '6a904a9'
01-30 20:26:56.312  5133  5199 I BWU@BixbyAgentInfo: Ph_bixbyLocale : en_GB [ForkJoinPool.commonPool-worker-4]
01-30 20:26:56.313  6115  6115 I HBD     : HoneyBoardService onKeyUp r:fa28a9a5 consumed:false 1
01-30 20:26:56.313  5133  5199 I BWU@VoiceWakeupInfo: Ph_getWakeupKeywordType: hibixby [ForkJoinPool.commonPool-worker-4]
01-30 20:26:56.313  9712  9712 I ViewRootImpl@ebcc417[RegisterActivity]: ViewPostIme key 1
01-30 20:26:56.314  5133  5199 I BWU@VoiceWakeupInfo: Ph_keyword : hibixby, isKeywordEnrolled : false [ForkJoinPool.commonPool-worker-4]
01-30 20:26:56.315  5133  5199 I BWU@KeywordPreference: Ph_getLocale unknown @ pref android.app.SharedPreferencesImpl@b8899f4 [ForkJoinPool.commonPool-worker-4]
01-30 20:26:56.316  9871  9892 I BCL@Common: (SettingsProvider) query, content://com.samsung.android.bixby.agent.common.settings/bixby_locale
01-30 20:26:56.316  9871  9892 I BCL@Common: (SdkInitializerDelegator) initialize()
01-30 20:26:56.316  9871  9892 I BCL@BixbyApp: (SdkInitializer) initialize()
01-30 20:26:56.317  1426  3022 D InputDispatcher: Inject key (9712/10438): action=0, f=0x8, d=-1, time=329754928000000
01-30 20:26:56.317  1426  3022 D WindowManager: interceptKeyTq interceptKeyResult=1
01-30 20:26:56.318  1426  1711 I InputDispatcher: Delivering key to (9712): action: 0x0 (0), f=0x8, m=0x0, d=0, '6a904a9'
01-30 20:26:56.318  6115  6115 I HBD     : b skip onKeyDown as physical keyboard not connected
01-30 20:26:56.318  6115  6115 I HBD     : HoneyBoardService onKeyDown r:1c547936 consumed:false 0
01-30 20:26:56.318  5133  5199 I BWU@BixbyAgentInfo: Ph_bixbyLocale : en_GB [ForkJoinPool.commonPool-worker-4]
01-30 20:26:56.319  9712  9712 I ViewRootImpl@ebcc417[RegisterActivity]: ViewPostIme key 0
01-30 20:26:56.319  5133  5199 I BWU@VoiceWakeupInfo: Ph_getWakeupKeywordType: hibixby [ForkJoinPool.commonPool-worker-4]
01-30 20:26:56.319  5133  5199 I BWU@VoiceWakeupInfo: Ph_keyword : hibixby, isKeywordEnrolled : false [ForkJoinPool.commonPool-worker-4]
01-30 20:26:56.320  5133  5199 I BWU@VoiceWakeupInfo: Ph_getWakeupDefaultKeyword Locale : en_GB isSanxingxiaobeiKeywordSupport false [ForkJoinPool.commonPool-worker-4]
01-30 20:26:56.320  5133  5199 I BWU@KeywordPreference: Ph_getLocale unknown @ pref android.app.SharedPreferencesImpl@b8899f4 [ForkJoinPool.commonPool-worker-4]
01-30 20:26:56.320  9871  9892 I BCL@Common: (SettingsProvider) query, content://com.samsung.android.bixby.agent.common.settings/bixby_locale
01-30 20:26:56.320  9871  9892 I BCL@Common: (SdkInitializerDelegator) initialize()
01-30 20:26:56.320  9871  9892 I BCL@BixbyApp: (SdkInitializer) initialize()
01-30 20:26:56.322  5133  5199 I BWU@BixbyAgentInfo: Ph_bixbyLocale : en_GB [ForkJoinPool.commonPool-worker-4]
01-30 20:26:56.322  5133  5199 I BWU@VoiceWakeupInfo: Ph_getWakeupKeywordType: hibixby [ForkJoinPool.commonPool-worker-4]
01-30 20:26:56.322  5133  5199 I BWU@VoiceWakeupInfo: Ph_keyword : hibixby, isKeywordEnrolled : false [ForkJoinPool.commonPool-worker-4]
01-30 20:26:56.322  5133  5199 I BWU@VoiceWakeupInfo: Ph_getWakeupKeywordType: hibixby [ForkJoinPool.commonPool-worker-4]
01-30 20:26:56.322  5133  5199 I BWU@KeywordPreference: Ph_getLocale unknown @ pref android.app.SharedPreferencesImpl@b8899f4 [ForkJoinPool.commonPool-worker-4]
01-30 20:26:56.322  9871  9892 I BCL@Common: (SettingsProvider) query, content://com.samsung.android.bixby.agent.common.settings/bixby_locale
01-30 20:26:56.322  9871  9892 I BCL@Common: (SdkInitializerDelegator) initialize()
01-30 20:26:56.323  9871  9892 I BCL@BixbyApp: (SdkInitializer) initialize()
01-30 20:26:56.324  5133  5199 I BWU@BixbyAgentInfo: Ph_bixbyLocale : en_GB [ForkJoinPool.commonPool-worker-4]
01-30 20:26:56.324  5133  5199 I BWU@VoiceWakeupInfo: Ph_getWakeupKeywordType: hibixby [ForkJoinPool.commonPool-worker-4]
01-30 20:26:56.324  5133  5199 I BWU@VoiceWakeupInfo: Ph_keyword : hibixby, isKeywordEnrolled : false [ForkJoinPool.commonPool-worker-4]
01-30 20:26:56.325  5133  5199 I BWU@VoiceWakeupInfo: Ph_getWakeupDefaultKeyword Locale : en_GB isSanxingxiaobeiKeywordSupport false [ForkJoinPool.commonPool-worker-4]
01-30 20:26:56.325  5133  5199 I BWU@KeywordPreference: Ph_getLocale unknown @ pref android.app.SharedPreferencesImpl@b8899f4 [ForkJoinPool.commonPool-worker-4]
01-30 20:26:56.325  9871  9892 I BCL@Common: (SettingsProvider) query, content://com.samsung.android.bixby.agent.common.settings/bixby_locale
01-30 20:26:56.325  9871  9892 I BCL@Common: (SdkInitializerDelegator) initialize()
01-30 20:26:56.325  9871  9892 I BCL@BixbyApp: (SdkInitializer) initialize()
01-30 20:26:56.327  5133  5199 I BWU@BixbyAgentInfo: Ph_bixbyLocale : en_GB [ForkJoinPool.commonPool-worker-4]
01-30 20:26:56.327  5133  5199 I BWU@VoiceWakeupInfo: Ph_getWakeupKeywordType: hibixby [ForkJoinPool.commonPool-worker-4]
