01-30 00:16:17.373 26157 26157 E RecaptchaCallWrapper: Initial task failed for action RecaptchaAction(action=signInWithPassword)with exception - The password is invalid or the user does not have a password.
01-30 00:16:17.373 26157 26157 D Eroare  : The password is invalid or the user does not have a password.
01-30 00:16:17.374 26157 26157 D CompatibilityChangeReporter: Compat change id reported: 147798919; UID 10438; state: ENABLED
01-30 00:16:17.378 26157 26157 V Toast   : show: caller = com.example.sportmatch.LoginActivity$3$1.onComplete:150
01-30 00:16:17.382  1100  1153 I SurfaceFlinger: id=113893 createSurf flag=80004, WindowToken{465cf21 type=2005 android.os.Binder@a9ea988}#113893
01-30 00:16:17.394  5566 12451 W MediaProvider: isAppCloneUserPair for user 0: false
01-30 00:16:17.397  2448  2448 I AppIconSolution: return adaptive icon for com.example.sportmatch, isNight = true
01-30 00:16:17.401  5566 12451 W SQLiteLog: (28) walCheckpoint: eMode(0), mxFrame(1300), /data/user/0/com.google.android.providers.media.module/databases/external.db-wal
01-30 00:16:17.406  1426  1445 D SyncManager: userId - 0 auto - true
01-30 00:16:17.406  1426  1445 D SyncManager: userId - 0 auto - true
01-30 00:16:17.412  2448  2448 V ToastPresenter: sipHeight = -135
01-30 00:16:17.413  2448  2448 V ToastPresenter: yOffset = 180
01-30 00:16:17.413  2448  2448 V ToastPresenter: Text: Mogi in android.widget.ToastPresenter@3c68730
01-30 00:16:17.416  2448  2536 D NativeCustomFrequencyManager: [NativeCFMS] BpCustomFrequencyManager::BpCustomFrequencyManager()
01-30 00:16:17.427  1426  2959 D InputTransport: Input channel constructed: '5e5caa3', fd=1242
01-30 00:16:17.427  1426  2959 D InputTransport: Input channel constructed: '5e5caa3', fd=1243
01-30 00:16:17.427  1426  2959 D InputTransport: Input channel constructed: '5e5caa3', fd=1244
01-30 00:16:17.427  1100  1336 I SurfaceFlinger: id=113894 createSurf flag=80004, 5e5caa3 Toast#113894
01-30 00:16:17.429  1426  2959 D InputTransport: Input channel destroyed: '5e5caa3', fd=1244
01-30 00:16:17.430  2448  2448 D InsetsController: onStateChanged: InsetsState: {mDisplayFrame=Rect(0, 0 - 1080, 2400), mDisplayCutout=DisplayCutout{insets=Rect(0, 88 - 0, 0) waterfall=Insets{left=0, top=0, right=0, bottom=0} boundingRect={Bounds=[Rect(0, 0 - 0, 0), Rect(512, 0 - 568, 88), Rect(0, 0 - 0, 0), Rect(0, 0 - 0, 0)]} cutoutPathParserInfo={CutoutPathParserInfo{displayWidth=1080 displayHeight=2400 physicalDisplayWidth=1080 physicalDisplayHeight=2400 density={2.8125} cutoutSpec={M 0,0 M 0,11.43427858034597 a 9.899054752987353,9.899054752987353 0 1,0 0,19.79810950597471 a 9.899054752987353,9.899054752987353 0 1,0 0,-19.79810950597471 Z @dp} rotation={0} scale={1.0} physicalPixelDisplaySizeRatio={1.0}}}}, mRoundedCorners=RoundedCorners{[RoundedCorner{position=TopLeft, radius=90, center=Point(90, 90)}, RoundedCorner{position=TopRight, radius=90, center=Point(990, 90)}, RoundedCorner{position=BottomRight, radius=90, center=Point(990, 2310)}, RoundedCorner{position=BottomLeft, radius=90, center=Point(90, 2310)}]}  mRoundedCornerFrame=Rect(0, 0 - 0, 0), mPrivacyIndicatorBounds=PrivacyIndicatorBounds {static bounds=Rect(956, 0 - 1080, 88) rotation=0}, mSources= { InsetsSource: {mType=ITYPE_NAVIGATION_BAR, mFrame=[0,2265][1080,2400], mVisible=true, mInsetsRoundedCornerFrame=false}, InsetsSource: {mType=ITYPE_LEFT_GESTURES, mFrame=[0,0][0,2400], mVisible=true, mInsetsRoundedCornerFrame=false}, InsetsSource: {mType=ITYPE_RIGHT_GESTURES, mFrame=[1080,0][1080,2400], mVisible=true, mInsetsRoundedCornerFrame=false}, InsetsSource: {mType=ITYPE_TOP_MANDATORY_GESTURES, mFrame=[0,0][1080,122], mVisible=true, mInsetsRoundedCornerFrame=false}, InsetsSource: {mType=ITYPE_BOTTOM_MANDATORY_GESTURES, mFrame=[0,2265][1080,2400], mVisible=true, mInsetsRoundedCornerFrame=false}, InsetsSource: {mType=ITYPE_LEFT_DISPLAY_CUTOUT, mFrame=[0,0][-100000,2400], mVisible=true, mInsetsRoundedCornerFrame=false}, InsetsSource: {mType=ITYPE_TOP_DISPLAY_CUTOUT, mFrame=[0,0][1080,88], mVisible=true, mInsetsRoundedCornerFrame=false}, InsetsSource: {mType=ITYPE_RIGHT_DISPLAY_CUTOUT, mFrame=[100000,0][1080,2400], mVisible=true, mInsetsRoundedCornerFrame=false}, InsetsSource: {mType=ITYPE_BOTTOM_DISPLAY_CUTOUT, mFrame=[0,100000][1080,2400], mVisible=true, mInsetsRoundedCornerFrame=false}, InsetsSource: {mType=ITYPE_BOTTOM_TAPPABLE_ELEMENT, mFrame=[0,2265][1080,2400], mVisible=true, mInsetsRoundedCornerFrame=false} } host=Toast from=android.view.ViewRootImpl.setView:1732
01-30 00:16:17.441  2448  2448 I ViewRootImpl@7d85fa9[Toast]: setView = android.widget.LinearLayout@f2e4d65 TM=false
01-30 00:16:17.445  2448  2448 I ViewRootImpl@7d85fa9[Toast]: performTraversals params={(0,180)(wrapxwrap) gr=BOTTOM CENTER sim={adjust=pan} ty=TOAST fmt=TRANSLUCENT wanim=0x1030004
01-30 00:16:17.445  2448  2448 I ViewRootImpl@7d85fa9[Toast]:   fl=1000098
01-30 00:16:17.445  2448  2448 I ViewRootImpl@7d85fa9[Toast]:   pfl=32000000
01-30 00:16:17.445  2448  2448 I ViewRootImpl@7d85fa9[Toast]:   bhv=DEFAULT
01-30 00:16:17.445  2448  2448 I ViewRootImpl@7d85fa9[Toast]:   fitTypes=STATUS_BARS NAVIGATION_BARS CAPTION_BAR
01-30 00:16:17.445  2448  2448 I ViewRootImpl@7d85fa9[Toast]:   fitIgnoreVis naviIconColor=0}
01-30 00:16:17.445  2448  2448 I ViewRootImpl@7d85fa9[Toast]: performTraversals mFirst=true windowShouldResize=false viewVisibilityChanged=false mForceNextWindowRelayout=false params={(0,180)(wrapxwrap) gr=BOTTOM CENTER sim={adjust=pan} ty=TOAST fmt=TRANSLUCENT wanim=0x1030004
01-30 00:16:17.445  2448  2448 I ViewRootImpl@7d85fa9[Toast]:   fl=1000098
01-30 00:16:17.445  2448  2448 I ViewRootImpl@7d85fa9[Toast]:   pfl=32000000
01-30 00:16:17.445  2448  2448 I ViewRootImpl@7d85fa9[Toast]:   bhv=DEFAULT
01-30 00:16:17.445  2448  2448 I ViewRootImpl@7d85fa9[Toast]:   fitTypes=STATUS_BARS NAVIGATION_BARS CAPTION_BAR
01-30 00:16:17.445  2448  2448 I ViewRootImpl@7d85fa9[Toast]:   fitIgnoreVis naviIconColor=0}
01-30 00:16:17.445  1426  4479 V WindowManager: Relayout Window{5e5caa3 u0 Toast}: viewVisibility=0 req=475x124 d0
01-30 00:16:17.446  1100  1336 I SurfaceFlinger: id=113895 createSurf flag=40004, Toast$_2448#113895
01-30 00:16:17.449  1426  4479 W WindowManager: lockNow pending, ignore updating lockscreen timeout
01-30 00:16:17.450  1426  4479 V WindowManager: Relayout hash=5e5caa3, pid=2448, syncId=-1: mAttrs={(0,180)(wrapxwrap) gr=BOTTOM CENTER sim={adjust=pan} ty=TOAST fmt=TRANSLUCENT wanim=0x1030004
01-30 00:16:17.450  1426  4479 V WindowManager:   fl=1000098
01-30 00:16:17.450  1426  4479 V WindowManager:   pfl=32000000
01-30 00:16:17.450  1426  4479 V WindowManager:   bhv=DEFAULT
01-30 00:16:17.450  1426  4479 V WindowManager:   fitTypes=STATUS_BARS NAVIGATION_BARS CAPTION_BAR
01-30 00:16:17.450  1426  4479 V WindowManager:   fitIgnoreVis naviIconColor=0}
01-30 00:16:17.452  2448  2448 I ViewRootImpl@7d85fa9[Toast]: updateBlastSurfaceIfNeeded mBlastBufferQueue=null isSameSurfaceControl=false
01-30 00:16:17.452  2448  2448 I BLASTBufferQueue: new BLASTBufferQueue, mName= ViewRootImpl@7d85fa9[Toast] mNativeObject= 0xb40000722b802090 sc.mNativeObject= 0xb4000071bbb867c0 caller= android.view.ViewRootImpl.updateBlastSurfaceIfNeeded:2909 android.view.ViewRootImpl.relayoutWindow:9847 android.view.ViewRootImpl.performTraversals:3884 android.view.ViewRootImpl.doTraversal:3116 android.view.ViewRootImpl$TraversalRunnable.run:10885 android.view.Choreographer$CallbackRecord.run:1301 android.view.Choreographer$CallbackRecord.run:1309 android.view.Choreographer.doCallbacks:923 android.view.Choreographer.doFrame:852 android.view.Choreographer$FrameDisplayEventReceiver.run:1283
01-30 00:16:17.452  2448  2448 I BLASTBufferQueue: update, w= 475 h= 124 mName = ViewRootImpl@7d85fa9[Toast] mNativeObject= 0xb40000722b802090 sc.mNativeObject= 0xb4000071bbb867c0 format= -3 caller= android.graphics.BLASTBufferQueue.<init>:84 android.view.ViewRootImpl.updateBlastSurfaceIfNeeded:2909 android.view.ViewRootImpl.relayoutWindow:9847 android.view.ViewRootImpl.performTraversals:3884 android.view.ViewRootImpl.doTraversal:3116 android.view.ViewRootImpl$TraversalRunnable.run:10885
01-30 00:16:17.453  2448  2448 I ViewRootImpl@7d85fa9[Toast]: Relayout returned: old=(0,88,1080,2265) new=(302,1961,777,2085) req=(475,124)0 dur=7 res=0x3 s={true 0xb4000072bba98430} ch=true seqId=0
01-30 00:16:17.453  2448  2448 I ViewRootImpl@7d85fa9[Toast]: mThreadedRenderer.initialize() mSurface={isValid=true 0xb4000072bba98430} hwInitialized=true
01-30 00:16:17.454  2448  2536 D OpenGLRenderer: eglCreateWindowSurface
01-30 00:16:17.454  2448  2448 I ViewRootImpl@7d85fa9[Toast]: reportNextDraw android.view.ViewRootImpl.performTraversals:4438 android.view.ViewRootImpl.doTraversal:3116 android.view.ViewRootImpl$TraversalRunnable.run:10885 android.view.Choreographer$CallbackRecord.run:1301 android.view.Choreographer$CallbackRecord.run:1309
01-30 00:16:17.454  2448  2448 I ViewRootImpl@7d85fa9[Toast]: Setup new sync id=0
01-30 00:16:17.454  2448  2448 I ViewRootImpl@7d85fa9[Toast]: Setting syncFrameCallback
01-30 00:16:17.454  2448  2448 I ViewRootImpl@7d85fa9[Toast]: registerCallbacksForSync syncBuffer=false
01-30 00:16:17.467  2448  2555 I ViewRootImpl@7d85fa9[Toast]: Received frameDrawingCallback syncResult=0 frameNum=1.
01-30 00:16:17.467  2448  2555 I ViewRootImpl@7d85fa9[Toast]: Setting up sync and frameCommitCallback
01-30 00:16:17.475  2448  2536 I BLASTBufferQueue: [ViewRootImpl@7d85fa9[Toast]#3625](f:0,a:0) onFrameAvailable the first frame is available
01-30 00:16:17.477  2448  2536 I ViewRootImpl@7d85fa9[Toast]: Received frameCommittedCallback lastAttemptedDrawFrameNum=1 didProduceBuffer=true
01-30 00:16:17.477  2448  2536 D OpenGLRenderer: CFMS:: SetUp Pid : 2448    Tid : 2536
01-30 00:16:17.477  2448  2536 W Parcel  : Expecting binder but got null!
01-30 00:16:17.477  2448  2448 I ViewRootImpl@7d85fa9[Toast]: onSyncComplete
01-30 00:16:17.478  2448  2448 I ViewRootImpl@7d85fa9[Toast]: setupSync seqId=0 mSyncId=0 fn=1 caller=android.view.ViewRootImpl$$ExternalSyntheticLambda11.accept:6 android.window.SurfaceSyncer.lambda$setupSync$1$android-window-SurfaceSyncer:128 android.window.SurfaceSyncer$$ExternalSyntheticLambda1.accept:8 android.window.SurfaceSyncer$SyncSet.checkIfSyncIsComplete:382 android.window.SurfaceSyncer$SyncSet.markSyncReady:359 android.window.SurfaceSyncer.markSyncReady:151 android.view.ViewRootImpl.performTraversals:4503
01-30 00:16:17.478  2448  2448 I ViewRootImpl@7d85fa9[Toast]: reportDrawFinished seqId=0 mSyncId=-1 fn=1 mSurfaceChangedTransaction=0xb4000071eb9bb870
01-30 00:16:17.480  1426  1485 W WindowManager: lockNow pending, ignore updating lockscreen timeout
01-30 00:16:17.482  1100  1331 I SurfaceFlinger: id=113896 createSurf flag=24004, Surface(name=5e5caa3 Toast)/@0xfc291 - animation-leash of window_animation#113896
01-30 00:16:17.486  1426  1485 W WindowManager: lockNow pending, ignore updating lockscreen timeout
01-30 00:16:17.487  7503  7699 W ExifInterface: Invalid image: ExifInterface got an unsupported image format file(ExifInterface supports JPEG and some RAW image formats only) or a corrupted JPEG file to ExifInterface.
01-30 00:16:17.487  7503  7699 W ExifInterface: java.io.IOException: Encountered corrupt PNG file.
01-30 00:16:17.487  7503  7699 W ExifInterface: 	at android.media.ExifInterface.getPngAttributes(ExifInterface.java:3461)
01-30 00:16:17.487  7503  7699 W ExifInterface: 	at android.media.ExifInterface.loadAttributes(ExifInterface.java:2026)
01-30 00:16:17.487  7503  7699 W ExifInterface: 	at android.media.ExifInterface.<init>(ExifInterface.java:1641)
01-30 00:16:17.487  7503  7699 W ExifInterface: 	at android.media.ExifInterface.<init>(ExifInterface.java:1592)
01-30 00:16:17.487  7503  7699 W ExifInterface: 	at com.samsung.android.providers.media.scan.MediaParser.getDateTimeOriginal(MediaParser.java:390)
01-30 00:16:17.487  7503  7699 W ExifInterface: 	at com.samsung.android.providers.media.scan.MediaParser.computeDateMetadata(MediaParser.java:367)
01-30 00:16:17.487  7503  7699 W ExifInterface: 	at com.samsung.android.providers.media.sync.MediaSync.createOperation(MediaSync.java:429)
01-30 00:16:17.487  7503  7699 W ExifInterface: 	at com.samsung.android.providers.media.sync.MediaSync.loadInternal(MediaSync.java:389)
01-30 00:16:17.487  7503  7699 W ExifInterface: 	at com.samsung.android.providers.media.sync.MediaSync.load(MediaSync.java:325)
01-30 00:16:17.487  7503  7699 W ExifInterface: 	at com.samsung.android.providers.media.sync.MediaSync.-$$Nest$mload(Unknown Source:0)
01-30 00:16:17.487  7503  7699 W ExifInterface: 	at com.samsung.android.providers.media.sync.MediaSync$SyncTask.run(MediaSync.java:475)
01-30 00:16:17.487  7503  7699 W ExifInterface: 	at android.os.Handler.handleCallback(Handler.java:942)
01-30 00:16:17.487  7503  7699 W ExifInterface: 	at android.os.Handler.dispatchMessage(Handler.java:99)
01-30 00:16:17.487  7503  7699 W ExifInterface: 	at android.os.Looper.loopOnce(Looper.java:226)
01-30 00:16:17.487  7503  7699 W ExifInterface: 	at android.os.Looper.loop(Looper.java:313)
01-30 00:16:17.487  7503  7699 W ExifInterface: 	at android.os.HandlerThread.run(HandlerThread.java:67)
01-30 00:16:17.499  8039 25845 I NetworkScheduler.Stats: (REDACTED) Task %s/%s started execution. cause:%s exec_start_elapsed_seconds: %s
01-30 00:16:17.509  8039 25641 I NetworkScheduler.Stats: (REDACTED) Task %s/%s finished executing. cause:%s result: %s elapsed_millis: %s uptime_millis: %s exec_start_elapsed_seconds: %s
01-30 00:16:17.511  7503  7699 D MediaSync: loaded: 107ms, 1
01-30 00:16:17.527  1100  1100 D SurfaceFlinger: Display 4633128672291735932 HWC layers:
01-30 00:16:17.527  1100  1100 D SurfaceFlinger:      DEVICE | 0xb400007704b51dd0 | 0102 | RGBA_8888    |    0.0    0.0 1080.0 2400.0 |    0    0 1080 2400 | com.example.sportmatch/com.example.sportmatch.LoginActivity$_26157#113874
01-30 00:16:17.527  1100  1100 D SurfaceFlinger:      DEVICE | 0xb400007704b5ff90 | 0100 | RGBA_8888    |    0.0    0.0 1080.0   88.0 |    0    0 1080   88 | StatusBar$_2448#94
01-30 00:16:17.527  1100  1100 D SurfaceFlinger:      DEVICE | 0xb400007704b47090 | 0100 | RGBA_8888    |    0.0    0.0   67.0  342.0 |    0 1504   67 1846 | com.samsung.android.app.cocktailbars[...]vice.CocktailBarService$_5767#113891
01-30 00:16:17.527  1100  1100 D SurfaceFlinger:      DEVICE | 0xb400007704b452d0 | 0100 | RGBA_8888    |    0.0    0.0  475.0  124.0 |  302 1961  777 2085 | Toast$_2448#113895
01-30 00:16:17.527  1100  1100 D SurfaceFlinger:      DEVICE | 0xb400007704b55cd0 | 0100 | RGBA_8888    |    0.0    0.0 1080.0  135.0 |    0 2265 1080 2400 | NavigationBar0$_2448#88
01-30 00:16:17.527  1100  1100 D SurfaceFlinger:
01-30 00:16:17.561  1426  1484 I ChimeraSystemEventListener: appLaunchIntent package name is: com.example.sportmatch
01-30 00:16:17.564  1426  2959 I SemDvfsHyPerManager: acquire hyper - AMS_ACT_START/1426@21, type = -999
01-30 00:16:17.565  1037  1116 I HYPER-HAL: [RequestManager.cpp]acquire(): Acquired ID : 1047649  [1426 / 21]    HINT : AMS_ACT_START    list :
01-30 00:16:17.566  1100  1336 I SurfaceFlinger: id=113897 createSurf flag=80004, ActivityRecord{5e72e7 u0 com.example.sportmatch/androidx.test.core.app.InstrumentationActivityInvoker$EmptyActivity} t17222}#113897
01-30 00:16:17.573  1426  2959 W WindowManager: lockNow pending, ignore updating lockscreen timeout
01-30 00:16:17.575  3326  3326 E pageboostd: Received HALT command code 2
01-30 00:16:17.579 26157 26198 V FA      : Recording user engagement, ms: 3160
01-30 00:16:17.580 26157 26157 D LifecycleMonitor: Lifecycle status change: com.example.sportmatch.LoginActivity@c6c4faa in: PAUSED
01-30 00:16:17.581 26157 26157 V ActivityScenario: Update currentActivityStage to PAUSED, currentActivity=com.example.sportmatch.LoginActivity@c6c4faa
01-30 00:16:17.586  1426  3022 D InputDispatcher: Focused application(0): ActivityRecord{5e72e7 u0 com.example.sportmatch/androidx.test.core.app.InstrumentationActivityInvoker$EmptyActivity} t17222}
01-30 00:16:17.588  1426  3022 W WindowManager: lockNow pending, ignore updating lockscreen timeout
01-30 00:16:17.589  1100  1100 I SurfaceFlinger: [f43f6ed com.example.sportmatch/com.example.sportmatch.LoginActivity#113873] FrameRatePriority: -1
01-30 00:16:17.595 26157 26157 D LifecycleMonitor: Lifecycle status change: androidx.test.core.app.InstrumentationActivityInvoker$EmptyActivity@e943b90 in: PRE_ON_CREATE
01-30 00:16:17.595 26157 26157 V ActivityScenario: Activity lifecycle changed event received but ignored because the intent does not match. startActivityIntent=Intent { act=android.intent.action.MAIN cat=[android.intent.category.LAUNCHER] flg=0x10008000 cmp=com.example.sportmatch/.LoginActivity }, activity.getIntent()=Intent { act=android.intent.action.MAIN cat=[android.intent.category.LAUNCHER] flg=0x10000000 cmp=com.example.sportmatch/androidx.test.core.app.InstrumentationActivityInvoker$EmptyActivity }, activity=androidx.test.core.app.InstrumentationActivityInvoker$EmptyActivity@e943b90
01-30 00:16:17.596 26157 26190 V FA      : onActivityCreated
01-30 00:16:17.597  1426  3460 I MediaSessionMonitor: Media session stopped : controllerList empty
01-30 00:16:17.598  5767  5767 I ActivityUtils: HomePackage : com.sec.android.app.launcher, resumePackageName : com.example.sportmatch
01-30 00:16:17.601 26157 26157 I DecorView: [INFO] isPopOver=false config=true
01-30 00:16:17.602 26157 26157 I DecorView: updateCaptionType: isFloating=false isApplication=true hasWindowDecorCaption=false this=DecorView@fcd3766[]
01-30 00:16:17.602 26157 26157 D DecorView: setCaptionType = 0, this = DecorView@fcd3766[]
01-30 00:16:17.603 26157 26157 I DecorView: getCurrentDensityDpi: from real metrics. densityDpi=450 msg=resources_loaded
01-30 00:16:17.603 26157 26157 I DecorView: setWindowBackground: isPopOver=false color=ffffffff d=android.graphics.drawable.ColorDrawable@ce72b54
01-30 00:16:17.605 26157 26157 D LifecycleMonitor: Lifecycle status change: androidx.test.core.app.InstrumentationActivityInvoker$EmptyActivity@e943b90 in: CREATED
01-30 00:16:17.606 26157 26157 V ActivityScenario: Activity lifecycle changed event received but ignored because the intent does not match. startActivityIntent=Intent { act=android.intent.action.MAIN cat=[android.intent.category.LAUNCHER] flg=0x10008000 cmp=com.example.sportmatch/.LoginActivity }, activity.getIntent()=Intent { act=android.intent.action.MAIN cat=[android.intent.category.LAUNCHER] flg=0x10000000 cmp=com.example.sportmatch/androidx.test.core.app.InstrumentationActivityInvoker$EmptyActivity }, activity=androidx.test.core.app.InstrumentationActivityInvoker$EmptyActivity@e943b90
01-30 00:16:17.606  1100  1100 D SurfaceFlinger: [input] inputWindowCommands.focusRequests size is 1
01-30 00:16:17.607 26157 26157 D LifecycleMonitor: Lifecycle status change: androidx.test.core.app.InstrumentationActivityInvoker$EmptyActivity@e943b90 in: STARTED
01-30 00:16:17.608  1100  1210 D SurfaceFlinger: [input] setFocusedWindow: <null>
01-30 00:16:17.608 26157 26157 V ActivityScenario: Activity lifecycle changed event received but ignored because the intent does not match. startActivityIntent=Intent { act=android.intent.action.MAIN cat=[android.intent.category.LAUNCHER] flg=0x10008000 cmp=com.example.sportmatch/.LoginActivity }, activity.getIntent()=Intent { act=android.intent.action.MAIN cat=[android.intent.category.LAUNCHER] flg=0x10000000 cmp=com.example.sportmatch/androidx.test.core.app.InstrumentationActivityInvoker$EmptyActivity }, activity=androidx.test.core.app.InstrumentationActivityInvoker$EmptyActivity@e943b90
01-30 00:16:17.608  1426  4479 D InputDispatcher: Focus request (0): <null> but waiting because NOT_FOCUSABLE
01-30 00:16:17.608  1426  4479 D InputDispatcher: Focus left window (0): f43f6ed com.example.sportmatch/com.example.sportmatch.LoginActivity
01-30 00:16:17.610 26157 26157 D LifecycleMonitor: Lifecycle status change: androidx.test.core.app.InstrumentationActivityInvoker$EmptyActivity@e943b90 in: RESUMED
01-30 00:16:17.610 26157 26157 V ActivityScenario: Activity lifecycle changed event received but ignored because the intent does not match. startActivityIntent=Intent { act=android.intent.action.MAIN cat=[android.intent.category.LAUNCHER] flg=0x10008000 cmp=com.example.sportmatch/.LoginActivity }, activity.getIntent()=Intent { act=android.intent.action.MAIN cat=[android.intent.category.LAUNCHER] flg=0x10000000 cmp=com.example.sportmatch/androidx.test.core.app.InstrumentationActivityInvoker$EmptyActivity }, activity=androidx.test.core.app.InstrumentationActivityInvoker$EmptyActivity@e943b90
01-30 00:16:17.611 26157 26157 I MSHandlerLifeCycle: check: return. pkg=com.example.sportmatch parent=null callers=com.android.internal.policy.DecorView.setVisibility:4412 android.app.ActivityThread.handleResumeActivity:5476 android.app.servertransaction.ResumeActivityItem.execute:54 android.app.servertransaction.ActivityTransactionItem.execute:45 android.app.servertransaction.TransactionExecutor.executeLifecycleState:176
01-30 00:16:17.611 26157 26157 I MSHandlerLifeCycle: removeMultiSplitHandler: no exist. decor=DecorView@fcd3766[]
01-30 00:16:17.614 26157 26204 D NativeCustomFrequencyManager: [NativeCFMS] BpCustomFrequencyManager::BpCustomFrequencyManager()
01-30 00:16:17.616  1426  1445 D InputTransport: Input channel constructed: 'bdac6f5', fd=1244
01-30 00:16:17.616  1426  1445 D InputTransport: Input channel constructed: 'bdac6f5', fd=1247
01-30 00:16:17.616  1426  1445 D InputTransport: Input channel constructed: 'bdac6f5', fd=1249
01-30 00:16:17.616  1100  1336 I SurfaceFlinger: id=113898 createSurf flag=80004, bdac6f5 com.example.sportmatch/androidx.test.core.app.InstrumentationActivityInvoker$EmptyActivity#113898
01-30 00:16:17.618  1426  1445 D InputTransport: Input channel destroyed: 'bdac6f5', fd=1249
01-30 00:16:17.620 26157 26157 D InsetsController: onStateChanged: InsetsState: {mDisplayFrame=Rect(0, 0 - 1080, 2400), mDisplayCutout=DisplayCutout{insets=Rect(0, 88 - 0, 0) waterfall=Insets{left=0, top=0, right=0, bottom=0} boundingRect={Bounds=[Rect(0, 0 - 0, 0), Rect(512, 0 - 568, 88), Rect(0, 0 - 0, 0), Rect(0, 0 - 0, 0)]} cutoutPathParserInfo={CutoutPathParserInfo{displayWidth=1080 displayHeight=2400 physicalDisplayWidth=1080 physicalDisplayHeight=2400 density={2.8125} cutoutSpec={M 0,0 M 0,11.43427858034597 a 9.899054752987353,9.899054752987353 0 1,0 0,19.79810950597471 a 9.899054752987353,9.899054752987353 0 1,0 0,-19.79810950597471 Z @dp} rotation={0} scale={1.0} physicalPixelDisplaySizeRatio={1.0}}}}, mRoundedCorners=RoundedCorners{[RoundedCorner{position=TopLeft, radius=90, center=Point(90, 90)}, RoundedCorner{position=TopRight, radius=90, center=Point(990, 90)}, RoundedCorner{position=BottomRight, radius=90, center=Point(990, 2310)}, RoundedCorner{position=BottomLeft, radius=90, center=Point(90, 2310)}]}  mRoundedCornerFrame=Rect(0, 0 - 1080, 2400), mPrivacyIndicatorBounds=PrivacyIndicatorBounds {static bounds=Rect(956, 0 - 1080, 88) rotation=0}, mSources= { InsetsSource: {mType=ITYPE_STATUS_BAR, mFrame=[0,0][1080,88], mVisible=true, mInsetsRoundedCornerFrame=false}, InsetsSource: {mType=ITYPE_NAVIGATION_BAR, mFrame=[0,2265][1080,2400], mVisible=true, mInsetsRoundedCornerFrame=false}, InsetsSource: {mType=ITYPE_LEFT_GESTURES, mFrame=[0,0][0,2400], mVisible=true, mInsetsRoundedCornerFrame=false}, InsetsSource: {mType=ITYPE_RIGHT_GESTURES, mFrame=[1080,0][1080,2400], mVisible=true, mInsetsRoundedCornerFrame=false}, InsetsSource: {mType=ITYPE_TOP_MANDATORY_GESTURES, mFrame=[0,0][1080,122], mVisible=true, mInsetsRoundedCornerFrame=false}, InsetsSource: {mType=ITYPE_BOTTOM_MANDATORY_GESTURES, mFrame=[0,2265][1080,2400], mVisible=true, mInsetsRoundedCornerFrame=false}, InsetsSource: {mType=ITYPE_LEFT_DISPLAY_CUTOUT, mFrame=[0,0][-100000,2400], mVisible=true, mInsetsRoundedCornerFrame=false}, InsetsSource: {mType=ITYPE_TOP_DISPLAY_CUTOUT, mFrame=[0,0][1080,88], mVisible=true, mInsetsRoundedCornerFrame=false}, InsetsSource: {mType=ITYPE_RIGHT_DISPLAY_CUTOUT, mFrame=[100000,0][1080,2400], mVisible=true, mInsetsRoundedCornerFrame=false}, InsetsSource: {mType=ITYPE_BOTTOM_DISPLAY_CUTOUT, mFrame=[0,100000][1080,2400], mVisible=true, mInsetsRoundedCornerFrame=false}, InsetsSource: {mType=ITYPE_TOP_TAPPABLE_ELEMENT, mFrame=[0,0][1080,88], mVisible=true, mInsetsRoundedCornerFrame=false}, InsetsSource: {mType=ITYPE_BOTTOM_TAPPABLE_ELEMENT, mFrame=[0,2265][1080,2400], mVisible=true, mInsetsRoundedCornerFrame=false} } host=com.example.sportmatch/androidx.test.core.app.InstrumentationActivityInvoker$EmptyActivity from=android.view.ViewRootImpl.setView:1732
01-30 00:16:17.623 26157 26157 I ViewRootImpl@24b7a43[InstrumentationActivityInvoker$EmptyActivity]: setView = com.android.internal.policy.DecorView@fcd3766 TM=false
01-30 00:16:17.624 26157 26157 I MSHandlerLifeCycle: removeMultiSplitHandler: no exist. decor=DecorView@fcd3766[InstrumentationActivityInvoker$EmptyActivity]
01-30 00:16:17.630 26157 26157 I ViewRootImpl@24b7a43[InstrumentationActivityInvoker$EmptyActivity]: performTraversals params={(0,0)(fillxfill) sim={adjust=pan forwardNavigation} ty=BASE_APPLICATION
01-30 00:16:17.630 26157 26157 I ViewRootImpl@24b7a43[InstrumentationActivityInvoker$EmptyActivity]:   fl=81810100
01-30 00:16:17.630 26157 26157 I ViewRootImpl@24b7a43[InstrumentationActivityInvoker$EmptyActivity]:   pfl=12020040
01-30 00:16:17.630 26157 26157 I ViewRootImpl@24b7a43[InstrumentationActivityInvoker$EmptyActivity]:   bhv=DEFAULT
01-30 00:16:17.630 26157 26157 I ViewRootImpl@24b7a43[InstrumentationActivityInvoker$EmptyActivity]:   fitSides= naviIconColor=0}
01-30 00:16:17.631 15268 26247 V FA-SVC  : Logging event: origin=auto,name=user_engagement(_e),params=Bundle[{ga_event_origin(_o)=auto, engagement_time_msec(_et)=3160, ga_screen_class(_sc)=LoginActivity, ga_screen_id(_si)=8787742430023688844}]
01-30 00:16:17.632 26157 26198 V FA      : Activity paused, time: 506165539
01-30 00:16:17.632 26157 26198 V FA      : Activity resumed, time: 506165571
01-30 00:16:17.633 26157 26157 I ViewRootImpl@24b7a43[InstrumentationActivityInvoker$EmptyActivity]: performTraversals mFirst=true windowShouldResize=true viewVisibilityChanged=false mForceNextWindowRelayout=false params={(0,0)(fillxfill) sim={adjust=pan forwardNavigation} ty=BASE_APPLICATION
01-30 00:16:17.633 26157 26157 I ViewRootImpl@24b7a43[InstrumentationActivityInvoker$EmptyActivity]:   fl=81810100
01-30 00:16:17.633 26157 26157 I ViewRootImpl@24b7a43[InstrumentationActivityInvoker$EmptyActivity]:   pfl=12020040
01-30 00:16:17.633 26157 26157 I ViewRootImpl@24b7a43[InstrumentationActivityInvoker$EmptyActivity]:   bhv=DEFAULT
01-30 00:16:17.633 26157 26157 I ViewRootImpl@24b7a43[InstrumentationActivityInvoker$EmptyActivity]:   fitSides= naviIconColor=0}
01-30 00:16:17.633  1426  2959 V WindowManager: Relayout Window{bdac6f5 u0 com.example.sportmatch/androidx.test.core.app.InstrumentationActivityInvoker$EmptyActivity}: viewVisibility=0 req=1080x2400 d0
01-30 00:16:17.634  1100  1336 I SurfaceFlinger: id=113899 createSurf flag=40004, com.example.sportmatch/androidx.test.core.app.InstrumentationActivityInvoker$EmptyActivity$_26157#113899
01-30 00:16:17.635  1426  2959 W WindowManager: lockNow pending, ignore updating lockscreen timeout
01-30 00:16:17.637  1100  1331 I SurfaceFlinger: id=113900 createSurf flag=24000, Surface(name=c2abcc7 StatusBar)/@0x2f665b7 - animation-leash of insets_animation#113900
01-30 00:16:17.638  1100  1331 I SurfaceFlinger: id=113901 createSurf flag=24000, Surface(name=719c3fd NavigationBar0)/@0xe9d3c89 - animation-leash of insets_animation#113901
01-30 00:16:17.639 15268 26247 V FA-SVC  : Upload scheduled in approximately ms: 1588186
01-30 00:16:17.639 15268 26247 V FA-SVC  : Unscheduling upload
01-30 00:16:17.641  1426  2959 V WindowManager: Relayout hash=bdac6f5, pid=26157, syncId=-1: mAttrs={(0,0)(fillxfill) sim={adjust=pan forwardNavigation} ty=BASE_APPLICATION
01-30 00:16:17.641  1426  2959 V WindowManager:   fl=81810100
01-30 00:16:17.641  1426  2959 V WindowManager:   pfl=12020040
01-30 00:16:17.641  1426  2959 V WindowManager:   bhv=DEFAULT
01-30 00:16:17.641  1426  2959 V WindowManager:   fitSides= naviIconColor=0}
01-30 00:16:17.642 15268 26247 V FA-SVC  : Scheduling upload, millis: 1588186
01-30 00:16:17.644 26157 26157 D InsetsController: onStateChanged: InsetsState: {mDisplayFrame=Rect(0, 0 - 1080, 2400), mDisplayCutout=DisplayCutout{insets=Rect(0, 88 - 0, 0) waterfall=Insets{left=0, top=0, right=0, bottom=0} boundingRect={Bounds=[Rect(0, 0 - 0, 0), Rect(512, 0 - 568, 88), Rect(0, 0 - 0, 0), Rect(0, 0 - 0, 0)]} cutoutPathParserInfo={CutoutPathParserInfo{displayWidth=1080 displayHeight=2400 physicalDisplayWidth=1080 physicalDisplayHeight=2400 density={2.8125} cutoutSpec={M 0,0 M 0,11.43427858034597 a 9.899054752987353,9.899054752987353 0 1,0 0,19.79810950597471 a 9.899054752987353,9.899054752987353 0 1,0 0,-19.79810950597471 Z @dp} rotation={0} scale={1.0} physicalPixelDisplaySizeRatio={1.0}}}}, mRoundedCorners=RoundedCorners{[RoundedCorner{position=TopLeft, radius=90, center=Point(90, 90)}, RoundedCorner{position=TopRight, radius=90, center=Point(990, 90)}, RoundedCorner{position=BottomRight, radius=90, center=Point(990, 2310)}, RoundedCorner{position=BottomLeft, radius=90, center=Point(90, 2310)}]}  mRoundedCornerFrame=Rect(0, 0 - 1080, 2400), mPrivacyIndicatorBounds=PrivacyIndicatorBounds {static bounds=Rect(956, 0 - 1080, 88) rotation=0}, mSources= { InsetsSource: {mType=ITYPE_STATUS_BAR, mFrame=[0,0][1080,88], mVisible=true, mInsetsRoundedCornerFrame=false}, InsetsSource: {mType=ITYPE_NAVIGATION_BAR, mFrame=[0,2265][1080,2400], mVisible=true, mInsetsRoundedCornerFrame=false}, InsetsSource: {mType=ITYPE_LEFT_GESTURES, mFrame=[0,0][0,2400], mVisible=true, mInsetsRoundedCornerFrame=false}, InsetsSource: {mType=ITYPE_RIGHT_GESTURES, mFrame=[1080,0][1080,2400], mVisible=true, mInsetsRoundedCornerFrame=false}, InsetsSource: {mType=ITYPE_TOP_MANDATORY_GESTURES, mFrame=[0,0][1080,122], mVisible=true, mInsetsRoundedCornerFrame=false}, InsetsSource: {mType=ITYPE_BOTTOM_MANDATORY_GESTURES, mFrame=[0,2265][1080,2400], mVisible=true, mInsetsRoundedCornerFrame=false}, InsetsSource: {mType=ITYPE_LEFT_DISPLAY_CUTOUT, mFrame=[0,0][-100000,2400], mVisible=true, mInsetsRoundedCornerFrame=false}, InsetsSource: {mType=ITYPE_TOP_DISPLAY_CUTOUT, mFrame=[0,0][1080,88], mVisible=true, mInsetsRoundedCornerFrame=false}, InsetsSource: {mType=ITYPE_RIGHT_DISPLAY_CUTOUT, mFrame=[100000,0][1080,2400], mVisible=true, mInsetsRoundedCornerFrame=false}, InsetsSource: {mType=ITYPE_BOTTOM_DISPLAY_CUTOUT, mFrame=[0,100000][1080,2400], mVisible=true, mInsetsRoundedCornerFrame=false}, InsetsSource: {mType=ITYPE_TOP_TAPPABLE_ELEMENT, mFrame=[0,0][1080,88], mVisible=true, mInsetsRoundedCornerFrame=false}, InsetsSource: {mType=ITYPE_BOTTOM_TAPPABLE_ELEMENT, mFrame=[0,2265][1080,2400], mVisible=true, mInsetsRoundedCornerFrame=false}, InsetsSource: {mType=ITYPE_IME, mFrame=[0,0][0,0], mVisibleFrame=[0,1392][1080,2400], mVisible=false, mInsetsRoundedCornerFrame=false} } host=com.example.sportmatch/androidx.test.core.app.InstrumentationActivityInvoker$EmptyActivity from=android.view.ViewRootImpl.relayoutWindow:9802
01-30 00:16:17.644 15268 26247 V FA-SVC  : Background event processing time, ms: 13
01-30 00:16:17.646 26157 26157 I ViewRootImpl@24b7a43[InstrumentationActivityInvoker$EmptyActivity]: updateBlastSurfaceIfNeeded mBlastBufferQueue=null isSameSurfaceControl=false
01-30 00:16:17.647 26157 26157 I BLASTBufferQueue: new BLASTBufferQueue, mName= ViewRootImpl@24b7a43[InstrumentationActivityInvoker$EmptyActivity] mNativeObject= 0xb40000722b674f70 sc.mNativeObject= 0xb4000071bb6b6870 caller= android.view.ViewRootImpl.updateBlastSurfaceIfNeeded:2909 android.view.ViewRootImpl.relayoutWindow:9847 android.view.ViewRootImpl.performTraversals:3884 android.view.ViewRootImpl.doTraversal:3116 android.view.ViewRootImpl$TraversalRunnable.run:10885 android.view.Choreographer$CallbackRecord.run:1301 android.view.Choreographer$CallbackRecord.run:1309 android.view.Choreographer.doCallbacks:923 android.view.Choreographer.doFrame:852 android.view.Choreographer$FrameDisplayEventReceiver.run:1283
01-30 00:16:17.647 26157 26157 I BLASTBufferQueue: update, w= 1080 h= 2400 mName = ViewRootImpl@24b7a43[InstrumentationActivityInvoker$EmptyActivity] mNativeObject= 0xb40000722b674f70 sc.mNativeObject= 0xb4000071bb6b6870 format= -1 caller= android.graphics.BLASTBufferQueue.<init>:84 android.view.ViewRootImpl.updateBlastSurfaceIfNeeded:2909 android.view.ViewRootImpl.relayoutWindow:9847 android.view.ViewRootImpl.performTraversals:3884 android.view.ViewRootImpl.doTraversal:3116 android.view.ViewRootImpl$TraversalRunnable.run:10885
01-30 00:16:17.648 26157 26157 I ViewRootImpl@24b7a43[InstrumentationActivityInvoker$EmptyActivity]: Relayout returned: old=(0,0,1080,2400) new=(0,0,1080,2400) req=(1080,2400)0 dur=13 res=0x3 s={true 0xb4000072bb6e0a40} ch=true seqId=0
01-30 00:16:17.650 26157 26204 D OpenGLRenderer: eglCreateWindowSurface
01-30 00:16:17.650 26157 26157 I ViewRootImpl@24b7a43[InstrumentationActivityInvoker$EmptyActivity]: mThreadedRenderer.initialize() mSurface={isValid=true 0xb4000072bb6e0a40} hwInitialized=true
01-30 00:16:17.652  8039 25845 W NetworkScheduler: Error inserting flex_time=1588000 job_id=-1 period=3177000 source=16 requires_charging=0 preferred_network_type=1 target_class=com.google.android.gms.measurement.PackageMeasurementTaskService user_id=0 target_package=com.google.android.gms tag=Measurement.PackageMeasurementTaskService.UPLOAD_TASK_TAG task_type=0 required_idleness_state=0 service_kind=0 source_version=240213000 persistence_level=1 preferred_charging_state=1 required_network_type=0 runtime=1706566577649 retry_strategy={"maximum_backoff_seconds":{"3600":0},"initial_backoff_seconds":{"30":0},"retry_policy":{"0":0}} last_runtime=0 [CONTEXT service_id=218 ]
01-30 00:16:17.652  8039 25845 W NetworkScheduler: android.database.sqlite.SQLiteConstraintException: UNIQUE constraint failed: pending_ops.tag, pending_ops.target_class, pending_ops.target_package, pending_ops.user_id (code 2067 SQLITE_CONSTRAINT_UNIQUE[2067])
01-30 00:16:17.652  8039 25845 W NetworkScheduler: 	at android.database.sqlite.SQLiteConnection.nativeExecuteForLastInsertedRowId(Native Method)
01-30 00:16:17.652  8039 25845 W NetworkScheduler: 	at android.database.sqlite.SQLiteConnection.executeForLastInsertedRowId(SQLiteConnection.java:1275)
01-30 00:16:17.652  8039 25845 W NetworkScheduler: 	at android.database.sqlite.SQLiteSession.executeForLastInsertedRowId(SQLiteSession.java:790)
01-30 00:16:17.652  8039 25845 W NetworkScheduler: 	at android.database.sqlite.SQLiteStatement.executeInsert(SQLiteStatement.java:89)
01-30 00:16:17.652  8039 25845 W NetworkScheduler: 	at android.database.sqlite.SQLiteDatabase.insertWithOnConflict(SQLiteDatabase.java:2410)
01-30 00:16:17.652  8039 25845 W NetworkScheduler: 	at android.database.sqlite.SQLiteDatabase.insertOrThrow(SQLiteDatabase.java:2305)
01-30 00:16:17.652  8039 25845 W NetworkScheduler: 	at crnw.d(:com.google.android.gms@240213038@24.02.13 (190400-599553831):743)
01-30 00:16:17.652  8039 25845 W NetworkScheduler: 	at crmd.n(:com.google.android.gms@240213038@24.02.13 (190400-599553831):29)
01-30 00:16:17.652  8039 25845 W NetworkScheduler: 	at crmd.u(:com.google.android.gms@240213038@24.02.13 (190400-599553831):362)
01-30 00:16:17.652  8039 25845 W NetworkScheduler: 	at crmd.h(:com.google.android.gms@240213038@24.02.13 (190400-599553831):51)
01-30 00:16:17.652  8039 25845 W NetworkScheduler: 	at crhi.run(:com.google.android.gms@240213038@24.02.13 (190400-599553831):72)
01-30 00:16:17.652  8039 25845 W NetworkScheduler: 	at akki.c(:com.google.android.gms@240213038@24.02.13 (190400-599553831):50)
01-30 00:16:17.652  8039 25845 W NetworkScheduler: 	at akki.run(:com.google.android.gms@240213038@24.02.13 (190400-599553831):76)
01-30 00:16:17.652  8039 25845 W NetworkScheduler: 	at java.util.concurrent.ThreadPoolExecutor.runWorker(ThreadPoolExecutor.java:1145)
01-30 00:16:17.652  8039 25845 W NetworkScheduler: 	at java.util.concurrent.ThreadPoolExecutor$Worker.run(ThreadPoolExecutor.java:644)
01-30 00:16:17.652  8039 25845 W NetworkScheduler: 	at akpt.run(:com.google.android.gms@240213038@24.02.13 (190400-599553831):8)
01-30 00:16:17.652  8039 25845 W NetworkScheduler: 	at java.lang.Thread.run(Thread.java:1012)
01-30 00:16:17.653 26157 26157 I ViewRootImpl@24b7a43[InstrumentationActivityInvoker$EmptyActivity]: reportNextDraw android.view.ViewRootImpl.performTraversals:4438 android.view.ViewRootImpl.doTraversal:3116 android.view.ViewRootImpl$TraversalRunnable.run:10885 android.view.Choreographer$CallbackRecord.run:1301 android.view.Choreographer$CallbackRecord.run:1309
01-30 00:16:17.653 26157 26157 I ViewRootImpl@24b7a43[InstrumentationActivityInvoker$EmptyActivity]: Setup new sync id=0
01-30 00:16:17.653 26157 26157 I ViewRootImpl@24b7a43[InstrumentationActivityInvoker$EmptyActivity]: Setting syncFrameCallback
01-30 00:16:17.653 26157 26157 I ViewRootImpl@24b7a43[InstrumentationActivityInvoker$EmptyActivity]: registerCallbacksForSync syncBuffer=false
01-30 00:16:17.655 26157 26242 I ViewRootImpl@24b7a43[InstrumentationActivityInvoker$EmptyActivity]: Received frameDrawingCallback syncResult=0 frameNum=1.
01-30 00:16:17.655 26157 26242 I ViewRootImpl@24b7a43[InstrumentationActivityInvoker$EmptyActivity]: Setting up sync and frameCommitCallback
01-30 00:16:17.656  1100  1100 I Layer   : id=113890 removeFromCurrentState Surface(name=719c3fd NavigationBar0)/@0xe9d3c89 - animation-leash of insets_animation#113890 (245)
01-30 00:16:17.656  1100  1100 I Layer   : id=76 removeFromCurrentState 719c3fd NavigationBar0#76 (245)
01-30 00:16:17.656  1100  1100 I Layer   : id=88 removeFromCurrentState NavigationBar0$_2448#88 (245)
01-30 00:16:17.657  1100  1100 I Layer   : id=113889 removeFromCurrentState Surface(name=c2abcc7 StatusBar)/@0x2f665b7 - animation-leash of insets_animation#113889 (245)
01-30 00:16:17.657  1100  1100 I Layer   : id=76 addToCurrentState 719c3fd NavigationBar0#76 (245)
01-30 00:16:17.657  1100  1100 I Layer   : id=88 addToCurrentState NavigationBar0$_2448#88 (245)
01-30 00:16:17.657  1100  1100 I SurfaceFlinger: [bdac6f5 com.example.sportmatch/androidx.test.core.app.InstrumentationActivityInvoker$EmptyActivity#113898] FrameRatePriority: 1
01-30 00:16:17.657  1100  1100 D SurfaceFlinger: [input] inputWindowCommands.focusRequests size is 1
01-30 00:16:17.659 26157 26204 I BLASTBufferQueue: [ViewRootImpl@24b7a43[InstrumentationActivityInvoker$EmptyActivity]#3](f:0,a:0) onFrameAvailable the first frame is available
01-30 00:16:17.659 26157 26204 I ViewRootImpl@24b7a43[InstrumentationActivityInvoker$EmptyActivity]: Received frameCommittedCallback lastAttemptedDrawFrameNum=1 didProduceBuffer=true
01-30 00:16:17.660 26157 26204 D OpenGLRenderer: CFMS:: SetUp Pid : 26157    Tid : 26204
01-30 00:16:17.660 26157 26204 W Parcel  : Expecting binder but got null!
01-30 00:16:17.661  1100  1210 D SurfaceFlinger: [input] setFocusedWindow: bdac6f5 com.example.sportmatch/androidx.test.core.app.InstrumentationActivityInvoker$EmptyActivity
01-30 00:16:17.663 26157 26157 I ViewRootImpl@24b7a43[InstrumentationActivityInvoker$EmptyActivity]: onSyncComplete
01-30 00:16:17.663 26157 26157 I ViewRootImpl@24b7a43[InstrumentationActivityInvoker$EmptyActivity]: setupSync seqId=0 mSyncId=0 fn=1 caller=android.view.ViewRootImpl$$ExternalSyntheticLambda11.accept:6 android.window.SurfaceSyncer.lambda$setupSync$1$android-window-SurfaceSyncer:128 android.window.SurfaceSyncer$$ExternalSyntheticLambda1.accept:8 android.window.SurfaceSyncer$SyncSet.checkIfSyncIsComplete:382 android.window.SurfaceSyncer$SyncSet.markSyncReady:359 android.window.SurfaceSyncer.markSyncReady:151 android.view.ViewRootImpl.performTraversals:4503
01-30 00:16:17.664 26157 26157 I ViewRootImpl@24b7a43[InstrumentationActivityInvoker$EmptyActivity]: reportDrawFinished seqId=0 mSyncId=-1 fn=1 mSurfaceChangedTransaction=0xb4000071eb66feb0
01-30 00:16:17.664 26157 26157 I ViewRootImpl@f8e26d3[LoginActivity]: MSG_WINDOW_FOCUS_CHANGED 0 0
01-30 00:16:17.664  1426  3027 D InputDispatcher: Focus request (0): bdac6f5 com.example.sportmatch/androidx.test.core.app.InstrumentationActivityInvoker$EmptyActivity but waiting because NO_WINDOW
01-30 00:16:17.665  1426  1485 W WindowManager: lockNow pending, ignore updating lockscreen timeout
01-30 00:16:17.672  1426  1485 I SemDvfsHyPerManager: acquire hyper - AMS_RESUME_TAIL/1426@22, type = -999
01-30 00:16:17.673  1426  1485 I SemDvfsHyPerManager: acquire hyper - AMS_ACT_LAZY/1426@23, type = -999
01-30 00:16:17.673  1426  1479 I ActivityTaskManager: Displayed com.example.sportmatch/androidx.test.core.app.InstrumentationActivityInvoker$EmptyActivity: +108ms
01-30 00:16:17.673  1037  1116 I HYPER-HAL: [RequestManager.cpp]acquire(): Acquired ID : 1049098  [1426 / 22]    HINT : AMS_RESUME_TAIL    list :
01-30 00:16:17.674  3326  3326 E pageboostd: Received HALT command code 2
01-30 00:16:17.675  1426  1485 W WindowManager: lockNow pending, ignore updating lockscreen timeout
01-30 00:16:17.675  1037  1116 I HYPER-HAL: [RequestManager.cpp]releaseLocked(): Released ID : 1047649
01-30 00:16:17.677  1100  1336 I SurfaceFlinger: id=113902 createSurf flag=80000, 2408a6 ActivityRecordInputSink com.example.sportmatch/androidx.test.core.app.InstrumentationActivityInvoker$EmptyActivity#113902
01-30 00:16:17.682  1426  1485 W WindowManager: lockNow pending, ignore updating lockscreen timeout
01-30 00:16:17.684 15268 26247 V FA-SVC  : Logging event: origin=auto,name=screen_view(_vs),params=Bundle[{ga_event_origin(_o)=auto, ga_previous_class(_pc)=LoginActivity, ga_previous_id(_pi)=8787742430023688844, ga_screen_class(_sc)=EmptyActivity, ga_screen_id(_si)=8787742430023688845}]
01-30 00:16:17.686 15268 26247 V FA-SVC  : Upload scheduled in approximately ms: 1588139
01-30 00:16:17.686 15268 26247 V FA-SVC  : Unscheduling upload
01-30 00:16:17.687 25557 25569 I RecentModel: onTaskStackChangedBackground
01-30 00:16:17.689  1100  1100 I Layer   : Layer [com.example.sportmatch/androidx.test.core.app.InstrumentationActivityInvoker$EmptyActivity$_26157#113899] hidden!! flag(0)
01-30 00:16:17.689  1100  1100 I Layer   : Layer [com.example.sportmatch/com.example.sportmatch.LoginActivity$_26157#113874] hidden!! flag(1)
01-30 00:16:17.690 15268 26247 V FA-SVC  : Scheduling upload, millis: 1588139
01-30 00:16:17.692 15268 26247 V FA-SVC  : Background event processing time, ms: 9
01-30 00:16:17.694  1426  3998 D InputDispatcher: Focus entered window (0): bdac6f5 com.example.sportmatch/androidx.test.core.app.InstrumentationActivityInvoker$EmptyActivity
01-30 00:16:17.696  8039 25641 W NetworkScheduler: Error inserting flex_time=1588000 job_id=-1 period=3177000 source=16 requires_charging=0 preferred_network_type=1 target_class=com.google.android.gms.measurement.PackageMeasurementTaskService user_id=0 target_package=com.google.android.gms tag=Measurement.PackageMeasurementTaskService.UPLOAD_TASK_TAG task_type=0 required_idleness_state=0 service_kind=0 source_version=240213000 persistence_level=1 preferred_charging_state=1 required_network_type=0 runtime=1706566577694 retry_strategy={"maximum_backoff_seconds":{"3600":0},"initial_backoff_seconds":{"30":0},"retry_policy":{"0":0}} last_runtime=0 [CONTEXT service_id=218 ]
01-30 00:16:17.696  8039 25641 W NetworkScheduler: android.database.sqlite.SQLiteConstraintException: UNIQUE constraint failed: pending_ops.tag, pending_ops.target_class, pending_ops.target_package, pending_ops.user_id (code 2067 SQLITE_CONSTRAINT_UNIQUE[2067])
01-30 00:16:17.696  8039 25641 W NetworkScheduler: 	at android.database.sqlite.SQLiteConnection.nativeExecuteForLastInsertedRowId(Native Method)
01-30 00:16:17.696  8039 25641 W NetworkScheduler: 	at android.database.sqlite.SQLiteConnection.executeForLastInsertedRowId(SQLiteConnection.java:1275)
01-30 00:16:17.696  8039 25641 W NetworkScheduler: 	at android.database.sqlite.SQLiteSession.executeForLastInsertedRowId(SQLiteSession.java:790)
01-30 00:16:17.696  8039 25641 W NetworkScheduler: 	at android.database.sqlite.SQLiteStatement.executeInsert(SQLiteStatement.java:89)
01-30 00:16:17.696  8039 25641 W NetworkScheduler: 	at android.database.sqlite.SQLiteDatabase.insertWithOnConflict(SQLiteDatabase.java:2410)
01-30 00:16:17.696  8039 25641 W NetworkScheduler: 	at android.database.sqlite.SQLiteDatabase.insertOrThrow(SQLiteDatabase.java:2305)
01-30 00:16:17.696  8039 25641 W NetworkScheduler: 	at crnw.d(:com.google.android.gms@240213038@24.02.13 (190400-599553831):743)
01-30 00:16:17.696  8039 25641 W NetworkScheduler: 	at crmd.n(:com.google.android.gms@240213038@24.02.13 (190400-599553831):29)
01-30 00:16:17.696  8039 25641 W NetworkScheduler: 	at crmd.u(:com.google.android.gms@240213038@24.02.13 (190400-599553831):362)
01-30 00:16:17.696  8039 25641 W NetworkScheduler: 	at crmd.h(:com.google.android.gms@240213038@24.02.13 (190400-599553831):51)
01-30 00:16:17.696  8039 25641 W NetworkScheduler: 	at crhi.run(:com.google.android.gms@240213038@24.02.13 (190400-599553831):72)
01-30 00:16:17.696  8039 25641 W NetworkScheduler: 	at akki.c(:com.google.android.gms@240213038@24.02.13 (190400-599553831):50)
01-30 00:16:17.696  8039 25641 W NetworkScheduler: 	at akki.run(:com.google.android.gms@240213038@24.02.13 (190400-599553831):76)
01-30 00:16:17.696  8039 25641 W NetworkScheduler: 	at java.util.concurrent.ThreadPoolExecutor.runWorker(ThreadPoolExecutor.java:1145)
01-30 00:16:17.696  8039 25641 W NetworkScheduler: 	at java.util.concurrent.ThreadPoolExecutor$Worker.run(ThreadPoolExecutor.java:644)
01-30 00:16:17.696  8039 25641 W NetworkScheduler: 	at akpt.run(:com.google.android.gms@240213038@24.02.13 (190400-599553831):8)
01-30 00:16:17.696  8039 25641 W NetworkScheduler: 	at java.lang.Thread.run(Thread.java:1012)
01-30 00:16:17.699  1100  1100 D SurfaceFlinger: Display 4633128672291735932 HWC layers:
01-30 00:16:17.699  1100  1100 D SurfaceFlinger:      DEVICE | 0xb400007704b50fd0 | 0102 | RGBA_8888    |    0.0    0.0 1080.0 2400.0 |    0    0 1080 2400 | com.example.sportmatch/androidx.test[...]yInvoker$EmptyActivity$_26157#113899
01-30 00:16:17.699  1100  1100 D SurfaceFlinger:      DEVICE | 0xb400007704b5ff90 | 0100 | RGBA_8888    |    0.0    0.0 1080.0   88.0 |    0    0 1080   88 | StatusBar$_2448#94
01-30 00:16:17.699  1100  1100 D SurfaceFlinger:      DEVICE | 0xb400007704b47090 | 0100 | RGBA_8888    |    0.0    0.0   67.0  342.0 |    0 1504   67 1846 | com.samsung.android.app.cocktailbars[...]vice.CocktailBarService$_5767#113891
01-30 00:16:17.699  1100  1100 D SurfaceFlinger:      DEVICE | 0xb400007704b452d0 | 0100 | RGBA_8888    |    0.0    0.0  475.0  124.0 |  302 1961  777 2085 | Toast$_2448#113895
01-30 00:16:17.699  1100  1100 D SurfaceFlinger:      DEVICE | 0xb400007704b55cd0 | 0100 | RGBA_8888    |    0.0    0.0 1080.0  135.0 |    0 2265 1080 2400 | NavigationBar0$_2448#88
01-30 00:16:17.699  1100  1100 D SurfaceFlinger:
01-30 00:16:17.718  1100  1331 I SurfaceFlinger: id=113890 Removed Surface(name=719c3fd NavigationBar0)/@0xe9d3c89 - animation-leash of insets_animation#113890 (246)
01-30 00:16:17.718  1100  1336 I SurfaceFlinger: id=113889 Removed Surface(name=c2abcc7 StatusBar)/@0x2f665b7 - animation-leash of insets_animation#113889 (246)
01-30 00:16:17.719 26157 26157 I ViewRootImpl@f8e26d3[LoginActivity]: handleAppVisibility mAppVisible = true visible = false
01-30 00:16:17.720 26157 26157 I ViewRootImpl@f8e26d3[LoginActivity]: stopped(true) old = false
01-30 00:16:17.720 26157 26157 I ViewRootImpl@f8e26d3[LoginActivity]: WindowStopped on com.example.sportmatch/com.example.sportmatch.LoginActivity set to true
01-30 00:16:17.722 26157 26157 D LifecycleMonitor: Lifecycle status change: com.example.sportmatch.LoginActivity@c6c4faa in: STOPPED
01-30 00:16:17.722 26157 26157 V ActivityScenario: Update currentActivityStage to STOPPED, currentActivity=com.example.sportmatch.LoginActivity@c6c4faa
01-30 00:16:17.723  1100  1100 I Layer   : id=113889 Destroyed Surface(name=c2abcc7 StatusBar)/@0x2f665b7 - animation-leash of insets_animation#113889
01-30 00:16:17.723  1100  1100 I Layer   : id=113890 Destroyed Surface(name=719c3fd NavigationBar0)/@0xe9d3c89 - animation-leash of insets_animation#113890
01-30 00:16:17.724 26157 26157 I MSHandlerLifeCycle: removeMultiSplitHandler: no exist. decor=DecorView@b89af13[LoginActivity]
01-30 00:16:17.725 26157 26157 I ViewRootImpl@24b7a43[InstrumentationActivityInvoker$EmptyActivity]: MSG_WINDOW_FOCUS_CHANGED 1 0
01-30 00:16:17.725 26157 26157 I ViewRootImpl@24b7a43[InstrumentationActivityInvoker$EmptyActivity]: mThreadedRenderer.initializeIfNeeded()#2 mSurface={isValid=true 0xb4000072bb6e0a40}
01-30 00:16:17.726 26157 26157 D InputMethodManager: startInputInner - Id : 0
01-30 00:16:17.726 26157 26157 I InputMethodManager: startInputInner - mService.startInputOrWindowGainedFocus
01-30 00:16:17.727  1426  4478 D InputMethodManagerService: mDesktopModeManager null!
01-30 00:16:17.727  1426  4478 V InputMethodManagerService: getDisplayIdOfInputMethodWindowToBeAdded: displayId=0
01-30 00:16:17.727  1426  4478 D InputMethodManagerService: isImeSwitcherDisabledPackage : false
01-30 00:16:17.727  1426  4478 D InputMethodManagerService: checkDisplayOfStartInputAndUpdateKeyboard: displayId=0, mFocusedDisplayId=0
01-30 00:16:17.727  1426  4478 D InputTransport: Input channel constructed: 'ClientS', fd=1249
01-30 00:16:17.727  1426  4478 D InputTransport: Input channel destroyed: 'ClientS', fd=1249
01-30 00:16:17.728  6115  6115 I HBD     : HoneyBoardService onFinishInput
01-30 00:16:17.729  6115  6115 I HBD     : a IC have been unbinding,  RemoteInputConnection{idHash=#8dd12b0}
01-30 00:16:17.729  6115  6115 I HBD     : HoneyBoardService [PF_CL][onFinishInput]  1 ms
