01-31 00:23:14.851  9236  9277 I TestRunner: started: testMainActivityComponents(com.example.sportmatch.MainActivityTest)
01-31 00:23:14.873  9236  9277 W Settings: Setting always_finish_activities has moved from android.provider.Settings.System to android.provider.Settings.Global, returning read-only value.
01-31 00:23:14.879  8598  8598 D BoundBrokerSvc: onBind: Intent { act=com.google.android.gms.common.BIND_SHARED_PREFS pkg=com.google.android.gms }
01-31 00:23:14.879  8598  8598 D BoundBrokerSvc: Loading bound service for intent: Intent { act=com.google.android.gms.common.BIND_SHARED_PREFS pkg=com.google.android.gms }
01-31 00:23:14.895  1426  1484 I ChimeraSystemEventListener: appLaunchIntent package name is: com.example.sportmatch
01-31 00:23:14.905  8598  8598 D BoundBrokerSvc: onUnbind: Intent { act=com.google.android.gms.common.BIND_SHARED_PREFS pkg=com.google.android.gms }
01-31 00:23:14.906 12143  8707 I ProximityAuth: (REDACTED) [FeatureEnabledController] Updating previously enabled features (%s) and with enabled features synced from Cryptauth (%s)
01-31 00:23:14.913  1100  1333 I SurfaceFlinger: id=133213 createSurf flag=24004, Task=17311#133213
01-31 00:23:14.915  1426  3156 I SemDvfsHyPerManager: acquire hyper - AMS_APP_SWITCH/1426@24, type = -999
01-31 00:23:14.916  1037  1116 I HYPER-HAL: [RequestManager.cpp]acquire(): Acquired ID : 1051999  [1426 / 24]    HINT : AMS_APP_SWITCH    list :
01-31 00:23:14.922  1100  1336 I SurfaceFlinger: id=133214 createSurf flag=80004, ActivityRecord{d7e74c u0 com.example.sportmatch/.MainActivity} t17311}#133214
01-31 00:23:14.927  5704  5704 I SemDvfsHyPerManager: acquire hyper - APP_START_SHORT/5704@16, type = -999
01-31 00:23:14.930  1037  1116 I HYPER-HAL: [RequestManager.cpp]acquire(): Acquired ID : 16362076  [5704 / 16]    HINT : APP_START    list : [TIMEOUT / 1500]
01-31 00:23:14.936  1426  1705 W WindowManager: lockNow pending, ignore updating lockscreen timeout
01-31 00:23:14.939  1426  1705 I SemDvfsHyPerManager: acquire hyper - AMS_APP_LAUNCH/1426@18, type = -999
01-31 00:23:14.940  1037  1116 I HYPER-HAL: [RequestManager.cpp]acquire(): Acquired ID : 1043308  [1426 / 18]    HINT : AMS_APP_LAUNCH    list :
01-31 00:23:14.940  3326  3326 E pageboostd: Received HALT command code 2
01-31 00:23:14.945 14240 14240 I IMM_LC  : hsifw() - flag : 0
01-31 00:23:14.945 14240 14240 I IMM_LC  : hsifw() - mService.hideSoftInput
01-31 00:23:14.948 25557 25557 I TopTaskTracker: onTaskMovedToFront : taskId = 17311
01-31 00:23:14.952 14240 14240 W RageShakeSensorHelper: onActivityPause
01-31 00:23:14.952 14240 14240 W ShakeSensorHelper: unregisterShakeListener started | mRegistered=true
01-31 00:23:14.952 14240 14240 W ShakeSensorHelper: unregisterShakeListener unregistered
01-31 00:23:14.956  1100  1198 I VSyncReactor: Current= 60, TransitioningTo= 0, hwcPeriod= 60, Distance= 0
01-31 00:23:14.958  7203  7203 I BCL@MainUi: (ActivityWatcherWrapper) notePauseComponent: com.instagram.android
01-31 00:23:14.962  1217  7792 I CameraService: onUidStateChanged: uid=10043, procState is changed. (0 -> 1)
01-31 00:23:14.964  1426  2489 D InputDispatcher: Focused application(0): ActivityRecord{d7e74c u0 com.example.sportmatch/.MainActivity} t17311}
01-31 00:23:14.966  5704  5704 I SemDvfsHyPerManager: acquire hyper - APP_START/5704@18, type = -999
01-31 00:23:14.967  1037  1116 I HYPER-HAL: [RequestManager.cpp]acquire(): Acquired ID : 16373521  [5704 / 18]    HINT : APP_START    list :
01-31 00:23:14.967  7203  7203 I BCL@MainUi: (FlexCapsuleWindow) onDestroy
01-31 00:23:14.969  7203  7203 I BCL@MainUi: (CapsuleRendererView) onDestroy
01-31 00:23:14.969  7203  7203 I BCL@MainUi: (CapsuleRendererView) dispose DialogViewCompositeDisposable
01-31 00:23:14.969  1426  2489 W WindowManager: lockNow pending, ignore updating lockscreen timeout
01-31 00:23:14.969  7203  7203 I BCL@CoreSvc: (BixbyCoreService) unregisterCapsuleListener is triggered
01-31 00:23:14.969  7203  7203 I BCL@CoreSvc: (BixbyCoreService) unregisterCapsuleListener is triggered
01-31 00:23:14.970  2448  2536 D NativeCustomFrequencyManager: [NativeCFMS] BpCustomFrequencyManager::BpCustomFrequencyManager()
01-31 00:23:14.971  7203  7203 I BCL@CoreSvc: (BixbyCoreService) unregisterCapsuleListener is triggered
01-31 00:23:14.972  7203  7203 I BCL@MainUi: (CapsuleUseCase) clearPendingCommand
01-31 00:23:14.972  7203  7203 I BCL@MainUi: (RendererUseCase) clearPendingCommand
01-31 00:23:14.972  7203  7203 I BCL@CoreSvc: (UiEventHandler) onUiDestroy()
01-31 00:23:14.972  7203  7203 I BCL@CoreSvc: (UiEventHandler) setPromptState: false
01-31 00:23:14.972 14240 14240 D SurfaceView@c73547e: updateSurface: has no frame
01-31 00:23:14.972 14240 14240 D SurfaceView@2f66caa: updateSurface: has no frame
01-31 00:23:14.972 14240 14240 D SurfaceView@2981ad6: updateSurface: has no frame
01-31 00:23:14.972  7203  7203 I BCL@MainUi: (WebViewWrapper) /RENDERER/setWebViewState: DESTROYED
01-31 00:23:14.972  7203  7203 W BCL@CoreSvc: (AudioPlayerListener) AudioPlayerListener.stop() will be ignored
01-31 00:23:14.972  7203  7203 I BCL@MainUi: (TtsUseCase) releaseAudioFocus
01-31 00:23:14.972  7203  7203 I BCL@CoreSvc: (AudioFocusWrapper) audio focus release...
01-31 00:23:14.974  8598  8598 D BoundBrokerSvc: onBind: Intent { act=com.google.android.gms.common.BIND_SHARED_PREFS pkg=com.google.android.gms }
01-31 00:23:14.974  8598  8598 D BoundBrokerSvc: Loading bound service for intent: Intent { act=com.google.android.gms.common.BIND_SHARED_PREFS pkg=com.google.android.gms }
01-31 00:23:14.979  7203  7203 I AudioFocusHolder: Ph_release audiofocus : u80.b@63de37 [main]
01-31 00:23:14.979  1426  2341 D AS.MultiSoundManager: mForegroundUid = 10438
01-31 00:23:14.979  7203  7203 I BCL@CoreSvc: (MediaStateManager) core audio focus changed : false
01-31 00:23:14.979  7203  7203 I BCL@CoreSvc: (MediaStateManager) update() +
01-31 00:23:14.979  7203  7203 I BCL@CoreSvc: (MediaStateManager) update() - skip : media controller is null
01-31 00:23:14.979  7203  7203 I BCL@MainUi: (FlexCapsuleWindowController) clearFlexCapsuleWindow
01-31 00:23:14.979  7203  7203 I BCL@MainUi: (ConversationTimeoutManager_FlexCapsuleWindowController) clearTimeout
01-31 00:23:14.979  7203  7203 I BCL@MainUi: (ConversationTimeoutManager_FlexCapsuleWindowController) Default mode set : false
01-31 00:23:14.980  7203  7203 I BCL@MainUi: (BixbyUiStateController) ViewController is still alive: 1
01-31 00:23:14.981  7203  7203 I BCL@CoreSvc: (BixbyCoreService) unregisterCapsuleListener is triggered
01-31 00:23:14.981  7203  7203 I BCL@CoreSvc: (BixbyCoreService) unregisterCoreListener is triggered
01-31 00:23:14.981  7203  7203 I BCL@CoreSvc: (BixbyCoreService) unregisterCapsuleListener is triggered
01-31 00:23:14.982  7203  7203 I BCL@CoreSvc: (BixbyCoreService) unregisterCapsuleListener is triggered
01-31 00:23:14.982  7203  7203 I BCL@CoreSvc: (BixbyCoreService) unregisterCapsuleListener is triggered
01-31 00:23:14.982  7203  7203 I BCL@CoreSvc: (BixbyCoreService) unregisterCapsuleListener is triggered
01-31 00:23:14.982  7203  7203 I BCL@CoreSvc: (BixbyCoreService) unregisterCapsuleListener is triggered
01-31 00:23:14.983  1426  2489 D InputTransport: Input channel constructed: '4c5726f', fd=1311
01-31 00:23:14.983  1426  2489 D InputTransport: Input channel constructed: '4c5726f', fd=1312
01-31 00:23:14.984  1426  2489 D InputTransport: Input channel constructed: '4c5726f', fd=1315
01-31 00:23:14.985  1100  1100 I SurfaceFlinger: [9c7c112 com.instagram.android/com.instagram.mainactivity.InstagramMainActivity#129986] FrameRatePriority: -1
01-31 00:23:14.985  1100  1100 D SurfaceFlinger: [input] inputWindowCommands.focusRequests size is 1
01-31 00:23:14.987  7203  7203 I BCL@CoreSvc: (BixbyCoreService) unregisterCapsuleListener is triggered
01-31 00:23:14.987  7203  7203 I BCL@MainUi: (BixbyWindow) [FlexCapsuleWindow:203658069] onDestroy
01-31 00:23:14.987  7203  7203 I BCL@MainUi: (BixbyWindowManager) destroyWindow :FlexCapsuleWindow
01-31 00:23:14.988  1100  1210 D SurfaceFlinger: [input] setFocusedWindow: <null>
01-31 00:23:14.988  1426  3027 D InputDispatcher: Focus request (0): <null> but waiting because NOT_FOCUSABLE
01-31 00:23:14.988  1426  3027 D InputDispatcher: Focus left window (0): 9c7c112 com.instagram.android/com.instagram.mainactivity.InstagramMainActivity
01-31 00:23:14.989 14240 14240 I ViewRootImpl@94b84ac[InstagramMainActivity]: MSG_WINDOW_FOCUS_CHANGED 0 0
01-31 00:23:14.991  1426  2416 D NetdEventListenerService: DNS Requested by : 156, 1000
01-31 00:23:14.991  1100  1333 I SurfaceFlinger: id=133215 createSurf flag=80004, 4c5726f Splash Screen com.example.sportmatch#133215
01-31 00:23:14.993  1426  2391 D TrafficStats: tagSocket(1309) with statsTag=0xffffffff, statsUid=-1
01-31 00:23:14.993  8598  8598 D BoundBrokerSvc: onUnbind: Intent { act=com.google.android.gms.common.BIND_SHARED_PREFS pkg=com.google.android.gms }
01-31 00:23:14.994 11822  9136 I MediaContentSyncTask: [#CMH#] MP time stamp :  1706646086910, CMH time stamp : 1706646086910
01-31 00:23:14.995 11822  9136 I MediaContentSyncTask: [#CMH#] Update ITEM :  0
01-31 00:23:14.995  7203  7203 I BCL@MainUi: (ConversationWindowController) clearWindow
01-31 00:23:14.995  7203  7203 I BCL@MainUi: (BixbyUiStateController) setCurrentState posted - new state: NONE, current state: CANCELED
01-31 00:23:14.995  7203  7203 I BCL@CoreSvc: (PerformStateObserver) isRunningState  : false
01-31 00:23:14.995  7203  7203 I BCL@MainUi: (BixbyUiStateController) unbindCesService()
01-31 00:23:14.995  7203  7203 I BCL@MainUi: (BixbyUiStateController) notifyCesServiceUnbound()
01-31 00:23:14.996  7203  7203 I BCL@MainUi: (FlexCapsuleWindowController) onCesServiceUnbound
01-31 00:23:14.996  7203  7203 I BCL@MainUi: (UiEventBus) Unsubscribe(0) qq.a@54fe9a6
01-31 00:23:14.997  7203  7203 I BCL@MainUi: (CapsuleUseCase) onInitPage
01-31 00:23:14.998  7203  7203 I BCL@CoreSvc: (BixbyCoreService) unregisterCoreListener is triggered
01-31 00:23:14.998  7203  7203 I BCL@CoreSvc: (BixbyCoreService) unregisterCapsuleListener is triggered
01-31 00:23:14.998  7203  7203 I BCL@CoreSvc: (BixbyCoreService) unregisterCoreListener is triggered
01-31 00:23:14.998  7203  7203 I BCL@CoreSvc: (BixbyCoreService) unregisterCapsuleListener is triggered
01-31 00:23:14.998  7203  7203 I BCL@CoreSvc: (BixbyCoreService) unregisterCoreListener is triggered
01-31 00:23:14.998  7203  7203 I BCL@CoreSvc: (BixbyCoreService) unregisterCapsuleListener is triggered
01-31 00:23:14.998  7203  7203 I BCL@CoreSvc: (BixbyCoreService) unregisterCoreListener is triggered
01-31 00:23:14.998  7203  7203 I BCL@CoreSvc: (BixbyCoreService) unregisterCapsuleListener is triggered
01-31 00:23:14.998  7203  7203 I BCL@CoreSvc: (BixbyCoreService) unregisterCapsuleListener is triggered
01-31 00:23:14.998  7203  7203 I BCL@CoreSvc: (BixbyCoreService) unregisterCoreListener is triggered
01-31 00:23:14.998  7203  7203 I BCL@CoreSvc: (BixbyCoreService) unregisterCapsuleListener is triggered
01-31 00:23:14.999  9236  9293 D OpenGLRenderer: RenderThread::requireGlContext()
01-31 00:23:15.001 14240 14240 D SurfaceView@c73547e: updateSurface: has no frame
01-31 00:23:15.001 14240 14240 D SurfaceView@2f66caa: updateSurface: has no frame
01-31 00:23:15.001 14240 14240 D SurfaceView@2981ad6: updateSurface: has no frame
01-31 00:23:15.009  1426  2489 D InputTransport: Input channel destroyed: '4c5726f', fd=1315
01-31 00:23:15.010  7203  7203 I BCL@CoreSvc: (BixbyCoreService) unregisterCoreListener is triggered
01-31 00:23:15.010  7203  7203 I BCL@CoreSvc: (BixbyCoreService) unregisterCoreListener is triggered
01-31 00:23:15.010  7203  7203 I BCL@CoreSvc: (BixbyCoreService) unregisterCapsuleListener is triggered
01-31 00:23:15.010  7203  7203 I BCL@CoreSvc: (BixbyCoreService) unregisterCapsuleListener is triggered
01-31 00:23:15.010  7203  7203 I BCL@MainUi: (CesService) unbind
01-31 00:23:15.024  2448  2522 D InsetsController: onStateChanged: InsetsState: {mDisplayFrame=Rect(0, 0 - 1080, 2400), mDisplayCutout=DisplayCutout{insets=Rect(0, 88 - 0, 0) waterfall=Insets{left=0, top=0, right=0, bottom=0} boundingRect={Bounds=[Rect(0, 0 - 0, 0), Rect(512, 0 - 568, 88), Rect(0, 0 - 0, 0), Rect(0, 0 - 0, 0)]} cutoutPathParserInfo={CutoutPathParserInfo{displayWidth=1080 displayHeight=2400 physicalDisplayWidth=1080 physicalDisplayHeight=2400 density={2.8125} cutoutSpec={M 0,0 M 0,11.43427858034597 a 9.899054752987353,9.899054752987353 0 1,0 0,19.79810950597471 a 9.899054752987353,9.899054752987353 0 1,0 0,-19.79810950597471 Z @dp} rotation={0} scale={1.0} physicalPixelDisplaySizeRatio={1.0}}}}, mRoundedCorners=RoundedCorners{[RoundedCorner{position=TopLeft, radius=90, center=Point(90, 90)}, RoundedCorner{position=TopRight, radius=90, center=Point(990, 90)}, RoundedCorner{position=BottomRight, radius=90, center=Point(990, 2310)}, RoundedCorner{position=BottomLeft, radius=90, center=Point(90, 2310)}]}  mRoundedCornerFrame=Rect(0, 0 - 1080, 2400), mPrivacyIndicatorBounds=PrivacyIndicatorBounds {static bounds=Rect(956, 0 - 1080, 88) rotation=0}, mSources= { InsetsSource: {mType=ITYPE_STATUS_BAR, mFrame=[0,0][1080,88], mVisible=true, mInsetsRoundedCornerFrame=false}, InsetsSource: {mType=ITYPE_NAVIGATION_BAR, mFrame=[0,2265][1080,2400], mVisible=true, mInsetsRoundedCornerFrame=false}, InsetsSource: {mType=ITYPE_LEFT_GESTURES, mFrame=[0,0][0,2400], mVisible=true, mInsetsRoundedCornerFrame=false}, InsetsSource: {mType=ITYPE_RIGHT_GESTURES, mFrame=[1080,0][1080,2400], mVisible=true, mInsetsRoundedCornerFrame=false}, InsetsSource: {mType=ITYPE_TOP_MANDATORY_GESTURES, mFrame=[0,0][1080,122], mVisible=true, mInsetsRoundedCornerFrame=false}, InsetsSource: {mType=ITYPE_BOTTOM_MANDATORY_GESTURES, mFrame=[0,2265][1080,2400], mVisible=true, mInsetsRoundedCornerFrame=false}, InsetsSource: {mType=ITYPE_LEFT_DISPLAY_CUTOUT, mFrame=[0,0][-100000,2400], mVisible=true, mInsetsRoundedCornerFrame=false}, InsetsSource: {mType=ITYPE_TOP_DISPLAY_CUTOUT, mFrame=[0,0][1080,88], mVisible=true, mInsetsRoundedCornerFrame=false}, InsetsSource: {mType=ITYPE_RIGHT_DISPLAY_CUTOUT, mFrame=[100000,0][1080,2400], mVisible=true, mInsetsRoundedCornerFrame=false}, InsetsSource: {mType=ITYPE_BOTTOM_DISPLAY_CUTOUT, mFrame=[0,100000][1080,2400], mVisible=true, mInsetsRoundedCornerFrame=false}, InsetsSource: {mType=ITYPE_TOP_TAPPABLE_ELEMENT, mFrame=[0,0][1080,88], mVisible=true, mInsetsRoundedCornerFrame=false}, InsetsSource: {mType=ITYPE_BOTTOM_TAPPABLE_ELEMENT, mFrame=[0,2265][1080,2400], mVisible=true, mInsetsRoundedCornerFrame=false}, InsetsSource: {mType=ITYPE_IME, mFrame=[0,0][0,0], mVisibleFrame=[0,1392][1080,2400], mVisible=false, mInsetsRoundedCornerFrame=false} } host=Splash Screen com.example.sportmatch from=android.view.ViewRootImpl.setView:1732
01-31 00:23:15.026  8598  8598 D BoundBrokerSvc: onBind: Intent { act=com.google.android.gms.common.BIND_SHARED_PREFS pkg=com.google.android.gms }
01-31 00:23:15.026  8598  8598 D BoundBrokerSvc: Loading bound service for intent: Intent { act=com.google.android.gms.common.BIND_SHARED_PREFS pkg=com.google.android.gms }
01-31 00:23:15.038  1426  1444 D SensorService: Calling activate off 1
01-31 00:23:15.039  1426  3460 I MediaSessionMonitor: Media session stopped : controllerList empty
01-31 00:23:15.039  1031  1031 I SensorsHub: activate: handle 1 enable 0
01-31 00:23:15.041  1031  1031 I SensorsHub: type : 1, enable : 0
01-31 00:23:15.043 25073 25127 I Rubin   : [907] t9.a.c(SourceFile:1) : Notify com.samsung.android.rubin.inferenceengine.contextanalytics.engine.loggers.d's database is updated.
01-31 00:23:15.045  5767  5767 I ActivityUtils: HomePackage : com.sec.android.app.launcher, resumePackageName : com.example.sportmatch
01-31 00:23:15.051  2448  2522 I ViewRootImpl@387dde6[sportmatch]: setView = android.widget.FrameLayout@e3f272 TM=true
01-31 00:23:15.057 25073 25127 I Rubin   : [907] ha.e.m(SourceFile:6) : isSatisfiedByCmh is false
01-31 00:23:15.057  2448  2522 I ViewRootImpl@387dde6[sportmatch]: performTraversals params={(0,0)(fillxfill) sim={adjust=pan} ty=APPLICATION_STARTING fmt=TRANSLUCENT wanim=0x1030309
01-31 00:23:15.057  2448  2522 I ViewRootImpl@387dde6[sportmatch]:   fl=81030118
01-31 00:23:15.057  2448  2522 I ViewRootImpl@387dde6[sportmatch]:   pfl=16000010
01-31 00:23:15.057  2448  2522 I ViewRootImpl@387dde6[sportmatch]:   apr=LIGHT_STATUS_BARS LIGHT_NAVIGATION_BARS
01-31 00:23:15.057  2448  2522 I ViewRootImpl@387dde6[sportmatch]:   bhv=DEFAULT
01-31 00:23:15.057  2448  2522 I ViewRootImpl@387dde6[sportmatch]:   fitSides= naviIconColor=0}
01-31 00:23:15.059  2448  2522 I ViewRootImpl@387dde6[sportmatch]: performTraversals mFirst=true windowShouldResize=true viewVisibilityChanged=false mForceNextWindowRelayout=false params={(0,0)(fillxfill) sim={adjust=pan} ty=APPLICATION_STARTING fmt=TRANSLUCENT wanim=0x1030309
01-31 00:23:15.059  2448  2522 I ViewRootImpl@387dde6[sportmatch]:   fl=81030118
01-31 00:23:15.059  2448  2522 I ViewRootImpl@387dde6[sportmatch]:   pfl=16000010
01-31 00:23:15.059  2448  2522 I ViewRootImpl@387dde6[sportmatch]:   apr=LIGHT_STATUS_BARS LIGHT_NAVIGATION_BARS
01-31 00:23:15.059  2448  2522 I ViewRootImpl@387dde6[sportmatch]:   bhv=DEFAULT
01-31 00:23:15.059  2448  2522 I ViewRootImpl@387dde6[sportmatch]:   fitSides= naviIconColor=0}
01-31 00:23:15.062  1426  1705 V WindowManager: Relayout Window{4c5726f u0 Splash Screen com.example.sportmatch}: viewVisibility=0 req=1080x2400 d0
01-31 00:23:15.062  1100  1331 I SurfaceFlinger: id=133216 createSurf flag=40004, Splash Screen com.example.sportmatch$_2448#133216
01-31 00:23:15.065  1426  1705 W WindowManager: lockNow pending, ignore updating lockscreen timeout
01-31 00:23:15.072 14240  8232 D SensorManager: unregisterListener
01-31 00:23:15.071  1426  1705 V WindowManager: Relayout hash=4c5726f, pid=2448, syncId=-1: mAttrs={(0,0)(fillxfill) sim={adjust=pan} ty=APPLICATION_STARTING fmt=TRANSLUCENT wanim=0x1030309
01-31 00:23:15.071  1426  1705 V WindowManager:   fl=81030118
01-31 00:23:15.071  1426  1705 V WindowManager:   pfl=16000010
01-31 00:23:15.071  1426  1705 V WindowManager:   apr=LIGHT_STATUS_BARS LIGHT_NAVIGATION_BARS
01-31 00:23:15.071  1426  1705 V WindowManager:   bhv=DEFAULT
01-31 00:23:15.071  1426  1705 V WindowManager:   fitSides= naviIconColor=0}
01-31 00:23:15.073  9236  9236 D AppCompatDelegate: Checking for metadata for AppLocalesMetadataHolderService : Service not found
01-31 00:23:15.074  1426  2416 D NetdEventListenerService: DNS Requested by : 156, 10355
01-31 00:23:15.079  9236  9293 D OpenGLRenderer: RenderThread::setGrContext()
01-31 00:23:15.079 25557 25593 I RecentModel: onTaskStackChangedBackground
01-31 00:23:15.080  2448  2522 I ViewRootImpl@387dde6[sportmatch]: updateBlastSurfaceIfNeeded mBlastBufferQueue=null isSameSurfaceControl=false
01-31 00:23:15.082  2448  2522 I BLASTBufferQueue: new BLASTBufferQueue, mName= ViewRootImpl@387dde6[sportmatch] mNativeObject= 0xb40000722b7fa9d0 sc.mNativeObject= 0xb4000071bb71e620 caller= android.view.ViewRootImpl.updateBlastSurfaceIfNeeded:2909 android.view.ViewRootImpl.relayoutWindow:9847 android.view.ViewRootImpl.performTraversals:3884 android.view.ViewRootImpl.doTraversal:3116 android.view.ViewRootImpl$TraversalRunnable.run:10885 android.view.Choreographer$CallbackRecord.run:1301 android.view.Choreographer$CallbackRecord.run:1309 android.view.Choreographer.doCallbacks:923 android.view.Choreographer.doFrame:852 android.view.Choreographer$FrameDisplayEventReceiver.run:1283
01-31 00:23:15.082  2448  2522 I BLASTBufferQueue: update, w= 1080 h= 2400 mName = ViewRootImpl@387dde6[sportmatch] mNativeObject= 0xb40000722b7fa9d0 sc.mNativeObject= 0xb4000071bb71e620 format= -3 caller= android.graphics.BLASTBufferQueue.<init>:84 android.view.ViewRootImpl.updateBlastSurfaceIfNeeded:2909 android.view.ViewRootImpl.relayoutWindow:9847 android.view.ViewRootImpl.performTraversals:3884 android.view.ViewRootImpl.doTraversal:3116 android.view.ViewRootImpl$TraversalRunnable.run:10885
01-31 00:23:15.083  2448  2522 I ViewRootImpl@387dde6[sportmatch]: Relayout returned: old=(0,0,1080,2400) new=(0,0,1080,2400) req=(1080,2400)0 dur=21 res=0x3 s={true 0xb4000072bbbfbca0} ch=true seqId=0
01-31 00:23:15.091  9236  9236 D LifecycleMonitor: Lifecycle status change: com.example.sportmatch.MainActivity@93271d5 in: PRE_ON_CREATE
01-31 00:23:15.091  9236  9236 V ActivityScenario: Activity lifecycle changed event received but ignored because the reported transition was not ON_CREATE while the last known transition was PRE_ON_CREATE
01-31 00:23:15.092  2448  2522 I ViewRootImpl@387dde6[sportmatch]: mThreadedRenderer.initialize() mSurface={isValid=true 0xb4000072bbbfbca0} hwInitialized=true
01-31 00:23:15.093  2448  2536 D OpenGLRenderer: eglCreateWindowSurface
01-31 00:23:15.093  2448  2522 I ViewRootImpl@387dde6[sportmatch]: reportNextDraw android.view.ViewRootImpl.performTraversals:4438 android.view.ViewRootImpl.doTraversal:3116 android.view.ViewRootImpl$TraversalRunnable.run:10885 android.view.Choreographer$CallbackRecord.run:1301 android.view.Choreographer$CallbackRecord.run:1309
01-31 00:23:15.093  2448  2522 I ViewRootImpl@387dde6[sportmatch]: Setup new sync id=0
01-31 00:23:15.093  2448  2522 I ViewRootImpl@387dde6[sportmatch]: Setting syncFrameCallback
01-31 00:23:15.093  2448  2522 I ViewRootImpl@387dde6[sportmatch]: registerCallbacksForSync syncBuffer=false
01-31 00:23:15.094  2448  2555 I ViewRootImpl@387dde6[sportmatch]: Received frameDrawingCallback syncResult=0 frameNum=1.
01-31 00:23:15.094  2448  2555 I ViewRootImpl@387dde6[sportmatch]: Setting up sync and frameCommitCallback
01-31 00:23:15.121  9236  9265 V FA      : onActivityCreated
01-31 00:23:15.129  1037  1116 I HYPER-HAL: [RequestManager.cpp]releaseLocked(): Released ID : 16384970
01-31 00:23:15.131  2448  2536 I BLASTBufferQueue: [ViewRootImpl@387dde6[sportmatch]#4188](f:0,a:0) onFrameAvailable the first frame is available
01-31 00:23:15.132  2448  2536 I ViewRootImpl@387dde6[sportmatch]: Received frameCommittedCallback lastAttemptedDrawFrameNum=1 didProduceBuffer=true
01-31 00:23:15.144  9236  9279 V FA      : App measurement collection enabled
01-31 00:23:15.146  9236  9279 V FA      : App measurement enabled for app package, google app id: com.example.sportmatch, 1:927342689684:android:6b3a7cb297563437662381
01-31 00:23:15.147  9236  9279 I FA      : App measurement initialized, version: 82001
01-31 00:23:15.147  9236  9279 I FA      : To enable debug logging run: adb shell setprop log.tag.FA VERBOSE
01-31 00:23:15.148  9236  9279 I FA      : To enable faster debug mode event logging run:
01-31 00:23:15.148  9236  9279 I FA      :   adb shell setprop debug.firebase.analytics.app com.example.sportmatch
01-31 00:23:15.148  2448  2536 D OpenGLRenderer: CFMS:: SetUp Pid : 2448    Tid : 2536
01-31 00:23:15.148  9236  9279 D FA      : Debug-level message logging enabled
01-31 00:23:15.163  2448  2536 W Parcel  : Expecting binder but got null!
01-31 00:23:15.164  2448  2522 I ViewRootImpl@387dde6[sportmatch]: onSyncComplete
01-31 00:23:15.165 11822  9136 I BaseThreadPoolExecutor: [#CMH#] afterExecute FutureTask
01-31 00:23:15.165 11822  9136 I ControllerEventHandler: [#CMH#] New Task for wait content sync job
01-31 00:23:15.165 11822  9136 I BaseThreadPoolExecutor: [#CMH#] Task o.e@458a38e is submitted
01-31 00:23:15.179  9236  9236 I DecorView: [INFO] isPopOver=false config=true
01-31 00:23:15.180  1426  2377 D SemNscXgbMsL1: Probability - Cloud gaming: [0.019027077]
01-31 00:23:15.181  9236  9236 I DecorView: updateCaptionType: isFloating=false isApplication=true hasWindowDecorCaption=false this=DecorView@71b7e89[]
01-31 00:23:15.181  1426  2377 D SemNscXgbMsL1: Probability - Real time: [0.3873232]
01-31 00:23:15.181  1426  2377 D SemNscXgbMsL1: Probability - Non real time: [0.5547743]
01-31 00:23:15.181  1426  2377 D SemNscXgbMsL1: 1 sample inference time: 0.636039 msecs
01-31 00:23:15.181  9236  9236 D DecorView: setCaptionType = 0, this = DecorView@71b7e89[]
01-31 00:23:15.183  2448  2522 I ViewRootImpl@387dde6[sportmatch]: setupSync seqId=0 mSyncId=0 fn=1 caller=android.view.ViewRootImpl$$ExternalSyntheticLambda11.accept:6 android.window.SurfaceSyncer.lambda$setupSync$1$android-window-SurfaceSyncer:128 android.window.SurfaceSyncer$$ExternalSyntheticLambda1.accept:8 android.window.SurfaceSyncer$SyncSet.checkIfSyncIsComplete:382 android.window.SurfaceSyncer$SyncSet.markSyncReady:359 android.window.SurfaceSyncer.markSyncReady:151 android.view.ViewRootImpl.performTraversals:4503
01-31 00:23:15.184  2448  2522 I ViewRootImpl@387dde6[sportmatch]: reportDrawFinished seqId=0 mSyncId=-1 fn=1 mSurfaceChangedTransaction=0xb4000071eb707170
01-31 00:23:15.185  8598  8598 D BoundBrokerSvc: onUnbind: Intent { act=com.google.android.gms.common.BIND_SHARED_PREFS pkg=com.google.android.gms }
01-31 00:23:15.187  1426  1485 W WindowManager: lockNow pending, ignore updating lockscreen timeout
01-31 00:23:15.191  8598  8598 D BoundBrokerSvc: onBind: Intent { act=com.google.android.gms.common.BIND_SHARED_PREFS pkg=com.google.android.gms }
01-31 00:23:15.191  8598  8598 D BoundBrokerSvc: Loading bound service for intent: Intent { act=com.google.android.gms.common.BIND_SHARED_PREFS pkg=com.google.android.gms }
01-31 00:23:15.191  1426  2377 D SemNscXgbL2Rt: L2 RT 1 sample inference time: 6.88373 msecs
01-31 00:23:15.192  1426  2377 D SemNscXgbL2Nrt: L2 NRT 1 sample inference time: 0.679808 msecs
01-31 00:23:15.198  1100  1336 I SurfaceFlinger: id=133217 createSurf flag=24000, Surface(name=Task=17096)/@0xc7e2701 - animation-leash of app_transition#133217
01-31 00:23:15.198  9236  9236 I DecorView: getCurrentDensityDpi: from real metrics. densityDpi=450 msg=resources_loaded
01-31 00:23:15.198  9236  9236 I DecorView: setWindowBackground: isPopOver=false color=ffffffff d=android.graphics.drawable.ColorDrawable@cf366af
01-31 00:23:15.200  1426  2393 D SemWifiSwitchForIndividualAppsService: isSkipNetworkCondition - result:2
01-31 00:23:15.206  8598  8598 D BoundBrokerSvc: onUnbind: Intent { act=com.google.android.gms.common.BIND_SHARED_PREFS pkg=com.google.android.gms }
01-31 00:23:15.207  1100  1333 I SurfaceFlinger: id=133218 createSurf flag=20004, DimAnimationLayer for Task=17311#133218
01-31 00:23:15.211  1100  1333 I SurfaceFlinger: id=133219 createSurf flag=24004, Surface(name=Task=17311)/@0x2ac9099 - animation-leash of app_transition#133219
01-31 00:23:15.213  9236  9236 W mple.sportmatch: Accessing hidden method Landroid/view/View;->computeFitSystemWindows(Landroid/graphics/Rect;Landroid/graphics/Rect;)Z (unsupported, reflection, allowed)
01-31 00:23:15.214  9236  9236 W mple.sportmatch: Accessing hidden method Landroid/view/ViewGroup;->makeOptionalFitsSystemWindows()V (unsupported, reflection, allowed)
01-31 00:23:15.235  1100  1100 I Layer   : id=133220 Destroyed Screenshot Parent#133220
01-31 00:23:15.246  9236  9279 D FA      : Resetting session stitching token to not null
01-31 00:23:15.248  1080  1258 I EDEN    : [Exynos][EDEN][v1.6.21][SERVICE] processAliveMointorMain:253: Try to check pid=(1051)...
01-31 00:23:15.253  1426  2399 D WifiConnectivityMonitor.NetworkStatsAnalyzer: Backhaul result - RSSI:-76, CE:18, PE:15, TI:21, PTI:18, TW:4, PTW:1, Tx:122, Rx:133, TxS:78, RxS:81, RESULT:true, IC:0, ICT:2, WC:0, WCT:3, R:0, RC:0, IE:0, EC:0
01-31 00:23:15.255  1426  1485 W WindowManager: lockNow pending, ignore updating lockscreen timeout
01-31 00:23:15.256  1100  1336 I SurfaceFlinger: id=133221 createSurf flag=80000, e4ab7f ActivityRecordInputSink com.example.sportmatch/.MainActivity#133221
01-31 00:23:15.256  9236  9236 D CompatibilityChangeReporter: Compat change id reported: 210923482; UID 10438; state: ENABLED
01-31 00:23:15.268  1100  1100 I Layer   : Layer [Splash Screen com.example.sportmatch$_2448#133216] hidden!! flag(0)
01-31 00:23:15.278  1100  1100 I Layer   : id=133222 Destroyed Screenshot Parent#133222
01-31 00:23:15.286  1100  1336 I SurfaceFlinger: id=133223 createSurf flag=40404, Bottom Edge Extension#133223
01-31 00:23:15.288  1100  1336 I SurfaceFlinger: id=133224 createSurf flag=400, bbq-wrapper#133224
01-31 00:23:15.290  1426 14512 I BLASTBufferQueue: [bbq-adapter#4996](f:0,a:0) onFrameAvailable the first frame is available
01-31 00:23:15.292  9236  9279 V FA      : Connecting to remote service
01-31 00:23:15.293  1100  1100 I Layer   : id=133225 Destroyed Screenshot Parent#133225
01-31 00:23:15.293  1426  2391 W SemWifiTransportLayerUtils: getApplicationCategory - IOException com.example.sportmatch
01-31 00:23:15.293  1426  2391 W System.err: java.io.FileNotFoundException: https://play.google.com/store/apps/details?id=com.example.sportmatch&hl=en
01-31 00:23:15.293  1426  2391 W System.err: 	at com.android.okhttp.internal.huc.HttpURLConnectionImpl.getInputStream(HttpURLConnectionImpl.java:255)
01-31 00:23:15.294  1426  2391 W System.err: 	at com.android.okhttp.internal.huc.DelegatingHttpsURLConnection.getInputStream(DelegatingHttpsURLConnection.java:211)
01-31 00:23:15.294  1426  2391 W System.err: 	at com.android.okhttp.internal.huc.HttpsURLConnectionImpl.getInputStream(HttpsURLConnectionImpl.java:30)
01-31 00:23:15.294  1426  2391 W System.err: 	at com.samsung.android.server.wifi.tcp.SemWifiTransportLayerUtils.getApplicationCategory(SemWifiTransportLayerUtils.java:104)
01-31 00:23:15.294  1426  2391 W System.err: 	at com.samsung.android.server.wifi.tcp.SemWifiTransportLayerMonitor$TcpMonitorHandler.handleMessage(SemWifiTransportLayerMonitor.java:244)
01-31 00:23:15.294  1426  2391 W System.err: 	at android.os.Handler.dispatchMessage(Handler.java:106)
01-31 00:23:15.294  1426  2391 W System.err: 	at android.os.Looper.loopOnce(Looper.java:226)
01-31 00:23:15.294  1426  2391 W System.err: 	at android.os.Looper.loop(Looper.java:313)
01-31 00:23:15.294  1426  2391 W System.err: 	at android.os.HandlerThread.run(HandlerThread.java:67)
01-31 00:23:15.296  1426  2391 D SemWifiTransportLayerMonitor.TcpMonitorHandler: MSG_SAVE_PACKAGE_INFO
01-31 00:23:15.296  1426  2391 D SemWifiTransportLayerFileManager: saveWifiPackageInfoToFile
01-31 00:23:15.296  1426  2391 D SemWifiTransportLayerFileManager: writeWifiPackageInfoList
01-31 00:23:15.297  1021  1454 D audio_hw_primary: device-adev_set_parameters: enter
01-31 00:23:15.298  1021  1454 D audio_hw_primary: device-adev_set_parameters: param (audioHDR=0)
01-31 00:23:15.301  1100  1333 I SurfaceFlinger: id=133226 createSurf flag=40404, Top Edge Extension#133226
01-31 00:23:15.304  1100  1333 I SurfaceFlinger: id=133227 createSurf flag=400, bbq-wrapper#133227
01-31 00:23:15.305  1426 14513 I BLASTBufferQueue: [bbq-adapter#4997](f:0,a:0) onFrameAvailable the first frame is available
01-31 00:23:15.311 12143 12143 I BluetoothAdapter: BluetoothAdapter() : com.google.android.gms
01-31 00:23:15.320 12143 12143 I ProximityAuth: [PhoneHubService] Handling intent for PhoneHubChimeraService.
01-31 00:23:15.332 12143  8707 I ProximityAuth: [FeatureLoader] auth_easyunlock module load status: 2, auth_magictether module load status: 1
01-31 00:23:15.334  8598  8598 D BoundBrokerSvc: onBind: Intent { act=com.google.android.gms.measurement.START pkg=com.google.android.gms }
01-31 00:23:15.334  8598  8598 D BoundBrokerSvc: Loading bound service for intent: Intent { act=com.google.android.gms.measurement.START pkg=com.google.android.gms }
01-31 00:23:15.343 12143  7729 I ProximityAuth: [AccountEligibilityMediator] Cannot check accounts eligibility in cross profile, checking accounts in current profiles
01-31 00:23:15.347  5767  5767 I Utils   : isCurrentUser current = 0, ownerId = 0
01-31 00:23:15.349  1100  1100 D SurfaceFlinger: Display 4633128672291735932 HWC layers:
01-31 00:23:15.349  1100  1100 D SurfaceFlinger:      CLIENT | 0xb400007704b54990 | 0102 | RGBA_8888    |    0.0    0.0    0.0    0.0 |    0 2393 1080 2400 | bbq-wrapper#133224
01-31 00:23:15.349  1100  1100 D SurfaceFlinger:      CLIENT | 0xb400007704b6b210 | 0100 | RGBA_8888    |    0.0    7.0 1080.0 2400.0 |    0    0 1080 2393 | com.instagram.android/com.instagram.[...].InstagramMainActivity$_14240#133207
01-31 00:23:15.349  1100  1100 D SurfaceFlinger:      CLIENT | 0xb400007704b52f50 | 0100 | RGBA_8888    |    0.0    0.0    1.0 2177.0 |  539   81  540 2258 | KHCD.2aT.feed_timeline$_14240#133210
01-31 00:23:15.349  1100  1100 D SurfaceFlinger:      CLIENT | 0xb400007704b65710 | 0102 | RGBA_8888    |    0.0    0.0 1080.0    1.0 |    0    0 1080  403 | bbq-wrapper#133227
01-31 00:23:15.349  1100  1100 D SurfaceFlinger:      DEVICE | 0xb400007704b540d0 | 0100 | RGBA_8888    |    0.0    0.0 1080.0 1997.0 |    0  403 1080 2400 | Splash Screen com.example.sportmatch$_2448#133216
01-31 00:23:15.349  1100  1100 D SurfaceFlinger:      DEVICE | 0xb400007704b3e110 | 0100 | RGBA_8888    |    0.0    0.0 1080.0   88.0 |    0    0 1080   88 | StatusBar$_2448#94
01-31 00:23:15.349  1100  1100 D SurfaceFlinger:      DEVICE | 0xb400007704b4f590 | 0100 | RGBA_8888    |    0.0    0.0   67.0  342.0 |    0 1504   67 1846
01-31 00:23:15.349  1100  1100 D SurfaceFlinger: | com.samsung.android.app.cocktailbars[...]vice.CocktailBarService$_5767#133211
01-31 00:23:15.349  1100  1100 D SurfaceFlinger:      DEVICE | 0xb400007704b483d0 | 0100 | RGBA_8888    |    0.0    0.0 1080.0  135.0 |    0 2265 1080 2400 | NavigationBar0$_2448#88
01-31 00:23:15.349  1100  1100 D SurfaceFlinger:
01-31 00:23:15.355  5767  5767 I TrayVisibilityController: getComputedTrayVisible : keyguardState = 1
01-31 00:23:15.355  5767  5767 I TrayVisibilityController: updateTrayVisible: State=1 visible=1 mCurrentVisible=1 specificMode=0
01-31 00:23:15.355  5767  5767 I TrayStateController: onNotifyUpdateTray: state=0
01-31 00:23:15.360  1100  1100 D SurfaceFlinger: Display 4633128672291735932 HWC layers:
01-31 00:23:15.360  1100  1100 D SurfaceFlinger:      CLIENT | 0xb400007704b54990 | 0102 | RGBA_8888    |    0.0    0.0    0.0    0.0 |    0 2383 1080 2400 | bbq-wrapper#133224
01-31 00:23:15.360  1100  1100 D SurfaceFlinger:      CLIENT | 0xb400007704b6b210 | 0100 | RGBA_8888    |    0.0   17.0 1080.0 2400.0 |    0    0 1080 2383 | com.instagram.android/com.instagram.[...].InstagramMainActivity$_14240#133207
01-31 00:23:15.360  1100  1100 D SurfaceFlinger:      CLIENT | 0xb400007704b52f50 | 0100 | RGBA_8888    |    0.0    0.0    1.0 2177.0 |  539   71  540 2248 | KHCD.2aT.feed_timeline$_14240#133210
01-31 00:23:15.360  1100  1100 D SurfaceFlinger:      CLIENT | 0xb400007704b65710 | 0102 | RGBA_8888    |    0.0    0.0 1080.0    1.0 |    0    0 1080  338 | bbq-wrapper#133227
01-31 00:23:15.360  1100  1100 D SurfaceFlinger:  SOLID_COLOR |              | 0000 |  Unknown  |    0.0    0.0    0.0    0.0 |    0    0 1080 2400 | DimAnimationLayer for Task=17311#133218
01-31 00:23:15.360  1100  1100 D SurfaceFlinger:      DEVICE | 0xb400007704b540d0 | 0100 | RGBA_8888    |    0.0    0.0 1080.0 2062.0 |    0  338 1080 2400 | Splash Screen com.example.sportmatch$_2448#133216
01-31 00:23:15.360  1100  1100 D SurfaceFlinger:      DEVICE | 0xb400007704b3e110 | 0100 | RGBA_8888    |    0.0    0.0 1080.0   88.0 |    0
01-31 00:23:15.360  1100  1100 D SurfaceFlinger:  0 1080   88 | StatusBar$_2448#94
01-31 00:23:15.360  1100  1100 D SurfaceFlinger:      DEVICE | 0xb400007704b4f590 | 0100 | RGBA_8888    |    0.0    0.0   67.0  342.0 |    0 1504   67 1846 | com.samsung.android.app.cocktailbars[...]vice.CocktailBarService$_5767#133211
01-31 00:23:15.360  1100  1100 D SurfaceFlinger:      DEVICE | 0xb400007704b483d0 | 0100 | RGBA_8888    |    0.0    0.0 1080.0  135.0 |    0 2265 1080 2400 | NavigationBar0$_2448#88
01-31 00:23:15.360  1100  1100 D SurfaceFlinger:
01-31 00:23:15.371  8598  8598 D BoundBrokerSvc: onBind: Intent { act=com.google.android.gms.common.BIND_SHARED_PREFS pkg=com.google.android.gms }
01-31 00:23:15.372  8598  8598 D BoundBrokerSvc: Loading bound service for intent: Intent { act=com.google.android.gms.common.BIND_SHARED_PREFS pkg=com.google.android.gms }
01-31 00:23:15.377  9236  9279 V FA      : Connection attempt already in progress
01-31 00:23:15.382  8598  8598 D BoundBrokerSvc: onUnbind: Intent { act=com.google.android.gms.common.BIND_SHARED_PREFS pkg=com.google.android.gms }
01-31 00:23:15.390  9236  9236 D FirebaseAuth: Notifying id token listeners about user ( TUaMHgJkDAY7FpxHMRjNagDXcrx1 ).
01-31 00:23:15.393  8598  8598 D BoundBrokerSvc: onBind: Intent { act=com.google.android.gms.common.BIND_SHARED_PREFS pkg=com.google.android.gms }
01-31 00:23:15.393  8598  8598 D BoundBrokerSvc: Loading bound service for intent: Intent { act=com.google.android.gms.common.BIND_SHARED_PREFS pkg=com.google.android.gms }
01-31 00:23:15.413 12143  8764 I ProximityAuth: [BetterTogetherSetup] Trying to disable
01-31 00:23:15.423  8598  8598 D BoundBrokerSvc: onUnbind: Intent { act=com.google.android.gms.common.BIND_SHARED_PREFS pkg=com.google.android.gms }
01-31 00:23:15.426  9236  9279 V FA      : Connection attempt already in progress
01-31 00:23:15.440 12143  7729 I ProximityAuth: [PhoneHubService] No enabled account, stopping service
01-31 00:23:15.446  8598  8598 D BoundBrokerSvc: onBind: Intent { act=com.google.android.gms.common.BIND_SHARED_PREFS pkg=com.google.android.gms }
01-31 00:23:15.446  8598  8598 D BoundBrokerSvc: Loading bound service for intent: Intent { act=com.google.android.gms.common.BIND_SHARED_PREFS pkg=com.google.android.gms }
01-31 00:23:15.460 12143 12143 I ProximityAuth: [PhoneHubService] Destroying PhoneHubChimeraService.
01-31 00:23:15.460 12143 12143 W ProximityAuth: [PhoneHubNotificationProcessor] shutdown(): context is null.
01-31 00:23:15.460 12143 12143 I ProximityAuth: [PhoneHubService] All devices have disconnected. Performing cleanup...
01-31 00:23:15.460 12143 12143 W ChimeraUtils: Module com.google.android.gms.auth_proximity missing resource null(0)
01-31 00:23:15.465 12143  8707 W ProximityAuth: [GetSyncedDevices] Attestation: No devices out of 0 passed verification.
01-31 00:23:15.473 14240 14248 I stagram.android: Method exceeds compiler instruction limit: 28011 in void com.instagram.feed.media.MediaDict__JsonHelper.A00(X.12B, X.2CV)
01-31 00:23:15.475 12143  8707 I AlarmManager: set [name: SystemMemoryCache type: 2 triggerAtMillis: 315952985580 windowMillis: -1 intervalMillis: 0]
01-31 00:23:15.478  9112  9189 I SCS@AiSearch user 0: (IndexManager) [GALLERY-0] entering in addIndex():
01-31 00:23:15.485  9112  9189 I SCS@AiSearch user 0: (BaseCollector::GALLERY) fetch: fetching took  939 ms
01-31 00:23:15.485  9112  9189 I SCS@AiSearch user 0: (BaseCollector::GALLERY) fetchChanges: applied 0 items
01-31 00:23:15.485  9112  9189 I SCS@AiSearch user 0: (BaseCollector::GALLERY) Collect finished. Result: true
01-31 00:23:15.487  9112  9189 I SCS@AiSearch user 0: (BaseCollector::GALLERY) enqueue ObserverWorker name: com.google.android.providers.media, policy: APPEND_OR_REPLACE
01-31 00:23:15.483  8598  8598 D BoundBrokerSvc: onUnbind: Intent { act=com.google.android.gms.common.BIND_SHARED_PREFS pkg=com.google.android.gms }
01-31 00:23:15.491  9112  9171 I WM-WorkerWrapper: Worker result SUCCESS for Work [ id=ec5e54c7-1cc7-49d7-9d74-4573398483dc, tags={ com.google.android.providers.media, com.samsung.android.scs.ai.search.data.collector.ObserverWorker } ]
01-31 00:23:15.495 14240 14248 I stagram.android: Method exceeds compiler instruction limit: 28011 in void com.instagram.feed.media.MediaDict__JsonHelper.A00(X.12B, X.2CV)
01-31 00:23:15.498 11822  9136 I MediaContentSyncTask: [#CMH#] No of Row (SEC MP :  28850, Max Id : 2147529705) (CMH : 28850, Max Id : 2147529705) - Time :152
01-31 00:23:15.504 14240 14248 I stagram.android: Method exceeds compiler instruction limit: 28011 in void com.instagram.feed.media.MediaDict__JsonHelper.A00(X.12B, X.2CV)
01-31 00:23:15.518 14240 14248 I stagram.android: Method exceeds compiler instruction limit: 28011 in void com.instagram.feed.media.MediaDict__JsonHelper.A00(X.12B, X.2CV)
01-31 00:23:15.525  8598  8598 D BoundBrokerSvc: onBind: Intent { act=com.google.android.gms.common.BIND_SHARED_PREFS pkg=com.google.android.gms }
01-31 00:23:15.525  8598  8598 D BoundBrokerSvc: Loading bound service for intent: Intent { act=com.google.android.gms.common.BIND_SHARED_PREFS pkg=com.google.android.gms }
01-31 00:23:15.531 14240 14248 I stagram.android: Method exceeds compiler instruction limit: 28011 in void com.instagram.feed.media.MediaDict__JsonHelper.A00(X.12B, X.2CV)
01-31 00:23:15.539  8598  8598 D BoundBrokerSvc: onBind: Intent { act=com.google.android.gms.auth.api.signin.service.START pkg=com.google.android.gms }
01-31 00:23:15.539  1067  1067 I sysinput:Touch: writeInformation:249, OK
01-31 00:23:15.539  8598  8598 D BoundBrokerSvc: Loading bound service for intent: Intent { act=com.google.android.gms.auth.api.signin.service.START pkg=com.google.android.gms }
01-31 00:23:15.541  9112  9112 I SCS@AiSearch user 0: (SearchProvider) onTrimMemory(): 80
01-31 00:23:15.542 20091 20091 I ContactsProvider: onTrimMemory-success
01-31 00:23:15.543  1426  1726 D SysinputHAL_V1_3(V1_2): runTspCmdNoRead(1): set_grip_data,1,45,7,24,720,24,2400(0)
01-31 00:23:15.544  1426  4482 D PackageManager: setEnabledSetting : userId = 0 packageName = com.samsung.android.scs cmp = androidx.work.impl.background.systemalarm.RescheduleReceiver newState = 1 callingPackage = 10099/com.samsung.android.scs
01-31 00:23:15.546  1426  4482 D ApplicationPolicy: getApplicationStateEnabled : pkg = com.samsung.android.scs userId : 0
01-31 00:23:15.550  1426  4482 D ApplicationPolicy: getApplicationComponentState : pkg = com.samsung.android.scs userId : 0
01-31 00:23:15.556 14240 14248 I stagram.android: Method exceeds compiler instruction limit: 28011 in void com.instagram.feed.media.MediaDict__JsonHelper.A00(X.12B, X.2CV)
01-31 00:23:15.560  8598  8598 D BoundBrokerSvc: onUnbind: Intent { act=com.google.android.gms.common.BIND_SHARED_PREFS pkg=com.google.android.gms }
01-31 00:23:15.574  8598  8598 D BoundBrokerSvc: onBind: Intent { act=com.google.android.gms.common.BIND_SHARED_PREFS pkg=com.google.android.gms }
01-31 00:23:15.575  8598  8598 D BoundBrokerSvc: Loading bound service for intent: Intent { act=com.google.android.gms.common.BIND_SHARED_PREFS pkg=com.google.android.gms }
01-31 00:23:15.583  8598  8598 D BoundBrokerSvc: onUnbind: Intent { act=com.google.android.gms.common.BIND_SHARED_PREFS pkg=com.google.android.gms }
01-31 00:23:15.606  9236  9236 D LifecycleMonitor: Lifecycle status change: com.example.sportmatch.MainActivity@93271d5 in: CREATED
01-31 00:23:15.607  9236  9236 V ActivityScenario: Update currentActivityStage to CREATED, currentActivity=com.example.sportmatch.MainActivity@93271d5
01-31 00:23:15.616  9236  9236 D LifecycleMonitor: Lifecycle status change: com.example.sportmatch.MainActivity@93271d5 in: STARTED
01-31 00:23:15.617  9236  9236 V ActivityScenario: Update currentActivityStage to STARTED, currentActivity=com.example.sportmatch.MainActivity@93271d5
01-31 00:23:15.622  9236  9236 D LifecycleMonitor: Lifecycle status change: com.example.sportmatch.MainActivity@93271d5 in: RESUMED
01-31 00:23:15.623  9236  9236 V ActivityScenario: Update currentActivityStage to RESUMED, currentActivity=com.example.sportmatch.MainActivity@93271d5
01-31 00:23:15.625  9236  9279 V FA      : Activity resumed, time: 592985727
01-31 00:23:15.626  9236  9236 I MSHandlerLifeCycle: check: return. pkg=com.example.sportmatch parent=null callers=com.android.internal.policy.DecorView.setVisibility:4412 android.app.ActivityThread.handleResumeActivity:5476 android.app.servertransaction.ResumeActivityItem.execute:54 android.app.servertransaction.ActivityTransactionItem.execute:45 android.app.servertransaction.TransactionExecutor.executeLifecycleState:176
01-31 00:23:15.626  9236  9236 I MSHandlerLifeCycle: removeMultiSplitHandler: no exist. decor=DecorView@71b7e89[]
01-31 00:23:15.632 12143 12143 I MagicTether: [AutoDisconnectIntentOperation] Canceling task. [CONTEXT service_id=276 ]
01-31 00:23:15.640 12143  8707 I MagicTether: [AutoDisconnectIntentOperation] Canceling task. [CONTEXT service_id=276 ]
01-31 00:23:15.641  9236  9293 D NativeCustomFrequencyManager: [NativeCFMS] BpCustomFrequencyManager::BpCustomFrequencyManager()
01-31 00:23:15.642  9236  9279 I FA      : Tag Manager is not found and thus will not be used
01-31 00:23:15.648  1426  1705 D InputTransport: Input channel constructed: 'd0ae482', fd=1309
01-31 00:23:15.648  1426  1705 D InputTransport: Input channel constructed: 'd0ae482', fd=1313
01-31 00:23:15.648  1426  1705 D InputTransport: Input channel constructed: 'd0ae482', fd=1316
01-31 00:23:15.651  1100  1153 I SurfaceFlinger: id=133228 createSurf flag=80004, d0ae482 com.example.sportmatch/com.example.sportmatch.MainActivity#133228
01-31 00:23:15.653  1426  1705 D InputTransport: Input channel destroyed: 'd0ae482', fd=1316
01-31 00:23:15.657  9236  9236 D InsetsController: onStateChanged: InsetsState: {mDisplayFrame=Rect(0, 0 - 1080, 2400), mDisplayCutout=DisplayCutout{insets=Rect(0, 88 - 0, 0) waterfall=Insets{left=0, top=0, right=0, bottom=0} boundingRect={Bounds=[Rect(0, 0 - 0, 0), Rect(512, 0 - 568, 88), Rect(0, 0 - 0, 0), Rect(0, 0 - 0, 0)]} cutoutPathParserInfo={CutoutPathParserInfo{displayWidth=1080 displayHeight=2400 physicalDisplayWidth=1080 physicalDisplayHeight=2400 density={2.8125} cutoutSpec={M 0,0 M 0,11.43427858034597 a 9.899054752987353,9.899054752987353 0 1,0 0,19.79810950597471 a 9.899054752987353,9.899054752987353 0 1,0 0,-19.79810950597471 Z @dp} rotation={0} scale={1.0} physicalPixelDisplaySizeRatio={1.0}}}}, mRoundedCorners=RoundedCorners{[RoundedCorner{position=TopLeft, radius=90, center=Point(90, 90)}, RoundedCorner{position=TopRight, radius=90, center=Point(990, 90)}, RoundedCorner{position=BottomRight, radius=90, center=Point(990, 2310)}, RoundedCorner{position=BottomLeft, radius=90, center=Point(90, 2310)}]}  mRoundedCornerFrame=Rect(0, 0 - 1080, 2400), mPrivacyIndicatorBounds=PrivacyIndicatorBounds {static bounds=Rect(956, 0 - 1080, 88) rotation=0}, mSources= { InsetsSource: {mType=ITYPE_STATUS_BAR, mFrame=[0,0][1080,88], mVisible=true, mInsetsRoundedCornerFrame=false}, InsetsSource: {mType=ITYPE_NAVIGATION_BAR, mFrame=[0,2265][1080,2400], mVisible=true, mInsetsRoundedCornerFrame=false}, InsetsSource: {mType=ITYPE_LEFT_GESTURES, mFrame=[0,0][0,2400], mVisible=true, mInsetsRoundedCornerFrame=false}, InsetsSource: {mType=ITYPE_RIGHT_GESTURES, mFrame=[1080,0][1080,2400], mVisible=true, mInsetsRoundedCornerFrame=false}, InsetsSource: {mType=ITYPE_TOP_MANDATORY_GESTURES, mFrame=[0,0][1080,122], mVisible=true, mInsetsRoundedCornerFrame=false}, InsetsSource: {mType=ITYPE_BOTTOM_MANDATORY_GESTURES, mFrame=[0,2265][1080,2400], mVisible=true, mInsetsRoundedCornerFrame=false}, InsetsSource: {mType=ITYPE_LEFT_DISPLAY_CUTOUT, mFrame=[0,0][-100000,2400], mVisible=true, mInsetsRoundedCornerFrame=false}, InsetsSource: {mType=ITYPE_TOP_DISPLAY_CUTOUT, mFrame=[0,0][1080,88], mVisible=true, mInsetsRoundedCornerFrame=false}, InsetsSource: {mType=ITYPE_RIGHT_DISPLAY_CUTOUT, mFrame=[100000,0][1080,2400], mVisible=true, mInsetsRoundedCornerFrame=false}, InsetsSource: {mType=ITYPE_BOTTOM_DISPLAY_CUTOUT, mFrame=[0,100000][1080,2400], mVisible=true, mInsetsRoundedCornerFrame=false}, InsetsSource: {mType=ITYPE_TOP_TAPPABLE_ELEMENT, mFrame=[0,0][1080,88], mVisible=true, mInsetsRoundedCornerFrame=false}, InsetsSource: {mType=ITYPE_BOTTOM_TAPPABLE_ELEMENT, mFrame=[0,2265][1080,2400], mVisible=true, mInsetsRoundedCornerFrame=false}, InsetsSource: {mType=ITYPE_IME, mFrame=[0,0][0,0], mVisibleFrame=[0,1392][1080,2400], mVisible=false, mInsetsRoundedCornerFrame=false} } host=com.example.sportmatch/com.example.sportmatch.MainActivity from=android.view.ViewRootImpl.setView:1732
01-31 00:23:15.661  9236  9236 I ViewRootImpl@b6f5aff[MainActivity]: setView = com.android.internal.policy.DecorView@71b7e89 TM=true
01-31 00:23:15.664  9236  9236 I MSHandlerLifeCycle: removeMultiSplitHandler: no exist. decor=DecorView@71b7e89[MainActivity]
01-31 00:23:15.672 11822  9136 I MediaContentSyncTask: [#CMH#] MP time stamp :  1706646086910, CMH time stamp : 1706646086910
01-31 00:23:15.672 11822  9136 I MediaContentSyncTask: [#CMH#] Update ITEM :  0
01-31 00:23:15.682 14240 14248 I stagram.android: Method exceeds compiler instruction limit: 28011 in void com.instagram.feed.media.MediaDict__JsonHelper.A00(X.12B, X.2CV)
01-31 00:23:15.692  1426  2377 D SemNscXgbMsL1: Probability - Cloud gaming: [0.009086145]
01-31 00:23:15.693  1426  2377 D SemNscXgbMsL1: Probability - Real time: [0.61594427]
01-31 00:23:15.693  1426  2377 D SemNscXgbMsL1: Probability - Non real time: [0.47134092]
01-31 00:23:15.693  1426  2377 D SemNscXgbMsL1: 1 sample inference time: 0.644539 msecs
01-31 00:23:15.694  1426  2377 D SemNscXgbL2Rt: L2 RT 1 sample inference time: 0.756077 msecs
01-31 00:23:15.694  9236  9279 V FA      : Connection attempt already in progress
01-31 00:23:15.695  9236  9279 V FA      : Connection attempt already in progress
01-31 00:23:15.695  1426  2377 D SemNscXgbL2Nrt: L2 NRT 1 sample inference time: 0.712 msecs
01-31 00:23:15.704  1100  1100 D SurfaceFlinger: Display 4633128672291735932 HWC layers:
01-31 00:23:15.704  1100  1100 D SurfaceFlinger:      CLIENT | 0xb400007704b54990 | 0102 | RGBA_8888    |    0.0    0.0 1080.0    1.0 |    0 2332 1080 2400 | bbq-wrapper#133224
01-31 00:23:15.704  1100  1100 D SurfaceFlinger:      CLIENT | 0xb400007704b6b210 | 0100 | RGBA_8888    |    0.0   68.0 1080.0 2400.0 |    0    0 1080 2332 | com.instagram.android/com.instagram.[...].InstagramMainActivity$_14240#133207
01-31 00:23:15.704  1100  1100 D SurfaceFlinger:      CLIENT | 0xb400007704b52f50 | 0100 | RGBA_8888    |    0.0    0.0    1.0 2177.0 |  539   20  540 2197 | KHCD.2aT.feed_timeline$_14240#133210
