01-31 00:23:17.583  1426  1485 W WindowManager: lockNow pending, ignore updating lockscreen timeout
01-31 00:23:17.587  1100  1152 I SurfaceFlinger: id=133231 Removed Surface(name=719c3fd NavigationBar0)/@0xe9d3c89 - animation-leash of insets_animation#133231 (257)
01-31 00:23:17.588  1100  1331 I SurfaceFlinger: id=133230 Removed Surface(name=c2abcc7 StatusBar)/@0x2f665b7 - animation-leash of insets_animation#133230 (257)
01-31 00:23:17.588  1100  1331 I SurfaceFlinger: id=133239 createSurf flag=24000, Surface(name=ActivityRecord{d7e74c u0 com.example.sportmatch/.MainActivity} t17311})/@0x69d88d7 - animation-leash of app_transition#133239
01-31 00:23:17.589  1100  1152 I SurfaceFlinger: id=133240 createSurf flag=80004, Surface(name=ActivityRecord{d7e74c u0 com.example.sportmatch/.MainActivity} t17311})/@0x69d88d7 - animation-bounds#133240
01-31 00:23:17.591  1100  1152 I SurfaceFlinger: id=133241 createSurf flag=20004, DimAnimationLayer for ActivityRecord{12b7343 u0 com.example.sportmatch/.LoginActivity} t17311}#133241
01-31 00:23:17.592  9236  9236 D CompatibilityChangeReporter: Compat change id reported: 163400105; UID 10438; state: ENABLED
01-31 00:23:17.592  1100  1336 I SurfaceFlinger: id=133242 createSurf flag=24004, Surface(name=ActivityRecord{12b7343 u0 com.example.sportmatch/.LoginActivity} t17311})/@0x111a21c - animation-leash of app_transition#133242
01-31 00:23:17.593  1100  1333 I SurfaceFlinger: id=133243 createSurf flag=80004, Surface(name=ActivityRecord{12b7343 u0 com.example.sportmatch/.LoginActivity} t17311})/@0x111a21c - animation-bounds#133243
01-31 00:23:17.595  1426  1479 I ActivityTaskManager: Displayed com.example.sportmatch/.LoginActivity: +335ms
01-31 00:23:17.595  1426  1485 W WindowManager: lockNow pending, ignore updating lockscreen timeout
01-31 00:23:17.595  3326  3326 E pageboostd: Received HALT command code 2
01-31 00:23:17.595  1100  1333 I SurfaceFlinger: id=133244 createSurf flag=80000, ad5a0f2 ActivityRecordInputSink com.example.sportmatch/.LoginActivity#133244
01-31 00:23:17.597  1100  1100 I Layer   : id=133230 Destroyed Surface(name=c2abcc7 StatusBar)/@0x2f665b7 - animation-leash of insets_animation#133230
01-31 00:23:17.597  1100  1100 I Layer   : id=133231 Destroyed Surface(name=719c3fd NavigationBar0)/@0xe9d3c89 - animation-leash of insets_animation#133231
01-31 00:23:17.599  9236  9236 I AssistStructure: Flattened final assist data: 1900 bytes, containing 1 windows, 14 views
01-31 00:23:17.600  1426  1485 W WindowManager: lockNow pending, ignore updating lockscreen timeout
01-31 00:23:17.603  1426  4476 I SemDvfsHyPerManager: acquire hyper - AMS_RESUME_TAIL/1426@22, type = -999
01-31 00:23:17.603  1426  4476 I SemDvfsHyPerManager: acquire hyper - AMS_ACT_LAZY/1426@23, type = -999
01-31 00:23:17.603  1037  1116 I HYPER-HAL: [RequestManager.cpp]acquire(): Acquired ID : 1049098  [1426 / 22]    HINT : AMS_RESUME_TAIL    list :
01-31 00:23:17.604  1037  1116 I HYPER-HAL: [RequestManager.cpp]releaseLocked(): Released ID : 1047649
01-31 00:23:17.606  5582  5582 I SS:ContentCaptureService: onActivitySnapshot()
01-31 00:23:17.613  1100  1100 I Layer   : Layer [com.example.sportmatch/com.example.sportmatch.LoginActivity$_9236#133236] hidden!! flag(0)
01-31 00:23:17.619  1100  1100 I Layer   : id=133245 Destroyed Screenshot Parent#133245
01-31 00:23:17.620  5767  5767 I Utils   : isCurrentUser current = 0, ownerId = 0
01-31 00:23:17.621  5767  5767 I TrayVisibilityController: getComputedTrayVisible : keyguardState = 1
01-31 00:23:17.621  5767  5767 I TrayVisibilityController: updateTrayVisible: State=1 visible=1 mCurrentVisible=1 specificMode=0
01-31 00:23:17.621  5767  5767 I TrayStateController: onNotifyUpdateTray: state=0
01-31 00:23:17.623  1100  1333 I SurfaceFlinger: id=133246 createSurf flag=40404, Bottom Edge Extension#133246
01-31 00:23:17.624  1100  1333 I SurfaceFlinger: id=133247 createSurf flag=400, bbq-wrapper#133247
01-31 00:23:17.624  1426 14512 I BLASTBufferQueue: [bbq-adapter#4998](f:0,a:0) onFrameAvailable the first frame is available
01-31 00:23:17.626  1100  1100 I Layer   : id=133248 Destroyed Screenshot Parent#133248
01-31 00:23:17.628  1100  1153 I SurfaceFlinger: id=133249 createSurf flag=40404, Top Edge Extension#133249
01-31 00:23:17.629  1100  1152 I SurfaceFlinger: id=133250 createSurf flag=400, bbq-wrapper#133250
01-31 00:23:17.630  1426 14513 I BLASTBufferQueue: [bbq-adapter#4999](f:0,a:0) onFrameAvailable the first frame is available
01-31 00:23:17.665  1426  4476 D InputDispatcher: Focus entered window (0): 21fdb5 com.example.sportmatch/com.example.sportmatch.LoginActivity
01-31 00:23:17.666  9236  9236 I ViewRootImpl@70a5d2f[LoginActivity]: MSG_WINDOW_FOCUS_CHANGED 1 0
01-31 00:23:17.667  9236  9236 I ViewRootImpl@70a5d2f[LoginActivity]: mThreadedRenderer.initializeIfNeeded()#2 mSurface={isValid=true 0xb4000072bb6f1ac0}
01-31 00:23:17.674  1100  1100 D SurfaceFlinger: Display 4633128672291735932 HWC layers:
01-31 00:23:17.674  1100  1100 D SurfaceFlinger:      CLIENT | 0xb400007704b651d0 | 0102 | RGBA_8888    |    0.0    0.0    0.0    0.0 |    0 2392 1080 2400 | bbq-wrapper#133247
01-31 00:23:17.674  1100  1100 D SurfaceFlinger:      CLIENT | 0xb400007704b48910 | 0102 | RGBA_8888    |    0.0    8.0 1080.0 2400.0 |    0    0 1080 2392 | com.example.sportmatch/com.example.sportmatch.MainActivity$_9236#133229
01-31 00:23:17.674  1100  1100 D SurfaceFlinger:      CLIENT | 0xb400007704b4c9d0 | 0102 | RGBA_8888    |    0.0    0.0 1080.0    1.0 |    0    0 1080  403 | bbq-wrapper#133250
01-31 00:23:17.674  1100  1100 D SurfaceFlinger:      DEVICE | 0xb400007704b52bd0 | 0102 | RGBA_8888    |    0.0    0.0 1080.0 1997.0 |    0  403 1080 2400 | com.example.sportmatch/com.example.sportmatch.LoginActivity$_9236#133236
01-31 00:23:17.674  1100  1100 D SurfaceFlinger:      DEVICE | 0xb400007704b53d50 | 0100 | RGBA_8888    |    0.0    0.0 1080.0   88.0 |    0    0 1080   88 | StatusBar$_2448#94
01-31 00:23:17.674  1100  1100 D SurfaceFlinger:      DEVICE | 0xb400007704b4f590 | 0100 | RGBA_8888    |    0.0    0.0   67.0  342.0 |    0 1504   67 1846 | com.samsung.android.app.cocktailbars[...]vice.CocktailBarService$_5767#133211
01-31 00:23:17.674  1100  1100 D SurfaceFlinger:      DEVICE | 0xb400007704b6bc90 | 0100 | RGBA_88
01-31 00:23:17.674  1100  1100 D SurfaceFlinger: 88    |    0.0    0.0 1080.0  135.0 |    0 2265 1080 2400 | NavigationBar0$_2448#88
01-31 00:23:17.674  1100  1100 D SurfaceFlinger:
01-31 00:23:17.683  9236  9236 D InputMethodManager: startInputInner - Id : 0
01-31 00:23:17.683  9236  9236 I InputMethodManager: startInputInner - mService.startInputOrWindowGainedFocus
01-31 00:23:17.684  1426  4476 D InputMethodManagerService: mDesktopModeManager null!
01-31 00:23:17.684  1426  4476 V InputMethodManagerService: getDisplayIdOfInputMethodWindowToBeAdded: displayId=0
01-31 00:23:17.685  1426  4476 D InputMethodManagerService: isImeSwitcherDisabledPackage : false
01-31 00:23:17.685  1426  4476 D InputMethodManagerService: checkDisplayOfStartInputAndUpdateKeyboard: displayId=0, mFocusedDisplayId=0
01-31 00:23:17.685  1426  4476 D InputTransport: Input channel constructed: 'ClientS', fd=896
01-31 00:23:17.685  1426  4476 D InputTransport: Input channel destroyed: 'ClientS', fd=896
01-31 00:23:17.687  6115  6115 I HBD     : HoneyBoardService onFinishInput
01-31 00:23:17.687  6115  6115 I HBD     : a IC have been unbinding,  RemoteInputConnection{idHash=#11d3e34}
01-31 00:23:17.688  6115  6115 I HBD     : HoneyBoardService [PF_CL][onFinishInput]  1 ms
01-31 00:23:17.688  6115  6115 I HBD     : HoneyBoardService onInlineSuggestionsResponse
01-31 00:23:17.688  1100  1152 I SurfaceFlinger: id=133251 createSurf flag=24004, Surface(name=1e49913 InputMethod)/@0x940201a - animation-leash of insets_animation#133251
01-31 00:23:17.688  1100  1100 D SurfaceFlinger: Display 4633128672291735932 HWC layers:
01-31 00:23:17.688  1100  1100 D SurfaceFlinger:      CLIENT | 0xb400007704b651d0 | 0102 | RGBA_8888    |    0.0    0.0    0.0    0.0 |    0 2381 1080 2400 | bbq-wrapper#133247
01-31 00:23:17.688  1100  1100 D SurfaceFlinger:      CLIENT | 0xb400007704b48910 | 0102 | RGBA_8888    |    0.0   19.0 1080.0 2400.0 |    0    0 1080 2381 | com.example.sportmatch/com.example.sportmatch.MainActivity$_9236#133229
01-31 00:23:17.688  1100  1100 D SurfaceFlinger:      CLIENT | 0xb400007704b4c9d0 | 0102 | RGBA_8888    |    0.0    0.0 1080.0    1.0 |    0    0 1080  333 | bbq-wrapper#133250
01-31 00:23:17.688  1100  1100 D SurfaceFlinger:  SOLID_COLOR |              | 0000 |  Unknown  |    0.0    0.0    0.0    0.0 |    0    0 1080 2400 | DimAnimationLayer for ActivityRecord[...]match/.LoginActivity} t17311}#133241
01-31 00:23:17.688  1100  1100 D SurfaceFlinger:      DEVICE | 0xb400007704b52bd0 | 0102 | RGBA_8888    |    0.0    0.0 1080.0 2067.0 |    0  333 1080 2400 | com.example.sportmatch/com.example.sportmatch.LoginActivity$_9236#133236
01-31 00:23:17.688  1100  1100 D SurfaceFlinger:      DEVICE | 0xb400007704b53d50 | 0100 | RGBA_8888    |    0.0    0.0 1080.0   88.0 |    0    0 1080   88 | StatusBar$_2448#94
01-31 00:23:17.688  1100  1100 D SurfaceFlinger:      DEVICE | 0xb400007704b4f590 | 0100 | RGBA_8888    |
01-31 00:23:17.688  1100  1100 D SurfaceFlinger:    0.0    0.0   67.0  342.0 |    0 1504   67 1846 | com.samsung.android.app.cocktailbars[...]vice.CocktailBarService$_5767#133211
01-31 00:23:17.688  1100  1100 D SurfaceFlinger:      DEVICE | 0xb400007704b6bc90 | 0100 | RGBA_8888    |    0.0    0.0 1080.0  135.0 |    0 2265 1080 2400 | NavigationBar0$_2448#88
01-31 00:23:17.688  1100  1100 D SurfaceFlinger:
01-31 00:23:17.688  6115  6115 I HBD     : HoneyBoardService onCreateInlineSuggestionsRequest
01-31 00:23:17.690  1426  1485 W WindowManager: lockNow pending, ignore updating lockscreen timeout
01-31 00:23:17.690  6115  6115 I ResourceType: [SWT] Success lookup value directly, data = 0x01060430
01-31 00:23:17.691  6115  6115 I ResourceType: [SWT] Success lookup value directly, data = 0x01060439
01-31 00:23:17.691  6115  6115 I ResourceType: [SWT] Success lookup value directly, data = 0x01060430
01-31 00:23:17.696  1100  1100 I Layer   : id=133233 removeFromCurrentState Surface(name=1e49913 InputMethod)/@0x940201a - animation-leash of insets_animation#133233 (266)
01-31 00:23:17.696  6115  6115 I HBD     : HoneyBoardService [IMI] onStartInput - caller pid : 9236 , caller uid : 10438
01-31 00:23:17.696  6115  6115 I HBD     : j updateConfigs
01-31 00:23:17.696  6115  6115 I HBD     : j isEnabledNightMode : true
01-31 00:23:17.696  1100  1100 I SurfaceFlinger: id=133233 Removed Surface(name=1e49913 InputMethod)/@0x940201a - animation-leash of insets_animation#133233 (266)
01-31 00:23:17.697  6115  6115 I HBD     : a IC have been binding, RemoteInputConnection{idHash=#11d3e34}
01-31 00:23:17.697  6115  6115 I HBD     : h [EditorInputType]setPrivateImeOptionsToTable privateImeOptions ( null )
01-31 00:23:17.697  6115  6115 I HBD     : b incognitoMode : false
01-31 00:23:17.697  6115  6115 I HBD     : b needOff = true , isForceOff = false, isNullInputClass : true
01-31 00:23:17.697  1426  2528 D InputMethodManagerService: isImeSwitcherDisabledPackage : false
01-31 00:23:17.697  6115  6115 I HBD     : h getDefaultInputRange : UNKNOWN
01-31 00:23:17.697  6115  6115 I HBD     : h getDefaultInputRange : UNKNOWN
01-31 00:23:17.697  6115  6115 I HBD     : h getDefaultInputRange : UNKNOWN
01-31 00:23:17.698  1100  1100 I Layer   : id=133233 Destroyed Surface(name=1e49913 InputMethod)/@0x940201a - animation-leash of insets_animation#133233
01-31 00:23:17.700  6115  6115 I HBD     : b needOff = true , isForceOff = false, isNullInputClass : true
01-31 00:23:17.700  6115  6115 I HBD     : b update cached prediction status : false
01-31 00:23:17.700  6115  6115 I HBD     : h getDefaultInputRange : UNKNOWN
01-31 00:23:17.700  6115  6115 I HBD     : a currentState : 0
01-31 00:23:17.700  6115  6115 I HBD     : a [UpdatePolicy] [post] a: 0 cl: 65538 kit: [0/0] vt: 0 ir: 1
01-31 00:23:17.700  6115  6115 I HBD     : a [NRIC] resetNoResponseState
01-31 00:23:17.701  6115  6115 I HBD     : b needOff = true , isForceOff = false, isNullInputClass : true
01-31 00:23:17.701  6115  6115 I HBD     : b update cached prediction status : false
01-31 00:23:17.702  6115  6115 I HBD     : HoneyBoardService [PF_OP][onStartInput]  6 ms
01-31 00:23:17.703  6115  6115 I InputMethodService: removeImeSurface
01-31 00:23:17.704  6115  6115 I MSHandlerLifeCycle: check: return. pkg=com.samsung.android.honeyboard isActivity=false callers=com.android.internal.policy.DecorView.setVisibility:4412 android.app.Dialog.hide:767 android.inputmethodservice.InputMethodService.removeImeSurface:1290 android.inputmethodservice.InputMethodService.scheduleImeSurfaceRemoval:1279 android.inputmethodservice.InputMethodService.-$$Nest$mscheduleImeSurfaceRemoval:0
01-31 00:23:17.704  6115  6115 I MSHandlerLifeCycle: removeMultiSplitHandler: no exist. decor=DecorView@f7681bd[InputMethod]
01-31 00:23:17.709  1007  1007 D Zygote  : Forked child process 9375
01-31 00:23:17.738  9375  9375 I ungpassautofill: Using CollectorTypeCC GC.
01-31 00:23:17.744  9375  9375 E ungpassautofill: Not starting debugger since process cannot load the jdwp agent.
01-31 00:23:17.758  9375  9375 D ActivityThread: setConscryptValidator
01-31 00:23:17.758  9375  9375 D ActivityThread: setConscryptValidator - put
01-31 00:23:17.774  1100  1100 D SurfaceFlinger: Display 4633128672291735932 HWC layers:
01-31 00:23:17.774  1100  1100 D SurfaceFlinger:      CLIENT | 0xb400007704b4c9d0 | 0102 | RGBA_8888    |    0.0    0.0    0.0    0.0 |    0    0 1080   89 | bbq-wrapper#133250
01-31 00:23:17.774  1100  1100 D SurfaceFlinger:  SOLID_COLOR |              | 0000 |  Unknown  |    0.0    0.0    0.0    0.0 |    0    0 1080 2400 | DimAnimationLayer for ActivityRecord[...]match/.LoginActivity} t17311}#133241
01-31 00:23:17.774  1100  1100 D SurfaceFlinger:      DEVICE | 0xb400007704b539d0 | 0102 | RGBA_8888    |    0.0    0.0 1080.0 2311.0 |    0   89 1080 2400 | com.example.sportmatch/com.example.sportmatch.LoginActivity$_9236#133236
01-31 00:23:17.774  1100  1100 D SurfaceFlinger:      DEVICE | 0xb400007704b53d50 | 0100 | RGBA_8888    |    0.0    0.0 1080.0   88.0 |    0    0 1080   88 | StatusBar$_2448#94
01-31 00:23:17.774  1100  1100 D SurfaceFlinger:      DEVICE | 0xb400007704b4f590 | 0100 | RGBA_8888    |    0.0    0.0   67.0  342.0 |    0 1504   67 1846 | com.samsung.android.app.cocktailbars[...]vice.CocktailBarService$_5767#133211
01-31 00:23:17.774  1100  1100 D SurfaceFlinger:      DEVICE | 0xb400007704b6bc90 | 0100 | RGBA_8888    |    0.0    0.0 1080.0  135.0 |    0 2265 1080 2400 | NavigationBar0$_2448#88
01-31 00:23:17.774  1100  1100 D SurfaceFlinger:
01-31 00:23:17.774  9375  9375 D CompatibilityChangeReporter: Compat change id reported: 171979766; UID 10192; state: ENABLED
01-31 00:23:17.818  9236  9277 D IdlingRegistry: Registering idling resources: [com.example.sportmatch.LoginActivityIdlingResource@472217a]
01-31 00:23:17.823  9236  9236 I ViewInteraction: Checking 'MatchesViewAssertion{viewMatcher=(view has effective visibility <VISIBLE> and view.getGlobalVisibleRect() to return non-empty rectangle)}' assertion on view view.getId() is <2131361958/com.example.sportmatch:id/cardViewLogin>
01-31 00:23:17.823  9236  9277 D IdlingRegistry: Unregistering idling resources: [com.example.sportmatch.LoginActivityIdlingResource@472217a]
01-31 00:23:17.829  1426  1484 I ChimeraSystemEventListener: appLaunchIntent package name is: com.example.sportmatch
01-31 00:23:17.831  1426  2528 I SemDvfsHyPerManager: acquire hyper - AMS_ACT_START/1426@21, type = -999
01-31 00:23:17.831  1037  1116 I HYPER-HAL: [RequestManager.cpp]acquire(): Acquired ID : 1047649  [1426 / 21]    HINT : AMS_ACT_START    list :
01-31 00:23:17.832  1100  1333 I SurfaceFlinger: id=133252 createSurf flag=80004, ActivityRecord{d65a202 u0 com.example.sportmatch/androidx.test.core.app.InstrumentationActivityInvoker$EmptyActivity} t17311}#133252
01-31 00:23:17.837  1426  2528 W WindowManager: lockNow pending, ignore updating lockscreen timeout
01-31 00:23:17.839  3326  3326 E pageboostd: Received HALT command code 2
01-31 00:23:17.841  9236  9236 D LifecycleMonitor: Lifecycle status change: com.example.sportmatch.LoginActivity@f28d420 in: PAUSED
01-31 00:23:17.842  9236  9236 V ActivityScenario: Activity lifecycle changed event received but ignored because the intent does not match. startActivityIntent=Intent { act=android.intent.action.MAIN cat=[android.intent.category.LAUNCHER] flg=0x10008000 cmp=com.example.sportmatch/.MainActivity }, activity.getIntent()=Intent { cmp=com.example.sportmatch/.LoginActivity }, activity=com.example.sportmatch.LoginActivity@f28d420
01-31 00:23:17.843  9236  9279 V FA      : Screen exposed for less than 1000 ms. Event not sent. time: 388
01-31 00:23:17.848  9236  9279 V FA      : Activity paused, time: 592987946
01-31 00:23:17.849  1426  4482 D InputDispatcher: Focused application(0): ActivityRecord{d65a202 u0 com.example.sportmatch/androidx.test.core.app.InstrumentationActivityInvoker$EmptyActivity} t17311}
01-31 00:23:17.852  1426  4482 W WindowManager: lockNow pending, ignore updating lockscreen timeout
01-31 00:23:17.859  1426  3460 I MediaSessionMonitor: Media session stopped : controllerList empty
01-31 00:23:17.861  9236  9236 D LifecycleMonitor: Lifecycle status change: androidx.test.core.app.InstrumentationActivityInvoker$EmptyActivity@74f65d2 in: PRE_ON_CREATE
01-31 00:23:17.862  9236  9236 V ActivityScenario: Activity lifecycle changed event received but ignored because the intent does not match. startActivityIntent=Intent { act=android.intent.action.MAIN cat=[android.intent.category.LAUNCHER] flg=0x10008000 cmp=com.example.sportmatch/.MainActivity }, activity.getIntent()=Intent { act=android.intent.action.MAIN cat=[android.intent.category.LAUNCHER] flg=0x10000000 cmp=com.example.sportmatch/androidx.test.core.app.InstrumentationActivityInvoker$EmptyActivity }, activity=androidx.test.core.app.InstrumentationActivityInvoker$EmptyActivity@74f65d2
01-31 00:23:17.862  9375  9375 I DIAGMON_SDK[605065]: DiagMonAgent type: 2
01-31 00:23:17.862  1100  1100 I SurfaceFlinger: [21fdb5 com.example.sportmatch/com.example.sportmatch.LoginActivity#133235] FrameRatePriority: -1
01-31 00:23:17.862  9236  9265 V FA      : onActivityCreated
01-31 00:23:17.862  9375  9375 I DIAGMON_SDK[605065][r7xeailczv] : generated SR object
01-31 00:23:17.865  5767  5767 I ActivityUtils: HomePackage : com.sec.android.app.launcher, resumePackageName : com.example.sportmatch
01-31 00:23:17.870  9236  9236 I DecorView: [INFO] isPopOver=false config=true
01-31 00:23:17.871  9236  9236 I DecorView: updateCaptionType: isFloating=false isApplication=true hasWindowDecorCaption=false this=DecorView@6b83cc[]
01-31 00:23:17.871  9236  9236 D DecorView: setCaptionType = 0, this = DecorView@6b83cc[]
01-31 00:23:17.873  9236  9236 I DecorView: getCurrentDensityDpi: from real metrics. densityDpi=450 msg=resources_loaded
01-31 00:23:17.873  9236  9236 I DecorView: setWindowBackground: isPopOver=false color=ffffffff d=android.graphics.drawable.ColorDrawable@c55dd2a
01-31 00:23:17.875  9236  9236 D LifecycleMonitor: Lifecycle status change: androidx.test.core.app.InstrumentationActivityInvoker$EmptyActivity@74f65d2 in: CREATED
01-31 00:23:17.876  9236  9236 V ActivityScenario: Activity lifecycle changed event received but ignored because the intent does not match. startActivityIntent=Intent { act=android.intent.action.MAIN cat=[android.intent.category.LAUNCHER] flg=0x10008000 cmp=com.example.sportmatch/.MainActivity }, activity.getIntent()=Intent { act=android.intent.action.MAIN cat=[android.intent.category.LAUNCHER] flg=0x10000000 cmp=com.example.sportmatch/androidx.test.core.app.InstrumentationActivityInvoker$EmptyActivity }, activity=androidx.test.core.app.InstrumentationActivityInvoker$EmptyActivity@74f65d2
01-31 00:23:17.878  9236  9236 D LifecycleMonitor: Lifecycle status change: androidx.test.core.app.InstrumentationActivityInvoker$EmptyActivity@74f65d2 in: STARTED
01-31 00:23:17.878  9236  9236 V ActivityScenario: Activity lifecycle changed event received but ignored because the intent does not match. startActivityIntent=Intent { act=android.intent.action.MAIN cat=[android.intent.category.LAUNCHER] flg=0x10008000 cmp=com.example.sportmatch/.MainActivity }, activity.getIntent()=Intent { act=android.intent.action.MAIN cat=[android.intent.category.LAUNCHER] flg=0x10000000 cmp=com.example.sportmatch/androidx.test.core.app.InstrumentationActivityInvoker$EmptyActivity }, activity=androidx.test.core.app.InstrumentationActivityInvoker$EmptyActivity@74f65d2
01-31 00:23:17.879  1100  1100 D SurfaceFlinger: [input] inputWindowCommands.focusRequests size is 1
01-31 00:23:17.881  9236  9279 V FA      : Activity resumed, time: 592987985
01-31 00:23:17.882  1100  1210 D SurfaceFlinger: [input] setFocusedWindow: <null>
01-31 00:23:17.882  9236  9236 D LifecycleMonitor: Lifecycle status change: androidx.test.core.app.InstrumentationActivityInvoker$EmptyActivity@74f65d2 in: RESUMED
01-31 00:23:17.883  9236  9236 V ActivityScenario: Activity lifecycle changed event received but ignored because the intent does not match. startActivityIntent=Intent { act=android.intent.action.MAIN cat=[android.intent.category.LAUNCHER] flg=0x10008000 cmp=com.example.sportmatch/.MainActivity }, activity.getIntent()=Intent { act=android.intent.action.MAIN cat=[android.intent.category.LAUNCHER] flg=0x10000000 cmp=com.example.sportmatch/androidx.test.core.app.InstrumentationActivityInvoker$EmptyActivity }, activity=androidx.test.core.app.InstrumentationActivityInvoker$EmptyActivity@74f65d2
01-31 00:23:17.883  9375  9375 I [PASS][CMN]d: clearData LruCache[maxSize=32768,hits=0,misses=0,hitRate=0%]
01-31 00:23:17.884  9236  9236 I MSHandlerLifeCycle: check: return. pkg=com.example.sportmatch parent=null callers=com.android.internal.policy.DecorView.setVisibility:4412 android.app.ActivityThread.handleResumeActivity:5476 android.app.servertransaction.ResumeActivityItem.execute:54 android.app.servertransaction.ActivityTransactionItem.execute:45 android.app.servertransaction.TransactionExecutor.executeLifecycleState:176
01-31 00:23:17.885  1426  2528 D InputDispatcher: Focus request (0): <null> but waiting because NOT_FOCUSABLE
01-31 00:23:17.885  1426  2528 D InputDispatcher: Focus left window (0): 21fdb5 com.example.sportmatch/com.example.sportmatch.LoginActivity
01-31 00:23:17.885  9236  9236 I MSHandlerLifeCycle: removeMultiSplitHandler: no exist. decor=DecorView@6b83cc[]
01-31 00:23:17.889  9236  9293 D NativeCustomFrequencyManager: [NativeCFMS] BpCustomFrequencyManager::BpCustomFrequencyManager()
01-31 00:23:17.892  1426  4482 D InputTransport: Input channel constructed: '8834686', fd=896
01-31 00:23:17.892  1426  4482 D InputTransport: Input channel constructed: '8834686', fd=897
01-31 00:23:17.893  1426  4482 D InputTransport: Input channel constructed: '8834686', fd=905
01-31 00:23:17.894  9375  9375 I [SPAF]PassController: initializePass
01-31 00:23:17.894  1100  1153 I SurfaceFlinger: id=133253 createSurf flag=80004, 8834686 com.example.sportmatch/androidx.test.core.app.InstrumentationActivityInvoker$EmptyActivity#133253
01-31 00:23:17.894  9375  9375 I [PASS][SDK]j: initialize()
01-31 00:23:17.895  1426  4482 D InputTransport: Input channel destroyed: '8834686', fd=905
01-31 00:23:17.897  9375  9375 I [PASS][SDK]k: bind
01-31 00:23:17.898  9236  9236 D InsetsController: onStateChanged: InsetsState: {mDisplayFrame=Rect(0, 0 - 1080, 2400), mDisplayCutout=DisplayCutout{insets=Rect(0, 88 - 0, 0) waterfall=Insets{left=0, top=0, right=0, bottom=0} boundingRect={Bounds=[Rect(0, 0 - 0, 0), Rect(512, 0 - 568, 88), Rect(0, 0 - 0, 0), Rect(0, 0 - 0, 0)]} cutoutPathParserInfo={CutoutPathParserInfo{displayWidth=1080 displayHeight=2400 physicalDisplayWidth=1080 physicalDisplayHeight=2400 density={2.8125} cutoutSpec={M 0,0 M 0,11.43427858034597 a 9.899054752987353,9.899054752987353 0 1,0 0,19.79810950597471 a 9.899054752987353,9.899054752987353 0 1,0 0,-19.79810950597471 Z @dp} rotation={0} scale={1.0} physicalPixelDisplaySizeRatio={1.0}}}}, mRoundedCorners=RoundedCorners{[RoundedCorner{position=TopLeft, radius=90, center=Point(90, 90)}, RoundedCorner{position=TopRight, radius=90, center=Point(990, 90)}, RoundedCorner{position=BottomRight, radius=90, center=Point(990, 2310)}, RoundedCorner{position=BottomLeft, radius=90, center=Point(90, 2310)}]}  mRoundedCornerFrame=Rect(0, 0 - 1080, 2400), mPrivacyIndicatorBounds=PrivacyIndicatorBounds {static bounds=Rect(956, 0 - 1080, 88) rotation=0}, mSources= { InsetsSource: {mType=ITYPE_STATUS_BAR, mFrame=[0,0][1080,88], mVisible=true, mInsetsRoundedCornerFrame=false}, InsetsSource: {mType=ITYPE_NAVIGATION_BAR, mFrame=[0,2265][1080,2400], mVisible=true, mInsetsRoundedCornerFrame=false}, InsetsSource: {mType=ITYPE_LEFT_GESTURES, mFrame=[0,0][0,2400], mVisible=true, mInsetsRoundedCornerFrame=false}, InsetsSource: {mType=ITYPE_RIGHT_GESTURES, mFrame=[1080,0][1080,2400], mVisible=true, mInsetsRoundedCornerFrame=false}, InsetsSource: {mType=ITYPE_TOP_MANDATORY_GESTURES, mFrame=[0,0][1080,122], mVisible=true, mInsetsRoundedCornerFrame=false}, InsetsSource: {mType=ITYPE_BOTTOM_MANDATORY_GESTURES, mFrame=[0,2265][1080,2400], mVisible=true, mInsetsRoundedCornerFrame=false}, InsetsSource: {mType=ITYPE_LEFT_DISPLAY_CUTOUT, mFrame=[0,0][-100000,2400], mVisible=true, mInsetsRoundedCornerFrame=false}, InsetsSource: {mType=ITYPE_TOP_DISPLAY_CUTOUT, mFrame=[0,0][1080,88], mVisible=true, mInsetsRoundedCornerFrame=false}, InsetsSource: {mType=ITYPE_RIGHT_DISPLAY_CUTOUT, mFrame=[100000,0][1080,2400], mVisible=true, mInsetsRoundedCornerFrame=false}, InsetsSource: {mType=ITYPE_BOTTOM_DISPLAY_CUTOUT, mFrame=[0,100000][1080,2400], mVisible=true, mInsetsRoundedCornerFrame=false}, InsetsSource: {mType=ITYPE_TOP_TAPPABLE_ELEMENT, mFrame=[0,0][1080,88], mVisible=true, mInsetsRoundedCornerFrame=false}, InsetsSource: {mType=ITYPE_BOTTOM_TAPPABLE_ELEMENT, mFrame=[0,2265][1080,2400], mVisible=true, mInsetsRoundedCornerFrame=false} } host=com.example.sportmatch/androidx.test.core.app.InstrumentationActivityInvoker$EmptyActivity from=android.view.ViewRootImpl.setView:1732
01-31 00:23:17.900  9236  9236 I ViewRootImpl@ba65e91[InstrumentationActivityInvoker$EmptyActivity]: setView = com.android.internal.policy.DecorView@6b83cc TM=true
01-31 00:23:17.901  9236  9236 I MSHandlerLifeCycle: removeMultiSplitHandler: no exist. decor=DecorView@6b83cc[InstrumentationActivityInvoker$EmptyActivity]
01-31 00:23:17.904  1037  9371 I HYPER-HAL: [RequestManager.cpp]releaseLocked(): Released ID : 1049098
01-31 00:23:17.905  9375  9375 I [PASS][SDK]k: onServiceConnected
01-31 00:23:17.908  9236  9236 I ViewRootImpl@ba65e91[InstrumentationActivityInvoker$EmptyActivity]: performTraversals params={(0,0)(fillxfill) sim={adjust=pan forwardNavigation} ty=BASE_APPLICATION
01-31 00:23:17.908  9236  9236 I ViewRootImpl@ba65e91[InstrumentationActivityInvoker$EmptyActivity]:   fl=81810100
01-31 00:23:17.908  9236  9236 I ViewRootImpl@ba65e91[InstrumentationActivityInvoker$EmptyActivity]:   pfl=12020040
01-31 00:23:17.908  9236  9236 I ViewRootImpl@ba65e91[InstrumentationActivityInvoker$EmptyActivity]:   bhv=DEFAULT
01-31 00:23:17.908  9236  9236 I ViewRootImpl@ba65e91[InstrumentationActivityInvoker$EmptyActivity]:   fitSides= naviIconColor=0}
01-31 00:23:17.908  1426  2528 I AssistStructure: Flattened final assist data: 1756 bytes, containing 1 windows, 14 views
01-31 00:23:17.910  9236  9236 I ViewRootImpl@ba65e91[InstrumentationActivityInvoker$EmptyActivity]: performTraversals mFirst=true windowShouldResize=true viewVisibilityChanged=false mForceNextWindowRelayout=false params={(0,0)(fillxfill) sim={adjust=pan forwardNavigation} ty=BASE_APPLICATION
01-31 00:23:17.910  9236  9236 I ViewRootImpl@ba65e91[InstrumentationActivityInvoker$EmptyActivity]:   fl=81810100
01-31 00:23:17.910  9236  9236 I ViewRootImpl@ba65e91[InstrumentationActivityInvoker$EmptyActivity]:   pfl=12020040
01-31 00:23:17.910  9236  9236 I ViewRootImpl@ba65e91[InstrumentationActivityInvoker$EmptyActivity]:   bhv=DEFAULT
01-31 00:23:17.910  9236  9236 I ViewRootImpl@ba65e91[InstrumentationActivityInvoker$EmptyActivity]:   fitSides= naviIconColor=0}
01-31 00:23:17.910  1426  4476 V WindowManager: Relayout Window{8834686 u0 com.example.sportmatch/androidx.test.core.app.InstrumentationActivityInvoker$EmptyActivity}: viewVisibility=0 req=1080x2400 d0
01-31 00:23:17.911  1100  1153 I SurfaceFlinger: id=133254 createSurf flag=40004, com.example.sportmatch/androidx.test.core.app.InstrumentationActivityInvoker$EmptyActivity$_9236#133254
01-31 00:23:17.913  9375  9375 I [SPAF]AutofillHints: findFromEditText() / entry [activity_main_usernameEditText], hint [Email] => emailAddress
01-31 00:23:17.913  1426  4476 W WindowManager: lockNow pending, ignore updating lockscreen timeout
01-31 00:23:17.915  9375  9375 W [SPAF]AutofillHints: Valid autofill hint: [emailAddress]
01-31 00:23:17.915  9375  9375 I [SPAF]MetadataCollect: Add: 16, activity_main_usernameEditText
01-31 00:23:17.916  9375  9375 I [SPAF]AutofillHints: findFromEditText() / entry [activity_main_passwordEditText], hint [Password] => password
01-31 00:23:17.916  1100  1153 I SurfaceFlinger: id=133255 createSurf flag=24000, Surface(name=c2abcc7 StatusBar)/@0x2f665b7 - animation-leash of insets_animation#133255
01-31 00:23:17.916  9375  9375 W [SPAF]AutofillHints: Valid autofill hint: [password]
01-31 00:23:17.916  9375  9375 I [SPAF]MetadataCollect: Add: 1, activity_main_passwordEditText
01-31 00:23:17.916  9375  9375 W [SPAF]AutofillHints: Valid autofill hint: [emailAddress, password]
01-31 00:23:17.918  1100  1153 I SurfaceFlinger: id=133256 createSurf flag=24000, Surface(name=719c3fd NavigationBar0)/@0xe9d3c89 - animation-leash of insets_animation#133256
01-31 00:23:17.919  9375  9375 I [PASS][SDK]j: getState
01-31 00:23:17.919  9375  9375 I [PASS][SDK]l: isSignedIn
01-31 00:23:17.920  9375  9375 I [PASS][SDK]l: getBooleanAttribute : is_signed_in
01-31 00:23:17.925  1426  4476 V WindowManager: Relayout hash=8834686, pid=9236, syncId=-1: mAttrs={(0,0)(fillxfill) sim={adjust=pan forwardNavigation} ty=BASE_APPLICATION
01-31 00:23:17.925  1426  4476 V WindowManager:   fl=81810100
01-31 00:23:17.925  1426  4476 V WindowManager:   pfl=12020040
01-31 00:23:17.925  1426  4476 V WindowManager:   bhv=DEFAULT
01-31 00:23:17.925  1426  4476 V WindowManager:   fitSides= naviIconColor=0}
01-31 00:23:17.928  9236  9236 D InsetsController: onStateChanged: InsetsState: {mDisplayFrame=Rect(0, 0 - 1080, 2400), mDisplayCutout=DisplayCutout{insets=Rect(0, 88 - 0, 0) waterfall=Insets{left=0, top=0, right=0, bottom=0} boundingRect={Bounds=[Rect(0, 0 - 0, 0), Rect(512, 0 - 568, 88), Rect(0, 0 - 0, 0), Rect(0, 0 - 0, 0)]} cutoutPathParserInfo={CutoutPathParserInfo{displayWidth=1080 displayHeight=2400 physicalDisplayWidth=1080 physicalDisplayHeight=2400 density={2.8125} cutoutSpec={M 0,0 M 0,11.43427858034597 a 9.899054752987353,9.899054752987353 0 1,0 0,19.79810950597471 a 9.899054752987353,9.899054752987353 0 1,0 0,-19.79810950597471 Z @dp} rotation={0} scale={1.0} physicalPixelDisplaySizeRatio={1.0}}}}, mRoundedCorners=RoundedCorners{[RoundedCorner{position=TopLeft, radius=90, center=Point(90, 90)}, RoundedCorner{position=TopRight, radius=90, center=Point(990, 90)}, RoundedCorner{position=BottomRight, radius=90, center=Point(990, 2310)}, RoundedCorner{position=BottomLeft, radius=90, center=Point(90, 2310)}]}  mRoundedCornerFrame=Rect(0, 0 - 1080, 2400), mPrivacyIndicatorBounds=PrivacyIndicatorBounds {static bounds=Rect(956, 0 - 1080, 88) rotation=0}, mSources= { InsetsSource: {mType=ITYPE_STATUS_BAR, mFrame=[0,0][1080,88], mVisible=true, mInsetsRoundedCornerFrame=false}, InsetsSource: {mType=ITYPE_NAVIGATION_BAR, mFrame=[0,2265][1080,2400], mVisible=true, mInsetsRoundedCornerFrame=false}, InsetsSource: {mType=ITYPE_LEFT_GESTURES, mFrame=[0,0][0,2400], mVisible=true, mInsetsRoundedCornerFrame=false}, InsetsSource: {mType=ITYPE_RIGHT_GESTURES, mFrame=[1080,0][1080,2400], mVisible=true, mInsetsRoundedCornerFrame=false}, InsetsSource: {mType=ITYPE_TOP_MANDATORY_GESTURES, mFrame=[0,0][1080,122], mVisible=true, mInsetsRoundedCornerFrame=false}, InsetsSource: {mType=ITYPE_BOTTOM_MANDATORY_GESTURES, mFrame=[0,2265][1080,2400], mVisible=true, mInsetsRoundedCornerFrame=false}, InsetsSource: {mType=ITYPE_LEFT_DISPLAY_CUTOUT, mFrame=[0,0][-100000,2400], mVisible=true, mInsetsRoundedCornerFrame=false}, InsetsSource: {mType=ITYPE_TOP_DISPLAY_CUTOUT, mFrame=[0,0][1080,88], mVisible=true, mInsetsRoundedCornerFrame=false}, InsetsSource: {mType=ITYPE_RIGHT_DISPLAY_CUTOUT, mFrame=[100000,0][1080,2400], mVisible=true, mInsetsRoundedCornerFrame=false}, InsetsSource: {mType=ITYPE_BOTTOM_DISPLAY_CUTOUT, mFrame=[0,100000][1080,2400], mVisible=true, mInsetsRoundedCornerFrame=false}, InsetsSource: {mType=ITYPE_TOP_TAPPABLE_ELEMENT, mFrame=[0,0][1080,88], mVisible=true, mInsetsRoundedCornerFrame=false}, InsetsSource: {mType=ITYPE_BOTTOM_TAPPABLE_ELEMENT, mFrame=[0,2265][1080,2400], mVisible=true, mInsetsRoundedCornerFrame=false}, InsetsSource: {mType=ITYPE_IME, mFrame=[0,0][0,0], mVisibleFrame=[0,1392][1080,2400], mVisible=false, mInsetsRoundedCornerFrame=false} } host=com.example.sportmatch/androidx.test.core.app.InstrumentationActivityInvoker$EmptyActivity from=android.view.ViewRootImpl.relayoutWindow:9802
01-31 00:23:17.929  1100  1100 I Layer   : id=133237 removeFromCurrentState Surface(name=c2abcc7 StatusBar)/@0x2f665b7 - animation-leash of insets_animation#133237 (270)
01-31 00:23:17.929  1100  1100 I Layer   : id=133238 removeFromCurrentState Surface(name=719c3fd NavigationBar0)/@0xe9d3c89 - animation-leash of insets_animation#133238 (270)
01-31 00:23:17.929  1100  1100 I SurfaceFlinger: [8834686 com.example.sportmatch/androidx.test.core.app.InstrumentationActivityInvoker$EmptyActivity#133253] FrameRatePriority: 1
01-31 00:23:17.930  9236  9236 I ViewRootImpl@ba65e91[InstrumentationActivityInvoker$EmptyActivity]: updateBlastSurfaceIfNeeded mBlastBufferQueue=null isSameSurfaceControl=false
01-31 00:23:17.931  9236  9236 I BLASTBufferQueue: new BLASTBufferQueue, mName= ViewRootImpl@ba65e91[InstrumentationActivityInvoker$EmptyActivity] mNativeObject= 0xb40000722b686bd0 sc.mNativeObject= 0xb4000071bb6df4e0 caller= android.view.ViewRootImpl.updateBlastSurfaceIfNeeded:2909 android.view.ViewRootImpl.relayoutWindow:9847 android.view.ViewRootImpl.performTraversals:3884 android.view.ViewRootImpl.doTraversal:3116 android.view.ViewRootImpl$TraversalRunnable.run:10885 android.view.Choreographer$CallbackRecord.run:1301 android.view.Choreographer$CallbackRecord.run:1309 android.view.Choreographer.doCallbacks:923 android.view.Choreographer.doFrame:852 android.view.Choreographer$FrameDisplayEventReceiver.run:1283
01-31 00:23:17.931  9236  9236 I BLASTBufferQueue: update, w= 1080 h= 2400 mName = ViewRootImpl@ba65e91[InstrumentationActivityInvoker$EmptyActivity] mNativeObject= 0xb40000722b686bd0 sc.mNativeObject= 0xb4000071bb6df4e0 format= -1 caller= android.graphics.BLASTBufferQueue.<init>:84 android.view.ViewRootImpl.updateBlastSurfaceIfNeeded:2909 android.view.ViewRootImpl.relayoutWindow:9847 android.view.ViewRootImpl.performTraversals:3884 android.view.ViewRootImpl.doTraversal:3116 android.view.ViewRootImpl$TraversalRunnable.run:10885
01-31 00:23:17.932  9236  9236 I ViewRootImpl@ba65e91[InstrumentationActivityInvoker$EmptyActivity]: Relayout returned: old=(0,0,1080,2400) new=(0,0,1080,2400) req=(1080,2400)0 dur=20 res=0x3 s={true 0xb4000072bb6fe720} ch=true seqId=0
01-31 00:23:17.933  8598  9352 V FA-SVC  : Logging event: origin=auto,name=screen_view(_vs),params=Bundle[{ga_event_origin(_o)=auto, ga_previous_class(_pc)=LoginActivity, ga_previous_id(_pi)=3525424499626767140, ga_screen_class(_sc)=EmptyActivity, ga_screen_id(_si)=3525424499626767141}]
01-31 00:23:17.934  9236  9293 D OpenGLRenderer: eglCreateWindowSurface
01-31 00:23:17.934  9236  9236 I ViewRootImpl@ba65e91[InstrumentationActivityInvoker$EmptyActivity]: mThreadedRenderer.initialize() mSurface={isValid=true 0xb4000072bb6fe720} hwInitialized=true
01-31 00:23:17.936  9236  9236 I ViewRootImpl@ba65e91[InstrumentationActivityInvoker$EmptyActivity]: reportNextDraw android.view.ViewRootImpl.performTraversals:4438 android.view.ViewRootImpl.doTraversal:3116 android.view.ViewRootImpl$TraversalRunnable.run:10885 android.view.Choreographer$CallbackRecord.run:1301 android.view.Choreographer$CallbackRecord.run:1309
01-31 00:23:17.936  9236  9236 I ViewRootImpl@ba65e91[InstrumentationActivityInvoker$EmptyActivity]: Setup new sync id=0
01-31 00:23:17.936  9236  9236 I ViewRootImpl@ba65e91[InstrumentationActivityInvoker$EmptyActivity]: Setting syncFrameCallback
01-31 00:23:17.936  9236  9236 I ViewRootImpl@ba65e91[InstrumentationActivityInvoker$EmptyActivity]: registerCallbacksForSync syncBuffer=false
01-31 00:23:17.939  9236  9347 I ViewRootImpl@ba65e91[InstrumentationActivityInvoker$EmptyActivity]: Received frameDrawingCallback syncResult=0 frameNum=1.
01-31 00:23:17.939  9236  9347 I ViewRootImpl@ba65e91[InstrumentationActivityInvoker$EmptyActivity]: Setting up sync and frameCommitCallback
01-31 00:23:17.942  9236  9293 I BLASTBufferQueue: [ViewRootImpl@ba65e91[InstrumentationActivityInvoker$EmptyActivity]#2](f:0,a:0) onFrameAvailable the first frame is available
01-31 00:23:17.943  9236  9293 I ViewRootImpl@ba65e91[InstrumentationActivityInvoker$EmptyActivity]: Received frameCommittedCallback lastAttemptedDrawFrameNum=1 didProduceBuffer=true
01-31 00:23:17.944  9236  9293 D OpenGLRenderer: CFMS:: SetUp Pid : 9236    Tid : 9293
01-31 00:23:17.944  9236  9293 W Parcel  : Expecting binder but got null!
01-31 00:23:17.945  9236  9236 I ViewRootImpl@ba65e91[InstrumentationActivityInvoker$EmptyActivity]: onSyncComplete
01-31 00:23:17.945  1100  1100 D SurfaceFlinger: [input] inputWindowCommands.focusRequests size is 1
01-31 00:23:17.945  9236  9236 I ViewRootImpl@ba65e91[InstrumentationActivityInvoker$EmptyActivity]: setupSync seqId=0 mSyncId=0 fn=1 caller=android.view.ViewRootImpl$$ExternalSyntheticLambda11.accept:6 android.window.SurfaceSyncer.lambda$setupSync$1$android-window-SurfaceSyncer:128 android.window.SurfaceSyncer$$ExternalSyntheticLambda1.accept:8 android.window.SurfaceSyncer$SyncSet.checkIfSyncIsComplete:382 android.window.SurfaceSyncer$SyncSet.markSyncReady:359 android.window.SurfaceSyncer.markSyncReady:151 android.view.ViewRootImpl.performTraversals:4503
01-31 00:23:17.945  9236  9236 I ViewRootImpl@ba65e91[InstrumentationActivityInvoker$EmptyActivity]: reportDrawFinished seqId=0 mSyncId=-1 fn=1 mSurfaceChangedTransaction=0xb4000071eb67f090
01-31 00:23:17.946  9236  9236 I ViewRootImpl@70a5d2f[LoginActivity]: MSG_WINDOW_FOCUS_CHANGED 0 0
01-31 00:23:17.947  1426  1485 W WindowManager: lockNow pending, ignore updating lockscreen timeout
01-31 00:23:17.949  1100  1210 D SurfaceFlinger: [input] setFocusedWindow: 8834686 com.example.sportmatch/androidx.test.core.app.InstrumentationActivityInvoker$EmptyActivity
01-31 00:23:17.950  1426  4476 D InputDispatcher: Focus request (0): 8834686 com.example.sportmatch/androidx.test.core.app.InstrumentationActivityInvoker$EmptyActivity but waiting because NOT_VISIBLE
01-31 00:23:17.951  8598  9352 V FA-SVC  : Upload scheduled in approximately ms: 919997
01-31 00:23:17.951  8598  9352 V FA-SVC  : Unscheduling upload
01-31 00:23:17.957  1426  1479 I ActivityTaskManager: Displayed com.example.sportmatch/androidx.test.core.app.InstrumentationActivityInvoker$EmptyActivity: +124ms
01-31 00:23:17.958  3326  3326 E pageboostd: Received HALT command code 2
01-31 00:23:17.961  1426  1485 W WindowManager: lockNow pending, ignore updating lockscreen timeout
01-31 00:23:17.962  1100  1331 I SurfaceFlinger: id=133257 createSurf flag=80000, ba674d ActivityRecordInputSink com.example.sportmatch/androidx.test.core.app.InstrumentationActivityInvoker$EmptyActivity#133257
01-31 00:23:17.965  1426  1485 I SemDvfsHyPerManager: acquire hyper - AMS_RESUME_TAIL/1426@22, type = -999
01-31 00:23:17.965 25557 25593 I RecentModel: onTaskStackChangedBackground
01-31 00:23:17.965  1426  1485 I SemDvfsHyPerManager: acquire hyper - AMS_ACT_LAZY/1426@23, type = -999
01-31 00:23:17.966  1037  1116 I HYPER-HAL: [RequestManager.cpp]acquire(): Acquired ID : 1049098  [1426 / 22]    HINT : AMS_RESUME_TAIL    list :
01-31 00:23:17.967  1426  1485 W WindowManager: lockNow pending, ignore updating lockscreen timeout
01-31 00:23:17.968  1037  1116 I HYPER-HAL: [RequestManager.cpp]releaseLocked(): Released ID : 1047649
01-31 00:23:17.972  8598  9352 V FA-SVC  : Scheduling upload, millis: 919997
01-31 00:23:17.974  9375  9375 I [SPAF]PassController: SamsungPass.isActivated() : true
01-31 00:23:17.975  8598  9352 V FA-SVC  : Background event processing time, ms: 42
01-31 00:23:17.979  1100  1100 I Layer   : id=133241 removeFromCurrentState DimAnimationLayer for ActivityRecord{12b7343 u0 com.example.sportmatch/.LoginActivity} t17311}#133241 (271)
01-31 00:23:17.979  1100  1100 I Layer   : Layer [com.example.sportmatch/androidx.test.core.app.InstrumentationActivityInvoker$EmptyActivity$_9236#133254] hidden!! flag(0)
01-31 00:23:17.979  1100  1100 I SurfaceFlinger: id=133241 Removed DimAnimationLayer for ActivityRecord{12b7343 u0 com.example.sportmatch/.LoginActivity} t17311}#133241 (271)
01-31 00:23:17.982  9375  9375 I [SPAF]PassController: isFingerprintRegistered: true
01-31 00:23:17.982 12143  8797 W NetworkScheduler: Error inserting flex_time=919000 job_id=-1 period=1840000 source=16 requires_charging=0 preferred_network_type=1 target_class=com.google.android.gms.measurement.PackageMeasurementTaskService user_id=0 target_package=com.google.android.gms tag=Measurement.PackageMeasurementTaskService.UPLOAD_TASK_TAG task_type=0 required_idleness_state=0 service_kind=0 source_version=240213000 persistence_level=1 preferred_charging_state=1 required_network_type=0 runtime=1706653397979 retry_strategy={"maximum_backoff_seconds":{"3600":0},"initial_backoff_seconds":{"30":0},"retry_policy":{"0":0}} last_runtime=0 [CONTEXT service_id=218 ]
01-31 00:23:17.982 12143  8797 W NetworkScheduler: android.database.sqlite.SQLiteConstraintException: UNIQUE constraint failed: pending_ops.tag, pending_ops.target_class, pending_ops.target_package, pending_ops.user_id (code 2067 SQLITE_CONSTRAINT_UNIQUE[2067])
01-31 00:23:17.982 12143  8797 W NetworkScheduler: 	at android.database.sqlite.SQLiteConnection.nativeExecuteForLastInsertedRowId(Native Method)
01-31 00:23:17.982 12143  8797 W NetworkScheduler: 	at android.database.sqlite.SQLiteConnection.executeForLastInsertedRowId(SQLiteConnection.java:1275)
01-31 00:23:17.982 12143  8797 W NetworkScheduler: 	at android.database.sqlite.SQLiteSession.executeForLastInsertedRowId(SQLiteSession.java:790)
01-31 00:23:17.982 12143  8797 W NetworkScheduler: 	at android.database.sqlite.SQLiteStatement.executeInsert(SQLiteStatement.java:89)
01-31 00:23:17.982 12143  8797 W NetworkScheduler: 	at android.database.sqlite.SQLiteDatabase.insertWithOnConflict(SQLiteDatabase.java:2410)
01-31 00:23:17.982 12143  8797 W NetworkScheduler: 	at android.database.sqlite.SQLiteDatabase.insertOrThrow(SQLiteDatabase.java:2305)
01-31 00:23:17.982 12143  8797 W NetworkScheduler: 	at crnw.d(:com.google.android.gms@240213038@24.02.13 (190400-599553831):743)
01-31 00:23:17.982 12143  8797 W NetworkScheduler: 	at crmd.n(:com.google.android.gms@240213038@24.02.13 (190400-599553831):29)
01-31 00:23:17.982 12143  8797 W NetworkScheduler: 	at crmd.u(:com.google.android.gms@240213038@24.02.13 (190400-599553831):362)
01-31 00:23:17.982 12143  8797 W NetworkScheduler: 	at crmd.h(:com.google.android.gms@240213038@24.02.13 (190400-599553831):51)
01-31 00:23:17.982 12143  8797 W NetworkScheduler: 	at crhi.run(:com.google.android.gms@240213038@24.02.13 (190400-599553831):72)
01-31 00:23:17.982 12143  8797 W NetworkScheduler: 	at akki.c(:com.google.android.gms@240213038@24.02.13 (190400-599553831):50)
01-31 00:23:17.982 12143  8797 W NetworkScheduler: 	at akki.run(:com.google.android.gms@240213038@24.02.13 (190400-599553831):76)
01-31 00:23:17.982 12143  8797 W NetworkScheduler: 	at java.util.concurrent.ThreadPoolExecutor.runWorker(ThreadPoolExecutor.java:1145)
01-31 00:23:17.982 12143  8797 W NetworkScheduler: 	at java.util.concurrent.ThreadPoolExecutor$Worker.run(ThreadPoolExecutor.java:644)
01-31 00:23:17.982 12143  8797 W NetworkScheduler: 	at akpt.run(:com.google.android.gms@240213038@24.02.13 (190400-599553831):8)
01-31 00:23:17.982 12143  8797 W NetworkScheduler: 	at java.lang.Thread.run(Thread.java:1012)
01-31 00:23:17.983  9375  9375 I [SPAF]PassController: hasEnrolledIrises: false
01-31 00:23:17.984  1426  2528 D InputDispatcher: Focus entered window (0): 8834686 com.example.sportmatch/androidx.test.core.app.InstrumentationActivityInvoker$EmptyActivity
01-31 00:23:17.985  1100  1100 I Layer   : id=133241 Destroyed DimAnimationLayer for ActivityRecord{12b7343 u0 com.example.sportmatch/.LoginActivity} t17311}#133241
01-31 00:23:17.985 28559 31661 I [PASS][SPASS]WalletSettingsProvider: call method: getBiometricSwitchEnabled
01-31 00:23:17.987 28559 31661 W [PASS][CMN]PackageUtil: Can not find package [com.samsung.android.spay]
01-31 00:23:17.988 28559 31661 W [PASS][CMN]PackageUtil: Can not find package [com.samsung.android.spaymini]
01-31 00:23:17.988 28559 31661 W [PASS][CMN]PackageUtil: Can not find package [com.samsung.android.spay]
01-31 00:23:17.989 28559 31661 W [PASS][CMN]PackageUtil: Can not find package [com.samsung.android.spaymini]
01-31 00:23:17.989 28559 31661 W [PASS][CMN]PackageUtil: Can not find package [com.samsung.android.spay]
01-31 00:23:17.989 28559 31661 W [PASS][CMN]PackageUtil: Can not find package [com.samsung.android.spaymini]
01-31 00:23:17.989 28559 31661 I [PASS][CMN]WalletUtil: getWalletMigrated : false
01-31 00:23:17.990  9375  9375 I [PASS][SDK]j: getState
01-31 00:23:17.990  9375  9375 I [PASS][SDK]l: getEnabledAuthenticators
01-31 00:23:17.990  9375  9375 I [PASS][SDK]l: getStringAttribute : enabled_authenticators
01-31 00:23:17.991  1100  1100 D SurfaceFlinger: Display 4633128672291735932 HWC layers:
01-31 00:23:17.991  1100  1100 D SurfaceFlinger:      DEVICE | 0xb400007704b65710 | 0102 | RGBA_8888    |    0.0    0.0 1080.0 2400.0 |    0    0 1080 2400 | com.example.sportmatch/androidx.test[...]tyInvoker$EmptyActivity$_9236#133254
01-31 00:23:17.991  1100  1100 D SurfaceFlinger:      DEVICE | 0xb400007704b53d50 | 0100 | RGBA_8888    |    0.0    0.0 1080.0   88.0 |    0    0 1080   88 | StatusBar$_2448#94
01-31 00:23:17.991  1100  1100 D SurfaceFlinger:      DEVICE | 0xb400007704b4f590 | 0100 | RGBA_8888    |    0.0    0.0   67.0  342.0 |    0 1504   67 1846 | com.samsung.android.app.cocktailbars[...]vice.CocktailBarService$_5767#133211
01-31 00:23:17.991  1100  1100 D SurfaceFlinger:      DEVICE | 0xb400007704b6bc90 | 0100 | RGBA_8888    |    0.0    0.0 1080.0  135.0 |    0 2265 1080 2400 | NavigationBar0$_2448#88
01-31 00:23:17.991  1100  1100 D SurfaceFlinger:
01-31 00:23:17.992 28559 31661 I [PASS][SPASS]WalletSettingsProvider: call method: getBiometricSwitchEnabled
01-31 00:23:17.993  1100  1152 I SurfaceFlinger: id=133238 Removed Surface(name=719c3fd NavigationBar0)/@0xe9d3c89 - animation-leash of insets_animation#133238 (270)
01-31 00:23:17.993  1100  1152 I SurfaceFlinger: id=133237 Removed Surface(name=c2abcc7 StatusBar)/@0x2f665b7 - animation-leash of insets_animation#133237 (270)
01-31 00:23:17.993 28559 31661 W [PASS][CMN]PackageUtil: Can not find package [com.samsung.android.spay]
01-31 00:23:17.993 28559 31661 W [PASS][CMN]PackageUtil: Can not find package [com.samsung.android.spaymini]
01-31 00:23:17.994 28559 31661 W [PASS][CMN]PackageUtil: Can not find package [com.samsung.android.spay]
01-31 00:23:17.994 28559 31661 W [PASS][CMN]PackageUtil: Can not find package [com.samsung.android.spaymini]
01-31 00:23:17.996  1100  1100 I Layer   : id=133238 Destroyed Surface(name=719c3fd NavigationBar0)/@0xe9d3c89 - animation-leash of insets_animation#133238
01-31 00:23:17.996  1100  1100 I Layer   : id=133237 Destroyed Surface(name=c2abcc7 StatusBar)/@0x2f665b7 - animation-leash of insets_animation#133237
01-31 00:23:17.996 28559 31661 W [PASS][CMN]PackageUtil: Can not find package [com.samsung.android.spay]
01-31 00:23:17.996 28559 31661 W [PASS][CMN]PackageUtil: Can not find package [com.samsung.android.spaymini]
01-31 00:23:17.996 28559 31661 I [PASS][CMN]WalletUtil: getWalletMigrated : false
01-31 00:23:18.000  9236  9236 I ViewRootImpl@ba65e91[InstrumentationActivityInvoker$EmptyActivity]: MSG_WINDOW_FOCUS_CHANGED 1 0
01-31 00:23:18.001  9236  9236 I ViewRootImpl@ba65e91[InstrumentationActivityInvoker$EmptyActivity]: mThreadedRenderer.initializeIfNeeded()#2 mSurface={isValid=true 0xb4000072bb6fe720}
01-31 00:23:18.001  9236  9236 D InputMethodManager: startInputInner - Id : 0
01-31 00:23:18.001  9236  9236 I InputMethodManager: startInputInner - mService.startInputOrWindowGainedFocus
01-31 00:23:18.002  1426  2528 D InputMethodManagerService: mDesktopModeManager null!
01-31 00:23:18.002  1426  2528 V InputMethodManagerService: getDisplayIdOfInputMethodWindowToBeAdded: displayId=0
01-31 00:23:18.003  1426  2528 D InputMethodManagerService: isImeSwitcherDisabledPackage : false
01-31 00:23:18.003  9375  9375 I [PASS][SDK]l: Enabled Authenticators : Fingerprint
01-31 00:23:18.003  9375  9375 I [SPAF]PassController: SamsungPass.getEnabledAuthenticators size: 1
01-31 00:23:18.003  9375  9375 I [SPAF]PassController: isActivated : true
01-31 00:23:18.003  1426  2528 D InputMethodManagerService: checkDisplayOfStartInputAndUpdateKeyboard: displayId=0, mFocusedDisplayId=0
