01-31 00:23:18.003  1426  2528 D InputTransport: Input channel constructed: 'ClientS', fd=905
01-31 00:23:18.003  1426  2528 D InputTransport: Input channel destroyed: 'ClientS', fd=905
01-31 00:23:18.004  9236  9236 I ViewRootImpl@b6f5aff[MainActivity]: stopped(true) old = false
01-31 00:23:18.004  9236  9236 I ViewRootImpl@b6f5aff[MainActivity]: WindowStopped on com.example.sportmatch/com.example.sportmatch.MainActivity set to true
01-31 00:23:18.004  6115  6115 I HBD     : HoneyBoardService onFinishInput
01-31 00:23:18.005  1100  1153 I SurfaceFlinger: id=133258 createSurf flag=24004, Surface(name=1e49913 InputMethod)/@0x940201a - animation-leash of insets_animation#133258
01-31 00:23:18.005  6115  6115 I HBD     : a IC have been unbinding,  RemoteInputConnection{idHash=#11d3e34}
01-31 00:23:18.005  6115  6115 I HBD     : HoneyBoardService [PF_CL][onFinishInput]  1 ms
01-31 00:23:18.006  9236  9236 D LifecycleMonitor: Lifecycle status change: com.example.sportmatch.MainActivity@93271d5 in: STOPPED
01-31 00:23:18.006  6115  6115 I HBD     : HoneyBoardService [IMI] onStartInput - caller pid : 9236 , caller uid : 10438
01-31 00:23:18.006  6115  6115 I HBD     : j updateConfigs
01-31 00:23:18.006  6115  6115 I HBD     : j isEnabledNightMode : true
01-31 00:23:18.006  9236  9236 V ActivityScenario: Update currentActivityStage to STOPPED, currentActivity=com.example.sportmatch.MainActivity@93271d5
01-31 00:23:18.006  6115  6115 I HBD     : a IC have been binding, RemoteInputConnection{idHash=#11d3e34}
01-31 00:23:18.006  6115  6115 I HBD     : h [EditorInputType]setPrivateImeOptionsToTable privateImeOptions ( null )
01-31 00:23:18.006  6115  6115 I HBD     : b incognitoMode : false
01-31 00:23:18.006  6115  6115 I HBD     : b needOff = true , isForceOff = false, isNullInputClass : true
01-31 00:23:18.007  6115  6115 I HBD     : h getDefaultInputRange : UNKNOWN
01-31 00:23:18.007  6115  6115 I HBD     : h getDefaultInputRange : UNKNOWN
01-31 00:23:18.007  6115  6115 I HBD     : h getDefaultInputRange : UNKNOWN
01-31 00:23:18.007  1426  1485 W WindowManager: lockNow pending, ignore updating lockscreen timeout
01-31 00:23:18.009 28559 31661 I [PASS][SPASS]EasySigninProvider: query called from com.samsung.android.samsungpassautofill
01-31 00:23:18.010  6115  6115 I HBD     : b needOff = true , isForceOff = false, isNullInputClass : true
01-31 00:23:18.010  6115  6115 I HBD     : b update cached prediction status : false
01-31 00:23:18.010  6115  6115 I HBD     : h getDefaultInputRange : UNKNOWN
01-31 00:23:18.010  6115  6115 I HBD     : a currentState : 0
01-31 00:23:18.011  6115  6115 I HBD     : a [UpdatePolicy] [post] a: 0 cl: 65538 kit: [0/0] vt: 0 ir: 1
01-31 00:23:18.011  6115  6115 I HBD     : a [NRIC] resetNoResponseState
01-31 00:23:18.011  6115  6115 I HBD     : b needOff = true , isForceOff = false, isNullInputClass : true
01-31 00:23:18.011  6115  6115 I HBD     : b update cached prediction status : false
01-31 00:23:18.012  9236  9236 I MSHandlerLifeCycle: removeMultiSplitHandler: no exist. decor=DecorView@71b7e89[MainActivity]
01-31 00:23:18.012  1100  1100 I Layer   : id=133251 removeFromCurrentState Surface(name=1e49913 InputMethod)/@0x940201a - animation-leash of insets_animation#133251 (269)
01-31 00:23:18.014  9375  9375 I [SPAF]AutofillDataSource: has DAL field in Pass DB
01-31 00:23:18.016  9236  9236 D LifecycleMonitor: Lifecycle status change: com.example.sportmatch.MainActivity@93271d5 in: DESTROYED
01-31 00:23:18.016  6115  6115 I HBD     : HoneyBoardService [PF_OP][onStartInput]  9 ms
01-31 00:23:18.016  9236  9236 V ActivityScenario: Update currentActivityStage to DESTROYED, currentActivity=null
01-31 00:23:18.017 28559 28945 I [PASS][SPASS]EasySigninProvider: query called from com.samsung.android.samsungpassautofill
01-31 00:23:18.018  9236  9236 I MSHandlerLifeCycle: removeMultiSplitHandler: no exist. decor=DecorView@71b7e89[MainActivity]
01-31 00:23:18.019  9236  9293 D OpenGLRenderer: setSurface called with nullptr
01-31 00:23:18.019  9236  9293 D OpenGLRenderer: setSurface() destroyed EGLSurface
01-31 00:23:18.019  9236  9293 D OpenGLRenderer: destroyEglSurface
01-31 00:23:18.021  9236  9236 I ViewRootImpl@b6f5aff[MainActivity]: dispatchDetachedFromWindow
01-31 00:23:18.021  1426  2489 D InputTransport: Input channel destroyed: 'd0ae482', fd=1309
01-31 00:23:18.021  1426  2489 W InputManager-JNI: Input channel object 'd0ae482 com.example.sportmatch/com.example.sportmatch.MainActivity (client)' was disposed without first being removed with the input manager!
01-31 00:23:18.021  1426  2489 D InputTransport: Input channel destroyed: 'd0ae482', fd=1313
01-31 00:23:18.022  1426  2489 W WindowManager: lockNow pending, ignore updating lockscreen timeout
01-31 00:23:18.023  9236  9236 D InputTransport: Input channel destroyed: 'd0ae482', fd=109
01-31 00:23:18.025  9375  9375 I [SPAF]DataSamsungPass: No matched [credential]
01-31 00:23:18.026  9375  9375 I [SPAF]AutofillRepo: dataMap: 0
01-31 00:23:18.027 28559 28945 I [PASS][SPASS]EasySigninProvider: query called from com.samsung.android.samsungpassautofill
01-31 00:23:18.031  9375  9375 I [SPAF]AutofillDataSource: has DAL field in Pass DB
01-31 00:23:18.032  1426  4476 W WindowManager: lockNow pending, ignore updating lockscreen timeout
01-31 00:23:18.033 28559 28945 I [PASS][SPASS]EasySigninProvider: query called from com.samsung.android.samsungpassautofill
01-31 00:23:18.037 28559 28945 I [PASS][SPASS]EasySigninProvider: call method in provider use_keyboard_autofill
01-31 00:23:18.038  1100  1153 I SurfaceFlinger: id=133251 Removed Surface(name=1e49913 InputMethod)/@0x940201a - animation-leash of insets_animation#133251 (269)
01-31 00:23:18.038  9375  9375 I [PASS][SDK]j: getState
01-31 00:23:18.038  9375  9375 I [PASS][SDK]l: isSignedIn
01-31 00:23:18.038  9375  9375 I [PASS][SDK]l: getBooleanAttribute : is_signed_in
01-31 00:23:18.040  1426  2489 D InputMethodManagerService: isImeSwitcherDisabledPackage : false
01-31 00:23:18.041  6115  6115 I InputMethodService: removeImeSurface
01-31 00:23:18.041  9236  9236 D LifecycleMonitor: Lifecycle status change: androidx.test.core.app.InstrumentationActivityInvoker$EmptyActivity@74f65d2 in: PAUSED
01-31 00:23:18.041  6115  6115 I MSHandlerLifeCycle: check: return. pkg=com.samsung.android.honeyboard isActivity=false callers=com.android.internal.policy.DecorView.setVisibility:4412 android.app.Dialog.hide:767 android.inputmethodservice.InputMethodService.removeImeSurface:1290 android.inputmethodservice.InputMethodService.scheduleImeSurfaceRemoval:1279 android.inputmethodservice.InputMethodService.-$$Nest$mscheduleImeSurfaceRemoval:0
01-31 00:23:18.041  6115  6115 I MSHandlerLifeCycle: removeMultiSplitHandler: no exist. decor=DecorView@f7681bd[InputMethod]
01-31 00:23:18.042  9236  9236 V ActivityScenario: Activity lifecycle changed event received but ignored because the intent does not match. startActivityIntent=Intent { act=android.intent.action.MAIN cat=[android.intent.category.LAUNCHER] flg=0x10008000 cmp=com.example.sportmatch/.MainActivity }, activity.getIntent()=Intent { act=android.intent.action.MAIN cat=[android.intent.category.LAUNCHER] flg=0x10000000 cmp=com.example.sportmatch/androidx.test.core.app.InstrumentationActivityInvoker$EmptyActivity }, activity=androidx.test.core.app.InstrumentationActivityInvoker$EmptyActivity@74f65d2
01-31 00:23:18.042  9375  9375 I [SPAF]PassController: SamsungPass.isActivated() : true
01-31 00:23:18.042  1426  2528 I SemDvfsHyPerManager: acquire hyper - AMS_ACT_RESUME/1426@25, type = -999
01-31 00:23:18.043  1037  1116 I HYPER-HAL: [RequestManager.cpp]acquire(): Acquired ID : 1053451  [1426 / 25]    HINT : AMS_ACT_RESUME    list :
01-31 00:23:18.043  9375  9375 I [SPAF]PassController: isFingerprintRegistered: true
01-31 00:23:18.043  9375  9375 I [SPAF]PassController: hasEnrolledIrises: false
01-31 00:23:18.043  1426  2528 D InputDispatcher: Focused application(0): ActivityRecord{12b7343 u0 com.example.sportmatch/.LoginActivity} t17311}
01-31 00:23:18.044 28559 31960 I [PASS][SPASS]WalletSettingsProvider: call method: getBiometricSwitchEnabled
01-31 00:23:18.044 28559 31960 W [PASS][CMN]PackageUtil: Can not find package [com.samsung.android.spay]
01-31 00:23:18.045 28559 31960 W [PASS][CMN]PackageUtil: Can not find package [com.samsung.android.spaymini]
01-31 00:23:18.045  1100  1100 I Layer   : id=133251 Destroyed Surface(name=1e49913 InputMethod)/@0x940201a - animation-leash of insets_animation#133251
01-31 00:23:18.047 28559 31960 W [PASS][CMN]PackageUtil: Can not find package [com.samsung.android.spay]
01-31 00:23:18.048 28559 31960 W [PASS][CMN]PackageUtil: Can not find package [com.samsung.android.spaymini]
01-31 00:23:18.048  1100  1153 I SurfaceFlinger: id=133259 createSurf flag=24000, Surface(name=c2abcc7 StatusBar)/@0x2f665b7 - animation-leash of insets_animation#133259
01-31 00:23:18.048 28559 31960 W [PASS][CMN]PackageUtil: Can not find package [com.samsung.android.spay]
01-31 00:23:18.048 28559 31960 W [PASS][CMN]PackageUtil: Can not find package [com.samsung.android.spaymini]
01-31 00:23:18.048 28559 31960 I [PASS][CMN]WalletUtil: getWalletMigrated : false
01-31 00:23:18.049  9375  9375 I [PASS][SDK]j: getState
01-31 00:23:18.049  1100  1333 I SurfaceFlinger: id=133260 createSurf flag=24000, Surface(name=719c3fd NavigationBar0)/@0xe9d3c89 - animation-leash of insets_animation#133260
01-31 00:23:18.049  9375  9375 I [PASS][SDK]l: getEnabledAuthenticators
01-31 00:23:18.049  9375  9375 I [PASS][SDK]l: getStringAttribute : enabled_authenticators
01-31 00:23:18.051 28559 31960 I [PASS][SPASS]WalletSettingsProvider: call method: getBiometricSwitchEnabled
01-31 00:23:18.051 28559 31960 W [PASS][CMN]PackageUtil: Can not find package [com.samsung.android.spay]
01-31 00:23:18.051 28559 31960 W [PASS][CMN]PackageUtil: Can not find package [com.samsung.android.spaymini]
01-31 00:23:18.052 28559 31960 W [PASS][CMN]PackageUtil: Can not find package [com.samsung.android.spay]
01-31 00:23:18.052 28559 31960 W [PASS][CMN]PackageUtil: Can not find package [com.samsung.android.spaymini]
01-31 00:23:18.052 28559 31960 W [PASS][CMN]PackageUtil: Can not find package [com.samsung.android.spay]
01-31 00:23:18.053 28559 31960 W [PASS][CMN]PackageUtil: Can not find package [com.samsung.android.spaymini]
01-31 00:23:18.053 28559 31960 I [PASS][CMN]WalletUtil: getWalletMigrated : false
01-31 00:23:18.055  1426  2528 W WindowManager: lockNow pending, ignore updating lockscreen timeout
01-31 00:23:18.056  9236  9279 V FA      : Screen exposed for less than 1000 ms. Event not sent. time: 161
01-31 00:23:18.060  9375  9375 I [PASS][SDK]l: Enabled Authenticators : Fingerprint
01-31 00:23:18.060  9375  9375 I [SPAF]PassController: SamsungPass.getEnabledAuthenticators size: 1
01-31 00:23:18.060  9375  9375 I [SPAF]PassController: isActivated : true
01-31 00:23:18.061  9236  9279 V FA      : Activity paused, time: 592988148
01-31 00:23:18.061 28559 31960 I [PASS][SPASS]EasySigninProvider: query called from com.samsung.android.samsungpassautofill
01-31 00:23:18.062  1100  1100 I Layer   : id=133255 removeFromCurrentState Surface(name=c2abcc7 StatusBar)/@0x2f665b7 - animation-leash of insets_animation#133255 (270)
01-31 00:23:18.063  1100  1100 I Layer   : id=133256 removeFromCurrentState Surface(name=719c3fd NavigationBar0)/@0xe9d3c89 - animation-leash of insets_animation#133256 (270)
01-31 00:23:18.063  1100  1100 I SurfaceFlinger: [21fdb5 com.example.sportmatch/com.example.sportmatch.LoginActivity#133235] FrameRatePriority: 1
01-31 00:23:18.063  1100  1100 I SurfaceFlinger: [8834686 com.example.sportmatch/androidx.test.core.app.InstrumentationActivityInvoker$EmptyActivity#133253] FrameRatePriority: -1
01-31 00:23:18.064  1426  2528 W WindowManager: lockNow pending, ignore updating lockscreen timeout
01-31 00:23:18.066  9236  9236 I ViewRootImpl@70a5d2f[LoginActivity]: stopped(false) old = false
01-31 00:23:18.067  9236  9236 D LifecycleMonitor: Lifecycle status change: com.example.sportmatch.LoginActivity@f28d420 in: RESUMED
01-31 00:23:18.067  9236  9236 V ActivityScenario: Activity lifecycle changed event received but ignored because the intent does not match. startActivityIntent=Intent { act=android.intent.action.MAIN cat=[android.intent.category.LAUNCHER] flg=0x10008000 cmp=com.example.sportmatch/.MainActivity }, activity.getIntent()=Intent { cmp=com.example.sportmatch/.LoginActivity }, activity=com.example.sportmatch.LoginActivity@f28d420
01-31 00:23:18.067  9236  9279 V FA      : Activity resumed, time: 592988172
01-31 00:23:18.068  1426  2489 D InputDispatcher: Focus left window (0): 8834686 com.example.sportmatch/androidx.test.core.app.InstrumentationActivityInvoker$EmptyActivity
01-31 00:23:18.069  9375  9375 I [SPAF]AutofillDataSource: has DAL field in Pass DB
01-31 00:23:18.070 28559 28945 I [PASS][SPASS]EasySigninProvider: query called from com.samsung.android.samsungpassautofill
01-31 00:23:18.074  1426  1485 W WindowManager: lockNow pending, ignore updating lockscreen timeout
01-31 00:23:18.075  9375  9375 I [SPAF]DataSamsungPass: queryEasySignData - count : 16
01-31 00:23:18.078 28559 28945 I [PASS][SPASS]EasySigninProvider: query called from com.samsung.android.samsungpassautofill
01-31 00:23:18.078  1100  1100 I Layer   : Layer [com.example.sportmatch/androidx.test.core.app.InstrumentationActivityInvoker$EmptyActivity$_9236#133254] hidden!! flag(1)
01-31 00:23:18.078  1100  1100 I Layer   : id=133229 removeFromCurrentState com.example.sportmatch/com.example.sportmatch.MainActivity$_9236#133229 (270)
01-31 00:23:18.079  1100  1100 I Layer   : id=133239 removeFromCurrentState Surface(name=ActivityRecord{d7e74c u0 com.example.sportmatch/.MainActivity} t17311})/@0x69d88d7 - animation-leash of app_transition#133239 (270)
01-31 00:23:18.079  1100  1100 I Layer   : id=133246 removeFromCurrentState Bottom Edge Extension#133246 (270)
01-31 00:23:18.079  1100  1100 I Layer   : id=133247 removeFromCurrentState bbq-wrapper#133247 (270)
01-31 00:23:18.079  1100  1100 I Layer   : id=133246 removeFromCurrentState Bottom Edge Extension#133246 (270)
01-31 00:23:18.079  1100  1100 I Layer   : id=133247 removeFromCurrentState bbq-wrapper#133247 (270)
01-31 00:23:18.079  1100  1100 I Layer   : id=133240 removeFromCurrentState Surface(name=ActivityRecord{d7e74c u0 com.example.sportmatch/.MainActivity} t17311})/@0x69d88d7 - animation-bounds#133240 (270)
01-31 00:23:18.079  1100  1100 I Layer   : Layer [com.example.sportmatch/com.example.sportmatch.MainActivity$_9236#133229] hidden!! flag(1)
01-31 00:23:18.079  1100  1100 I Layer   : id=133228 removeFromCurrentState d0ae482 com.example.sportmatch/com.example.sportmatch.MainActivity#133228 (270)
01-31 00:23:18.079  1100  1100 I SurfaceFlinger: id=133247 Removed bbq-wrapper#133247 (270)
01-31 00:23:18.079  1100  1100 I SurfaceFlinger: id=133239 Removed Surface(name=ActivityRecord{d7e74c u0 com.example.sportmatch/.MainActivity} t17311})/@0x69d88d7 - animation-leash of app_transition#133239 (270)
01-31 00:23:18.079  1100  1100 I SurfaceFlinger: id=133246 Removed Bottom Edge Extension#133246 (270)
01-31 00:23:18.079  1100  1100 I SurfaceFlinger: id=133240 Removed Surface(name=ActivityRecord{d7e74c u0 com.example.sportmatch/.MainActivity} t17311})/@0x69d88d7 - animation-bounds#133240 (270)
01-31 00:23:18.079  1100  1100 I SurfaceFlinger: id=133228 Removed d0ae482 com.example.sportmatch/com.example.sportmatch.MainActivity#133228 (270)
01-31 00:23:18.079  1037  1116 I HYPER-HAL: [RequestManager.cpp]releaseLocked(): Released ID : 1053451
01-31 00:23:18.079  1100  1100 I SurfaceFlinger: id=133229 Removed com.example.sportmatch/com.example.sportmatch.MainActivity$_9236#133229 (270)
01-31 00:23:18.082  1100  1100 I Layer   : id=133228 Destroyed d0ae482 com.example.sportmatch/com.example.sportmatch.MainActivity#133228
01-31 00:23:18.082  9375  9375 I [SPAF]AutofillDataSource: has DAL field in Pass DB
01-31 00:23:18.082  1100  1100 I Layer   : id=133229 Destroyed com.example.sportmatch/com.example.sportmatch.MainActivity$_9236#133229
01-31 00:23:18.084  1100  1100 I Layer   : id=133240 Destroyed Surface(name=ActivityRecord{d7e74c u0 com.example.sportmatch/.MainActivity} t17311})/@0x69d88d7 - animation-bounds#133240
01-31 00:23:18.084  1100  1100 I Layer   : id=133239 Destroyed Surface(name=ActivityRecord{d7e74c u0 com.example.sportmatch/.MainActivity} t17311})/@0x69d88d7 - animation-leash of app_transition#133239
01-31 00:23:18.084  1100  1100 I Layer   : id=133246 Destroyed Bottom Edge Extension#133246
01-31 00:23:18.084  1100  1100 I Layer   : id=133247 Destroyed bbq-wrapper#133247
01-31 00:23:18.085  1100  1153 I SurfaceFlinger: id=133221 Removed e4ab7f ActivityRecordInputSink com.example.sportmatch/.MainActivity#133221 (264)
01-31 00:23:18.088 28559 31960 I [PASS][SPASS]EasySigninProvider: query called from com.samsung.android.samsungpassautofill
01-31 00:23:18.090  1426  1485 W WindowManager: lockNow pending, ignore updating lockscreen timeout
01-31 00:23:18.091  9375  9375 I [SPAF]DataSamsungPass: No matched [credential]
01-31 00:23:18.092  9375  9375 I [SPAF]AutofillRepo: dataMap: 0
01-31 00:23:18.093 28559 31960 I [PASS][SPASS]EasySigninProvider: call method in provider use_keyboard_autofill
01-31 00:23:18.093  1100  1100 D SurfaceFlinger: Display 4633128672291735932 HWC layers:
01-31 00:23:18.093  1100  1100 D SurfaceFlinger:      DEVICE | 0xb400007704b5bd10 | 0102 | RGBA_8888    |    0.0    0.0 1080.0 2400.0 |    0    0 1080 2400 | com.example.sportmatch/com.example.sportmatch.LoginActivity$_9236#133236
01-31 00:23:18.093  1100  1100 D SurfaceFlinger:      DEVICE | 0xb400007704b53d50 | 0100 | RGBA_8888    |    0.0    0.0 1080.0   88.0 |    0    0 1080   88 | StatusBar$_2448#94
01-31 00:23:18.093  1100  1100 D SurfaceFlinger:      DEVICE | 0xb400007704b4f590 | 0100 | RGBA_8888    |    0.0    0.0   67.0  342.0 |    0 1504   67 1846 | com.samsung.android.app.cocktailbars[...]vice.CocktailBarService$_5767#133211
01-31 00:23:18.093  1100  1100 D SurfaceFlinger:      DEVICE | 0xb400007704b6bc90 | 0100 | RGBA_8888    |    0.0    0.0 1080.0  135.0 |    0 2265 1080 2400 | NavigationBar0$_2448#88
01-31 00:23:18.093  1100  1100 D SurfaceFlinger:
01-31 00:23:18.095  1100  1100 I Layer   : id=133242 removeFromCurrentState Surface(name=ActivityRecord{12b7343 u0 com.example.sportmatch/.LoginActivity} t17311})/@0x111a21c - animation-leash of app_transition#133242 (264)
01-31 00:23:18.095  1100  1100 I Layer   : id=133249 removeFromCurrentState Top Edge Extension#133249 (264)
01-31 00:23:18.095  1100  1100 I Layer   : id=133250 removeFromCurrentState bbq-wrapper#133250 (264)
01-31 00:23:18.095  1100  1100 I Layer   : id=133249 removeFromCurrentState Top Edge Extension#133249 (264)
01-31 00:23:18.095  1100  1100 I Layer   : id=133250 removeFromCurrentState bbq-wrapper#133250 (264)
01-31 00:23:18.095  1100  1100 I Layer   : id=133243 removeFromCurrentState Surface(name=ActivityRecord{12b7343 u0 com.example.sportmatch/.LoginActivity} t17311})/@0x111a21c - animation-bounds#133243 (264)
01-31 00:23:18.095  1100  1100 I Layer   : id=133214 removeFromCurrentState ActivityRecord{d7e74c u0 com.example.sportmatch/.MainActivity} t17311}#133214 (264)
01-31 00:23:18.095  1100  1100 I Layer   : id=133221 removeFromCurrentState e4ab7f ActivityRecordInputSink com.example.sportmatch/.MainActivity#133221 (264)
01-31 00:23:18.095  1100  1100 D SurfaceFlinger: [input] inputWindowCommands.focusRequests size is 1
01-31 00:23:18.095  1100  1100 I SurfaceFlinger: id=133250 Removed bbq-wrapper#133250 (264)
01-31 00:23:18.095  1100  1100 I SurfaceFlinger: id=133242 Removed Surface(name=ActivityRecord{12b7343 u0 com.example.sportmatch/.LoginActivity} t17311})/@0x111a21c - animation-leash of app_transition#133242 (264)
01-31 00:23:18.095  1100  1100 I SurfaceFlinger: id=133249 Removed Top Edge Extension#133249 (264)
01-31 00:23:18.095  1100  1100 I SurfaceFlinger: id=133243 Removed Surface(name=ActivityRecord{12b7343 u0 com.example.sportmatch/.LoginActivity} t17311})/@0x111a21c - animation-bounds#133243 (264)
01-31 00:23:18.095  1100  1100 I SurfaceFlinger: id=133214 Removed ActivityRecord{d7e74c u0 com.example.sportmatch/.MainActivity} t17311}#133214 (264)
01-31 00:23:18.095  9375  9375 I [PASS][SDK]j: getState
01-31 00:23:18.095  9375  9375 I [PASS][SDK]l: isSignedIn
01-31 00:23:18.095  9375  9375 I [PASS][SDK]l: getBooleanAttribute : is_signed_in
01-31 00:23:18.095  1100  1100 I Layer   : id=133214 Destroyed ActivityRecord{d7e74c u0 com.example.sportmatch/.MainActivity} t17311}#133214
01-31 00:23:18.095  1100  1100 I Layer   : id=133221 Destroyed e4ab7f ActivityRecordInputSink com.example.sportmatch/.MainActivity#133221
01-31 00:23:18.095  1100  1100 I Layer   : id=133243 Destroyed Surface(name=ActivityRecord{12b7343 u0 com.example.sportmatch/.LoginActivity} t17311})/@0x111a21c - animation-bounds#133243
01-31 00:23:18.095  1100  1100 I Layer   : id=133242 Destroyed Surface(name=ActivityRecord{12b7343 u0 com.example.sportmatch/.LoginActivity} t17311})/@0x111a21c - animation-leash of app_transition#133242
01-31 00:23:18.095  1426  1485 W WindowManager: lockNow pending, ignore updating lockscreen timeout
01-31 00:23:18.095  1100  1100 I Layer   : id=133249 Destroyed Top Edge Extension#133249
01-31 00:23:18.096  1100  1100 I Layer   : id=133250 Destroyed bbq-wrapper#133250
01-31 00:23:18.097  1100  1210 D SurfaceFlinger: [input] setFocusedWindow: 21fdb5 com.example.sportmatch/com.example.sportmatch.LoginActivity
01-31 00:23:18.097  1426  4482 D InputDispatcher: Focus request (0): 21fdb5 com.example.sportmatch/com.example.sportmatch.LoginActivity but waiting because NO_WINDOW
01-31 00:23:18.098  1426  2489 D InputDispatcher: Focus entered window (0): 21fdb5 com.example.sportmatch/com.example.sportmatch.LoginActivity
01-31 00:23:18.098  9375  9375 I [SPAF]PassController: SamsungPass.isActivated() : true
01-31 00:23:18.099  9375  9375 I [SPAF]PassController: isFingerprintRegistered: true
01-31 00:23:18.099  9375  9375 I [SPAF]PassController: hasEnrolledIrises: false
01-31 00:23:18.099  1426  3460 I MediaSessionMonitor: Media session stopped : controllerList empty
01-31 00:23:18.099 28559 31960 I [PASS][SPASS]WalletSettingsProvider: call method: getBiometricSwitchEnabled
01-31 00:23:18.099 28559 31960 W [PASS][CMN]PackageUtil: Can not find package [com.samsung.android.spay]
01-31 00:23:18.100 28559 31960 W [PASS][CMN]PackageUtil: Can not find package [com.samsung.android.spaymini]
01-31 00:23:18.100  9236  9236 I MSHandlerLifeCycle: removeMultiSplitHandler: no exist. decor=DecorView@1b5311[LoginActivity]
01-31 00:23:18.100 28559 31960 W [PASS][CMN]PackageUtil: Can not find package [com.samsung.android.spay]
01-31 00:23:18.100 28559 31960 W [PASS][CMN]PackageUtil: Can not find package [com.samsung.android.spaymini]
01-31 00:23:18.101 28559 31960 W [PASS][CMN]PackageUtil: Can not find package [com.samsung.android.spay]
01-31 00:23:18.101 28559 31960 W [PASS][CMN]PackageUtil: Can not find package [com.samsung.android.spaymini]
01-31 00:23:18.101 28559 31960 I [PASS][CMN]WalletUtil: getWalletMigrated : false
01-31 00:23:18.101  9375  9375 I [PASS][SDK]j: getState
01-31 00:23:18.101  9375  9375 I [PASS][SDK]l: getEnabledAuthenticators
01-31 00:23:18.101  9375  9375 I [PASS][SDK]l: getStringAttribute : enabled_authenticators
01-31 00:23:18.102  1100  1153 I SurfaceFlinger: id=133256 Removed Surface(name=719c3fd NavigationBar0)/@0xe9d3c89 - animation-leash of insets_animation#133256 (258)
01-31 00:23:18.102  1100  1153 I SurfaceFlinger: id=133255 Removed Surface(name=c2abcc7 StatusBar)/@0x2f665b7 - animation-leash of insets_animation#133255 (258)
01-31 00:23:18.103  9236  9236 I ViewRootImpl@ba65e91[InstrumentationActivityInvoker$EmptyActivity]: handleAppVisibility mAppVisible = true visible = false
01-31 00:23:18.103 28559 31960 I [PASS][SPASS]WalletSettingsProvider: call method: getBiometricSwitchEnabled
01-31 00:23:18.103  9236  9236 I ViewRootImpl@b6f5aff[MainActivity]: handleAppVisibility mAppVisible = true visible = false
01-31 00:23:18.103  9236  9236 I ViewRootImpl@ba65e91[InstrumentationActivityInvoker$EmptyActivity]: MSG_WINDOW_FOCUS_CHANGED 0 0
01-31 00:23:18.103 28559 31960 W [PASS][CMN]PackageUtil: Can not find package [com.samsung.android.spay]
01-31 00:23:18.104  9236  9236 I ViewRootImpl@70a5d2f[LoginActivity]: MSG_WINDOW_FOCUS_CHANGED 1 0
01-31 00:23:18.104 28559 31960 W [PASS][CMN]PackageUtil: Can not find package [com.samsung.android.spaymini]
01-31 00:23:18.104  9236  9236 I ViewRootImpl@70a5d2f[LoginActivity]: mThreadedRenderer.initializeIfNeeded()#2 mSurface={isValid=true 0xb4000072bb6f1ac0}
01-31 00:23:18.104 28559 31960 W [PASS][CMN]PackageUtil: Can not find package [com.samsung.android.spay]
01-31 00:23:18.104 28559 31960 W [PASS][CMN]PackageUtil: Can not find package [com.samsung.android.spaymini]
01-31 00:23:18.105 28559 31960 W [PASS][CMN]PackageUtil: Can not find package [com.samsung.android.spay]
01-31 00:23:18.105 28559 31960 W [PASS][CMN]PackageUtil: Can not find package [com.samsung.android.spaymini]
01-31 00:23:18.105 28559 31960 I [PASS][CMN]WalletUtil: getWalletMigrated : false
01-31 00:23:18.106  5767  5767 I ActivityUtils: HomePackage : com.sec.android.app.launcher, resumePackageName : com.example.sportmatch
01-31 00:23:18.108  9375  9375 I [PASS][SDK]l: Enabled Authenticators : Fingerprint
01-31 00:23:18.108  9375  9375 I [SPAF]PassController: SamsungPass.getEnabledAuthenticators size: 1
01-31 00:23:18.108  9375  9375 I [SPAF]PassController: isActivated : true
01-31 00:23:18.108 28559 31960 I [PASS][SPASS]WalletSettingsProvider: call method: getBiometricSwitchEnabled
01-31 00:23:18.108 28559 31960 W [PASS][CMN]PackageUtil: Can not find package [com.samsung.android.spay]
01-31 00:23:18.109 28559 31960 W [PASS][CMN]PackageUtil: Can not find package [com.samsung.android.spaymini]
01-31 00:23:18.109 28559 31960 W [PASS][CMN]PackageUtil: Can not find package [com.samsung.android.spay]
01-31 00:23:18.109 28559 31960 W [PASS][CMN]PackageUtil: Can not find package [com.samsung.android.spaymini]
01-31 00:23:18.110 28559 31960 W [PASS][CMN]PackageUtil: Can not find package [com.samsung.android.spay]
01-31 00:23:18.110 28559 31960 W [PASS][CMN]PackageUtil: Can not find package [com.samsung.android.spaymini]
01-31 00:23:18.110 28559 31960 I [PASS][CMN]WalletUtil: getWalletMigrated : false
01-31 00:23:18.110  9375  9375 I [PASS][SDK]j: getState
01-31 00:23:18.110  9375  9375 I [PASS][SDK]l: getEnabledAuthenticators
01-31 00:23:18.110  9375  9375 I [PASS][SDK]l: getStringAttribute : enabled_authenticators
01-31 00:23:18.111 28559 28945 I [PASS][SPASS]WalletSettingsProvider: call method: getBiometricSwitchEnabled
01-31 00:23:18.111  1100  1100 I Layer   : id=133255 Destroyed Surface(name=c2abcc7 StatusBar)/@0x2f665b7 - animation-leash of insets_animation#133255
01-31 00:23:18.112  1100  1100 I Layer   : id=133256 Destroyed Surface(name=719c3fd NavigationBar0)/@0xe9d3c89 - animation-leash of insets_animation#133256
01-31 00:23:18.112 28559 28945 W [PASS][CMN]PackageUtil: Can not find package [com.samsung.android.spay]
01-31 00:23:18.112 28559 28945 W [PASS][CMN]PackageUtil: Can not find package [com.samsung.android.spaymini]
01-31 00:23:18.112 28559 28945 W [PASS][CMN]PackageUtil: Can not find package [com.samsung.android.spay]
01-31 00:23:18.113 28559 28945 W [PASS][CMN]PackageUtil: Can not find package [com.samsung.android.spaymini]
01-31 00:23:18.113 28559 28945 W [PASS][CMN]PackageUtil: Can not find package [com.samsung.android.spay]
01-31 00:23:18.114 28559 28945 W [PASS][CMN]PackageUtil: Can not find package [com.samsung.android.spaymini]
01-31 00:23:18.114 28559 28945 I [PASS][CMN]WalletUtil: getWalletMigrated : false
01-31 00:23:18.117  9375  9375 I [PASS][SDK]l: Enabled Authenticators : Fingerprint
01-31 00:23:18.117  9375  9375 I [SPAF]PassController: SamsungPass.getEnabledAuthenticators size: 1
01-31 00:23:18.120 28559 28945 I [PASS][SPASS]EasySigninProvider: call method in provider check_smart_switch_data_exists
01-31 00:23:18.120  9375  9375 E [SPAF]AutofillSaveDialogReceiver: Register Cancel!!! value : 0
01-31 00:23:18.122  9375  9375 E [SPAF]AutofillSaveDialogReceiver: Register Never!!! value : 999
01-31 00:23:18.126  9375  9375 I [SPAF]PassController: Pass initialize duration: 232 - Successful
01-31 00:23:18.139  9236  9236 D InputMethodManager: startInputInner - Id : 0
01-31 00:23:18.139  9236  9236 I InputMethodManager: startInputInner - mService.startInputOrWindowGainedFocus
01-31 00:23:18.140  1426  2528 D InputMethodManagerService: mDesktopModeManager null!
01-31 00:23:18.140  1426  2528 V InputMethodManagerService: getDisplayIdOfInputMethodWindowToBeAdded: displayId=0
01-31 00:23:18.140  1426  2528 D InputMethodManagerService: isImeSwitcherDisabledPackage : false
01-31 00:23:18.140  1426  2528 D InputMethodManagerService: checkDisplayOfStartInputAndUpdateKeyboard: displayId=0, mFocusedDisplayId=0
01-31 00:23:18.140  1426  2528 D InputTransport: Input channel constructed: 'ClientS', fd=905
01-31 00:23:18.140  1426  2528 D InputTransport: Input channel destroyed: 'ClientS', fd=905
01-31 00:23:18.142  9236  9293 D OpenGLRenderer: setSurface called with nullptr
01-31 00:23:18.142  9236  9293 D OpenGLRenderer: setSurface() destroyed EGLSurface
01-31 00:23:18.142  9236  9293 D OpenGLRenderer: destroyEglSurface
01-31 00:23:18.143  9236  9236 I ViewRootImpl@ba65e91[InstrumentationActivityInvoker$EmptyActivity]: performTraversals mFirst=false windowShouldResize=false viewVisibilityChanged=true mForceNextWindowRelayout=false params=null
01-31 00:23:18.143  6115  6115 I HBD     : HoneyBoardService onFinishInput
01-31 00:23:18.143  6115  6115 I HBD     : a IC have been unbinding,  RemoteInputConnection{idHash=#11d3e34}
01-31 00:23:18.144  6115  6115 I HBD     : HoneyBoardService [PF_CL][onFinishInput]  0 ms
01-31 00:23:18.144  6115  6115 I HBD     : HoneyBoardService [IMI] onStartInput - caller pid : 9236 , caller uid : 10438
01-31 00:23:18.145  6115  6115 I HBD     : j updateConfigs
01-31 00:23:18.145  6115  6115 I HBD     : j isEnabledNightMode : true
01-31 00:23:18.146  6115  6115 I HBD     : a IC have been binding, RemoteInputConnection{idHash=#11d3e34}
01-31 00:23:18.146  6115  6115 I HBD     : h [EditorInputType]setPrivateImeOptionsToTable privateImeOptions ( null )
01-31 00:23:18.146  6115  6115 I HBD     : b incognitoMode : false
01-31 00:23:18.146  1100  1333 I SurfaceFlinger: id=133261 createSurf flag=24004, Surface(name=1e49913 InputMethod)/@0x940201a - animation-leash of insets_animation#133261
01-31 00:23:18.146  6115  6115 I HBD     : b needOff = true , isForceOff = false, isNullInputClass : true
01-31 00:23:18.147  6115  6115 I HBD     : h getDefaultInputRange : UNKNOWN
01-31 00:23:18.147  6115  6115 I HBD     : h getDefaultInputRange : UNKNOWN
01-31 00:23:18.147  6115  6115 I HBD     : h getDefaultInputRange : UNKNOWN
01-31 00:23:18.147  1426  4476 V WindowManager: Relayout Window{8834686 u0 com.example.sportmatch/androidx.test.core.app.InstrumentationActivityInvoker$EmptyActivity}: viewVisibility=8 req=1080x2400 d0
01-31 00:23:18.147  8598  9352 V FA-SVC  : Logging event: origin=auto,name=screen_view(_vs),params=Bundle[{ga_event_origin(_o)=auto, ga_previous_class(_pc)=EmptyActivity, ga_previous_id(_pi)=3525424499626767141, ga_screen_class(_sc)=LoginActivity, ga_screen_id(_si)=3525424499626767140}]
01-31 00:23:18.149  1426  4476 W WindowManager: lockNow pending, ignore updating lockscreen timeout
01-31 00:23:18.149  6115  6115 I HBD     : b needOff = true , isForceOff = false, isNullInputClass : true
01-31 00:23:18.149  6115  6115 I HBD     : b update cached prediction status : false
01-31 00:23:18.150  6115  6115 I HBD     : h getDefaultInputRange : UNKNOWN
01-31 00:23:18.150  6115  6115 I HBD     : a currentState : 0
01-31 00:23:18.150  6115  6115 I HBD     : a [UpdatePolicy] [post] a: 0 cl: 65538 kit: [0/0] vt: 0 ir: 1
01-31 00:23:18.150  6115  6115 I HBD     : a [NRIC] resetNoResponseState
01-31 00:23:18.150  6115  6115 I HBD     : b needOff = true , isForceOff = false, isNullInputClass : true
01-31 00:23:18.150  6115  6115 I HBD     : b update cached prediction status : false
01-31 00:23:18.152  6115  6115 I HBD     : HoneyBoardService [PF_OP][onStartInput]  8 ms
01-31 00:23:18.155 25557 25593 I RecentModel: onTaskStackChangedBackground
01-31 00:23:18.155  1426  4476 V WindowManager: Relayout hash=8834686, pid=9236, syncId=-1: mAttrs={(0,0)(fillxfill) sim={adjust=pan forwardNavigation} ty=BASE_APPLICATION
01-31 00:23:18.155  1426  4476 V WindowManager:   fl=81810100
01-31 00:23:18.155  1426  4476 V WindowManager:   pfl=12020040
01-31 00:23:18.155  1426  4476 V WindowManager:   bhv=DEFAULT
01-31 00:23:18.155  1426  4476 V WindowManager:   fitSides= naviIconColor=0}
01-31 00:23:18.157  8598  9352 V FA-SVC  : Upload scheduled in approximately ms: 919791
01-31 00:23:18.157  8598  9352 V FA-SVC  : Unscheduling upload
01-31 00:23:18.158  9236  9236 I ViewRootImpl@ba65e91[InstrumentationActivityInvoker$EmptyActivity]: Relayout returned: old=(0,0,1080,2400) new=(0,0,1080,2400) req=(1080,2400)8 dur=14 res=0x2 s={false 0x0} ch=true seqId=0
01-31 00:23:18.158  8598  9352 V FA-SVC  : Scheduling upload, millis: 919791
01-31 00:23:18.159  1426  1485 W WindowManager: lockNow pending, ignore updating lockscreen timeout
01-31 00:23:18.159  8598  9352 V FA-SVC  : Background event processing time, ms: 13
01-31 00:23:18.162  1100  1100 I Layer   : id=133258 removeFromCurrentState Surface(name=1e49913 InputMethod)/@0x940201a - animation-leash of insets_animation#133258 (257)
01-31 00:23:18.162  1100  1100 I SurfaceFlinger: id=133258 Removed Surface(name=1e49913 InputMethod)/@0x940201a - animation-leash of insets_animation#133258 (257)
01-31 00:23:18.163  1100  1100 I Layer   : id=133258 Destroyed Surface(name=1e49913 InputMethod)/@0x940201a - animation-leash of insets_animation#133258
01-31 00:23:18.164 12143  8794 W NetworkScheduler: Error inserting flex_time=919000 job_id=-1 period=1840000 source=16 requires_charging=0 preferred_network_type=1 target_class=com.google.android.gms.measurement.PackageMeasurementTaskService user_id=0 target_package=com.google.android.gms tag=Measurement.PackageMeasurementTaskService.UPLOAD_TASK_TAG task_type=0 required_idleness_state=0 service_kind=0 source_version=240213000 persistence_level=1 preferred_charging_state=1 required_network_type=0 runtime=1706653398164 retry_strategy={"maximum_backoff_seconds":{"3600":0},"initial_backoff_seconds":{"30":0},"retry_policy":{"0":0}} last_runtime=0 [CONTEXT service_id=218 ]
01-31 00:23:18.164 12143  8794 W NetworkScheduler: android.database.sqlite.SQLiteConstraintException: UNIQUE constraint failed: pending_ops.tag, pending_ops.target_class, pending_ops.target_package, pending_ops.user_id (code 2067 SQLITE_CONSTRAINT_UNIQUE[2067])
01-31 00:23:18.164 12143  8794 W NetworkScheduler: 	at android.database.sqlite.SQLiteConnection.nativeExecuteForLastInsertedRowId(Native Method)
01-31 00:23:18.164 12143  8794 W NetworkScheduler: 	at android.database.sqlite.SQLiteConnection.executeForLastInsertedRowId(SQLiteConnection.java:1275)
01-31 00:23:18.164 12143  8794 W NetworkScheduler: 	at android.database.sqlite.SQLiteSession.executeForLastInsertedRowId(SQLiteSession.java:790)
01-31 00:23:18.164 12143  8794 W NetworkScheduler: 	at android.database.sqlite.SQLiteStatement.executeInsert(SQLiteStatement.java:89)
01-31 00:23:18.164 12143  8794 W NetworkScheduler: 	at android.database.sqlite.SQLiteDatabase.insertWithOnConflict(SQLiteDatabase.java:2410)
01-31 00:23:18.164 12143  8794 W NetworkScheduler: 	at android.database.sqlite.SQLiteDatabase.insertOrThrow(SQLiteDatabase.java:2305)
01-31 00:23:18.164 12143  8794 W NetworkScheduler: 	at crnw.d(:com.google.android.gms@240213038@24.02.13 (190400-599553831):743)
01-31 00:23:18.164 12143  8794 W NetworkScheduler: 	at crmd.n(:com.google.android.gms@240213038@24.02.13 (190400-599553831):29)
01-31 00:23:18.164 12143  8794 W NetworkScheduler: 	at crmd.u(:com.google.android.gms@240213038@24.02.13 (190400-599553831):362)
01-31 00:23:18.164 12143  8794 W NetworkScheduler: 	at crmd.h(:com.google.android.gms@240213038@24.02.13 (190400-599553831):51)
01-31 00:23:18.164 12143  8794 W NetworkScheduler: 	at crhi.run(:com.google.android.gms@240213038@24.02.13 (190400-599553831):72)
01-31 00:23:18.164 12143  8794 W NetworkScheduler: 	at akki.c(:com.google.android.gms@240213038@24.02.13 (190400-599553831):50)
01-31 00:23:18.164 12143  8794 W NetworkScheduler: 	at akki.run(:com.google.android.gms@240213038@24.02.13 (190400-599553831):97)
01-31 00:23:18.164 12143  8794 W NetworkScheduler: 	at java.util.concurrent.ThreadPoolExecutor.runWorker(ThreadPoolExecutor.java:1145)
01-31 00:23:18.164 12143  8794 W NetworkScheduler: 	at java.util.concurrent.ThreadPoolExecutor$Worker.run(ThreadPoolExecutor.java:644)
01-31 00:23:18.164 12143  8794 W NetworkScheduler: 	at akpt.run(:com.google.android.gms@240213038@24.02.13 (190400-599553831):8)
01-31 00:23:18.164 12143  8794 W NetworkScheduler: 	at java.lang.Thread.run(Thread.java:1012)
01-31 00:23:18.164  9236  9236 I ViewRootImpl@ba65e91[InstrumentationActivityInvoker$EmptyActivity]: stopped(true) old = false
01-31 00:23:18.164  9236  9236 I ViewRootImpl@ba65e91[InstrumentationActivityInvoker$EmptyActivity]: WindowStopped on com.example.sportmatch/androidx.test.core.app.InstrumentationActivityInvoker$EmptyActivity set to true
01-31 00:23:18.167  9236  9236 D LifecycleMonitor: Lifecycle status change: androidx.test.core.app.InstrumentationActivityInvoker$EmptyActivity@74f65d2 in: STOPPED
01-31 00:23:18.167  9236  9236 V ActivityScenario: Activity lifecycle changed event received but ignored because the intent does not match. startActivityIntent=Intent { act=android.intent.action.MAIN cat=[android.intent.category.LAUNCHER] flg=0x10008000 cmp=com.example.sportmatch/.MainActivity }, activity.getIntent()=Intent { act=android.intent.action.MAIN cat=[android.intent.category.LAUNCHER] flg=0x10000000 cmp=com.example.sportmatch/androidx.test.core.app.InstrumentationActivityInvoker$EmptyActivity }, activity=androidx.test.core.app.InstrumentationActivityInvoker$EmptyActivity@74f65d2
01-31 00:23:18.168  9236  9236 I MSHandlerLifeCycle: removeMultiSplitHandler: no exist. decor=DecorView@6b83cc[InstrumentationActivityInvoker$EmptyActivity]
01-31 00:23:18.170  9236  9236 D LifecycleMonitor: Lifecycle status change: androidx.test.core.app.InstrumentationActivityInvoker$EmptyActivity@74f65d2 in: DESTROYED
01-31 00:23:18.170  9236  9236 V ActivityScenario: Activity lifecycle changed event received but ignored because the intent does not match. startActivityIntent=Intent { act=android.intent.action.MAIN cat=[android.intent.category.LAUNCHER] flg=0x10008000 cmp=com.example.sportmatch/.MainActivity }, activity.getIntent()=Intent { act=android.intent.action.MAIN cat=[android.intent.category.LAUNCHER] flg=0x10000000 cmp=com.example.sportmatch/androidx.test.core.app.InstrumentationActivityInvoker$EmptyActivity }, activity=androidx.test.core.app.InstrumentationActivityInvoker$EmptyActivity@74f65d2
01-31 00:23:18.171  9236  9236 I MSHandlerLifeCycle: removeMultiSplitHandler: no exist. decor=DecorView@6b83cc[InstrumentationActivityInvoker$EmptyActivity]
01-31 00:23:18.171  9236  9293 D OpenGLRenderer: setSurface called with nullptr
01-31 00:23:18.171  9236  9236 I ViewRootImpl@ba65e91[InstrumentationActivityInvoker$EmptyActivity]: dispatchDetachedFromWindow
01-31 00:23:18.171  1426  2528 D InputTransport: Input channel destroyed: '8834686', fd=896
01-31 00:23:18.172  1426  2528 W InputManager-JNI: Input channel object '8834686 com.example.sportmatch/androidx.test.core.app.InstrumentationActivityInvoker$EmptyActivity (client)' was disposed without first being removed with the input manager!
01-31 00:23:18.172  1426  2528 D InputTransport: Input channel destroyed: '8834686', fd=897
01-31 00:23:18.173  1426  2528 W WindowManager: lockNow pending, ignore updating lockscreen timeout
01-31 00:23:18.174  9236  9236 D InputTransport: Input channel destroyed: '8834686', fd=170
01-31 00:23:18.175  1100  1333 I SurfaceFlinger: id=133257 Removed ba674d ActivityRecordInputSink com.example.sportmatch/androidx.test.core.app.InstrumentationActivityInvoker$EmptyActivity#133257 (256)
01-31 00:23:18.177  1426  2528 D InputMethodManagerService: isImeSwitcherDisabledPackage : false
01-31 00:23:18.178  1100  1100 I Layer   : id=133254 removeFromCurrentState com.example.sportmatch/androidx.test.core.app.InstrumentationActivityInvoker$EmptyActivity$_9236#133254 (256)
01-31 00:23:18.179  6115  6115 I InputMethodService: removeImeSurface
01-31 00:23:18.179  1100  1100 I Layer   : id=133253 removeFromCurrentState 8834686 com.example.sportmatch/androidx.test.core.app.InstrumentationActivityInvoker$EmptyActivity#133253 (256)
01-31 00:23:18.179  1100  1100 I SurfaceFlinger: id=133254 Removed com.example.sportmatch/androidx.test.core.app.InstrumentationActivityInvoker$EmptyActivity$_9236#133254 (256)
01-31 00:23:18.179  1100  1100 I SurfaceFlinger: id=133253 Removed 8834686 com.example.sportmatch/androidx.test.core.app.InstrumentationActivityInvoker$EmptyActivity#133253 (256)
01-31 00:23:18.179  9236  9277 I TestRunner: finished: testMainActivityComponents(com.example.sportmatch.MainActivityTest)
