01-30 20:26:56.327  5133  5199 I BWU@VoiceWakeupInfo: Ph_keyword : hibixby, isKeywordEnrolled : false [ForkJoinPool.commonPool-worker-4]
01-30 20:26:56.327  5133  5199 I BWU@VoiceWakeupInfo: Ph_getWakeupKeywordType: hibixby [ForkJoinPool.commonPool-worker-4]
01-30 20:26:56.327  5133  5199 I BWU@VoiceWakeupInfo: Ph_getWakeupKeywordType : KeywordType{mode=FIXED, keyword='hibixby', supported=true}, mode : 0 [ForkJoinPool.commonPool-worker-4]
01-30 20:26:56.328  9871  9892 I BCL@Common: (SettingsProvider) query, content://com.samsung.android.bixby.agent.common.settings/bixby_locale
01-30 20:26:56.328  9871  9892 I BCL@Common: (SdkInitializerDelegator) initialize()
01-30 20:26:56.328  9871  9892 I BCL@BixbyApp: (SdkInitializer) initialize()
01-30 20:26:56.329  5133  5199 I BWU@BixbyAgentInfo: Ph_bixbyLocale : en_GB [ForkJoinPool.commonPool-worker-4]
01-30 20:26:56.330  5133  5199 I BWU@KeywordPreference: Ph_getLocale unknown @ pref android.app.SharedPreferencesImpl@b8899f4 [ForkJoinPool.commonPool-worker-4]
01-30 20:26:56.330  9871  9930 I engmode_client_list: EM_version = 20
01-30 20:26:56.330  9871  9892 I BCL@Common: (SettingsProvider) query, content://com.samsung.android.bixby.agent.common.settings/bixby_locale
01-30 20:26:56.330  9871  9892 I BCL@Common: (SdkInitializerDelegator) initialize()
01-30 20:26:56.330  9871  9892 I BCL@BixbyApp: (SdkInitializer) initialize()
01-30 20:26:56.332  5133  5199 I BWU@BixbyAgentInfo: Ph_bixbyLocale : en_GB [ForkJoinPool.commonPool-worker-4]
01-30 20:26:56.332  5133  5199 I BWU@VoiceWakeupInfo: Ph_getWakeupKeywordType: hibixby [ForkJoinPool.commonPool-worker-4]
01-30 20:26:56.332   534   534 I lmkd    : 0(delay), 50(swap), 5(freelimit), 0(reentrymode) memory pressure events were skipped after a kill!
01-30 20:26:56.332  5133  5199 I BWU@VoiceWakeupInfo: Ph_keyword : hibixby, isKeywordEnrolled : false [ForkJoinPool.commonPool-worker-4]
01-30 20:26:56.332  5133  5199 I BWU@VoiceWakeupInfo: Ph_getWakeupDefaultKeyword Locale : en_GB isSanxingxiaobeiKeywordSupport false [ForkJoinPool.commonPool-worker-4]
01-30 20:26:56.332  5133  5199 I BWU@KeywordPreference: Ph_getLocale unknown @ pref android.app.SharedPreferencesImpl@b8899f4 [ForkJoinPool.commonPool-worker-4]
01-30 20:26:56.333  9871  9892 I BCL@Common: (SettingsProvider) query, content://com.samsung.android.bixby.agent.common.settings/bixby_locale
01-30 20:26:56.333  9871  9892 I BCL@Common: (SdkInitializerDelegator) initialize()
01-30 20:26:56.333  9871  9892 I BCL@BixbyApp: (SdkInitializer) initialize()
01-30 20:26:56.334  5133  5199 I BWU@BixbyAgentInfo: Ph_bixbyLocale : en_GB [ForkJoinPool.commonPool-worker-4]
01-30 20:26:56.335  5133  5199 I BWU@VoiceWakeupInfo: Ph_getWakeupKeywordType: hibixby [ForkJoinPool.commonPool-worker-4]
01-30 20:26:56.336  5133  5199 I BWU@VoiceWakeupInfo: Ph_keyword : hibixby, isKeywordEnrolled : false [ForkJoinPool.commonPool-worker-4]
01-30 20:26:56.337  5133  5199 I BWU@VoiceWakeupInfo: Ph_getWakeupKeywordType: hibixby [ForkJoinPool.commonPool-worker-4]
01-30 20:26:56.340  5133  5199 I KWV     : KWV version : 4.2.1
01-30 20:26:56.342  6115  6115 I HBD     : d1 ous -  7 ,  7 ,  8 ,  8 ,  -1 ,  -1
01-30 20:26:56.342  6115  6115 I HBD     : l0 EBD cm S 0
01-30 20:26:56.343  1426  3022 D InputDispatcher: Inject key (9712/10438): action=1, f=0x8, d=-1, time=329754955000000
01-30 20:26:56.343  1426  3022 D WindowManager: interceptKeyTq interceptKeyResult=1
01-30 20:26:56.344  9871  9930 I engmode_hidl_client_service: com.samsung.android.bixby.agent. com.samsung.android.bixby.agent. 10054. 0
01-30 20:26:56.344  9871  9930 I engmode_hidl_client_service: process is com.samsung.android.bixby.agent
01-30 20:26:56.344  9871  9930 I engmode_hidl_client_service: com.samsung.android.bixby.agent called getstatus (0xf)
01-30 20:26:56.344  9871  9930 I engmode_client_list: checkClient: [ProcessName = com.samsung.android.bixby.agent]
01-30 20:26:56.344  9871  9930 I engmode_client_list: Signature check completed
01-30 20:26:56.344  9871  9930 I engmode_hidl_client_service: Caller check succes
01-30 20:26:56.344  5133  5199 I BWU@VerifierAdapter: Ph_verifier :: z5.i@aa6516 [ForkJoinPool.commonPool-worker-4]
01-30 20:26:56.345  5133  5199 I BWU@DeviceInfo: Ph_salesCode  = EUX [ForkJoinPool.commonPool-worker-4]
01-30 20:26:56.345   595   595 I engmode_hidl_service: Connect to service
01-30 20:26:56.346  1426  1711 I InputDispatcher: Delivering key to (9712): action: 0x1 (0), f=0x8, m=0x0, d=0, '6a904a9'
01-30 20:26:56.346  5133  5199 I BWU@DeviceInfo: Ph_isShopDemo : false [ForkJoinPool.commonPool-worker-4]
01-30 20:26:56.346   595   595 I engmode_binder_client: engmode client create
01-30 20:26:56.346   595   595 I engmode_binder_client: EM version = 30.5.01
01-30 20:26:56.347  5133  5199 I BWU@DeviceInfo: Ph_isVzwShopDemo : false [ForkJoinPool.commonPool-worker-4]
01-30 20:26:56.347  5133  5199 I BWU@DeviceInfo: Ph_productCode : SM-A536BZKNEUX [ForkJoinPool.commonPool-worker-4]
01-30 20:26:56.347  6115  6115 I HBD     : HoneyBoardService onKeyUp r:891aa4ad consumed:false 0
01-30 20:26:56.347  5133  5199 I BWU@VoiceWakeupInfo: Ph_keyword : hibixby, isKeywordEnrolled : false [ForkJoinPool.commonPool-worker-4]
01-30 20:26:56.348  9712  9712 I ViewRootImpl@ebcc417[RegisterActivity]: ViewPostIme key 1
01-30 20:26:56.349  5133  5199 I BWU@VoiceWakeupInfo: Ph_keyword : bixby, isKeywordEnrolled : false [ForkJoinPool.commonPool-worker-4]
01-30 20:26:56.349  5133  5199 I BWU@DeviceInfo: Ph_salesCode  = EUX [ForkJoinPool.commonPool-worker-4]
01-30 20:26:56.349  5133  5199 I BWU@DeviceInfo: Ph_isShopDemo : false [ForkJoinPool.commonPool-worker-4]
01-30 20:26:56.349  5133  5199 I BWU@DeviceInfo: Ph_isVzwShopDemo : false [ForkJoinPool.commonPool-worker-4]
01-30 20:26:56.349  5133  5199 I BWU@DeviceInfo: Ph_productCode : SM-A536BZKNEUX [ForkJoinPool.commonPool-worker-4]
01-30 20:26:56.350  9871  9892 I BCL@Common: (SettingsProvider) query, content://com.samsung.android.bixby.agent.common.settings/bixby_locale
01-30 20:26:56.350  9871  9892 I BCL@Common: (SdkInitializerDelegator) initialize()
01-30 20:26:56.350  9871  9892 I BCL@BixbyApp: (SdkInitializer) initialize()
01-30 20:26:56.351  1426  3022 D InputDispatcher: Inject key (9712/10438): action=0, f=0x8, d=-1, time=329754962000000
01-30 20:26:56.352  1426  3022 D WindowManager: interceptKeyTq interceptKeyResult=1
01-30 20:26:56.352  5133  5199 I BWU@BixbyAgentInfo: Ph_bixbyLocale : en_GB [ForkJoinPool.commonPool-worker-4]
01-30 20:26:56.353  1426  1711 I InputDispatcher: Delivering key to (9712): action: 0x0 (0), f=0x8, m=0x41, d=0, '6a904a9'
01-30 20:26:56.353  6115  6115 I HBD     : b skip onKeyDown as physical keyboard not connected
01-30 20:26:56.354  6115  6115 I HBD     : HoneyBoardService onKeyDown r:bb3c7b3a consumed:false 1
01-30 20:26:56.355  9712  9712 I ViewRootImpl@ebcc417[RegisterActivity]: ViewPostIme key 0
01-30 20:26:56.357  5133  5199 I TonePlay: Ph_TonePlayer Normal AudioTrack : Thread[ForkJoinPool.commonPool-worker-4,5,main], stream type : 3 [ForkJoinPool.commonPool-worker-4]
01-30 20:26:56.359  9871  9871 I BCL@MainUi: (AbstractProxyReflection) com.samsung.android.app.usage.IUsageStatsWatcher$Stub Create proxy instance for concrete class :
01-30 20:26:56.360   595   595 I engmode_binder_client: engmodeclient.get_server 0xb4000078dd0da490
01-30 20:26:56.360   595   595 I engmode_binder_client: get service done
01-30 20:26:56.364  1086 29522 V APM_AudioPolicyManager: getOutputForAttrInt() attributes={ Content type: AUDIO_CONTENT_TYPE_SPEECH Usage: AUDIO_USAGE_ASSISTANT Source: AUDIO_SOURCE_INVALID Flags: 0x900 Tags:  } stream=AUDIO_STREAM_ASSISTANT session 78937 selectedDeviceId 0
01-30 20:26:56.365  1086 29522 V APM_AudioPolicyManager: getOutputForAttrInt() device {AUDIO_DEVICE_OUT_SPEAKER, @:}, sampling rate 48000, format 0x1, channel mask 0x3, flags 0x4 stream AUDIO_STREAM_ASSISTANT
01-30 20:26:56.365  1086 29522 V APM_AudioPolicyManager: selectOutput new bestOutput 13 criteria 0 100 0 0 0 0 4 2
01-30 20:26:56.365  1086 29522 V APM_AudioPolicyManager: selectOutput new bestOutput 29 criteria 0 100 0 0 0 1 4 0
01-30 20:26:56.365  1086 29522 V APM_AudioPolicyManager: getOutputForAttrInt returns output 29 selectedDeviceId 3
01-30 20:26:56.365  1086 29522 V APM_AudioPolicyManager: getOutputForAttr() returns output 29 requestedPortId 0 selectedDeviceId 3 for port ID 10396
01-30 20:26:56.366   988   998 I engmode_binder_server: EngineeringMode version = 30.5.01,(595/1000)
01-30 20:26:56.366   988   998 I engmode_binder_server: (595/1000) got mutex
01-30 20:26:56.366  1086 29522 I AudioFlinger: nonSecFlag 4, secFlag 0, outputFlags 4
01-30 20:26:56.367   988   998 I engmode_binder_server: acquire_wake_lock : wakelock-emservice
01-30 20:26:56.367   988   998 I engmode_binder_server: onTransact called with 0x00000001
01-30 20:26:56.368   988   998 I engmode_steady: read from steady(11264)
01-30 20:26:56.368   988   998 I engmode_world: Read esi
01-30 20:26:56.370  1086 29522 D AF::TrackHandle: OpPlayAudio: track:7971 usage:16 not muted
01-30 20:26:56.371   988   998 I engmode_steady: read from steady(69632)
01-30 20:26:56.371   988   998 I engmode_world: Read token
01-30 20:26:56.371   988   998 E engmode_world: Unknown token(00/00/00)
01-30 20:26:56.371   988   998 I engmode_binder_server: onTransact(0x00000001) ret 0xd0060012
01-30 20:26:56.372  1086 29522 I AF::Track: setMixerOutConfig return default condition, mixer key 2002, thread key 2002
01-30 20:26:56.372   595   595 E engmode_hidl_service: error to server(0xd0060012)
01-30 20:26:56.372   595   595 I engmode_binder_client: engmode client destructor
01-30 20:26:56.373  5133  5199 I AudioTrack: createTrack_l(0): AUDIO_OUTPUT_FLAG_FAST successful; frameCount 21674 -> 21674
01-30 20:26:56.374  1426  4483 D InputDispatcher: Inject key (9712/10438): action=0, f=0x8, d=-1, time=329754985000000
01-30 20:26:56.375  1426  4483 D SingleKeyGesture: reset counter=0 mActiveRule=null Callers(5)=com.android.server.policy.SingleKeyGestureDetector.interceptKeyDown:453 com.android.server.policy.SingleKeyGestureDetector.interceptKey:399 com.android.server.policy.PhoneWindowManager.handleKeyGesture:5034 com.android.server.policy.PhoneWindowManager.interceptKeyBeforeQueueing:4564 com.android.server.wm.InputManagerCallback.interceptKeyBeforeQueueing:156
01-30 20:26:56.375  9871  9871 I BCL@MainUi: (CoverWindowController) CoverWindowController created.
01-30 20:26:56.375  1426  4483 D WindowManager: interceptKeyTq interceptKeyResult=1
01-30 20:26:56.375  9871  9871 I CapsuleProvider_1.0.20: releasing initialize wait lock.
01-30 20:26:56.376  1426  1711 I InputDispatcher: Delivering key to (9712): action: 0x0 (0), f=0x8, m=0x41, d=0, '6a904a9'
01-30 20:26:56.376  6115  6115 I HBD     : b skip onKeyDown as physical keyboard not connected
01-30 20:26:56.376  6115  6115 I HBD     : HoneyBoardService onKeyDown r:d72a9825 consumed:false 0
01-30 20:26:56.377  9871  9871 E BCL@CoreSvc: (EmClassHelper) Failed to instantiate EmActionHandler : java.lang.ClassNotFoundException: com.samsung.android.bixby.agent2.cphandler.EmActionHandler
01-30 20:26:56.377  9712  9712 I ViewRootImpl@ebcc417[RegisterActivity]: ViewPostIme key 0
01-30 20:26:56.379  9871  9871 E BCL@Vendor: (SecConfigurationService) Null SemDesktopModeManager
01-30 20:26:56.379  9871  9871 I BCL@Common: (BixbyApplications) initializeDelayed
01-30 20:26:56.380  5133  5199 I PhSingleTrack: Ph_PhSingleTrack is created [ForkJoinPool.commonPool-worker-4]
01-30 20:26:56.386  9871  9941 I BCL@Common: (CommonUtils) isProcessName, processName: com.samsung.android.bixby.agent
01-30 20:26:56.387  5133  5199 I PhSingleTrack: Ph_[LatencyCheck] AudioTrack mTotalSamples = 21674 totalBytes:86696, channelCount : 2 dur:451ms [ForkJoinPool.commonPool-worker-4]
01-30 20:26:56.388  5133  5199 I PhSingleTrack: Ph_mDuration : 451, getPlayState : 1 [ForkJoinPool.commonPool-worker-4]
01-30 20:26:56.388  5133  5199 W NativeLibrary: load library
01-30 20:26:56.391  9871  9871 I BCL@CoreSvc: (CoreServiceComponentEnabler) handle() +
01-30 20:26:56.392  9871  9871 I BCL@CoreSvc: (CoreServiceComponentEnabler) updateComponent() : class com.samsung.android.bixby.receiver.HeadSetReceiver | 1
01-30 20:26:56.392  1426  4483 D PackageManager: setEnabledSetting : userId = 0 packageName = com.samsung.android.bixby.agent cmp = com.samsung.android.bixby.receiver.HeadSetReceiver newState = 1 callingPackage = 10054/com.samsung.android.bixby.agent
01-30 20:26:56.393  1426  4483 D ApplicationPolicy: getApplicationStateEnabled : pkg = com.samsung.android.bixby.agent userId : 0
01-30 20:26:56.394  1426  4483 D ApplicationPolicy: getApplicationComponentState : pkg = com.samsung.android.bixby.agent userId : 0
01-30 20:26:56.395  9871  9871 I BCL@CoreSvc: (SqeAutoTestUtils) isSqeTestEnabled: false
01-30 20:26:56.395  9871  9871 I BCL@CoreSvc: (CoreServiceComponentEnabler) updateComponent() : class com.samsung.android.bixby.agent.receivers.SqeAutoTestReceiver | 2
01-30 20:26:56.396  1426  3022 D PackageManager: setEnabledSetting : userId = 0 packageName = com.samsung.android.bixby.agent cmp = com.samsung.android.bixby.agent.receivers.SqeAutoTestReceiver newState = 2 callingPackage = 10054/com.samsung.android.bixby.agent
01-30 20:26:56.396  9871  9871 I BCL@CoreSvc: (CoreServiceComponentEnabler) updateComponent() : class com.samsung.android.bixby.receiver.token.BootCompleteReceiver | 2
01-30 20:26:56.397  1426  3022 D PackageManager: setEnabledSetting : userId = 0 packageName = com.samsung.android.bixby.agent cmp = com.samsung.android.bixby.receiver.token.BootCompleteReceiver newState = 2 callingPackage = 10054/com.samsung.android.bixby.agent
01-30 20:26:56.397  9871  9871 I BCL@CoreSvc: (CoreServiceComponentEnabler) updateComponent() : class com.samsung.android.bixby.receiver.token.LazyBootCompleteReceiver | 1
01-30 20:26:56.398  1426  4483 D PackageManager: setEnabledSetting : userId = 0 packageName = com.samsung.android.bixby.agent cmp = com.samsung.android.bixby.receiver.token.LazyBootCompleteReceiver newState = 1 callingPackage = 10054/com.samsung.android.bixby.agent
01-30 20:26:56.399  1426  4483 D ApplicationPolicy: getApplicationStateEnabled : pkg = com.samsung.android.bixby.agent userId : 0
01-30 20:26:56.399  1426  4483 D ApplicationPolicy: getApplicationComponentState : pkg = com.samsung.android.bixby.agent userId : 0
01-30 20:26:56.400  9871  9871 E BCL@CoreSvc: (EmClassHelper) Failed to get ActorNormalAccessibilityService class
01-30 20:26:56.407  6115  6115 I HBD     : d1 ous -  8 ,  8 ,  9 ,  9 ,  -1 ,  -1
01-30 20:26:56.407  6115  6115 I HBD     : l0 EBD cm S 0
01-30 20:26:56.410  1426  4483 D InputDispatcher: Inject key (9712/10438): action=1, f=0x8, d=-1, time=329755019000000
01-30 20:26:56.410  1426  4483 D WindowManager: interceptKeyTq interceptKeyResult=1
01-30 20:26:56.410  1426  1711 I InputDispatcher: Delivering key to (9712): action: 0x1 (0), f=0x8, m=0x41, d=0, '6a904a9'
01-30 20:26:56.411  6115  6115 I HBD     : HoneyBoardService onKeyUp r:58c3052f consumed:false 0
01-30 20:26:56.412  9712  9712 I ViewRootImpl@ebcc417[RegisterActivity]: ViewPostIme key 1
01-30 20:26:56.415  1426  4483 D InputDispatcher: Inject key (9712/10438): action=1, f=0x8, d=-1, time=329755027000000
01-30 20:26:56.415  1426  4483 D WindowManager: interceptKeyTq interceptKeyResult=1
01-30 20:26:56.416  1426  1711 I InputDispatcher: Delivering key to (9712): action: 0x1 (0), f=0x8, m=0x0, d=0, '6a904a9'
01-30 20:26:56.416  9871  9871 I BCL@CoreSvc: (CoreServiceComponentEnabler) isProvisionNeeded =false
01-30 20:26:56.416  9871  9871 I BCL@CoreSvc: (CoreServiceComponentEnabler) updateComponent() : class com.samsung.android.bixby.WinkService | 0
01-30 20:26:56.417  6115  6115 I HBD     : HoneyBoardService onKeyUp r:ffd35380 consumed:false 0
01-30 20:26:56.417  1426  3022 D PackageManager: setEnabledSetting : userId = 0 packageName = com.samsung.android.bixby.agent cmp = com.samsung.android.bixby.WinkService newState = 0 callingPackage = 10054/com.samsung.android.bixby.agent
01-30 20:26:56.418  9712  9712 I ViewRootImpl@ebcc417[RegisterActivity]: ViewPostIme key 1
01-30 20:26:56.418  1426  3022 D ApplicationPolicy: getApplicationStateEnabled : pkg = com.samsung.android.bixby.agent userId : 0
01-30 20:26:56.419  1426  3022 D ApplicationPolicy: getApplicationComponentState : pkg = com.samsung.android.bixby.agent userId : 0
01-30 20:26:56.420  9871  9871 I BCL@Common: (CallUiUtils) changeCallComponent
01-30 20:26:56.421  9871  9871 I BCL@CoreSvc: (CoreServiceComponentEnabler) handle() -
01-30 20:26:56.421  9871  9871 I BCL@Common: (VolumeChangeReceiver) initialize() +
01-30 20:26:56.422  9871  9871 I BCL@Common: (CommonUtils) isProcessName, processName: com.samsung.android.bixby.agent
01-30 20:26:56.424  9871  9940 I BCL@Common: (VolumeChangeReceiver) bixby volume changed - stream type : 11 | volume : 6
01-30 20:26:56.424  9871  9871 I BCL@Common: (VolumeChangeReceiver) initialize() -
01-30 20:26:56.424  9871  9871 I BCL@Common: /PERF/BixbyApplication onCreate() end
01-30 20:26:56.425  9871  9871 I BCL@CoreSvc: (WinkService) /PERF/performance WinkService.onCreate() start
01-30 20:26:56.427  9871  9871 I BCL@CoreSvc: (WinkService) setProcessImportant(true)
01-30 20:26:56.428  5133  5199 I VADLibrary: register_android_vad_interface
01-30 20:26:56.429  9871  9871 W BCL@CoreSvc: (Session) Going to re-create session ID, last = null
01-30 20:26:56.429  5133  5199 I DisplayManagerUtils: Ph_DEFAULT getState : 2 [ForkJoinPool.commonPool-worker-4]
01-30 20:26:56.429  5133  5199 I BWU@VerifierAdapter: Ph_[bixby_latency] MARK::init start [ForkJoinPool.commonPool-worker-4]
01-30 20:26:56.429  5133  5199 I BWU@E2ECoreWrapper: Ph_prepared :: mConfig - null, config - E2EConfig{isAecEnabled=false, isDebugEnabled=false, isEnrollMode=false, keywordType=hibixby} [ForkJoinPool.commonPool-worker-4]
01-30 20:26:56.431  9871  9871 I BCL@CoreSvc: (ConversationInfo) setPreviousGoalId :
01-30 20:26:56.431  5133  5199 I KWV     : KWV Initialize
01-30 20:26:56.431  9871  9871 I BCL@CoreSvc: (Session) setWinkServiceForeground: true
01-30 20:26:56.431  9871  9871 I BCL@CoreSvc: (WinkService) enableProcessImportant() done, state = IMPORTANT
01-30 20:26:56.431  5133  5199 I KWV     : KWV Config
01-30 20:26:56.431  5133  5199 I KWV     : Locale: en_GB
01-30 20:26:56.431  5133  5199 I KWV     : Recognition Engine: TENSORFLOW
01-30 20:26:56.431  5133  5199 I KWV     : Audio buffer format: PCM_RAW
01-30 20:26:56.431  5133  5199 I KWV     : Model Type = HI_BIXBY_WAKEUP
01-30 20:26:56.431  5133  5199 I KWV     : Decoder Type = NORMAL_DECODER
01-30 20:26:56.431  5133  5199 I KWV     : Verify Type = VERIFY
01-30 20:26:56.431  5133  5199 I KWV     : Wakeup word : HiBixby
01-30 20:26:56.431  9871  9871 I BCL@CoreSvc: (ExecutionHelper) bind(): true
01-30 20:26:56.432  5133  5199 I RecognitionManager: setSpeechRecognitionListener: c6.b$b@d77c86d
01-30 20:26:56.432  5133  5199 I RecognitionManager: initialize() State: NULL
01-30 20:26:56.432  5133  5199 I RecognitionManager: create KwvDecoderEngine()
01-30 20:26:56.432  9871  9871 E BCL@Common: (ParentalCareUtils) cursor is null
01-30 20:26:56.434  1426  2368 I ChimeraAggressivePolicyHandler: executePolicy() - triggerSource: TRIGGER_SOURCE_LMKD
01-30 20:26:56.436  1426  2368 I ChimeraAggressivePolicyHandler: available memory: 1371068, free memory target: 1255424, quit chimera
01-30 20:26:56.439  1426  3022 D InputDispatcher: Inject key (9712/10438): action=0, f=0x8, d=-1, time=329755051000000
01-30 20:26:56.439  1426  3022 D WindowManager: interceptKeyTq interceptKeyResult=1
01-30 20:26:56.439  1426  1711 I InputDispatcher: Delivering key to (9712): action: 0x0 (0), f=0x8, m=0x0, d=0, '6a904a9'
01-30 20:26:56.440  6115  6115 I HBD     : b skip onKeyDown as physical keyboard not connected
01-30 20:26:56.441  6115  6115 I HBD     : HoneyBoardService onKeyDown r:1392d99d consumed:false 1
01-30 20:26:56.441  9871  9945 I BCL@OnboardingSdk: (DeviceRegistrationUseCase) isDeviceUpdated(), recordedLanguage : en-GB, currentLanguage : en-GB, recordedCountryCode : RO, currentCountryCode : RO
01-30 20:26:56.441  5133  5199 I KwvDecoderEngine: State changed to NULL
01-30 20:26:56.441  9871  9945 I BCL@BixbyApp: (BixbyApplications) succeeded to register user device
01-30 20:26:56.442  9712  9712 I ViewRootImpl@ebcc417[RegisterActivity]: ViewPostIme key 0
01-30 20:26:56.442  5133  9952 I KwvDecoderWorker: Loading Model File from Asset
01-30 20:26:56.443  5133  5199 I KWVCmdQueue: ForkJoinWorkerThread : posted CreateCmd
01-30 20:26:56.443  5133  9952 I KwvDecoderWorker: currentModelBuffer: 639688
01-30 20:26:56.443  5133  9952 I KwvDecoderWorker: currentModelFilename: hibixby/tf2.11-tflite-model/ftmkwv_v4.13.0_hibixby_model_int8.tflite
01-30 20:26:56.451  5133  9952 I org.tensorflow.lite.d: Loaded native library: tensorflowlite_jni
01-30 20:26:56.452  9871  9871 I BCL@CoreSvc: (ExecutionHelper) bindService()
01-30 20:26:56.455  5133  9952 I org.tensorflow.lite.d: Didn't load native library: tensorflowlite_jni_gms_client
01-30 20:26:56.457  9871  9871 I BCL@CoreSvc: (WinkService) /PERF/performance WinkService.onCreate() end
01-30 20:26:56.457  9871  9871 I BCL@CoreSvc: (WinkService) /PERF/performance WinkService.onStartCommand() start
01-30 20:26:56.459  6115  6115 I HBD     : d1 ous -  9 ,  9 ,  10 ,  10 ,  -1 ,  -1
01-30 20:26:56.459  6115  6115 I HBD     : l0 EBD cm S 0
01-30 20:26:56.460  9871  9871 I BCL@CoreSvc: (OnDeviceBixbyFeatureChecker) setIsAvailable: not set yet [false]
01-30 20:26:56.461  1426  3022 D InputDispatcher: Inject key (9712/10438): action=1, f=0x8, d=-1, time=329755072000000
01-30 20:26:56.461  1426  3022 D WindowManager: interceptKeyTq interceptKeyResult=1
01-30 20:26:56.461  9871  9871 E BCL@Common: (OnDeviceBixbyPackageManager) isLanguagePackageInstalled Exception : com.samsung.android.bixby.ondevice.engb
01-30 20:26:56.461  9871  9871 I BCL@CoreSvc: (OnDeviceBixbyFeatureChecker) setIsAvailable - feature: not set yet [1]
01-30 20:26:56.462  9871  9871 E BCL@Common: (OnDeviceBixbyPackageManager) isLanguagePackageInstalled Exception : com.samsung.android.bixby.ondevice.engb
01-30 20:26:56.462  9871  9871 I BCL@CoreSvc: (DummyOnDeviceCesConnection) bindOnDeviceService is not supported
01-30 20:26:56.462  9871  9871 I BCL@CoreSvc: (WinkService) performance onStartCommand()
01-30 20:26:56.463  9871  9871 I BCL@CoreSvc: (BixbyKeyEvent) cannot find ExtraValue. get Screen State from PowerManager : true
01-30 20:26:56.463  1426  1711 I InputDispatcher: Delivering key to (9712): action: 0x1 (0), f=0x8, m=0x0, d=0, '6a904a9'
01-30 20:26:56.463  9871  9871 I BCL@CoreSvc: (WakeupConsumer) got Intent. action = com.samsung.android.bixby.action.PRE_WAKEUP_LAUNCH_BIXBY
01-30 20:26:56.464  6115  6115 I HBD     : HoneyBoardService onKeyUp r:a8b3967f consumed:false 0
01-30 20:26:56.464  9712  9712 I ViewRootImpl@ebcc417[RegisterActivity]: ViewPostIme key 1
01-30 20:26:56.466  9871  9871 I BCL@CoreSvc: (WakeupConsumer) [bixby_latency]::key = [kwd_detection]
01-30 20:26:56.467  9871  9871 I BCL@Analyzer: (LatencyAnalyzerManager) onCreate()
01-30 20:26:56.467  9871  9871 I BCL@CoreSvc: (BixbyController) onPreWakeup
01-30 20:26:56.467  9871  9945 I BCL@Analyzer: (LatencyAnalyzerManager) init
01-30 20:26:56.467  9871  9945 I BCL@Analyzer: (LatencyAnalyzerManager) setEvent, event = [1000], time = [329754271]
01-30 20:26:56.467  9871  9871 I BCL@CoreSvc: (WakeUpHandler) handlePreIntent()
01-30 20:26:56.467  9871  9871 I BCL@CoreSvc: (ExecutionHelper) Pending command - add
01-30 20:26:56.467  9871  9871 I BCL@CoreSvc: (ExecutionHelper) bind(): true
01-30 20:26:56.467  9871  9871 I BCL@CoreSvc: (ExecutionHelper) bindService()
01-30 20:26:56.469  9871  9871 I BCL@CoreSvc: (WinkService) /PERF/performance WinkService.onStartCommand() end: 2
01-30 20:26:56.469  1426  3022 D InputDispatcher: Inject key (9712/10438): action=0, f=0x8, d=-1, time=329755079000000
01-30 20:26:56.470  1426  3022 D WindowManager: interceptKeyTq interceptKeyResult=1
01-30 20:26:56.470  1426  1711 I InputDispatcher: Delivering key to (9712): action: 0x0 (0), f=0x8, m=0x0, d=0, '6a904a9'
01-30 20:26:56.471  6115  6115 I HBD     : b skip onKeyDown as physical keyboard not connected
01-30 20:26:56.472  6115  6115 I HBD     : HoneyBoardService onKeyDown r:7ddbf8c5 consumed:false 1
01-30 20:26:56.473  9871  9871 I BCL@CoreSvc: (BixbyCoreService) onCreate()
01-30 20:26:56.473  9712  9712 I ViewRootImpl@ebcc417[RegisterActivity]: ViewPostIme key 0
01-30 20:26:56.474  9871  9871 I BCL@CoreSvc: (CoreService) performance CoreService() start
01-30 20:26:56.475  9871  9871 E BCL@Common: (OnDeviceBixbyPackageManager) isLanguagePackageInstalled Exception : com.samsung.android.bixby.ondevice.engb
01-30 20:26:56.476  9871  9871 I BCL@CoreSvc: (DummyOnDeviceCesConnection) bindOnDeviceService is not supported
01-30 20:26:56.477  9871  9871 I BCL@CoreSvc: (BixbyHistory) create BixbyHistory
01-30 20:26:56.478  9871  9871 I BCL@CoreSvc: (SmartAssistDelegatorImpl) Constructor called..
01-30 20:26:56.478  9871  9871 I BCL@CoreSvc: (MdwContextContainer) MdwContextContainer()
01-30 20:26:56.478  9871  9871 I BCL@CoreSvc: (SpeechRecognizer) setUsingAsyncMdeContextEventFlagSupplier()
01-30 20:26:56.479  9871  9871 I BCL@CoreSvc: (AsrRequestDelegator) setUsingAsyncMdeContextEventFlagSupplier()
01-30 20:26:56.479  9871  9871 W BCL@CoreSvc: (Renderer) Encryption is disabled
01-30 20:26:56.479  9871  9871 I BCL@CoreSvc: (Renderer) checkRendererContentDir
01-30 20:26:56.483  9871  9956 W BCL@CoreSvc: (Session) Going to re-create session ID, last = tr-20240130T202656.430Z-a85e64b5
01-30 20:26:56.484  9871  9956 I BCL@CoreSvc: (ConversationInfo) setPreviousGoalId :
01-30 20:26:56.486  9871  9871 I BCL@CoreSvc: (RendererLifeCycleObserver) onCreate
01-30 20:26:56.487  9871  9956 I BCL@CoreSvc: (AuthenticationManager) onCreate
01-30 20:26:56.487  9871  9871 I BCL@CoreSvc: (EndPointBroadcastReceiver) registerEndPointsBroadcastReceivers
01-30 20:26:56.488  9871  9956 I BCL@CoreSvc: (CloudServiceLifeCycleObserver) onCreate()
01-30 20:26:56.488  9871  9956 I BCL@CoreSvc: (MetadataCredentials) MetadataCredentials created +
01-30 20:26:56.489  9871  9871 I BCL@CoreSvc: (PackageUpdateReceiver) registerPackageUpdateReceiver
01-30 20:26:56.490  6115  6115 I HBD     : d1 ous -  10 ,  10 ,  11 ,  11 ,  -1 ,  -1
01-30 20:26:56.491  1067  1067 I sysinput:Touch: writeInformation:249, OK
01-30 20:26:56.491  1426  1726 D SysinputHAL_V1_3(V1_2): runTspCmdNoRead(1): set_grip_data,1,45,7,15,720,15,2400(0)
01-30 20:26:56.492  6115  6115 I HBD     : l0 EBD cm S 0
01-30 20:26:56.492  1426  4483 D InputDispatcher: Inject key (9712/10438): action=1, f=0x8, d=-1, time=329755103000000
01-30 20:26:56.492  1426  4483 D WindowManager: interceptKeyTq interceptKeyResult=1
01-30 20:26:56.494  1426  1711 I InputDispatcher: Delivering key to (9712): action: 0x1 (0), f=0x8, m=0x0, d=0, '6a904a9'
01-30 20:26:56.494  6115  6115 I HBD     : HoneyBoardService onKeyUp r:aba2f16d consumed:false 0
01-30 20:26:56.495  9712  9712 I ViewRootImpl@ebcc417[RegisterActivity]: ViewPostIme key 1
01-30 20:26:56.497  9871  9871 I BCL@CoreSvc: (BixbyTracker) Init BixbyTracker
01-30 20:26:56.497  9871  9871 I BCL@CoreSvc: (SettingsDataManagerObserver) Do subscribe
01-30 20:26:56.497  9871  9871 I BCL@Common: (CallUiUtils) changeCallComponent
01-30 20:26:56.497  9871  9871 I BCL@Common: (CallUiUtils) Already running.. skip
01-30 20:26:56.497  9871  9871 I BCL@CoreSvc: (TtsManager) onCreate
01-30 20:26:56.497  9871  9871 E BCL@CoreSvc: (TtsService) setInterceptor
01-30 20:26:56.497  9871  9871 I BCL@CoreSvc: (TtsService) init 218314207
01-30 20:26:56.498  9871  9871 I PhTrackManager: Ph_setCodec : (samsung_multi_ptts) [main]
01-30 20:26:56.498  1426  4483 D InputDispatcher: Inject key (9712/10438): action=0, f=0x8, d=-1, time=329755109000000
01-30 20:26:56.499  1426  4483 D WindowManager: interceptKeyTq interceptKeyResult=1
01-30 20:26:56.499  1426  1711 I InputDispatcher: Delivering key to (9712): action: 0x0 (0), f=0x8, m=0x0, d=0, '6a904a9'
01-30 20:26:56.500  6115  6115 I HBD     : b skip onKeyDown as physical keyboard not connected
01-30 20:26:56.501  6115  6115 I HBD     : HoneyBoardService onKeyDown r:67084977 consumed:false 1
01-30 20:26:56.502  9712  9712 I ViewRootImpl@ebcc417[RegisterActivity]: ViewPostIme key 0
01-30 20:26:56.506  9871  9871 I BCL@CoreSvc: (SmartAssistDelegatorImpl) onCreate..
01-30 20:26:56.506  9871  9956 I BCL@CoreSvc: (MetadataCredentials) MetadataCredentials created -
01-30 20:26:56.506  9871  9871 I BCL@CoreSvc: (NlEpdWrapperManager) onCreate
01-30 20:26:56.507  9871  9956 I CloudService: Ph_constructor @66842811 [CoreService]
01-30 20:26:56.508  9871  9956 I BCL@CoreSvc: (CloudService) filter : true,  true
01-30 20:26:56.508  9871  9956 I BCL@CoreSvc: (BixbyCoreConfig) getCurrentGrpcEndpoint()
01-30 20:26:56.509  5133  9952 I tflite  : Initialized TensorFlow Lite runtime.
01-30 20:26:56.509  9871  9871 I BCL@CoreSvc: (MediaStateManager) MediaStateManager()
01-30 20:26:56.509  9871  9871 I BCL@CoreSvc: (MediaStateManager) init()
01-30 20:26:56.509  9871  9871 I BCL@CoreSvc: (BixbyCoreService) performance onBind()
01-30 20:26:56.514  9871  9956 I BCL@CoreSvc: (ProvisionUtil) getting the address from the provisioning: https://prd-euw1-user.aibixby.com
01-30 20:26:56.514  9871  9956 I BCL@OnDeviceTesting: (OnDeviceTestingHelper) ODT v2.0 isOnDeviceTestingEnabled : NONE
01-30 20:26:56.514  9871  9956 I BCL@CoreSvc: (BixbyCoreConfig) onDeviceTesting feature is OFF
01-30 20:26:56.515  9871  9941 I BCL@CoreSvc: (CloudService) filter : true,  false
01-30 20:26:56.515  9871  9956 I BCL@CoreSvc: (BixbyCoreConfig) getCurrentGrpcEndpoint()
01-30 20:26:56.515  9871  9941 I BCL@CoreSvc: (CloudService) isEndpointChanged : true
01-30 20:26:56.515  9871  9941 I BCL@CoreSvc: (CloudService) endpoint is changed
01-30 20:26:56.515  9871  9941 I BCL@CoreSvc: (CloudService) [bixby_latency]::key = [channel], extra = [start]
01-30 20:26:56.515  9871  9956 I BCL@CoreSvc: (ProvisionUtil) getting the address from the provisioning: https://prd-euw1-user.aibixby.com
01-30 20:26:56.516  9871  9956 I BCL@OnDeviceTesting: (OnDeviceTestingHelper) ODT v2.0 isOnDeviceTestingEnabled : NONE
01-30 20:26:56.516  9871  9956 I BCL@CoreSvc: (BixbyCoreConfig) onDeviceTesting feature is OFF
01-30 20:26:56.516  9871  9956 I BCL@CoreSvc: (BixbyCoreConfig) getCurrentGrpcEndpoint()
01-30 20:26:56.516  9871  9941 I BCL@CoreSvc: (GrpcHeaderManager) shouldUseMdeValues: false
01-30 20:26:56.516  9871  9941 I BCL@CoreSvc: (GrpcHeaderManager) setHeader()+
01-30 20:26:56.516  9871  9956 I BCL@CoreSvc: (ProvisionUtil) getting the address from the provisioning: https://prd-euw1-user.aibixby.com
01-30 20:26:56.517  9871  9956 I BCL@OnDeviceTesting: (OnDeviceTestingHelper) ODT v2.0 isOnDeviceTestingEnabled : NONE
01-30 20:26:56.518  5133  9952 W libc    : Access denied finding property "ro.mediatek.platform"
01-30 20:26:56.519   981   981 E audit   : type=1400 audit(1706639216.513:860618): avc:  denied  { read } for  pid=5133 comm="TensorFlowLite" name="u:object_r:media_plat_prop:s0" dev="tmpfs" ino=292 scontext=u:r:system_app:s0 tcontext=u:object_r:media_plat_prop:s0 tclass=file permissive=0 SEPF_SM-A536B_12_0001 audit_filtered
01-30 20:26:56.519  9871  9956 I BCL@CoreSvc: (BixbyCoreConfig) onDeviceTesting feature is OFF
01-30 20:26:56.519  9871  9956 I BCL@CoreSvc: (GrpcHeaderManager) shouldUseMdeValues: false
01-30 20:26:56.520  9871  9956 I BCL@CoreSvc: (GrpcHeaderManager) setHeader()+
01-30 20:26:56.520  9871  9871 I BCL@CoreSvc: (MediaStateManager) changeControllers()
01-30 20:26:56.523  1426  1444 D MediaSessionRecord: registering controller callback android.media.session.ISessionControllerCallback$Stub$Proxy@6d3ad87 from controller com.samsung.android.bixby.agent
01-30 20:26:56.523  9871  9940 I BCL@CoreSvc: (MediaStateManager) updateMediaControllers() +
01-30 20:26:56.525  9871  9940 I BCL@CoreSvc: (MediaStateManager) update() +
01-30 20:26:56.525  9871  9940 I BCL@CoreSvc: (MediaStateManager) update() - skip : media controller is null
01-30 20:26:56.525  9871  9940 I BCL@CoreSvc: (MediaStateManager) updateMediaControllers() -
01-30 20:26:56.526  9871  9871 I BCL@CoreSvc: (ExecutionHelper) performance BixbyCoreService connected
01-30 20:26:56.526  9871  9871 I BCL@CoreSvc: (BixbyCoreService) registerCoreListener is triggered
01-30 20:26:56.526  9871  9871 I BCL@CoreSvc: (ExecutionHelper) mBixbyCoreService is already initialized
01-30 20:26:56.526  9871  9871 I BCL@CoreSvc: (ExecutionHelper) Pending command - run
01-30 20:26:56.526  9871  9871 I BCL@CoreSvc: (SpeechRecognizer) setCoreInputMethodType(), coreInputMethodType = CoreInputMethodType.WAKEUP{ type=HANDS_FREE_MODE, audioInputType=5 }
01-30 20:26:56.526  9871  9871 I BCL@Common: (Features) HEF mode : true
01-30 20:26:56.526  9871  9871 I BCL@CoreSvc: (DrivingModeSession) initialize
01-30 20:26:56.527  9871  9871 I BCL@Common: (NavigationAppUtils) getFocusedNavigationPackage(), 45, false
01-30 20:26:56.530  9871  9871 I BCL@CoreSvc: (DrivingModeSession) DrivingMode is not initialized yet
01-30 20:26:56.530  9871  9871 I BCL@CoreSvc: (DrivingModeSession) initialize
01-30 20:26:56.531  9871  9871 I BCL@Common: (NavigationAppUtils) getFocusedNavigationPackage(), 45, false
01-30 20:26:56.532  6115  6115 I HBD     : d1 ous -  11 ,  11 ,  12 ,  12 ,  -1 ,  -1
01-30 20:26:56.533  6115  6115 I HBD     : l0 EBD cm S 0
01-30 20:26:56.533  9871  9871 I BCL@CoreSvc: (BixbyController) isDrivingMode = false
01-30 20:26:56.533  9871  9871 I BCL@CoreSvc: (RecordingStartHelper) createRecordingUi
01-30 20:26:56.534  9871  9871 I BCL@CoreSvc: (RecordingStartHelper) getBundleWithCurrentSourceType: CoreInputMethodType.WAKEUP{ type=HANDS_FREE_MODE, audioInputType=5 }
01-30 20:26:56.534  9871  9871 I BCL@CoreSvc: (WindowHelper) prepareConversationUi
01-30 20:26:56.534  9871  9871 I BCL@MainUi: (BixbyUiStateController) setCurrentState posted - new state: PREPARE, current state: NONE
01-30 20:26:56.534  9871  9871 I BCL@CoreSvc: (PerformStateObserver) isRunningState  : true
01-30 20:26:56.534  9871  9871 I BCL@CoreSvc: (ExecutionHelper) postUnbindWithDelay 10000
01-30 20:26:56.534  9871  9871 I BCL@CoreSvc: (ExecutionHelper) Pending command - run finished
01-30 20:26:56.534  9871  9871 I BCL@CoreSvc: (ExecutionHelper) Pending command - clear
01-30 20:26:56.534  9871  9871 I BCL@CoreSvc: (ExecutionHelper) postUnbindWithDelay 10000
01-30 20:26:56.534  9871  9871 I BCL@MainUi: (BixbyUiStateController) processState: start with PREPARE
01-30 20:26:56.534  9871  9871 I BCL@MainUi: (FlexCapsuleWindowController) setState() start : PREPARE
01-30 20:26:56.534  9871  9871 I BCL@MainUi: (FlexCapsuleWindowController) updateWakeup - is Wakeup?  true
01-30 20:26:56.534  9871  9871 I BCL@MainUi: (BixbyWindowManager) prepareWindow /start/ : class com.samsung.android.bixby.agent.mainui.main.view.FlexCapsuleWindow
01-30 20:26:56.535  1426  1444 D InputDispatcher: Inject key (9712/10438): action=1, f=0x8, d=-1, time=329755145000000
01-30 20:26:56.535  1426  1444 D WindowManager: interceptKeyTq interceptKeyResult=1
01-30 20:26:56.536  1426  1711 I InputDispatcher: Delivering key to (9712): action: 0x1 (0), f=0x8, m=0x0, d=0, '6a904a9'
01-30 20:26:56.537  6115  6115 I HBD     : HoneyBoardService onKeyUp r:fef9ae88 consumed:false 0
01-30 20:26:56.538  9871  9871 I BCL@MainUi: (BixbyWindowFactory) createWindow clazz:class com.samsung.android.bixby.agent.mainui.main.view.FlexCapsuleWindow hash:261127973 duration:4
01-30 20:26:56.538  9871  9871 I BCL@MainUi: (FlexCapsuleWindow) onCreate
01-30 20:26:56.538  9871  9871 I BCL@MainUi: (BixbyWindow) [FlexCapsuleWindow:261127973] onCreate
01-30 20:26:56.538  9871  9871 I BCL@MainUi: (BixbyUiStateController) bindCesService
01-30 20:26:56.538  9871  9871 I BCL@MainUi: (CesService) bind
01-30 20:26:56.538  9712  9712 I ViewRootImpl@ebcc417[RegisterActivity]: ViewPostIme key 1
01-30 20:26:56.543  5133  9952 I tflite  : Created TensorFlow Lite XNNPACK delegate for CPU.
01-30 20:26:56.543  9871  9941 I BCL@CoreSvc: (MetadataCredentials) setMetadata() +
01-30 20:26:56.543  9871  9941 I BCL@OnDeviceTesting: (OnDeviceTestingHelper) ODT v2.0 isOnDeviceTestingEnabled : NONE
01-30 20:26:56.543  9871  9941 I BCL@CoreSvc: (MetadataCredentials) setMetadata() ++
01-30 20:26:56.544  9871  9941 I BCL@CoreSvc: (MetadataCredentials) setMetadata() --
01-30 20:26:56.544  9871  9941 I BCL@CoreSvc: (MetadataCredentials) setMetadata() -
01-30 20:26:56.544  9871  9941 I BCL@CoreSvc: (GrpcHeaderManager) setHeader()-
01-30 20:26:56.544  9871  9941 I BCL@CoreSvc: (CloudService) createChannel(), address = prd-euw1-user.aibixby.com, port = 443
01-30 20:26:56.544  9871  9941 I BCL@CoreSvc: (ChannelCreator) create() : address = prd-euw1-user.aibixby.com, port = 443
01-30 20:26:56.544  5133  9952 I KwvDecoderEngine: State changed to LOADED
01-30 20:26:56.544  9871  9941 I BCL@CoreSvc: (ChannelCreator) create()
01-30 20:26:56.544  5133  9952 I KwvDecoderEngine: KwvDecoderEngine:create()
01-30 20:26:56.544  5133  9952 I KwvDecoderEngine: State changed to CREATED
01-30 20:26:56.544  5133  9952 I KwvDecoderEngine: Loading  KWV Decoder Engine :: success
01-30 20:26:56.544  1426  1444 D InputDispatcher: Inject key (9712/10438): action=0, f=0x8, d=-1, time=329755155000000
01-30 20:26:56.544  1426  1444 D WindowManager: interceptKeyTq interceptKeyResult=1
01-30 20:26:56.545  1426  1711 I InputDispatcher: Delivering key to (9712): action: 0x0 (0), f=0x8, m=0x0, d=0, '6a904a9'
01-30 20:26:56.545  5133  5199 I RecognitionManager: State changed to INIT
01-30 20:26:56.545  6115  6115 I HBD     : b skip onKeyDown as physical keyboard not connected
01-30 20:26:56.545  5133  5199 I RecognitionManager: prepareRecognition() State: INIT
01-30 20:26:56.546  6115  6115 I HBD     : HoneyBoardService onKeyDown r:75fa671e consumed:false 1
01-30 20:26:56.546  5133  5199 I KWVCmdQueue: ForkJoinWorkerThread : posted StartCmd
01-30 20:26:56.546  5133  5199 I RecognitionManager: State changed to READY
01-30 20:26:56.545  9871  9956 I BCL@CoreSvc: (MetadataCredentials) setMetadata() +
01-30 20:26:56.546  9712  9712 I ViewRootImpl@ebcc417[RegisterActivity]: ViewPostIme key 0
01-30 20:26:56.546  9871  9956 I BCL@OnDeviceTesting: (OnDeviceTestingHelper) ODT v2.0 isOnDeviceTestingEnabled : NONE
01-30 20:26:56.546  9871  9956 I BCL@CoreSvc: (MetadataCredentials) setMetadata() ++
01-30 20:26:56.546  9871  9956 I BCL@CoreSvc: (MetadataCredentials) setMetadata() --
01-30 20:26:56.546  9871  9956 I BCL@CoreSvc: (MetadataCredentials) setMetadata() -
01-30 20:26:56.546  9871  9956 I BCL@CoreSvc: (GrpcHeaderManager) setHeader()-
01-30 20:26:56.546  9871  9871 I BCL@MainUi: (CoverUseCase) setCoverType: NONE
01-30 20:26:56.546  9871  9956 I BCL@CoreSvc: (CloudService) registerDefaultNetworkCallback()
01-30 20:26:56.547  9871  9871 I BCL@MainUi: (CoverUseCase) setCoverOpened true
01-30 20:26:56.547  9871  9871 I BCL@MainUi: (BixbyUiStateController) notifyCesServiceBound()
01-30 20:26:56.547  9871  9871 I BCL@MainUi: (PendingCommand) executePendingCommand(), size = 0
01-30 20:26:56.547  9871  9956 I BCL@CoreSvc: (CloudService) unregisterDefaultNetworkCallback()
01-30 20:26:56.548  9871  9871 I BCL@MainUi: (FlexCapsuleWindowController) onCesServiceBound
01-30 20:26:56.548  5133  9952 I KwvDecoderEngine: KwvDecoderEngine:start() in state CREATED
01-30 20:26:56.548  5133  9952 I KwvDecoderEngine: State changed to READY
01-30 20:26:56.548  5133  9952 I KwvDecoderEngine: Preparing KWV Decoder Engine :: success
01-30 20:26:56.548  9871  9871 I BCL@MainUi: (UiEventBus) subscribe(1) TYPING_COMMAND_WINDOW_SHOW, qq.a@93f2f4c
01-30 20:26:56.548  5133  9952 I RecognitionManager: KWV notifyStatus.
01-30 20:26:56.548  5133  9952 I RecognitionManager: complete onLoadingComplete callback
01-30 20:26:56.548  9871  9871 I VerificationLog: onCreate
01-30 20:26:56.549  9871  9871 I BCL@MainUi: (FlexCapsuleWindow) onCreateView
01-30 20:26:56.549  5133  5199 I BWU@E2ECoreWrapper: Ph_setConfig: null -> E2EConfig{isAecEnabled=false, isDebugEnabled=false, isEnrollMode=false, keywordType=hibixby} [ForkJoinPool.commonPool-worker-4]
01-30 20:26:56.550  9871  9964 I BCL@MainUi: (ActivityWatcher) Register usageStatsWatcher
01-30 20:26:56.552  5133  5199 I BWU@E2ECoreWrapper: Ph_prepared : true [ForkJoinPool.commonPool-worker-4]
01-30 20:26:56.553  5133  5199 I BWU@E2EVerifier: Ph_prepare : true [ForkJoinPool.commonPool-worker-4]
01-30 20:26:56.553  5133  5199 I VADLibrary: [VoiceActivityDetector](0) - construct(VER : 4230828)
01-30 20:26:56.553  5133  5199 I VADLibrary: [VoiceActivityDetector](0) - init (mode : 1, channel : 1, samplerate : 16000)
01-30 20:26:56.553  5133  5199 I VADLibrary: [VADFactory] - create Default Model TF(0)
01-30 20:26:56.554  5133  5199 I VADLibrary: [PostProcess] - 1st(6, 13, 0.60), 2nd(2, 13, 0.40)
01-30 20:26:56.555  1426  2528 D ConnectivityService: requestNetwork for uid/pid:10054/9871 activeRequest: null callbackRequest: 31798 [NetworkRequest [ REQUEST id=31799, [ Capabilities: INTERNET&NOT_RESTRICTED&TRUSTED&NOT_VCN_MANAGED Uid: 10054 RequestorUid: 10054 RequestorPkg: com.samsung.android.bixby.agent UnderlyingNetworks: Null] ]] callback flags: 0 order: 2147483647
01-30 20:26:56.557  1426  2325 D ConnectivityService:    accepting network in place of null
01-30 20:26:56.560  9871  9956 I BTProfileHelper: Ph_register : qk.b2@4a3cf15 [CoreService]
01-30 20:26:56.559  1426  2305 D WifiNetworkFactory: got request NetworkRequest [ REQUEST id=31799, [ Capabilities: INTERNET&NOT_RESTRICTED&TRUSTED&NOT_VCN_MANAGED Uid: 10054 RequestorUid: 10054 RequestorPkg: com.samsung.android.bixby.agent UnderlyingNetworks: Null] ]
01-30 20:26:56.560  1426  2305 D UntrustedWifiNetworkFactory: got request NetworkRequest [ REQUEST id=31799, [ Capabilities: INTERNET&NOT_RESTRICTED&TRUSTED&NOT_VCN_MANAGED Uid: 10054 RequestorUid: 10054 RequestorPkg: com.samsung.android.bixby.agent UnderlyingNetworks: Null] ]
01-30 20:26:56.560  1426  2305 D OemPaidWifiNetworkFactory: got request NetworkRequest [ REQUEST id=31799, [ Capabilities: INTERNET&NOT_RESTRICTED&TRUSTED&NOT_VCN_MANAGED Uid: 10054 RequestorUid: 10054 RequestorPkg: com.samsung.android.bixby.agent UnderlyingNetworks: Null] ]
01-30 20:26:56.560  1426  2305 D MultiInternetWifiNetworkFactory: got request NetworkRequest [ REQUEST id=31799, [ Capabilities: INTERNET&NOT_RESTRICTED&TRUSTED&NOT_VCN_MANAGED Uid: 10054 RequestorUid: 10054 RequestorPkg: com.samsung.android.bixby.agent UnderlyingNetworks: Null] ]
01-30 20:26:56.560  9871  9956 I BTProfileHelper: Ph_startListening [CoreService]
01-30 20:26:56.561  9871  9956 I BTProfileHelper: Ph_add EventListener [CoreService]
01-30 20:26:56.562  9871  9956 I BCL@CoreSvc: (EventSender) onCreate
01-30 20:26:56.562  1426  2325 D ConnectivityService: Rematched networks [computed 0ms] [applied 1ms] [issued 2]
01-30 20:26:56.563  1426  2325 D ConnectivityService: NetworkReassignment :
01-30 20:26:56.563  1426  2325 D ConnectivityService:   31799 : null  153
01-30 20:26:56.564  2448  2553 D MobileStatusTracker(0/1): onDataActivity: direction=3
01-30 20:26:56.567  2448  2553 D MobileSignalController(0/1): notifyListener: enabled=true, connected=true, dataConnected=true, networkType=LTE/LTE_CA (4G+), emergencyOnly=false, roaming=false, isDefault=true, dataActivity=inout, level=4, ca=true, mmWave=false, disabledDataIcon=false, simCard=ETC
01-30 20:26:56.567  9871  9965 I BCL@CoreSvc: (CloudService) onAvailable() : 153
01-30 20:26:56.567  9871  9965 I BCL@CoreSvc: (CloudService) resetChannel()
01-30 20:26:56.573  6115  6115 I HBD     : d1 ous -  12 ,  12 ,  13 ,  13 ,  -1 ,  -1
01-30 20:26:56.574  6115  6115 I HBD     : l0 EBD cm S 0
01-30 20:26:56.576  1426  4483 D InputDispatcher: Inject key (9712/10438): action=1, f=0x8, d=-1, time=329755186000000
01-30 20:26:56.576  1426  4483 D WindowManager: interceptKeyTq interceptKeyResult=1
01-30 20:26:56.577  1426  1711 I InputDispatcher: Delivering key to (9712): action: 0x1 (0), f=0x8, m=0x0, d=0, '6a904a9'
01-30 20:26:56.578  6115  6115 I HBD     : HoneyBoardService onKeyUp r:7a2581dd consumed:false 0
01-30 20:26:56.579  9712  9712 I ViewRootImpl@ebcc417[RegisterActivity]: ViewPostIme key 1
01-30 20:26:56.580  9871  9941 I BCL@CoreSvc: (CloudService) notifyWhenStateChanged() : from create channel
01-30 20:26:56.580  9871  9941 I BCL@CoreSvc: (CloudService) [bixby_latency]::key = [channel], extra = [end]
01-30 20:26:56.580  9871  9941 I BCL@CoreSvc: (CloudService) service stub is created
01-30 20:26:56.580  9871  9941 I BCL@CoreSvc: (CloudService) filter : false,  false
01-30 20:26:56.580  9871  9941 I BCL@CoreSvc: (CloudService) isEndpointChanged : false
01-30 20:26:56.580  9871  9941 I BCL@CoreSvc: (CloudService) filter : false,  false
01-30 20:26:56.580  9871  9941 I BCL@CoreSvc: (CloudService) isEndpointChanged : false
01-30 20:26:56.583  1426  4483 D InputDispatcher: Inject key (9712/10438): action=0, f=0x8, d=-1, time=329755194000000
01-30 20:26:56.583  1426  4483 D WindowManager: interceptKeyTq interceptKeyResult=1
01-30 20:26:56.583  9871  9871 I BCL@MainUi: (CapsuleRendererView) onFinishInflate /start/
01-30 20:26:56.584  1426  1711 I InputDispatcher: Delivering key to (9712): action: 0x0 (0), f=0x8, m=0x0, d=0, '6a904a9'
01-30 20:26:56.585  6115  6115 I HBD     : b skip onKeyDown as physical keyboard not connected
01-30 20:26:56.585  6115  6115 I HBD     : HoneyBoardService onKeyDown r:e0887a76 consumed:false 1
01-30 20:26:56.586  9871  9871 I BCL@MainUi: (CapsuleRendererView) onFinishInflate /end/
01-30 20:26:56.586  9712  9712 I ViewRootImpl@ebcc417[RegisterActivity]: ViewPostIme key 0
01-30 20:26:56.594  9871  9871 I BCL@Vendor: (SecPropertyService) isSemAvailable: true
01-30 20:26:56.594  9871  9871 I BCL@Vendor: (SecPropertyService) isSemAvailable: true
01-30 20:26:56.598  9871  9871 E ThemeUtils: View class com.samsung.android.bixby.agent.commonui.conversationIndicator.ListeningBarLottieView is an AppCompat widget that can only be used with a Theme.AppCompat theme (or descendant).
01-30 20:26:56.600  5133  5199 I tflite  : Initialized TensorFlow Lite runtime.
01-30 20:26:56.600  9871  9871 E ThemeUtils: View class com.airbnb.lottie.LottieAnimationView is an AppCompat widget that can only be used with a Theme.AppCompat theme (or descendant).
01-30 20:26:56.601  9871  9871 E ThemeUtils: View class com.airbnb.lottie.LottieAnimationView is an AppCompat widget that can only be used with a Theme.AppCompat theme (or descendant).
01-30 20:26:56.606  9871  9871 I BCL@Vendor: (SecPropertyService) isSemAvailable: true
01-30 20:26:56.606  9871  9871 I BCL@MainUi: (ContentViewManager) ContentViewManager
01-30 20:26:56.608  6115  6115 I HBD     : d1 ous -  13 ,  13 ,  14 ,  14 ,  -1 ,  -1
01-30 20:26:56.609  5133  5199 W libc    : Access denied finding property "ro.mediatek.platform"
01-30 20:26:56.609  6115  6115 I HBD     : l0 EBD cm S 0
01-30 20:26:56.609   981   981 E audit   : type=1400 audit(1706639216.605:860619): avc:  denied  { read } for  pid=5133 comm="onPool-worker-4" name="u:object_r:media_plat_prop:s0" dev="tmpfs" ino=292 scontext=u:r:system_app:s0 tcontext=u:object_r:media_plat_prop:s0 tclass=file permissive=0 SEPF_SM-A536B_12_0001 audit_filtered
01-30 20:26:56.610  1426  4483 D InputDispatcher: Inject key (9712/10438): action=1, f=0x8, d=-1, time=329755221000000
01-30 20:26:56.610  1426  4483 D WindowManager: interceptKeyTq interceptKeyResult=1
01-30 20:26:56.611  1426  1711 I InputDispatcher: Delivering key to (9712): action: 0x1 (0), f=0x8, m=0x0, d=0, '6a904a9'
01-30 20:26:56.612  6115  6115 I HBD     : HoneyBoardService onKeyUp r:20d0fe6f consumed:false 0
01-30 20:26:56.613  9712  9712 I ViewRootImpl@ebcc417[RegisterActivity]: ViewPostIme key 1
01-30 20:26:56.615  1426  4483 D InputDispatcher: Inject key (9712/10438): action=0, f=0x8, d=-1, time=329755227000000
01-30 20:26:56.616  1426  4483 D WindowManager: interceptKeyTq interceptKeyResult=1
01-30 20:26:56.617  1426  1711 I InputDispatcher: Delivering key to (9712): action: 0x0 (0), f=0x8, m=0x0, d=0, '6a904a9'
01-30 20:26:56.617  6115  6115 I HBD     : b skip onKeyDown as physical keyboard not connected
01-30 20:26:56.617  6115  6115 I HBD     : HoneyBoardService onKeyDown r:57a42243 consumed:false 0
01-30 20:26:56.618  9712  9712 I ViewRootImpl@ebcc417[RegisterActivity]: ViewPostIme key 0
01-30 20:26:56.618  9871  9871 I BCL@MainUi: (FeatureSuggestionView) start to create FeatureSuggestionView
01-30 20:26:56.620  9871  9871 I BCL@MainUi: (ContentViewManager) ContentView init /end/
01-30 20:26:56.621  9871  9871 I BCL@MainUi: (CapsuleRendererView) onCreateView /start/
01-30 20:26:56.621  9871  9871 I BCL@MainUi: (CapsuleRendererView) /RENDERER/initRendererComponent /start/
01-30 20:26:56.623  9871  9871 I BCL@MainUi: (CapsuleRendererView) initRendererComponent: WebView Reused? false
01-30 20:26:56.623  9871  9871 I BCL@MainUi: (WebViewWrapper) /RENDERER/setWebViewState: CREATED
01-30 20:26:56.623  9871  9871 I BCL@MainUi: (CapsuleRendererView) /RENDERER/initRendererComponent /end/
01-30 20:26:56.623  9871  9871 I BCL@MainUi: (CapsuleRendererView) add DialogViewCompositeDisposable
01-30 20:26:56.624  9871  9970 W LOTTIE  : Lottie doesn't support layer effects. If you are using them for  fills, strokes, trim paths etc. then try adding them directly as contents  in your shape. Found: []
01-30 20:26:56.625  9871  9871 I BCL@MainUi: (FlexCapsuleWindow) connectEventForFocusControl
01-30 20:26:56.625  9871  9871 I BCL@MainUi: (CapsuleRendererView) onCreateView /end/
01-30 20:26:56.626  9871  9871 I BCL@MainUi: (FlexCapsuleWindow) onCreateView /end/
01-30 20:26:56.631  9871  9871 I BCL@MainUi: (BixbyWindowManager) prepareWindow /end/ : class com.samsung.android.bixby.agent.mainui.main.view.FlexCapsuleWindow
