01-30 00:16:12.721 26157 26196 I TestRunner: started: testLoginComponentsDisplayed(com.example.sportmatch.LoginTest)
01-30 00:16:12.741 26157 26196 W Settings: Setting always_finish_activities has moved from android.provider.Settings.System to android.provider.Settings.Global, returning read-only value.
01-30 00:16:12.748  1426  1484 I ChimeraSystemEventListener: appLaunchIntent package name is: com.example.sportmatch
01-30 00:16:12.755  1426  3156 I SemDvfsHyPerManager: acquire hyper - AMS_APP_SWITCH/1426@24, type = -999
01-30 00:16:12.755  1037  1116 I HYPER-HAL: [RequestManager.cpp]acquire(): Acquired ID : 1051999  [1426 / 24]    HINT : AMS_APP_SWITCH    list :
01-30 00:16:12.756  1100  1152 I SurfaceFlinger: id=113835 createSurf flag=24004, Task=17221#113835
01-30 00:16:12.758  5704  5704 I SemDvfsHyPerManager: acquire hyper - APP_START_SHORT/5704@16, type = -999
01-30 00:16:12.759  1037  1116 I HYPER-HAL: [RequestManager.cpp]acquire(): Acquired ID : 16362076  [5704 / 16]    HINT : APP_START    list : [TIMEOUT / 1500]
01-30 00:16:12.763  1100  1152 I SurfaceFlinger: id=113836 createSurf flag=80004, ActivityRecord{19210b3 u0 com.example.sportmatch/.LoginActivity} t17221}#113836
01-30 00:16:12.764 26157 26198 V FA      : App measurement collection enabled
01-30 00:16:12.764 26157 26198 V FA      : App measurement enabled for app package, google app id: com.example.sportmatch, 1:927342689684:android:6b3a7cb297563437662381
01-30 00:16:12.765 26157 26198 I FA      : App measurement initialized, version: 82001
01-30 00:16:12.765 26157 26198 I FA      : To enable debug logging run: adb shell setprop log.tag.FA VERBOSE
01-30 00:16:12.765 26157 26198 I FA      : To enable faster debug mode event logging run:
01-30 00:16:12.765 26157 26198 I FA      :   adb shell setprop debug.firebase.analytics.app com.example.sportmatch
01-30 00:16:12.766 26157 26198 D FA      : Debug-level message logging enabled
01-30 00:16:12.771  1426  4479 W WindowManager: lockNow pending, ignore updating lockscreen timeout
01-30 00:16:12.772  1426  4479 I SemDvfsHyPerManager: acquire hyper - AMS_APP_LAUNCH/1426@18, type = -999
01-30 00:16:12.772  3326  3326 E pageboostd: Received HALT command code 2
01-30 00:16:12.772  1037  1116 I HYPER-HAL: [RequestManager.cpp]acquire(): Acquired ID : 1043308  [1426 / 18]    HINT : AMS_APP_LAUNCH    list :
01-30 00:16:12.775 25557 25557 I BaseActivity: removeActivityFlags, flags : 16
01-30 00:16:12.775 25557 25557 I BaseActivity: removeActivityFlags, flags : 6
01-30 00:16:12.775 25557 25557 I DragController: endDrag
01-30 00:16:12.775 25557 25557 W LauncherAppWidgetHost: setShouldListenFlag, mFlags:15 flag:resume on:false isFront:false
01-30 00:16:12.776 25557 25557 I SPayUpdater: updateSpayHandler launcher activity is paused false
01-30 00:16:12.780  1426  4481 D InputDispatcher: Focused application(0): ActivityRecord{19210b3 u0 com.example.sportmatch/.LoginActivity} t17221}
01-30 00:16:12.783  1426  4481 W WindowManager: lockNow pending, ignore updating lockscreen timeout
01-30 00:16:12.785 25557 25557 I TopTaskTracker: onTaskMovedToFront : taskId = 17221
01-30 00:16:12.794  2448  2536 D NativeCustomFrequencyManager: [NativeCFMS] BpCustomFrequencyManager::BpCustomFrequencyManager()
01-30 00:16:12.796  1426  2341 D AS.MultiSoundManager: mForegroundUid = 10438
01-30 00:16:12.796  1217  7792 I CameraService: onUidStateChanged: uid=10043, procState is changed. (0 -> 1)
01-30 00:16:12.798  1426  2391 D TrafficStats: tagSocket(983) with statsTag=0xffffffff, statsUid=-1
01-30 00:16:12.798  5704  5704 I SemDvfsHyPerManager: acquire hyper - APP_START/5704@18, type = -999
01-30 00:16:12.798  1100  1100 I SurfaceFlinger: [f508e83 com.sec.android.app.launcher/com.sec.android.app.launcher.activities.LauncherActivity#68427] FrameRatePriority: -1
01-30 00:16:12.798  1037  1116 I HYPER-HAL: [RequestManager.cpp]acquire(): Acquired ID : 16373521  [5704 / 18]    HINT : APP_START    list :
01-30 00:16:12.798  1100  1100 D SurfaceFlinger: [input] inputWindowCommands.focusRequests size is 1
01-30 00:16:12.800  1100  1210 D SurfaceFlinger: [input] setFocusedWindow: <null>
01-30 00:16:12.800  1426  4481 D InputDispatcher: Focus request (0): <null> but waiting because NOT_FOCUSABLE
01-30 00:16:12.800  1426  4481 D InputDispatcher: Focus left window (0): f508e83 com.sec.android.app.launcher/com.sec.android.app.launcher.activities.LauncherActivity
01-30 00:16:12.801 25557 25557 I ViewRootImpl@7304e6b[LauncherActivity]: MSG_WINDOW_FOCUS_CHANGED 0 1
01-30 00:16:12.802 25557 25557 I BaseActivity: removeActivityFlags, flags : 8
01-30 00:16:12.802  1426  4481 D InputTransport: Input channel constructed: '995d359', fd=1014
01-30 00:16:12.802  1426  4481 D InputTransport: Input channel constructed: '995d359', fd=1031
01-30 00:16:12.802  1426  4481 D InputTransport: Input channel constructed: '995d359', fd=1140
01-30 00:16:12.802  1100  1331 I SurfaceFlinger: id=113837 createSurf flag=80004, 995d359 Splash Screen com.example.sportmatch#113837
01-30 00:16:12.803  1100  1198 I VSyncReactor: Current= 60, TransitioningTo= 0, hwcPeriod= 60, Distance= 0
01-30 00:16:12.803  1426  2416 D NetdEventListenerService: DNS Requested by : 151, 1000
01-30 00:16:12.806  1426  4481 D InputTransport: Input channel destroyed: '995d359', fd=1140
01-30 00:16:12.806  2448  2522 D InsetsController: onStateChanged: InsetsState: {mDisplayFrame=Rect(0, 0 - 1080, 2400), mDisplayCutout=DisplayCutout{insets=Rect(0, 88 - 0, 0) waterfall=Insets{left=0, top=0, right=0, bottom=0} boundingRect={Bounds=[Rect(0, 0 - 0, 0), Rect(512, 0 - 568, 88), Rect(0, 0 - 0, 0), Rect(0, 0 - 0, 0)]} cutoutPathParserInfo={CutoutPathParserInfo{displayWidth=1080 displayHeight=2400 physicalDisplayWidth=1080 physicalDisplayHeight=2400 density={2.8125} cutoutSpec={M 0,0 M 0,11.43427858034597 a 9.899054752987353,9.899054752987353 0 1,0 0,19.79810950597471 a 9.899054752987353,9.899054752987353 0 1,0 0,-19.79810950597471 Z @dp} rotation={0} scale={1.0} physicalPixelDisplaySizeRatio={1.0}}}}, mRoundedCorners=RoundedCorners{[RoundedCorner{position=TopLeft, radius=90, center=Point(90, 90)}, RoundedCorner{position=TopRight, radius=90, center=Point(990, 90)}, RoundedCorner{position=BottomRight, radius=90, center=Point(990, 2310)}, RoundedCorner{position=BottomLeft, radius=90, center=Point(90, 2310)}]}  mRoundedCornerFrame=Rect(0, 0 - 1080, 2400), mPrivacyIndicatorBounds=PrivacyIndicatorBounds {static bounds=Rect(956, 0 - 1080, 88) rotation=0}, mSources= { InsetsSource: {mType=ITYPE_STATUS_BAR, mFrame=[0,0][1080,88], mVisible=true, mInsetsRoundedCornerFrame=false}, InsetsSource: {mType=ITYPE_NAVIGATION_BAR, mFrame=[0,2265][1080,2400], mVisible=true, mInsetsRoundedCornerFrame=false}, InsetsSource: {mType=ITYPE_LEFT_GESTURES, mFrame=[0,0][0,2400], mVisible=true, mInsetsRoundedCornerFrame=false}, InsetsSource: {mType=ITYPE_RIGHT_GESTURES, mFrame=[1080,0][1080,2400], mVisible=true, mInsetsRoundedCornerFrame=false}, InsetsSource: {mType=ITYPE_TOP_MANDATORY_GESTURES, mFrame=[0,0][1080,122], mVisible=true, mInsetsRoundedCornerFrame=false}, InsetsSource: {mType=ITYPE_BOTTOM_MANDATORY_GESTURES, mFrame=[0,2265][1080,2400], mVisible=true, mInsetsRoundedCornerFrame=false}, InsetsSource: {mType=ITYPE_LEFT_DISPLAY_CUTOUT, mFrame=[0,0][-100000,2400], mVisible=true, mInsetsRoundedCornerFrame=false}, InsetsSource: {mType=ITYPE_TOP_DISPLAY_CUTOUT, mFrame=[0,0][1080,88], mVisible=true, mInsetsRoundedCornerFrame=false}, InsetsSource: {mType=ITYPE_RIGHT_DISPLAY_CUTOUT, mFrame=[100000,0][1080,2400], mVisible=true, mInsetsRoundedCornerFrame=false}, InsetsSource: {mType=ITYPE_BOTTOM_DISPLAY_CUTOUT, mFrame=[0,100000][1080,2400], mVisible=true, mInsetsRoundedCornerFrame=false}, InsetsSource: {mType=ITYPE_TOP_TAPPABLE_ELEMENT, mFrame=[0,0][1080,88], mVisible=true, mInsetsRoundedCornerFrame=false}, InsetsSource: {mType=ITYPE_BOTTOM_TAPPABLE_ELEMENT, mFrame=[0,2265][1080,2400], mVisible=true, mInsetsRoundedCornerFrame=false}, InsetsSource: {mType=ITYPE_IME, mFrame=[0,0][0,0], mVisibleFrame=[0,1392][1080,2400], mVisible=false, mInsetsRoundedCornerFrame=false} } host=Splash Screen com.example.sportmatch from=android.view.ViewRootImpl.setView:1732
01-30 00:16:12.808  2448  2522 I ViewRootImpl@8abb2d5[sportmatch]: setView = android.widget.FrameLayout@e81a751 TM=true
01-30 00:16:12.813 26157 26204 D OpenGLRenderer: RenderThread::requireGlContext()
01-30 00:16:12.817  2448  2522 I ViewRootImpl@8abb2d5[sportmatch]: performTraversals params={(0,0)(fillxfill) sim={adjust=pan} ty=APPLICATION_STARTING fmt=TRANSLUCENT wanim=0x1030309
01-30 00:16:12.817  2448  2522 I ViewRootImpl@8abb2d5[sportmatch]:   fl=81030118
01-30 00:16:12.817  2448  2522 I ViewRootImpl@8abb2d5[sportmatch]:   pfl=16000010
01-30 00:16:12.817  2448  2522 I ViewRootImpl@8abb2d5[sportmatch]:   apr=LIGHT_STATUS_BARS LIGHT_NAVIGATION_BARS
01-30 00:16:12.817  2448  2522 I ViewRootImpl@8abb2d5[sportmatch]:   bhv=DEFAULT
01-30 00:16:12.817  2448  2522 I ViewRootImpl@8abb2d5[sportmatch]:   fitSides= naviIconColor=0}
01-30 00:16:12.819  2448  2522 I ViewRootImpl@8abb2d5[sportmatch]: performTraversals mFirst=true windowShouldResize=true viewVisibilityChanged=false mForceNextWindowRelayout=false params={(0,0)(fillxfill) sim={adjust=pan} ty=APPLICATION_STARTING fmt=TRANSLUCENT wanim=0x1030309
01-30 00:16:12.819  2448  2522 I ViewRootImpl@8abb2d5[sportmatch]:   fl=81030118
01-30 00:16:12.819  2448  2522 I ViewRootImpl@8abb2d5[sportmatch]:   pfl=16000010
01-30 00:16:12.819  2448  2522 I ViewRootImpl@8abb2d5[sportmatch]:   apr=LIGHT_STATUS_BARS LIGHT_NAVIGATION_BARS
01-30 00:16:12.819  2448  2522 I ViewRootImpl@8abb2d5[sportmatch]:   bhv=DEFAULT
01-30 00:16:12.819  2448  2522 I ViewRootImpl@8abb2d5[sportmatch]:   fitSides= naviIconColor=0}
01-30 00:16:12.819 25557 25557 I BadgeRenderer: Invalid count : 0
01-30 00:16:12.821 25557 25557 I BadgeRenderer: Invalid count : 0
01-30 00:16:12.821  1426  3460 I MediaSessionMonitor: Media session stopped : controllerList empty
01-30 00:16:12.829 26157 26204 D OpenGLRenderer: RenderThread::setGrContext()
01-30 00:16:12.829  1426  4479 V WindowManager: Relayout Window{995d359 u0 Splash Screen com.example.sportmatch}: viewVisibility=0 req=1080x2400 d0
01-30 00:16:12.830  1100  1336 I SurfaceFlinger: id=113838 createSurf flag=40004, Splash Screen com.example.sportmatch$_2448#113838
01-30 00:16:12.831  1426  4479 W WindowManager: lockNow pending, ignore updating lockscreen timeout
01-30 00:16:12.832  1426  4479 V WindowManager: Relayout hash=995d359, pid=2448, syncId=-1: mAttrs={(0,0)(fillxfill) sim={adjust=pan} ty=APPLICATION_STARTING fmt=TRANSLUCENT wanim=0x1030309
01-30 00:16:12.832  1426  4479 V WindowManager:   fl=81030118
01-30 00:16:12.832  1426  4479 V WindowManager:   pfl=16000010
01-30 00:16:12.832  1426  4479 V WindowManager:   apr=LIGHT_STATUS_BARS LIGHT_NAVIGATION_BARS
01-30 00:16:12.832  1426  4479 V WindowManager:   bhv=DEFAULT
01-30 00:16:12.832  1426  4479 V WindowManager:   fitSides= naviIconColor=0}
01-30 00:16:12.833  5767  5767 I ActivityUtils: HomePackage : com.sec.android.app.launcher, resumePackageName : com.example.sportmatch
01-30 00:16:12.833  2448  2522 I ViewRootImpl@8abb2d5[sportmatch]: updateBlastSurfaceIfNeeded mBlastBufferQueue=null isSameSurfaceControl=false
01-30 00:16:12.834  2448  2522 I BLASTBufferQueue: new BLASTBufferQueue, mName= ViewRootImpl@8abb2d5[sportmatch] mNativeObject= 0xb40000722b73dbf0 sc.mNativeObject= 0xb4000071bb862f80 caller= android.view.ViewRootImpl.updateBlastSurfaceIfNeeded:2909 android.view.ViewRootImpl.relayoutWindow:9847 android.view.ViewRootImpl.performTraversals:3884 android.view.ViewRootImpl.doTraversal:3116 android.view.ViewRootImpl$TraversalRunnable.run:10885 android.view.Choreographer$CallbackRecord.run:1301 android.view.Choreographer$CallbackRecord.run:1309 android.view.Choreographer.doCallbacks:923 android.view.Choreographer.doFrame:852 android.view.Choreographer$FrameDisplayEventReceiver.run:1283
01-30 00:16:12.834  2448  2522 I BLASTBufferQueue: update, w= 1080 h= 2400 mName = ViewRootImpl@8abb2d5[sportmatch] mNativeObject= 0xb40000722b73dbf0 sc.mNativeObject= 0xb4000071bb862f80 format= -3 caller= android.graphics.BLASTBufferQueue.<init>:84 android.view.ViewRootImpl.updateBlastSurfaceIfNeeded:2909 android.view.ViewRootImpl.relayoutWindow:9847 android.view.ViewRootImpl.performTraversals:3884 android.view.ViewRootImpl.doTraversal:3116 android.view.ViewRootImpl$TraversalRunnable.run:10885
01-30 00:16:12.834  2448  2522 I ViewRootImpl@8abb2d5[sportmatch]: Relayout returned: old=(0,0,1080,2400) new=(0,0,1080,2400) req=(1080,2400)0 dur=14 res=0x3 s={true 0xb4000072bb91b300} ch=true seqId=0
01-30 00:16:12.835  2448  2522 I ViewRootImpl@8abb2d5[sportmatch]: mThreadedRenderer.initialize() mSurface={isValid=true 0xb4000072bb91b300} hwInitialized=true
01-30 00:16:12.835  2448  2536 D OpenGLRenderer: eglCreateWindowSurface
01-30 00:16:12.839  2448  2522 I ViewRootImpl@8abb2d5[sportmatch]: reportNextDraw android.view.ViewRootImpl.performTraversals:4438 android.view.ViewRootImpl.doTraversal:3116 android.view.ViewRootImpl$TraversalRunnable.run:10885 android.view.Choreographer$CallbackRecord.run:1301 android.view.Choreographer$CallbackRecord.run:1309
01-30 00:16:12.839  2448  2522 I ViewRootImpl@8abb2d5[sportmatch]: Setup new sync id=0
01-30 00:16:12.839  2448  2522 I ViewRootImpl@8abb2d5[sportmatch]: Setting syncFrameCallback
01-30 00:16:12.839  2448  2522 I ViewRootImpl@8abb2d5[sportmatch]: registerCallbacksForSync syncBuffer=false
01-30 00:16:12.840  9987 10245 I Rubin   : [817] t9.a.c(SourceFile:1) : Notify com.samsung.android.rubin.inferenceengine.contextanalytics.engine.loggers.d's database is updated.
01-30 00:16:12.841  2448  2555 I ViewRootImpl@8abb2d5[sportmatch]: Received frameDrawingCallback syncResult=0 frameNum=1.
01-30 00:16:12.841  2448  2555 I ViewRootImpl@8abb2d5[sportmatch]: Setting up sync and frameCommitCallback
01-30 00:16:12.844  2448  2536 I BLASTBufferQueue: [ViewRootImpl@8abb2d5[sportmatch]#3623](f:0,a:0) onFrameAvailable the first frame is available
01-30 00:16:12.844  2448  2536 I ViewRootImpl@8abb2d5[sportmatch]: Received frameCommittedCallback lastAttemptedDrawFrameNum=1 didProduceBuffer=true
01-30 00:16:12.854  2448  2536 D OpenGLRenderer: CFMS:: SetUp Pid : 2448    Tid : 2536
01-30 00:16:12.855  2448  2536 W Parcel  : Expecting binder but got null!
01-30 00:16:12.855  2448  2522 I ViewRootImpl@8abb2d5[sportmatch]: onSyncComplete
01-30 00:16:12.856  2448  2522 I ViewRootImpl@8abb2d5[sportmatch]: setupSync seqId=0 mSyncId=0 fn=1 caller=android.view.ViewRootImpl$$ExternalSyntheticLambda11.accept:6 android.window.SurfaceSyncer.lambda$setupSync$1$android-window-SurfaceSyncer:128 android.window.SurfaceSyncer$$ExternalSyntheticLambda1.accept:8 android.window.SurfaceSyncer$SyncSet.checkIfSyncIsComplete:382 android.window.SurfaceSyncer$SyncSet.markSyncReady:359 android.window.SurfaceSyncer.markSyncReady:151 android.view.ViewRootImpl.performTraversals:4503
01-30 00:16:12.856  2448  2522 I ViewRootImpl@8abb2d5[sportmatch]: reportDrawFinished seqId=0 mSyncId=-1 fn=1 mSurfaceChangedTransaction=0xb4000071eb93cf70
01-30 00:16:12.860  1426  1485 W WindowManager: lockNow pending, ignore updating lockscreen timeout
01-30 00:16:12.861 26157 26157 D AppCompatDelegate: Checking for metadata for AppLocalesMetadataHolderService : Service not found
01-30 00:16:12.862  1100  1152 I SurfaceFlinger: id=113839 createSurf flag=24000, Surface(name=Task=1)/@0x238c0c - animation-leash of app_transition#113839
01-30 00:16:12.863 26157 26198 D FA      : Resetting session stitching token to not null
01-30 00:16:12.864  1100  1152 I SurfaceFlinger: id=113840 createSurf flag=24004, Surface(name=Task=17221)/@0x4c544c9 - animation-leash of app_transition#113840
01-30 00:16:12.866  1426  1485 W WindowManager: lockNow pending, ignore updating lockscreen timeout
01-30 00:16:12.867  1100  1331 I SurfaceFlinger: id=113841 createSurf flag=80000, bc78e22 ActivityRecordInputSink com.example.sportmatch/.LoginActivity#113841
01-30 00:16:12.869  2448  2516 D Bubbles : onLocusVisibilityChanged: LocusId[16_chars] visible=false
01-30 00:16:12.873 26157 26157 D LifecycleMonitor: Lifecycle status change: com.example.sportmatch.LoginActivity@97f042 in: PRE_ON_CREATE
01-30 00:16:12.874 26157 26157 V ActivityScenario: Activity lifecycle changed event received but ignored because the reported transition was not ON_CREATE while the last known transition was PRE_ON_CREATE
01-30 00:16:12.874  9987 10245 I Rubin   : [817] ha.e.m(SourceFile:6) : isSatisfiedByCmh is false
01-30 00:16:12.876  1426  2377 D SemNscXgbMsL1: Probability - Cloud gaming: [0.024042133]
01-30 00:16:12.876  1426  2377 D SemNscXgbMsL1: Probability - Real time: [0.12826374]
01-30 00:16:12.876  1426  2377 D SemNscXgbMsL1: Probability - Non real time: [0.8342134]
01-30 00:16:12.876  1426  2377 D SemNscXgbMsL1: 1 sample inference time: 0.598154 msecs
01-30 00:16:12.878  1426  2377 D SemNscXgbL2Rt: L2 RT 1 sample inference time: 0.975423 msecs
01-30 00:16:12.879  1426  2377 D SemNscXgbL2Nrt: L2 NRT 1 sample inference time: 1.207192 msecs
01-30 00:16:12.882  1100  1100 I Layer   : Layer [Splash Screen com.example.sportmatch$_2448#113838] hidden!! flag(0)
01-30 00:16:12.884 25557 25726 I RecentModel: onTaskStackChangedBackground
01-30 00:16:12.890 26157 26190 V FA      : onActivityCreated
01-30 00:16:12.894 25557 25579 I RecentTasksList: loadTasksInBackground : groupTask = GroupTask{task1=[id=17183 windowingMode=1 user=0 lastActiveTime=504315447] null, task2=null, task3=null, mStagedSplitBounds=null}
01-30 00:16:12.894 25557 25579 I RecentTasksList: loadTasksInBackground : groupTask = GroupTask{task1=[id=17101 windowingMode=1 user=0 lastActiveTime=505964561] null, task2=null, task3=null, mStagedSplitBounds=null}
01-30 00:16:12.894 25557 25579 I RecentTasksList: loadTasksInBackground : groupTask = GroupTask{task1=[id=17221 windowingMode=1 user=0 lastActiveTime=506160846] null, task2=null, task3=null, mStagedSplitBounds=null}
01-30 00:16:12.901 26157 26198 V FA      : Connecting to remote service
01-30 00:16:12.902 26157 26157 I DecorView: [INFO] isPopOver=false config=true
01-30 00:16:12.902 26157 26157 I DecorView: updateCaptionType: isFloating=false isApplication=true hasWindowDecorCaption=false this=DecorView@2a12554[]
01-30 00:16:12.902 26157 26157 D DecorView: setCaptionType = 0, this = DecorView@2a12554[]
01-30 00:16:12.907  1100  1100 D SurfaceFlinger: Display 4633128672291735932 HWC layers:
01-30 00:16:12.907  1100  1100 D SurfaceFlinger:      DEVICE | 0xb400007704b4c2d0 | 0100 | RGBx_8888    |   19.0    0.0 1099.0 2400.0 |    0    0 1080 2400 | Wallpaper BBQ wrapper#73754
01-30 00:16:12.907  1100  1100 D SurfaceFlinger:      DEVICE | 0xb400007704b47090 | 0100 | RGBA_8888    |    0.0    0.0 1080.0 2400.0 |    0    0 1080 2400 | com.sec.android.app.launcher/com.sec[...]ities.LauncherActivity$_25557#113829
01-30 00:16:12.907  1100  1100 D SurfaceFlinger:      DEVICE | 0xb400007704b63cd0 | 0100 | RGBA_8888    |    0.0    0.0 1080.0 2400.0 |   76  168 1004 2232 | Splash Screen com.example.sportmatch$_2448#113838
01-30 00:16:12.907  1100  1100 D SurfaceFlinger:      DEVICE | 0xb400007704b5ff90 | 0100 | RGBA_8888    |    0.0    0.0 1080.0   88.0 |    0    0 1080   88 | StatusBar$_2448#94
01-30 00:16:12.907  1100  1100 D SurfaceFlinger:      DEVICE | 0xb400007704b6bad0 | 0100 | RGBA_8888    |    0.0    0.0   67.0  342.0 |    0 1504   67 1846 | com.samsung.android.app.cocktailbars[...]vice.CocktailBarService$_5767#113823
01-30 00:16:12.907  1100  1100 D SurfaceFlinger:      DEVICE | 0xb400007704b65fd0 | 0100 | RGBA_8888    |    0.0    0.0 1080.0  135.0 |    0 2265 1080 2400 | NavigationBar0$_2448#88
01-30 00:16:12.907  1100  1100 D SurfaceFlinger:
01-30 00:16:12.911 15268 15268 D BoundBrokerSvc: onBind: Intent { act=com.google.android.gms.measurement.START pkg=com.google.android.gms }
01-30 00:16:12.911 15268 15268 D BoundBrokerSvc: Loading bound service for intent: Intent { act=com.google.android.gms.measurement.START pkg=com.google.android.gms }
01-30 00:16:12.913 26157 26157 I DecorView: getCurrentDensityDpi: from real metrics. densityDpi=450 msg=resources_loaded
01-30 00:16:12.914 26157 26157 I DecorView: setWindowBackground: isPopOver=false color=ffffffff d=android.graphics.drawable.ColorDrawable@151599f
01-30 00:16:12.918 26157 26198 V FA      : Connection attempt already in progress
01-30 00:16:12.924 26157 26157 W mple.sportmatch: Accessing hidden method Landroid/view/View;->computeFitSystemWindows(Landroid/graphics/Rect;Landroid/graphics/Rect;)Z (unsupported, reflection, allowed)
01-30 00:16:12.925 26157 26157 W mple.sportmatch: Accessing hidden method Landroid/view/ViewGroup;->makeOptionalFitsSystemWindows()V (unsupported, reflection, allowed)
01-30 00:16:12.929 26157 26198 V FA      : Connection attempt already in progress
01-30 00:16:12.940 25557 25557 I TaskThumbnailCache: handleResult: taskId = 17183, taskThumbnail = android.graphics.Bitmap@94780ed
01-30 00:16:12.940 26157 26157 D CompatibilityChangeReporter: Compat change id reported: 210923482; UID 10438; state: ENABLED
01-30 00:16:12.941 25557 25557 I TaskThumbnailCache: handleResult: taskId = 17101, taskThumbnail = android.graphics.Bitmap@1084b22
01-30 00:16:12.995  1426  2391 W SemWifiTransportLayerUtils: getApplicationCategory - IOException com.example.sportmatch
01-30 00:16:12.995  1426  2391 W System.err: java.io.FileNotFoundException: https://play.google.com/store/apps/details?id=com.example.sportmatch&hl=en
01-30 00:16:12.995  1426  2391 W System.err: 	at com.android.okhttp.internal.huc.HttpURLConnectionImpl.getInputStream(HttpURLConnectionImpl.java:255)
01-30 00:16:12.995  1426  2391 W System.err: 	at com.android.okhttp.internal.huc.DelegatingHttpsURLConnection.getInputStream(DelegatingHttpsURLConnection.java:211)
01-30 00:16:12.995  1426  2391 W System.err: 	at com.android.okhttp.internal.huc.HttpsURLConnectionImpl.getInputStream(HttpsURLConnectionImpl.java:30)
01-30 00:16:12.995  1426  2391 W System.err: 	at com.samsung.android.server.wifi.tcp.SemWifiTransportLayerUtils.getApplicationCategory(SemWifiTransportLayerUtils.java:104)
01-30 00:16:12.995  1426  2391 W System.err: 	at com.samsung.android.server.wifi.tcp.SemWifiTransportLayerMonitor$TcpMonitorHandler.handleMessage(SemWifiTransportLayerMonitor.java:244)
01-30 00:16:12.995  1426  2391 W System.err: 	at android.os.Handler.dispatchMessage(Handler.java:106)
01-30 00:16:12.995  1426  2391 W System.err: 	at android.os.Looper.loopOnce(Looper.java:226)
01-30 00:16:12.995  1426  2391 W System.err: 	at android.os.Looper.loop(Looper.java:313)
01-30 00:16:12.995  1426  2391 W System.err: 	at android.os.HandlerThread.run(HandlerThread.java:67)
01-30 00:16:12.996  1426  2391 D SemWifiTransportLayerMonitor.TcpMonitorHandler: MSG_SAVE_PACKAGE_INFO
01-30 00:16:12.996  1426  2391 D SemWifiTransportLayerFileManager: saveWifiPackageInfoToFile
01-30 00:16:12.996  1426  2391 D SemWifiTransportLayerFileManager: writeWifiPackageInfoList
01-30 00:16:13.071   534   534 I lmkd    : 0(delay), 50(swap), 1(freelimit), 0(reentrymode) memory pressure events were skipped after a kill!
01-30 00:16:13.107 26157 26157 D LifecycleMonitor: Lifecycle status change: com.example.sportmatch.LoginActivity@97f042 in: CREATED
01-30 00:16:13.107 26157 26157 V ActivityScenario: Update currentActivityStage to CREATED, currentActivity=com.example.sportmatch.LoginActivity@97f042
01-30 00:16:13.112 26157 26157 D LifecycleMonitor: Lifecycle status change: com.example.sportmatch.LoginActivity@97f042 in: STARTED
01-30 00:16:13.112 26157 26157 V ActivityScenario: Update currentActivityStage to STARTED, currentActivity=com.example.sportmatch.LoginActivity@97f042
01-30 00:16:13.115 26157 26157 D LifecycleMonitor: Lifecycle status change: com.example.sportmatch.LoginActivity@97f042 in: RESUMED
01-30 00:16:13.115 26157 26157 V ActivityScenario: Update currentActivityStage to RESUMED, currentActivity=com.example.sportmatch.LoginActivity@97f042
01-30 00:16:13.116 26157 26198 V FA      : Activity resumed, time: 506161076
01-30 00:16:13.117 26157 26157 I MSHandlerLifeCycle: check: return. pkg=com.example.sportmatch parent=null callers=com.android.internal.policy.DecorView.setVisibility:4412 android.app.ActivityThread.handleResumeActivity:5476 android.app.servertransaction.ResumeActivityItem.execute:54 android.app.servertransaction.ActivityTransactionItem.execute:45 android.app.servertransaction.TransactionExecutor.executeLifecycleState:176
01-30 00:16:13.117 26157 26157 I MSHandlerLifeCycle: removeMultiSplitHandler: no exist. decor=DecorView@2a12554[]
01-30 00:16:13.119 26157 26198 I FA      : Tag Manager is not found and thus will not be used
01-30 00:16:13.124 26157 26204 D NativeCustomFrequencyManager: [NativeCFMS] BpCustomFrequencyManager::BpCustomFrequencyManager()
01-30 00:16:13.129  1426  2959 D InputTransport: Input channel constructed: '5a12873', fd=1149
01-30 00:16:13.129  1426  2959 D InputTransport: Input channel constructed: '5a12873', fd=1151
01-30 00:16:13.129  1426  2959 D InputTransport: Input channel constructed: '5a12873', fd=1152
01-30 00:16:13.130  1100  1152 I SurfaceFlinger: id=113842 createSurf flag=80004, 5a12873 com.example.sportmatch/com.example.sportmatch.LoginActivity#113842
01-30 00:16:13.131  1426  2959 D InputTransport: Input channel destroyed: '5a12873', fd=1152
01-30 00:16:13.133 26157 26157 D InsetsController: onStateChanged: InsetsState: {mDisplayFrame=Rect(0, 0 - 1080, 2400), mDisplayCutout=DisplayCutout{insets=Rect(0, 88 - 0, 0) waterfall=Insets{left=0, top=0, right=0, bottom=0} boundingRect={Bounds=[Rect(0, 0 - 0, 0), Rect(512, 0 - 568, 88), Rect(0, 0 - 0, 0), Rect(0, 0 - 0, 0)]} cutoutPathParserInfo={CutoutPathParserInfo{displayWidth=1080 displayHeight=2400 physicalDisplayWidth=1080 physicalDisplayHeight=2400 density={2.8125} cutoutSpec={M 0,0 M 0,11.43427858034597 a 9.899054752987353,9.899054752987353 0 1,0 0,19.79810950597471 a 9.899054752987353,9.899054752987353 0 1,0 0,-19.79810950597471 Z @dp} rotation={0} scale={1.0} physicalPixelDisplaySizeRatio={1.0}}}}, mRoundedCorners=RoundedCorners{[RoundedCorner{position=TopLeft, radius=90, center=Point(90, 90)}, RoundedCorner{position=TopRight, radius=90, center=Point(990, 90)}, RoundedCorner{position=BottomRight, radius=90, center=Point(990, 2310)}, RoundedCorner{position=BottomLeft, radius=90, center=Point(90, 2310)}]}  mRoundedCornerFrame=Rect(0, 0 - 1080, 2400), mPrivacyIndicatorBounds=PrivacyIndicatorBounds {static bounds=Rect(956, 0 - 1080, 88) rotation=0}, mSources= { InsetsSource: {mType=ITYPE_STATUS_BAR, mFrame=[0,0][1080,88], mVisible=true, mInsetsRoundedCornerFrame=false}, InsetsSource: {mType=ITYPE_NAVIGATION_BAR, mFrame=[0,2265][1080,2400], mVisible=true, mInsetsRoundedCornerFrame=false}, InsetsSource: {mType=ITYPE_LEFT_GESTURES, mFrame=[0,0][0,2400], mVisible=true, mInsetsRoundedCornerFrame=false}, InsetsSource: {mType=ITYPE_RIGHT_GESTURES, mFrame=[1080,0][1080,2400], mVisible=true, mInsetsRoundedCornerFrame=false}, InsetsSource: {mType=ITYPE_TOP_MANDATORY_GESTURES, mFrame=[0,0][1080,122], mVisible=true, mInsetsRoundedCornerFrame=false}, InsetsSource: {mType=ITYPE_BOTTOM_MANDATORY_GESTURES, mFrame=[0,2265][1080,2400], mVisible=true, mInsetsRoundedCornerFrame=false}, InsetsSource: {mType=ITYPE_LEFT_DISPLAY_CUTOUT, mFrame=[0,0][-100000,2400], mVisible=true, mInsetsRoundedCornerFrame=false}, InsetsSource: {mType=ITYPE_TOP_DISPLAY_CUTOUT, mFrame=[0,0][1080,88], mVisible=true, mInsetsRoundedCornerFrame=false}, InsetsSource: {mType=ITYPE_RIGHT_DISPLAY_CUTOUT, mFrame=[100000,0][1080,2400], mVisible=true, mInsetsRoundedCornerFrame=false}, InsetsSource: {mType=ITYPE_BOTTOM_DISPLAY_CUTOUT, mFrame=[0,100000][1080,2400], mVisible=true, mInsetsRoundedCornerFrame=false}, InsetsSource: {mType=ITYPE_TOP_TAPPABLE_ELEMENT, mFrame=[0,0][1080,88], mVisible=true, mInsetsRoundedCornerFrame=false}, InsetsSource: {mType=ITYPE_BOTTOM_TAPPABLE_ELEMENT, mFrame=[0,2265][1080,2400], mVisible=true, mInsetsRoundedCornerFrame=false}, InsetsSource: {mType=ITYPE_IME, mFrame=[0,0][0,0], mVisibleFrame=[0,1392][1080,2400], mVisible=false, mInsetsRoundedCornerFrame=false} } host=com.example.sportmatch/com.example.sportmatch.LoginActivity from=android.view.ViewRootImpl.setView:1732
01-30 00:16:13.134  5767  5767 I Utils   : isCurrentUser current = 0, ownerId = 0
01-30 00:16:13.134  5767  5767 I TrayVisibilityController: getComputedTrayVisible : keyguardState = 1
01-30 00:16:13.134  5767  5767 I TrayVisibilityController: updateTrayVisible: State=1 visible=1 mCurrentVisible=1 specificMode=0
01-30 00:16:13.134  5767  5767 I TrayStateController: onNotifyUpdateTray: state=0
01-30 00:16:13.136 26157 26157 I ViewRootImpl@97f4791[LoginActivity]: setView = com.android.internal.policy.DecorView@2a12554 TM=true
01-30 00:16:13.138 26157 26157 I MSHandlerLifeCycle: removeMultiSplitHandler: no exist. decor=DecorView@2a12554[LoginActivity]
01-30 00:16:13.143 26157 26198 V FA      : Connection attempt already in progress
01-30 00:16:13.144 26157 26198 V FA      : Connection attempt already in progress
01-30 00:16:13.167 26157 26157 I ViewRootImpl@97f4791[LoginActivity]: performTraversals params={(0,0)(fillxfill) sim={adjust=pan forwardNavigation} ty=BASE_APPLICATION wanim=0x1030309
01-30 00:16:13.167 26157 26157 I ViewRootImpl@97f4791[LoginActivity]:   fl=81810100
01-30 00:16:13.167 26157 26157 I ViewRootImpl@97f4791[LoginActivity]:   pfl=12020040
01-30 00:16:13.167 26157 26157 I ViewRootImpl@97f4791[LoginActivity]:   bhv=DEFAULT
01-30 00:16:13.167 26157 26157 I ViewRootImpl@97f4791[LoginActivity]:   fitSides= naviIconColor=0}
01-30 00:16:13.169 26157 26157 I ViewRootImpl@97f4791[LoginActivity]: performTraversals mFirst=true windowShouldResize=true viewVisibilityChanged=false mForceNextWindowRelayout=false params={(0,0)(fillxfill) sim={adjust=pan forwardNavigation} ty=BASE_APPLICATION wanim=0x1030309
01-30 00:16:13.169 26157 26157 I ViewRootImpl@97f4791[LoginActivity]:   fl=81810100
01-30 00:16:13.169 26157 26157 I ViewRootImpl@97f4791[LoginActivity]:   pfl=12020040
01-30 00:16:13.169 26157 26157 I ViewRootImpl@97f4791[LoginActivity]:   bhv=DEFAULT
01-30 00:16:13.169 26157 26157 I ViewRootImpl@97f4791[LoginActivity]:   fitSides= naviIconColor=0}
01-30 00:16:13.170  1426  4482 V WindowManager: Relayout Window{5a12873 u0 com.example.sportmatch/com.example.sportmatch.LoginActivity}: viewVisibility=0 req=1080x2400 d0
01-30 00:16:13.170  1100  1331 I SurfaceFlinger: id=113843 createSurf flag=40004, com.example.sportmatch/com.example.sportmatch.LoginActivity$_26157#113843
01-30 00:16:13.171  1426  4482 W WindowManager: lockNow pending, ignore updating lockscreen timeout
01-30 00:16:13.172 10769 10912 I SCS@AiSearch user 0: (AppsDataWorker) [androidx.work-1] entering in doWork():
01-30 00:16:13.172 10769 10912 I SCS@AiSearch user 0: (AppsDataObserver) [androidx.work-1] entering in execute():
01-30 00:16:13.172 10769 10912 I SCS@AiSearch user 0: (AppsDataObserver-CMD_UPDATE_LIST) changed package count: 1
01-30 00:16:13.173  1100  1152 I SurfaceFlinger: id=113844 createSurf flag=24000, Surface(name=c2abcc7 StatusBar)/@0x2f665b7 - animation-leash of insets_animation#113844
01-30 00:16:13.174  1100  1152 I SurfaceFlinger: id=113845 createSurf flag=24000, Surface(name=719c3fd NavigationBar0)/@0xe9d3c89 - animation-leash of insets_animation#113845
01-30 00:16:13.176  2448  2448 D SamsungLightBarControlHelper: onStatusBarAppearanceChanged() -  sbModeChanged:false, statusBarMode:MODE_TRANSPARENT, barState:SHADE, isKeyguardShowing:false, navbarColorManagedByIme:false, stackAppearancesChanged:true, (AppearanceRegion{LIGHT_STATUS_BARS bounds=[0,0][1080,2400]}, ), packageName:com.example.sportmatch
01-30 00:16:13.176  1426  4482 V WindowManager: Relayout hash=5a12873, pid=26157, syncId=-1: mAttrs={(0,0)(fillxfill) sim={adjust=pan forwardNavigation} ty=BASE_APPLICATION wanim=0x1030309
01-30 00:16:13.176  1426  4482 V WindowManager:   fl=81810100
01-30 00:16:13.176  1426  4482 V WindowManager:   pfl=12020040
01-30 00:16:13.176  1426  4482 V WindowManager:   bhv=DEFAULT
01-30 00:16:13.176  1426  4482 V WindowManager:   fitSides= naviIconColor=0}
01-30 00:16:13.176  2448  2448 D NavigationBar: onSystemBarAttributesChanged() -  displayId:0, appearance:16, packageName: com.example.sportmatch (APPEARANCE_LIGHT_NAVIGATION_BARS ), navbarColorManagedByIme:false
01-30 00:16:13.177 10769 10912 I SCS@AiSearch user 0: (AppsDataObserver) [androidx.work-1] leaving from execute():  result is true
01-30 00:16:13.177  2448  2448 D SamsungLightBarControlHelper: updateNavigation(Black button) isLightBar:false, hasLightBarNavigationBarFlag:true, packageName:com.example.sportmatch, DirectReplying:false, NavBarColorManagerdByIme:false, ForceDarkForScrim:false, QsCustomizing:false, PanelHasWhiteBg:false
01-30 00:16:13.177 10769 10912 I SCS@AiSearch user 0: (AppsDataWorker) [androidx.work-1] leaving from doWork():
01-30 00:16:13.177 25557 25569 I TouchInteractionService: onSystemUiStateChanged, stateFlags : 131072 |allow_gesture|
01-30 00:16:13.177 25557 25557 I RecentsAnimationDeviceState: setSystemUiFlags, stateFlags : 131072
01-30 00:16:13.177 25557 25557 I TouchInteractionService: onSystemUiFlagsChanged, lastSysUIFlags : 0
01-30 00:16:13.178 10769 10832 I WM-WorkerWrapper: Worker result SUCCESS for Work [ id=eb074e22-190c-4399-9df6-56fb67a76090, tags={ com.samsung.android.scs.ai.search.scheduling.workers.AppsDataWorker, CMD_UPDATE_LIST } ]
01-30 00:16:13.178 26157 26157 I ViewRootImpl@97f4791[LoginActivity]: updateBlastSurfaceIfNeeded mBlastBufferQueue=null isSameSurfaceControl=false
01-30 00:16:13.178  2448  2448 D SamsungLightBarControlHelper: updateStatus(BLACK icon) NumStacks:1, StatusBarMode:MODE_TRANSPARENT, lightBarBounds:[Rect(0, 0 - 1080, 2400)], StatusBarState:SHADE, packageName:com.example.sportmatch, isWhiteKeyguardStatusBarBySettings:false
01-30 00:16:13.179 26157 26157 I BLASTBufferQueue: new BLASTBufferQueue, mName= ViewRootImpl@97f4791[LoginActivity] mNativeObject= 0xb40000722b66a9d0 sc.mNativeObject= 0xb4000071bb68b9a0 caller= android.view.ViewRootImpl.updateBlastSurfaceIfNeeded:2909 android.view.ViewRootImpl.relayoutWindow:9847 android.view.ViewRootImpl.performTraversals:3884 android.view.ViewRootImpl.doTraversal:3116 android.view.ViewRootImpl$TraversalRunnable.run:10885 android.view.Choreographer$CallbackRecord.run:1301 android.view.Choreographer$CallbackRecord.run:1309 android.view.Choreographer.doCallbacks:923 android.view.Choreographer.doFrame:852 android.view.Choreographer$FrameDisplayEventReceiver.run:1283
01-30 00:16:13.179 26157 26157 I BLASTBufferQueue: update, w= 1080 h= 2400 mName = ViewRootImpl@97f4791[LoginActivity] mNativeObject= 0xb40000722b66a9d0 sc.mNativeObject= 0xb4000071bb68b9a0 format= -1 caller= android.graphics.BLASTBufferQueue.<init>:84 android.view.ViewRootImpl.updateBlastSurfaceIfNeeded:2909 android.view.ViewRootImpl.relayoutWindow:9847 android.view.ViewRootImpl.performTraversals:3884 android.view.ViewRootImpl.doTraversal:3116 android.view.ViewRootImpl$TraversalRunnable.run:10885
01-30 00:16:13.180 26157 26157 I ViewRootImpl@97f4791[LoginActivity]: Relayout returned: old=(0,0,1080,2400) new=(0,0,1080,2400) req=(1080,2400)0 dur=9 res=0x3 s={true 0xb4000072bb65ec70} ch=true seqId=0
01-30 00:16:13.181 26157 26157 I ViewRootImpl@97f4791[LoginActivity]: mThreadedRenderer.initialize() mSurface={isValid=true 0xb4000072bb65ec70} hwInitialized=true
01-30 00:16:13.182  1027  1027 I display : [PrimaryDisplay] getColorModes:: Supported color modes [7, 7] (SRGB)
01-30 00:16:13.182  1027  1027 I display : [PrimaryDisplay] getColorModes:: Supported color modes [9, 9] (DISPLAY_P3)
01-30 00:16:13.182  1027  1027 I display : [PrimaryDisplay] getColorModes:: Supported color modes [0, 0] (NATIVE)
01-30 00:16:13.184 26157 26204 D OpenGLRenderer: eglCreateWindowSurface
01-30 00:16:13.192  2448  2448 I ViewRootImpl@ca191f7[NotificationShade]: performTraversals mFirst=false windowShouldResize=false viewVisibilityChanged=false mForceNextWindowRelayout=false params={(0,0)(fillxfill) gr=TOP CENTER_VERTICAL sim={adjust=resize} layoutInDisplayCutoutMode=always ty=NOTIFICATION_SHADE fmt=TRANSLUCENT
01-30 00:16:13.192  2448  2448 I ViewRootImpl@ca191f7[NotificationShade]:   fl=81840048
01-30 00:16:13.192  2448  2448 I ViewRootImpl@ca191f7[NotificationShade]:   pfl=1b000000
01-30 00:16:13.192  2448  2448 I ViewRootImpl@ca191f7[NotificationShade]:   vsysui=2000
01-30 00:16:13.192  2448  2448 I ViewRootImpl@ca191f7[NotificationShade]:   apr=LIGHT_STATUS_BARS
01-30 00:16:13.192  2448  2448 I ViewRootImpl@ca191f7[NotificationShade]:   bhv=SHOW_TRANSIENT_BARS_BY_SWIPE naviIconColor=0
01-30 00:16:13.192  2448  2448 I ViewRootImpl@ca191f7[NotificationShade]:   sfl=60000}
01-30 00:16:13.193  1426  4481 V WindowManager: Relayout Window{2390bad u0 NotificationShade}: viewVisibility=4 req=1080x2400 d0
01-30 00:16:13.193  1426  4481 W WindowManager: lockNow pending, ignore updating lockscreen timeout
01-30 00:16:13.194   535   547 I servicemanager: Could not find android.hardware.graphics.allocator.IAllocator/default in the VINTF manifest.
01-30 00:16:13.194  1426  4481 V WindowManager: Relayout hash=2390bad, pid=2448, syncId=-1: mAttrs={(0,0)(fillxfill) gr=TOP CENTER_VERTICAL sim={adjust=resize} layoutInDisplayCutoutMode=always ty=NOTIFICATION_SHADE fmt=TRANSLUCENT
01-30 00:16:13.194  1426  4481 V WindowManager:   fl=81840048
01-30 00:16:13.194  1426  4481 V WindowManager:   pfl=1b000000
01-30 00:16:13.194  1426  4481 V WindowManager:   vsysui=2000
01-30 00:16:13.194  1426  4481 V WindowManager:   apr=LIGHT_STATUS_BARS
01-30 00:16:13.194  1426  4481 V WindowManager:   bhv=SHOW_TRANSIENT_BARS_BY_SWIPE naviIconColor=0
01-30 00:16:13.194  1426  4481 V WindowManager:   sfl=60000}
01-30 00:16:13.196  2448  2448 I ViewRootImpl@ca191f7[NotificationShade]: Relayout returned: old=(0,0,1080,2400) new=(0,0,1080,2400) req=(1080,2400)4 dur=3 res=0x0 s={false 0x0} ch=false seqId=32
01-30 00:16:13.199 26157 26157 I ViewRootImpl@97f4791[LoginActivity]: reportNextDraw android.view.ViewRootImpl.performTraversals:4438 android.view.ViewRootImpl.doTraversal:3116 android.view.ViewRootImpl$TraversalRunnable.run:10885 android.view.Choreographer$CallbackRecord.run:1301 android.view.Choreographer$CallbackRecord.run:1309
01-30 00:16:13.199  1100  1100 I Layer   : id=113832 removeFromCurrentState Surface(name=c2abcc7 StatusBar)/@0x2f665b7 - animation-leash of insets_animation#113832 (237)
01-30 00:16:13.199  1100  1100 I Layer   : id=113833 removeFromCurrentState Surface(name=719c3fd NavigationBar0)/@0xe9d3c89 - animation-leash of insets_animation#113833 (237)
01-30 00:16:13.199  1100  1100 I SurfaceFlinger: [5a12873 com.example.sportmatch/com.example.sportmatch.LoginActivity#113842] FrameRatePriority: 1
01-30 00:16:13.200  1100  1100 D SurfaceFlinger: [input] inputWindowCommands.focusRequests size is 1
01-30 00:16:13.200  1100  1100 I SurfaceFlinger: id=113832 Removed Surface(name=c2abcc7 StatusBar)/@0x2f665b7 - animation-leash of insets_animation#113832 (237)
01-30 00:16:13.200  1100  1100 I SurfaceFlinger: id=113833 Removed Surface(name=719c3fd NavigationBar0)/@0xe9d3c89 - animation-leash of insets_animation#113833 (237)
01-30 00:16:13.200 26157 26157 I ViewRootImpl@97f4791[LoginActivity]: Setup new sync id=0
01-30 00:16:13.200 26157 26157 I ViewRootImpl@97f4791[LoginActivity]: Setting syncFrameCallback
01-30 00:16:13.200 26157 26157 I ViewRootImpl@97f4791[LoginActivity]: registerCallbacksForSync syncBuffer=false
01-30 00:16:13.201  1100  1100 I Layer   : id=113832 Destroyed Surface(name=c2abcc7 StatusBar)/@0x2f665b7 - animation-leash of insets_animation#113832
01-30 00:16:13.201  1100  1100 I Layer   : id=113833 Destroyed Surface(name=719c3fd NavigationBar0)/@0xe9d3c89 - animation-leash of insets_animation#113833
01-30 00:16:13.205  2448  2448 I FaceWidgetPositionAlgorithm: getClockContainerHeight() supplier = 291, bottom margin = 0, real height = 359
01-30 00:16:13.205  2448  2448 I FaceWidgetPositionAlgorithm: getClockContainerHeight() supplier = 291, bottom margin = 68, real height = 359
01-30 00:16:13.205  1100  1210 D SurfaceFlinger: [input] setFocusedWindow: 5a12873 com.example.sportmatch/com.example.sportmatch.LoginActivity
01-30 00:16:13.205  2448  2448 I FaceWidgetPositionAlgorithm: getMediaContainerHeight() height = 489 container Visibility = 8, isValid = false, mIsDozing = false, fraction = 1.0, source = 0, target = 0
01-30 00:16:13.205  2448  2448 I FaceWidgetPositionAlgorithm: getMediaContainerHeight() supplier = 0
01-30 00:16:13.206  1426  2959 D InputDispatcher: Focus request (0): 5a12873 com.example.sportmatch/com.example.sportmatch.LoginActivity but waiting because NO_WINDOW
01-30 00:16:13.211 26157 26233 D TrafficStats: tagSocket(108) with statsTag=0xffffffff, statsUid=-1
01-30 00:16:13.212  1426  2416 D NetdEventListenerService: DNS Requested by : 151, 10438
01-30 00:16:13.214  1426  2959 W WindowManager: lockNow pending, ignore updating lockscreen timeout
01-30 00:16:13.220  1426  1485 W WindowManager: lockNow pending, ignore updating lockscreen timeout
01-30 00:16:13.220 26157 26241 I ViewRootImpl@97f4791[LoginActivity]: Received frameDrawingCallback syncResult=0 frameNum=1.
01-30 00:16:13.220 26157 26241 I ViewRootImpl@97f4791[LoginActivity]: Setting up sync and frameCommitCallback
01-30 00:16:13.221 28615 28615 I ViewRootImpl@ec52b01[LauncherActivity]: handleAppVisibility mAppVisible = true visible = false
01-30 00:16:13.221 25557 25557 I ViewRootImpl@7304e6b[LauncherActivity]: handleAppVisibility mAppVisible = true visible = false
01-30 00:16:13.222  1426  1485 W WindowManager: lockNow pending, ignore updating lockscreen timeout
01-30 00:16:13.221  2448  2487 D WallpaperService: dispatchAppVisibility onVisibilityChanged(): false
01-30 00:16:13.230  2448  2448 D WallpaperService: reportVisibility onVisibilityChanged visible: false
01-30 00:16:13.231  2448  2570 I ImageWallpaper[GLEngine]:  onVisibilityChanged false , 0
01-30 00:16:13.233  1100  1100 I Layer   : id=113839 removeFromCurrentState Surface(name=Task=1)/@0x238c0c - animation-leash of app_transition#113839 (235)
01-30 00:16:13.233  1100  1100 I Layer   : id=113840 removeFromCurrentState Surface(name=Task=17221)/@0x4c544c9 - animation-leash of app_transition#113840 (235)
01-30 00:16:13.233  1100  1100 I Layer   : Layer [com.sec.android.app.launcher/com.sec.android.app.launcher.activities.LauncherActivity$_25557#113829] hidden!! flag(1)
01-30 00:16:13.233  1100  1100 I Layer   : Layer [com.sec.android.app.launcher/com.sec.android.app.launcher.activities.LauncherActivity$_28615#113828] hidden!! flag(1)
01-30 00:16:13.234  1100  1100 I SurfaceFlinger: id=113840 Removed Surface(name=Task=17221)/@0x4c544c9 - animation-leash of app_transition#113840 (235)
01-30 00:16:13.234  1100  1100 I SurfaceFlinger: id=113839 Removed Surface(name=Task=1)/@0x238c0c - animation-leash of app_transition#113839 (235)
01-30 00:16:13.234 28615 10269 D OpenGLRenderer: setSurface called with nullptr
01-30 00:16:13.234 28615 10269 D OpenGLRenderer: setSurface() destroyed EGLSurface
01-30 00:16:13.234 28615 10269 D OpenGLRenderer: destroyEglSurface
01-30 00:16:13.235  1100  1100 I Layer   : id=113839 Destroyed Surface(name=Task=1)/@0x238c0c - animation-leash of app_transition#113839
01-30 00:16:13.235  1100  1100 I Layer   : id=113840 Destroyed Surface(name=Task=17221)/@0x4c544c9 - animation-leash of app_transition#113840
01-30 00:16:13.235  1426  1485 W WindowManager: lockNow pending, ignore updating lockscreen timeout
01-30 00:16:13.236 28615 28615 I ViewRootImpl@ec52b01[LauncherActivity]: performTraversals mFirst=false windowShouldResize=false viewVisibilityChanged=true mForceNextWindowRelayout=false params=null
01-30 00:16:13.238  1426  2959 V WindowManager: Relayout Window{aa8570e u0 com.sec.android.app.launcher/com.sec.android.app.launcher.activities.LauncherActivity}: viewVisibility=8 req=1080x2400 d0
01-30 00:16:13.239  1426  2959 W WindowManager: lockNow pending, ignore updating lockscreen timeout
01-30 00:16:13.241  1426  2959 V WindowManager: Relayout hash=aa8570e, pid=28615, syncId=-1: mAttrs={(0,0)(fillxfill) gr=LEFT CENTER_HORIZONTAL sim={adjust=resize} layoutInDisplayCutoutMode=shortEdges ty=DRAWN_APPLICATION fmt=TRANSPARENT wanim=0x10302f4 alpha=0.0
01-30 00:16:13.241  1426  2959 V WindowManager:   fl=81850118
01-30 00:16:13.241  1426  2959 V WindowManager:   pfl=16020040
01-30 00:16:13.241  1426  2959 V WindowManager:   bhv=DEFAULT
01-30 00:16:13.241  1426  2959 V WindowManager:   fitSides=
01-30 00:16:13.241  1426  2959 V WindowManager:  dimAmount=0.0 screenDimDuration=200000 naviIconColor=0}
01-30 00:16:13.244 28615 28615 D InsetsController: onStateChanged: InsetsState: {mDisplayFrame=Rect(0, 0 - 1080, 2400), mDisplayCutout=DisplayCutout{insets=Rect(0, 88 - 0, 0) waterfall=Insets{left=0, top=0, right=0, bottom=0} boundingRect={Bounds=[Rect(0, 0 - 0, 0), Rect(512, 0 - 568, 88), Rect(0, 0 - 0, 0), Rect(0, 0 - 0, 0)]} cutoutPathParserInfo={CutoutPathParserInfo{displayWidth=1080 displayHeight=2400 physicalDisplayWidth=1080 physicalDisplayHeight=2400 density={2.8125} cutoutSpec={M 0,0 M 0,11.43427858034597 a 9.899054752987353,9.899054752987353 0 1,0 0,19.79810950597471 a 9.899054752987353,9.899054752987353 0 1,0 0,-19.79810950597471 Z @dp} rotation={0} scale={1.0} physicalPixelDisplaySizeRatio={1.0}}}}, mRoundedCorners=RoundedCorners{[RoundedCorner{position=TopLeft, radius=90, center=Point(90, 90)}, RoundedCorner{position=TopRight, radius=90, center=Point(990, 90)}, RoundedCorner{position=BottomRight, radius=90, center=Point(990, 2310)}, RoundedCorner{position=BottomLeft, radius=90, center=Point(90, 2310)}]}  mRoundedCornerFrame=Rect(0, 0 - 1080, 2400), mPrivacyIndicatorBounds=PrivacyIndicatorBounds {static bounds=Rect(956, 0 - 1080, 88) rotation=0}, mSources= { InsetsSource: {mType=ITYPE_STATUS_BAR, mFrame=[0,0][1080,88], mVisible=true, mInsetsRoundedCornerFrame=false}, InsetsSource: {mType=ITYPE_NAVIGATION_BAR, mFrame=[0,2265][1080,2400], mVisible=true, mInsetsRoundedCornerFrame=false}, InsetsSource: {mType=ITYPE_LEFT_GESTURES, mFrame=[0,0][0,2400], mVisible=true, mInsetsRoundedCornerFrame=false}, InsetsSource: {mType=ITYPE_RIGHT_GESTURES, mFrame=[1080,0][1080,2400], mVisible=true, mInsetsRoundedCornerFrame=false}, InsetsSource: {mType=ITYPE_TOP_MANDATORY_GESTURES, mFrame=[0,0][1080,122], mVisible=true, mInsetsRoundedCornerFrame=false}, InsetsSource: {mType=ITYPE_BOTTOM_MANDATORY_GESTURES, mFrame=[0,2265][1080,2400], mVisible=true, mInsetsRoundedCornerFrame=false}, InsetsSource: {mType=ITYPE_LEFT_DISPLAY_CUTOUT, mFrame=[0,0][-100000,2400], mVisible=true, mInsetsRoundedCornerFrame=false}, InsetsSource: {mType=ITYPE_TOP_DISPLAY_CUTOUT, mFrame=[0,0][1080,88], mVisible=true, mInsetsRoundedCornerFrame=false}, InsetsSource: {mType=ITYPE_RIGHT_DISPLAY_CUTOUT, mFrame=[100000,0][1080,2400], mVisible=true, mInsetsRoundedCornerFrame=false}, InsetsSource: {mType=ITYPE_BOTTOM_DISPLAY_CUTOUT, mFrame=[0,100000][1080,2400], mVisible=true, mInsetsRoundedCornerFrame=false}, InsetsSource: {mType=ITYPE_TOP_TAPPABLE_ELEMENT, mFrame=[0,0][1080,88], mVisible=true, mInsetsRoundedCornerFrame=false}, InsetsSource: {mType=ITYPE_BOTTOM_TAPPABLE_ELEMENT, mFrame=[0,2265][1080,2400], mVisible=true, mInsetsRoundedCornerFrame=false} } host=com.sec.android.app.launcher/com.sec.android.app.launcher.activities.LauncherActivity from=android.view.ViewRootImpl.relayoutWindow:9802
01-30 00:16:13.246  1100  1100 D SurfaceFlinger: Display 4633128672291735932 HWC layers:
01-30 00:16:13.246  1100  1100 D SurfaceFlinger:      DEVICE | 0xb400007704b63cd0 | 0100 | RGBA_8888    |    0.0    0.0 1080.0 2400.0 |    0    0 1080 2400 | Splash Screen com.example.sportmatch$_2448#113838
01-30 00:16:13.246  1100  1100 D SurfaceFlinger:      DEVICE | 0xb400007704b52bd0 | 0100 | RGBA_8888    |    0.0    0.0 1080.0   88.0 |    0    0 1080   88 | StatusBar$_2448#94
01-30 00:16:13.246  1100  1100 D SurfaceFlinger:      DEVICE | 0xb400007704b6bad0 | 0100 | RGBA_8888    |    0.0    0.0   67.0  342.0 |    0 1504   67 1846 | com.samsung.android.app.cocktailbars[...]vice.CocktailBarService$_5767#113823
01-30 00:16:13.246  1100  1100 D SurfaceFlinger:      DEVICE | 0xb400007704b64750 | 0100 | RGBA_8888    |    0.0    0.0 1080.0  135.0 |    0 2265 1080 2400 | NavigationBar0$_2448#88
01-30 00:16:13.246  1100  1100 D SurfaceFlinger:
01-30 00:16:13.251 28615 28615 I ViewRootImpl@ec52b01[LauncherActivity]: Relayout returned: old=(0,0,1080,2400) new=(0,0,1080,2400) req=(1080,2400)8 dur=12 res=0x2 s={false 0x0} ch=true seqId=0
01-30 00:16:13.252 25557 25557 I ViewRootImpl@7304e6b[LauncherActivity]: performTraversals mFirst=false windowShouldResize=false viewVisibilityChanged=true mForceNextWindowRelayout=false params=null
01-30 00:16:13.254  1426  2959 V WindowManager: Relayout Window{f508e83 u0 com.sec.android.app.launcher/com.sec.android.app.launcher.activities.LauncherActivity}: viewVisibility=8 req=1080x2400 d0
01-30 00:16:13.255  1426  2959 W WindowManager: lockNow pending, ignore updating lockscreen timeout
01-30 00:16:13.255 28615 28615 I dnfz    : (REDACTED) onApplyWindowInsets: systemWindowInsets=%s
01-30 00:16:13.256 28615 28615 I dnfz    : (REDACTED) onApplyWindowInsets: systemWindowInsets=%s
01-30 00:16:13.257  1426  2959 V WindowManager: Relayout hash=f508e83, pid=25557, syncId=-1: mAttrs={(0,0)(fillxfill) sim={adjust=nothing forwardNavigation} layoutInDisplayCutoutMode=shortEdges ty=BASE_APPLICATION fmt=TRANSPARENT wanim=0x10302f4
01-30 00:16:13.257  1426  2959 V WindowManager:   fl=81910100
01-30 00:16:13.257  1426  2959 V WindowManager:   pfl=1e020040
01-30 00:16:13.257  1426  2959 V WindowManager:   vsysui=1700
01-30 00:16:13.257  1426  2959 V WindowManager:   bhv=SHOW_TRANSIENT_BARS_BY_SWIPE
01-30 00:16:13.257  1426  2959 V WindowManager:   fitSides= screenDimDuration=200000 naviIconColor=0}
