01-30 00:16:13.695  1426  4482 V WindowManager: Relayout hash=f23eed9, pid=26157, syncId=-1: mAttrs={(0,0)(fillxfill) sim={adjust=pan forwardNavigation} ty=BASE_APPLICATION
01-30 00:16:13.695  1426  4482 V WindowManager:   fl=81810100
01-30 00:16:13.695  1426  4482 V WindowManager:   pfl=12020040
01-30 00:16:13.695  1426  4482 V WindowManager:   bhv=DEFAULT
01-30 00:16:13.695  1426  4482 V WindowManager:   fitSides= naviIconColor=0}
01-30 00:16:13.698 26157 26157 D InsetsController: onStateChanged: InsetsState: {mDisplayFrame=Rect(0, 0 - 1080, 2400), mDisplayCutout=DisplayCutout{insets=Rect(0, 88 - 0, 0) waterfall=Insets{left=0, top=0, right=0, bottom=0} boundingRect={Bounds=[Rect(0, 0 - 0, 0), Rect(512, 0 - 568, 88), Rect(0, 0 - 0, 0), Rect(0, 0 - 0, 0)]} cutoutPathParserInfo={CutoutPathParserInfo{displayWidth=1080 displayHeight=2400 physicalDisplayWidth=1080 physicalDisplayHeight=2400 density={2.8125} cutoutSpec={M 0,0 M 0,11.43427858034597 a 9.899054752987353,9.899054752987353 0 1,0 0,19.79810950597471 a 9.899054752987353,9.899054752987353 0 1,0 0,-19.79810950597471 Z @dp} rotation={0} scale={1.0} physicalPixelDisplaySizeRatio={1.0}}}}, mRoundedCorners=RoundedCorners{[RoundedCorner{position=TopLeft, radius=90, center=Point(90, 90)}, RoundedCorner{position=TopRight, radius=90, center=Point(990, 90)}, RoundedCorner{position=BottomRight, radius=90, center=Point(990, 2310)}, RoundedCorner{position=BottomLeft, radius=90, center=Point(90, 2310)}]}  mRoundedCornerFrame=Rect(0, 0 - 1080, 2400), mPrivacyIndicatorBounds=PrivacyIndicatorBounds {static bounds=Rect(956, 0 - 1080, 88) rotation=0}, mSources= { InsetsSource: {mType=ITYPE_STATUS_BAR, mFrame=[0,0][1080,88], mVisible=true, mInsetsRoundedCornerFrame=false}, InsetsSource: {mType=ITYPE_NAVIGATION_BAR, mFrame=[0,2265][1080,2400], mVisible=true, mInsetsRoundedCornerFrame=false}, InsetsSource: {mType=ITYPE_LEFT_GESTURES, mFrame=[0,0][0,2400], mVisible=true, mInsetsRoundedCornerFrame=false}, InsetsSource: {mType=ITYPE_RIGHT_GESTURES, mFrame=[1080,0][1080,2400], mVisible=true, mInsetsRoundedCornerFrame=false}, InsetsSource: {mType=ITYPE_TOP_MANDATORY_GESTURES, mFrame=[0,0][1080,122], mVisible=true, mInsetsRoundedCornerFrame=false}, InsetsSource: {mType=ITYPE_BOTTOM_MANDATORY_GESTURES, mFrame=[0,2265][1080,2400], mVisible=true, mInsetsRoundedCornerFrame=false}, InsetsSource: {mType=ITYPE_LEFT_DISPLAY_CUTOUT, mFrame=[0,0][-100000,2400], mVisible=true, mInsetsRoundedCornerFrame=false}, InsetsSource: {mType=ITYPE_TOP_DISPLAY_CUTOUT, mFrame=[0,0][1080,88], mVisible=true, mInsetsRoundedCornerFrame=false}, InsetsSource: {mType=ITYPE_RIGHT_DISPLAY_CUTOUT, mFrame=[100000,0][1080,2400], mVisible=true, mInsetsRoundedCornerFrame=false}, InsetsSource: {mType=ITYPE_BOTTOM_DISPLAY_CUTOUT, mFrame=[0,100000][1080,2400], mVisible=true, mInsetsRoundedCornerFrame=false}, InsetsSource: {mType=ITYPE_TOP_TAPPABLE_ELEMENT, mFrame=[0,0][1080,88], mVisible=true, mInsetsRoundedCornerFrame=false}, InsetsSource: {mType=ITYPE_BOTTOM_TAPPABLE_ELEMENT, mFrame=[0,2265][1080,2400], mVisible=true, mInsetsRoundedCornerFrame=false}, InsetsSource: {mType=ITYPE_IME, mFrame=[0,0][0,0], mVisibleFrame=[0,1392][1080,2400], mVisible=false, mInsetsRoundedCornerFrame=false} } host=com.example.sportmatch/androidx.test.core.app.InstrumentationActivityInvoker$EmptyActivity from=android.view.ViewRootImpl.relayoutWindow:9802
01-30 00:16:13.699  1037 26246 I HYPER-HAL: [RequestManager.cpp]releaseLocked(): Released ID : 1049098
01-30 00:16:13.700 26157 26157 I ViewRootImpl@cace44a[InstrumentationActivityInvoker$EmptyActivity]: updateBlastSurfaceIfNeeded mBlastBufferQueue=null isSameSurfaceControl=false
01-30 00:16:13.701 26157 26157 I BLASTBufferQueue: new BLASTBufferQueue, mName= ViewRootImpl@cace44a[InstrumentationActivityInvoker$EmptyActivity] mNativeObject= 0xb40000722b67aa10 sc.mNativeObject= 0xb4000071bb699230 caller= android.view.ViewRootImpl.updateBlastSurfaceIfNeeded:2909 android.view.ViewRootImpl.relayoutWindow:9847 android.view.ViewRootImpl.performTraversals:3884 android.view.ViewRootImpl.doTraversal:3116 android.view.ViewRootImpl$TraversalRunnable.run:10885 android.view.Choreographer$CallbackRecord.run:1301 android.view.Choreographer$CallbackRecord.run:1309 android.view.Choreographer.doCallbacks:923 android.view.Choreographer.doFrame:852 android.view.Choreographer$FrameDisplayEventReceiver.run:1283
01-30 00:16:13.701 26157 26157 I BLASTBufferQueue: update, w= 1080 h= 2400 mName = ViewRootImpl@cace44a[InstrumentationActivityInvoker$EmptyActivity] mNativeObject= 0xb40000722b67aa10 sc.mNativeObject= 0xb4000071bb699230 format= -1 caller= android.graphics.BLASTBufferQueue.<init>:84 android.view.ViewRootImpl.updateBlastSurfaceIfNeeded:2909 android.view.ViewRootImpl.relayoutWindow:9847 android.view.ViewRootImpl.performTraversals:3884 android.view.ViewRootImpl.doTraversal:3116 android.view.ViewRootImpl$TraversalRunnable.run:10885
01-30 00:16:13.702 26157 26157 I ViewRootImpl@cace44a[InstrumentationActivityInvoker$EmptyActivity]: Relayout returned: old=(0,0,1080,2400) new=(0,0,1080,2400) req=(1080,2400)0 dur=14 res=0x3 s={true 0xb4000072bb6bc730} ch=true seqId=0
01-30 00:16:13.705 26157 26204 D OpenGLRenderer: eglCreateWindowSurface
01-30 00:16:13.705 26157 26157 I ViewRootImpl@cace44a[InstrumentationActivityInvoker$EmptyActivity]: mThreadedRenderer.initialize() mSurface={isValid=true 0xb4000072bb6bc730} hwInitialized=true
01-30 00:16:13.713 26157 26157 I ViewRootImpl@cace44a[InstrumentationActivityInvoker$EmptyActivity]: reportNextDraw android.view.ViewRootImpl.performTraversals:4438 android.view.ViewRootImpl.doTraversal:3116 android.view.ViewRootImpl$TraversalRunnable.run:10885 android.view.Choreographer$CallbackRecord.run:1301 android.view.Choreographer$CallbackRecord.run:1309
01-30 00:16:13.714 26157 26157 I ViewRootImpl@cace44a[InstrumentationActivityInvoker$EmptyActivity]: Setup new sync id=0
01-30 00:16:13.714 26157 26157 I ViewRootImpl@cace44a[InstrumentationActivityInvoker$EmptyActivity]: Setting syncFrameCallback
01-30 00:16:13.714 26157 26157 I ViewRootImpl@cace44a[InstrumentationActivityInvoker$EmptyActivity]: registerCallbacksForSync syncBuffer=false
01-30 00:16:13.715 26157 26242 I ViewRootImpl@cace44a[InstrumentationActivityInvoker$EmptyActivity]: Received frameDrawingCallback syncResult=0 frameNum=1.
01-30 00:16:13.715 26157 26242 I ViewRootImpl@cace44a[InstrumentationActivityInvoker$EmptyActivity]: Setting up sync and frameCommitCallback
01-30 00:16:13.717  1100  1100 I Layer   : id=113844 removeFromCurrentState Surface(name=c2abcc7 StatusBar)/@0x2f665b7 - animation-leash of insets_animation#113844 (235)
01-30 00:16:13.717  1100  1100 I Layer   : id=113845 removeFromCurrentState Surface(name=719c3fd NavigationBar0)/@0xe9d3c89 - animation-leash of insets_animation#113845 (235)
01-30 00:16:13.717  1100  1100 I SurfaceFlinger: [f23eed9 com.example.sportmatch/androidx.test.core.app.InstrumentationActivityInvoker$EmptyActivity#113849] FrameRatePriority: 1
01-30 00:16:13.717  1100  1100 D SurfaceFlinger: [input] inputWindowCommands.focusRequests size is 1
01-30 00:16:13.718 26157 26204 I BLASTBufferQueue: [ViewRootImpl@cace44a[InstrumentationActivityInvoker$EmptyActivity]#1](f:0,a:0) onFrameAvailable the first frame is available
01-30 00:16:13.718 26157 26204 I ViewRootImpl@cace44a[InstrumentationActivityInvoker$EmptyActivity]: Received frameCommittedCallback lastAttemptedDrawFrameNum=1 didProduceBuffer=true
01-30 00:16:13.719 26157 26204 D OpenGLRenderer: CFMS:: SetUp Pid : 26157    Tid : 26204
01-30 00:16:13.719 26157 26204 W Parcel  : Expecting binder but got null!
01-30 00:16:13.720 26157 26157 I ViewRootImpl@cace44a[InstrumentationActivityInvoker$EmptyActivity]: onSyncComplete
01-30 00:16:13.720 26157 26157 I ViewRootImpl@cace44a[InstrumentationActivityInvoker$EmptyActivity]: setupSync seqId=0 mSyncId=0 fn=1 caller=android.view.ViewRootImpl$$ExternalSyntheticLambda11.accept:6 android.window.SurfaceSyncer.lambda$setupSync$1$android-window-SurfaceSyncer:128 android.window.SurfaceSyncer$$ExternalSyntheticLambda1.accept:8 android.window.SurfaceSyncer$SyncSet.checkIfSyncIsComplete:382 android.window.SurfaceSyncer$SyncSet.markSyncReady:359 android.window.SurfaceSyncer.markSyncReady:151 android.view.ViewRootImpl.performTraversals:4503
01-30 00:16:13.720 26157 26157 I ViewRootImpl@cace44a[InstrumentationActivityInvoker$EmptyActivity]: reportDrawFinished seqId=0 mSyncId=-1 fn=1 mSurfaceChangedTransaction=0xb4000071eb66dab0
01-30 00:16:13.721 26157 26157 I ViewRootImpl@97f4791[LoginActivity]: MSG_WINDOW_FOCUS_CHANGED 0 0
01-30 00:16:13.721  1100  1210 D SurfaceFlinger: [input] setFocusedWindow: f23eed9 com.example.sportmatch/androidx.test.core.app.InstrumentationActivityInvoker$EmptyActivity
01-30 00:16:13.722 25557 25726 I RecentModel: onTaskStackChangedBackground
01-30 00:16:13.722  1426  3022 D InputDispatcher: Focus request (0): f23eed9 com.example.sportmatch/androidx.test.core.app.InstrumentationActivityInvoker$EmptyActivity but waiting because NOT_VISIBLE
01-30 00:16:13.726  1426  1485 W WindowManager: lockNow pending, ignore updating lockscreen timeout
01-30 00:16:13.733  1426  1485 I SemDvfsHyPerManager: acquire hyper - AMS_RESUME_TAIL/1426@22, type = -999
01-30 00:16:13.734  1426  1485 I SemDvfsHyPerManager: acquire hyper - AMS_ACT_LAZY/1426@23, type = -999
01-30 00:16:13.734  1037  1116 I HYPER-HAL: [RequestManager.cpp]acquire(): Acquired ID : 1049098  [1426 / 22]    HINT : AMS_RESUME_TAIL    list :
01-30 00:16:13.735  1037  1116 I HYPER-HAL: [RequestManager.cpp]releaseLocked(): Released ID : 1047649
01-30 00:16:13.736  1426  1485 W WindowManager: lockNow pending, ignore updating lockscreen timeout
01-30 00:16:13.737  1426  1479 I ActivityTaskManager: Displayed com.example.sportmatch/androidx.test.core.app.InstrumentationActivityInvoker$EmptyActivity: +139ms
01-30 00:16:13.740  1100  1331 I SurfaceFlinger: id=113853 createSurf flag=80000, b01fb1c ActivityRecordInputSink com.example.sportmatch/androidx.test.core.app.InstrumentationActivityInvoker$EmptyActivity#113853
01-30 00:16:13.740 15268 26247 V FA-SVC  : Logging event: origin=auto,name=screen_view(_vs),params=Bundle[{ga_event_origin(_o)=auto, ga_previous_class(_pc)=LoginActivity, ga_previous_id(_pi)=8787742430023688842, ga_screen_class(_sc)=EmptyActivity, ga_screen_id(_si)=8787742430023688843}]
01-30 00:16:13.740  3326  3326 E pageboostd: Received HALT command code 2
01-30 00:16:13.749  1426  1485 W WindowManager: lockNow pending, ignore updating lockscreen timeout
01-30 00:16:13.749 15268 26247 V FA-SVC  : Upload scheduled in approximately ms: 1592076
01-30 00:16:13.749 15268 26247 V FA-SVC  : Unscheduling upload
01-30 00:16:13.750  1100  1100 I Layer   : Layer [com.example.sportmatch/androidx.test.core.app.InstrumentationActivityInvoker$EmptyActivity$_26157#113850] hidden!! flag(0)
01-30 00:16:13.750  1100  1100 I Layer   : Layer [com.example.sportmatch/com.example.sportmatch.LoginActivity$_26157#113843] hidden!! flag(1)
01-30 00:16:13.758  1426  2959 D InputDispatcher: Focus entered window (0): f23eed9 com.example.sportmatch/androidx.test.core.app.InstrumentationActivityInvoker$EmptyActivity
01-30 00:16:13.760  1100  1100 D SurfaceFlinger: Display 4633128672291735932 HWC layers:
01-30 00:16:13.760  1100  1100 D SurfaceFlinger:      DEVICE | 0xb400007704b5a650 | 0102 | RGBA_8888    |    0.0    0.0 1080.0 2400.0 |    0    0 1080 2400 | com.example.sportmatch/androidx.test[...]yInvoker$EmptyActivity$_26157#113850
01-30 00:16:13.760  1100  1100 D SurfaceFlinger:      DEVICE | 0xb400007704b5ff90 | 0100 | RGBA_8888    |    0.0    0.0 1080.0   88.0 |    0    0 1080   88 | StatusBar$_2448#94
01-30 00:16:13.760  1100  1100 D SurfaceFlinger:      DEVICE | 0xb400007704b6bad0 | 0100 | RGBA_8888    |    0.0    0.0   67.0  342.0 |    0 1504   67 1846 | com.samsung.android.app.cocktailbars[...]vice.CocktailBarService$_5767#113823
01-30 00:16:13.760  1100  1100 D SurfaceFlinger:      DEVICE | 0xb400007704b65fd0 | 0100 | RGBA_8888    |    0.0    0.0 1080.0  135.0 |    0 2265 1080 2400 | NavigationBar0$_2448#88
01-30 00:16:13.760  1100  1100 D SurfaceFlinger:
01-30 00:16:13.760  1100  1331 I SurfaceFlinger: id=113845 Removed Surface(name=719c3fd NavigationBar0)/@0xe9d3c89 - animation-leash of insets_animation#113845 (236)
01-30 00:16:13.760  1100  1331 I SurfaceFlinger: id=113844 Removed Surface(name=c2abcc7 StatusBar)/@0x2f665b7 - animation-leash of insets_animation#113844 (236)
01-30 00:16:13.761 26157 26157 I ViewRootImpl@97f4791[LoginActivity]: handleAppVisibility mAppVisible = true visible = false
01-30 00:16:13.762 26157 26157 I ViewRootImpl@97f4791[LoginActivity]: stopped(true) old = false
01-30 00:16:13.762 26157 26157 I ViewRootImpl@97f4791[LoginActivity]: WindowStopped on com.example.sportmatch/com.example.sportmatch.LoginActivity set to true
01-30 00:16:13.763 15268 26247 V FA-SVC  : Scheduling upload, millis: 1592076
01-30 00:16:13.764 26157 26157 D LifecycleMonitor: Lifecycle status change: com.example.sportmatch.LoginActivity@97f042 in: STOPPED
01-30 00:16:13.764 26157 26157 V ActivityScenario: Update currentActivityStage to STOPPED, currentActivity=com.example.sportmatch.LoginActivity@97f042
01-30 00:16:13.765 15268 26247 V FA-SVC  : Background event processing time, ms: 26
01-30 00:16:13.766 26157 26157 I MSHandlerLifeCycle: removeMultiSplitHandler: no exist. decor=DecorView@2a12554[LoginActivity]
01-30 00:16:13.767  1100  1100 I Layer   : id=113844 Destroyed Surface(name=c2abcc7 StatusBar)/@0x2f665b7 - animation-leash of insets_animation#113844
01-30 00:16:13.767  1100  1100 I Layer   : id=113845 Destroyed Surface(name=719c3fd NavigationBar0)/@0xe9d3c89 - animation-leash of insets_animation#113845
01-30 00:16:13.769 26157 26157 D LifecycleMonitor: Lifecycle status change: com.example.sportmatch.LoginActivity@97f042 in: DESTROYED
01-30 00:16:13.769 26157 26157 V ActivityScenario: Update currentActivityStage to DESTROYED, currentActivity=null
01-30 00:16:13.773 31061 31061 V InlineSuggestionRenderService: handleDestroySuggestionViews called for 0:1373784566
01-30 00:16:13.774 26157 26157 I MSHandlerLifeCycle: removeMultiSplitHandler: no exist. decor=DecorView@2a12554[LoginActivity]
01-30 00:16:13.775 26157 26204 D OpenGLRenderer: setSurface called with nullptr
01-30 00:16:13.775 26157 26204 D OpenGLRenderer: setSurface() destroyed EGLSurface
01-30 00:16:13.775 26157 26204 D OpenGLRenderer: destroyEglSurface
01-30 00:16:13.777 26157 26157 I ViewRootImpl@97f4791[LoginActivity]: dispatchDetachedFromWindow
01-30 00:16:13.777  1426  2959 D InputTransport: Input channel destroyed: '5a12873', fd=1149
01-30 00:16:13.777  1426  2959 W InputManager-JNI: Input channel object '5a12873 com.example.sportmatch/com.example.sportmatch.LoginActivity (client)' was disposed without first being removed with the input manager!
01-30 00:16:13.777  1426  2959 D InputTransport: Input channel destroyed: '5a12873', fd=1151
01-30 00:16:13.778  1100  1336 I SurfaceFlinger: id=113854 createSurf flag=24004, Surface(name=1e49913 InputMethod)/@0x940201a - animation-leash of insets_animation#113854
01-30 00:16:13.781  1426  2959 W WindowManager: lockNow pending, ignore updating lockscreen timeout
01-30 00:16:13.782  8039 25847 W NetworkScheduler: Error inserting flex_time=1592000 job_id=-1 period=3185000 source=16 requires_charging=0 preferred_network_type=1 target_class=com.google.android.gms.measurement.PackageMeasurementTaskService user_id=0 target_package=com.google.android.gms tag=Measurement.PackageMeasurementTaskService.UPLOAD_TASK_TAG task_type=0 required_idleness_state=0 service_kind=0 source_version=240213000 persistence_level=1 preferred_charging_state=1 required_network_type=0 runtime=1706566573777 retry_strategy={"maximum_backoff_seconds":{"3600":0},"initial_backoff_seconds":{"30":0},"retry_policy":{"0":0}} last_runtime=0 [CONTEXT service_id=218 ]
01-30 00:16:13.782  8039 25847 W NetworkScheduler: android.database.sqlite.SQLiteConstraintException: UNIQUE constraint failed: pending_ops.tag, pending_ops.target_class, pending_ops.target_package, pending_ops.user_id (code 2067 SQLITE_CONSTRAINT_UNIQUE[2067])
01-30 00:16:13.782  8039 25847 W NetworkScheduler: 	at android.database.sqlite.SQLiteConnection.nativeExecuteForLastInsertedRowId(Native Method)
01-30 00:16:13.782  8039 25847 W NetworkScheduler: 	at android.database.sqlite.SQLiteConnection.executeForLastInsertedRowId(SQLiteConnection.java:1275)
01-30 00:16:13.782  8039 25847 W NetworkScheduler: 	at android.database.sqlite.SQLiteSession.executeForLastInsertedRowId(SQLiteSession.java:790)
01-30 00:16:13.782  8039 25847 W NetworkScheduler: 	at android.database.sqlite.SQLiteStatement.executeInsert(SQLiteStatement.java:89)
01-30 00:16:13.782  8039 25847 W NetworkScheduler: 	at android.database.sqlite.SQLiteDatabase.insertWithOnConflict(SQLiteDatabase.java:2410)
01-30 00:16:13.782  8039 25847 W NetworkScheduler: 	at android.database.sqlite.SQLiteDatabase.insertOrThrow(SQLiteDatabase.java:2305)
01-30 00:16:13.782  8039 25847 W NetworkScheduler: 	at crnw.d(:com.google.android.gms@240213038@24.02.13 (190400-599553831):743)
01-30 00:16:13.782  8039 25847 W NetworkScheduler: 	at crmd.n(:com.google.android.gms@240213038@24.02.13 (190400-599553831):29)
01-30 00:16:13.782  8039 25847 W NetworkScheduler: 	at crmd.u(:com.google.android.gms@240213038@24.02.13 (190400-599553831):362)
01-30 00:16:13.782  8039 25847 W NetworkScheduler: 	at crmd.h(:com.google.android.gms@240213038@24.02.13 (190400-599553831):51)
01-30 00:16:13.782  8039 25847 W NetworkScheduler: 	at crhi.run(:com.google.android.gms@240213038@24.02.13 (190400-599553831):72)
01-30 00:16:13.782  8039 25847 W NetworkScheduler: 	at akki.c(:com.google.android.gms@240213038@24.02.13 (190400-599553831):50)
01-30 00:16:13.782  8039 25847 W NetworkScheduler: 	at akki.run(:com.google.android.gms@240213038@24.02.13 (190400-599553831):76)
01-30 00:16:13.782  8039 25847 W NetworkScheduler: 	at java.util.concurrent.ThreadPoolExecutor.runWorker(ThreadPoolExecutor.java:1145)
01-30 00:16:13.782  8039 25847 W NetworkScheduler: 	at java.util.concurrent.ThreadPoolExecutor$Worker.run(ThreadPoolExecutor.java:644)
01-30 00:16:13.782  8039 25847 W NetworkScheduler: 	at akpt.run(:com.google.android.gms@240213038@24.02.13 (190400-599553831):8)
01-30 00:16:13.782  8039 25847 W NetworkScheduler: 	at java.lang.Thread.run(Thread.java:1012)
01-30 00:16:13.783 26250 26250 I DIAGMON_SDK[605065]: DiagMonAgent type: 2
01-30 00:16:13.783  1100  1100 I Layer   : id=113843 removeFromCurrentState com.example.sportmatch/com.example.sportmatch.LoginActivity$_26157#113843 (235)
01-30 00:16:13.783 26157 26157 D InputTransport: Input channel destroyed: '5a12873', fd=110
01-30 00:16:13.783 26250 26250 I DIAGMON_SDK[605065][r7xeailczv] : generated SR object
01-30 00:16:13.784  1100  1100 I Layer   : id=113842 removeFromCurrentState 5a12873 com.example.sportmatch/com.example.sportmatch.LoginActivity#113842 (235)
01-30 00:16:13.784  1100  1100 I Layer   : id=113847 removeFromCurrentState Surface(name=1e49913 InputMethod)/@0x940201a - animation-leash of insets_animation#113847 (235)
01-30 00:16:13.784  1100  1100 I Layer   : id=290 removeFromCurrentState 1e49913 InputMethod#290 (235)
01-30 00:16:13.784  1100  1100 I Layer   : id=290 addToCurrentState 1e49913 InputMethod#290 (235)
01-30 00:16:13.784  1100  1100 I SurfaceFlinger: id=113842 Removed 5a12873 com.example.sportmatch/com.example.sportmatch.LoginActivity#113842 (235)
01-30 00:16:13.784  1100  1100 I SurfaceFlinger: id=113847 Removed Surface(name=1e49913 InputMethod)/@0x940201a - animation-leash of insets_animation#113847 (235)
01-30 00:16:13.784  1100  1100 I SurfaceFlinger: id=113843 Removed com.example.sportmatch/com.example.sportmatch.LoginActivity$_26157#113843 (235)
01-30 00:16:13.785  1100  1100 I Layer   : id=113842 Destroyed 5a12873 com.example.sportmatch/com.example.sportmatch.LoginActivity#113842
01-30 00:16:13.786  1100  1100 I Layer   : id=113843 Destroyed com.example.sportmatch/com.example.sportmatch.LoginActivity$_26157#113843
01-30 00:16:13.787  1426  4482 D InputDispatcher: Focused application(0): ActivityRecord{661aac4 u0 com.sec.android.app.launcher/.activities.LauncherActivity} t16917}
01-30 00:16:13.787  1100  1100 I Layer   : id=113847 Destroyed Surface(name=1e49913 InputMethod)/@0x940201a - animation-leash of insets_animation#113847
01-30 00:16:13.790  1426  4482 W WindowManager: lockNow pending, ignore updating lockscreen timeout
01-30 00:16:13.792  1426  2341 D AS.MultiSoundManager: mForegroundUid = 10130
01-30 00:16:13.793 26157 26157 I ViewRootImpl@cace44a[InstrumentationActivityInvoker$EmptyActivity]: MSG_WINDOW_FOCUS_CHANGED 1 0
01-30 00:16:13.793 26157 26157 I ViewRootImpl@cace44a[InstrumentationActivityInvoker$EmptyActivity]: mThreadedRenderer.initializeIfNeeded()#2 mSurface={isValid=true 0xb4000072bb6bc730}
01-30 00:16:13.794 26157 26157 D InputMethodManager: startInputInner - Id : 0
01-30 00:16:13.794 26157 26157 I InputMethodManager: startInputInner - mService.startInputOrWindowGainedFocus
01-30 00:16:13.795  1426  1485 W WindowManager: lockNow pending, ignore updating lockscreen timeout
01-30 00:16:13.798  1100  1152 I SurfaceFlinger: id=113737 Removed Surface(name=1e49913 InputMethod)/@0x940201a - animation-leash of insets_animation#113737 (232)
01-30 00:16:13.798  1426  4477 D InputMethodManagerService: mDesktopModeManager null!
01-30 00:16:13.798  1426  4477 V InputMethodManagerService: getDisplayIdOfInputMethodWindowToBeAdded: displayId=0
01-30 00:16:13.798  1426  4477 D InputMethodManagerService: isImeSwitcherDisabledPackage : false
01-30 00:16:13.800  1100  1100 I SurfaceFlinger: [f23eed9 com.example.sportmatch/androidx.test.core.app.InstrumentationActivityInvoker$EmptyActivity#113849] FrameRatePriority: -1
01-30 00:16:13.800  1100  1100 I Layer   : id=113737 Destroyed Surface(name=1e49913 InputMethod)/@0x940201a - animation-leash of insets_animation#113737
01-30 00:16:13.801  1426  4477 D InputMethodManagerService: checkDisplayOfStartInputAndUpdateKeyboard: displayId=0, mFocusedDisplayId=0
01-30 00:16:13.801  1426  4477 D InputTransport: Input channel constructed: 'ClientS', fd=1149
01-30 00:16:13.801  1426  4477 D InputTransport: Input channel destroyed: 'ClientS', fd=1149
01-30 00:16:13.802  6115  6115 I HBD     : HoneyBoardService onFinishInput
01-30 00:16:13.803  6115  6115 I HBD     : a IC have been unbinding,  RemoteInputConnection{idHash=#b353bfe}
01-30 00:16:13.803  6115  6115 I HBD     : HoneyBoardService [PF_CL][onFinishInput]  1 ms
01-30 00:16:13.803 26157 26157 D LifecycleMonitor: Lifecycle status change: androidx.test.core.app.InstrumentationActivityInvoker$EmptyActivity@36d19a8 in: PAUSED
01-30 00:16:13.803  6115  6115 I HBD     : HoneyBoardService [IMI] onStartInput - caller pid : 26157 , caller uid : 10438
01-30 00:16:13.803  6115  6115 I HBD     : j updateConfigs
01-30 00:16:13.803  6115  6115 I HBD     : j isEnabledNightMode : true
01-30 00:16:13.804  6115  6115 I HBD     : a IC have been binding, RemoteInputConnection{idHash=#b353bfe}
01-30 00:16:13.804  6115  6115 I HBD     : h [EditorInputType]setPrivateImeOptionsToTable privateImeOptions ( null )
01-30 00:16:13.804  6115  6115 I HBD     : b incognitoMode : false
01-30 00:16:13.804  6115  6115 I HBD     : b needOff = true , isForceOff = false, isNullInputClass : true
01-30 00:16:13.804 26157 26157 V ActivityScenario: Activity lifecycle changed event received but ignored because the intent does not match. startActivityIntent=Intent { act=android.intent.action.MAIN cat=[android.intent.category.LAUNCHER] flg=0x10008000 cmp=com.example.sportmatch/.LoginActivity }, activity.getIntent()=Intent { act=android.intent.action.MAIN cat=[android.intent.category.LAUNCHER] flg=0x10000000 cmp=com.example.sportmatch/androidx.test.core.app.InstrumentationActivityInvoker$EmptyActivity }, activity=androidx.test.core.app.InstrumentationActivityInvoker$EmptyActivity@36d19a8
01-30 00:16:13.804  1100  1152 I SurfaceFlinger: id=113841 Removed bc78e22 ActivityRecordInputSink com.example.sportmatch/.LoginActivity#113841 (231)
01-30 00:16:13.805 25557 25557 I TopTaskTracker: onTaskMovedToFront : taskId = 16917
01-30 00:16:13.806  6115  6115 I HBD     : h getDefaultInputRange : UNKNOWN
01-30 00:16:13.806  6115  6115 I HBD     : h getDefaultInputRange : UNKNOWN
01-30 00:16:13.807  6115  6115 I HBD     : h getDefaultInputRange : UNKNOWN
01-30 00:16:13.807  1426  4247 I SemDvfsHyPerManager: acquire hyper - AMS_APP_HOME/1426@19, type = -999
01-30 00:16:13.807  1037  1116 I HYPER-HAL: [RequestManager.cpp]acquire(): Acquired ID : 1044754  [1426 / 19]    HINT : AMS_APP_HOME    list :
01-30 00:16:13.809  5704  5704 I SemDvfsHyPerManager: acquire hyper - APP_START_HOME/5704@17, type = -999
01-30 00:16:13.809  1037  1116 I HYPER-HAL: [RequestManager.cpp]acquire(): Acquired ID : 16367798  [5704 / 17]    HINT : APP_START    list : [KERNEL_APP_START_NOTIFY / 0] [TIMEOUT / 1500]
01-30 00:16:13.812 25557 25557 I ViewRootImpl@7304e6b[LauncherActivity]: handleAppVisibility mAppVisible = false visible = true
01-30 00:16:13.813 28615 28615 I ViewRootImpl@ec52b01[LauncherActivity]: handleAppVisibility mAppVisible = false visible = true
01-30 00:16:13.813 26157 26198 V FA      : Screen exposed for less than 1000 ms. Event not sent. time: 150
01-30 00:16:13.814 26250 26250 I [PASS][CMN]d: clearData LruCache[maxSize=32768,hits=0,misses=0,hitRate=0%]
01-30 00:16:13.815 25557 25557 I ViewRootImpl@7304e6b[LauncherActivity]: stopped(false) old = true
01-30 00:16:13.815 25557 25557 I ViewRootImpl@7304e6b[LauncherActivity]: WindowStopped on com.sec.android.app.launcher/com.sec.android.app.launcher.activities.LauncherActivity set to false
01-30 00:16:13.816  1100  1100 D SurfaceFlinger: [input] inputWindowCommands.focusRequests size is 1
01-30 00:16:13.816  1426  4247 W WindowManager: lockNow pending, ignore updating lockscreen timeout
01-30 00:16:13.818  6115  6115 I HBD     : b needOff = true , isForceOff = false, isNullInputClass : true
01-30 00:16:13.818  6115  6115 I HBD     : b update cached prediction status : false
01-30 00:16:13.818  6115  6115 I HBD     : h getDefaultInputRange : UNKNOWN
01-30 00:16:13.818  6115  6115 I HBD     : a currentState : 0
01-30 00:16:13.818  6115  6115 I HBD     : a [UpdatePolicy] [post] a: 0 cl: 65538 kit: [0/0] vt: 0 ir: 1
01-30 00:16:13.819  6115  6115 I HBD     : a [NRIC] resetNoResponseState
01-30 00:16:13.819  6115  6115 I HBD     : b needOff = true , isForceOff = false, isNullInputClass : true
01-30 00:16:13.819  6115  6115 I HBD     : b update cached prediction status : false
01-30 00:16:13.819  1100  1210 D SurfaceFlinger: [input] setFocusedWindow: <null>
01-30 00:16:13.820  6115  6115 I HBD     : HoneyBoardService [PF_OP][onStartInput]  17 ms
01-30 00:16:13.820  6115  6115 I InputMethodService: removeImeSurface
01-30 00:16:13.821 28615 28615 I ViewRootImpl@ec52b01[LauncherActivity]: performTraversals mFirst=false windowShouldResize=false viewVisibilityChanged=true mForceNextWindowRelayout=false params=null
01-30 00:16:13.822  1426  2959 D InputDispatcher: Focus left window (0): f23eed9 com.example.sportmatch/androidx.test.core.app.InstrumentationActivityInvoker$EmptyActivity
01-30 00:16:13.822  6115  6115 I MSHandlerLifeCycle: check: return. pkg=com.samsung.android.honeyboard isActivity=false callers=com.android.internal.policy.DecorView.setVisibility:4412 android.app.Dialog.hide:767 android.inputmethodservice.InputMethodService.removeImeSurface:1290 android.inputmethodservice.InputMethodService.scheduleImeSurfaceRemoval:1279 android.inputmethodservice.InputMethodService.-$$Nest$mscheduleImeSurfaceRemoval:0
01-30 00:16:13.822  6115  6115 I MSHandlerLifeCycle: removeMultiSplitHandler: no exist. decor=DecorView@f7681bd[InputMethod]
01-30 00:16:13.823  1100  1336 I SurfaceFlinger: id=113855 createSurf flag=24004, Surface(name=1e49913 InputMethod)/@0x940201a - animation-leash of insets_animation#113855
01-30 00:16:13.824 26250 26250 I [PASS][CMN]d: clearData LruCache[maxSize=32768,hits=0,misses=0,hitRate=0%]
01-30 00:16:13.825 25557 25557 I Launcher: !@Boot_DEBUG: Launcher.onStart()
01-30 00:16:13.825 25557 25557 I Launcher: !@Boot_EBS_D: Launcher.onStart()
01-30 00:16:13.825 25557 25557 I BaseActivity: addActivityFlags, flags : 1
01-30 00:16:13.825 25557 25557 W LauncherAppWidgetHost: setShouldListenFlag, mFlags:2 flag:start on:true isFront:false
01-30 00:16:13.825 25557 25557 W Launcher: onStart isListening : false isLoading false
01-30 00:16:13.826 26157 26198 V FA      : Activity paused, time: 506161768
01-30 00:16:13.827  1426  1485 W WindowManager: lockNow pending, ignore updating lockscreen timeout
01-30 00:16:13.827 26157 26157 I ViewRootImpl@cace44a[InstrumentationActivityInvoker$EmptyActivity]: MSG_WINDOW_FOCUS_CHANGED 0 0
01-30 00:16:13.828  1426  4479 V WindowManager: Relayout Window{aa8570e u0 com.sec.android.app.launcher/com.sec.android.app.launcher.activities.LauncherActivity}: viewVisibility=0 req=1080x2400 d0
01-30 00:16:13.828  1100  1152 I SurfaceFlinger: id=113856 createSurf flag=40004, com.sec.android.app.launcher/com.sec.android.app.launcher.activities.LauncherActivity$_28615#113856
01-30 00:16:13.830  1426  4479 W WindowManager: lockNow pending, ignore updating lockscreen timeout
01-30 00:16:13.831  1426  4479 V WindowManager: Relayout hash=aa8570e, pid=28615, syncId=-1: mAttrs={(0,0)(fillxfill) gr=LEFT CENTER_HORIZONTAL sim={adjust=resize} layoutInDisplayCutoutMode=shortEdges ty=DRAWN_APPLICATION fmt=TRANSPARENT wanim=0x10302f4 alpha=0.0
01-30 00:16:13.831  1426  4479 V WindowManager:   fl=81850118
01-30 00:16:13.831  1426  4479 V WindowManager:   pfl=16020040
01-30 00:16:13.831  1426  4479 V WindowManager:   bhv=DEFAULT
01-30 00:16:13.831  1426  4479 V WindowManager:   fitSides=
01-30 00:16:13.831  1426  4479 V WindowManager:  dimAmount=0.0 screenDimDuration=200000 naviIconColor=0}
01-30 00:16:13.832 28615 28615 I ViewRootImpl@ec52b01[LauncherActivity]: updateBlastSurfaceIfNeeded mBlastBufferQueue=null isSameSurfaceControl=false
01-30 00:16:13.833 28615 28615 I BLASTBufferQueue: new BLASTBufferQueue, mName= ViewRootImpl@ec52b01[LauncherActivity] mNativeObject= 0xb40000722b6adcd0 sc.mNativeObject= 0xb4000071bb852af0 caller= android.view.ViewRootImpl.updateBlastSurfaceIfNeeded:2909 android.view.ViewRootImpl.relayoutWindow:9847 android.view.ViewRootImpl.performTraversals:3884 android.view.ViewRootImpl.doTraversal:3116 android.view.ViewRootImpl$TraversalRunnable.run:10885 android.view.Choreographer$CallbackRecord.run:1301 android.view.Choreographer$CallbackRecord.run:1309 android.view.Choreographer.doCallbacks:923 android.view.Choreographer.doFrame:852 android.view.Choreographer$FrameDisplayEventReceiver.run:1283
01-30 00:16:13.833 28615 28615 I BLASTBufferQueue: update, w= 1080 h= 2400 mName = ViewRootImpl@ec52b01[LauncherActivity] mNativeObject= 0xb40000722b6adcd0 sc.mNativeObject= 0xb4000071bb852af0 format= -2 caller= android.graphics.BLASTBufferQueue.<init>:84 android.view.ViewRootImpl.updateBlastSurfaceIfNeeded:2909 android.view.ViewRootImpl.relayoutWindow:9847 android.view.ViewRootImpl.performTraversals:3884 android.view.ViewRootImpl.doTraversal:3116 android.view.ViewRootImpl$TraversalRunnable.run:10885
01-30 00:16:13.833  1100  1100 I Layer   : id=113836 removeFromCurrentState ActivityRecord{19210b3 u0 com.example.sportmatch/.LoginActivity} t17221}#113836 (233)
01-30 00:16:13.833  1100  1100 I Layer   : id=113841 removeFromCurrentState bc78e22 ActivityRecordInputSink com.example.sportmatch/.LoginActivity#113841 (233)
01-30 00:16:13.833 28615 28615 I ViewRootImpl@ec52b01[LauncherActivity]: Relayout returned: old=(0,0,1080,2400) new=(0,0,1080,2400) req=(1080,2400)0 dur=11 res=0x3 s={true 0xb4000072bb6f3cd0} ch=true seqId=0
01-30 00:16:13.833  1100  1100 I Layer   : id=113854 removeFromCurrentState Surface(name=1e49913 InputMethod)/@0x940201a - animation-leash of insets_animation#113854 (233)
01-30 00:16:13.834  1100  1100 I SurfaceFlinger: id=113836 Removed ActivityRecord{19210b3 u0 com.example.sportmatch/.LoginActivity} t17221}#113836 (233)
01-30 00:16:13.834 28615 10269 D OpenGLRenderer: eglCreateWindowSurface
01-30 00:16:13.834 28615 28615 I ViewRootImpl@ec52b01[LauncherActivity]: mThreadedRenderer.initialize() mSurface={isValid=true 0xb4000072bb6f3cd0} hwInitialized=true
01-30 00:16:13.834 28615 28615 I ViewRootImpl@ec52b01[LauncherActivity]: reportNextDraw android.view.ViewRootImpl.performTraversals:4438 android.view.ViewRootImpl.doTraversal:3116 android.view.ViewRootImpl$TraversalRunnable.run:10885 android.view.Choreographer$CallbackRecord.run:1301 android.view.Choreographer$CallbackRecord.run:1309
01-30 00:16:13.834 28615 28615 I ViewRootImpl@ec52b01[LauncherActivity]: Setup new sync id=81
01-30 00:16:13.834 28615 28615 I ViewRootImpl@ec52b01[LauncherActivity]: Setting syncFrameCallback
01-30 00:16:13.834 28615 28615 I ViewRootImpl@ec52b01[LauncherActivity]: registerCallbacksForSync syncBuffer=false
01-30 00:16:13.834  1100  1100 I Layer   : id=113836 Destroyed ActivityRecord{19210b3 u0 com.example.sportmatch/.LoginActivity} t17221}#113836
01-30 00:16:13.835  1100  1100 I Layer   : id=113841 Destroyed bc78e22 ActivityRecordInputSink com.example.sportmatch/.LoginActivity#113841
01-30 00:16:13.836 26157 26196 I TestRunner: finished: testLoginComponentsDisplayed(com.example.sportmatch.LoginTest)
