01-30 20:26:55.569  5767  5767 I TrayStateController: putInputRect mDynamicInputRegion=121862435@LastEvent=t=1706639214791Rect(0, 0 - 42, 342),Rect=Rect(0, 0 - 42, 342)
01-30 20:26:55.569  5767  5767 I DecorView: notifyKeepScreenOnChanged: keepScreenOn=false
01-30 20:26:55.571  5767  5767 I TrayStateTrigger: showTriggerView
01-30 20:26:55.572  1426  1485 W WindowManager: lockNow pending, ignore updating lockscreen timeout
01-30 20:26:55.574  1426  1485 D SurfaceControl: applyGlobalTransaction called, mName=finishDrawing_syncId(85)_com.samsung.android.app.cocktailbarservice/com.samsung.android.app.cocktailbarservice.CocktailBarService<pending>
01-30 20:26:55.575  5767  5767 I ViewRootImpl@e7ac884[CocktailBarService]: performTraversals params={(0,1504)(67x342) gr=TOP LEFT CENTER sim={adjust=nothing} layoutInDisplayCutoutMode=shortEdges ty=2226 fmt=TRANSPARENT
01-30 20:26:55.575  5767  5767 I ViewRootImpl@e7ac884[CocktailBarService]:   fl=81800508
01-30 20:26:55.575  5767  5767 I ViewRootImpl@e7ac884[CocktailBarService]:   pfl=2000050
01-30 20:26:55.575  5767  5767 I ViewRootImpl@e7ac884[CocktailBarService]:   vsysui=802
01-30 20:26:55.575  5767  5767 I ViewRootImpl@e7ac884[CocktailBarService]:   bhv=SHOW_TRANSIENT_BARS_BY_SWIPE
01-30 20:26:55.575  5767  5767 I ViewRootImpl@e7ac884[CocktailBarService]:   fitTypes=STATUS_BARS NAVIGATION_BARS CAPTION_BAR
01-30 20:26:55.575  5767  5767 I ViewRootImpl@e7ac884[CocktailBarService]:  dimAmount=0.0 dimDuration=0 naviIconColor=0
01-30 20:26:55.575  5767  5767 I ViewRootImpl@e7ac884[CocktailBarService]:   sfl=620000}
01-30 20:26:55.576  5767  5767 I ViewRootImpl@e7ac884[CocktailBarService]: performTraversals mFirst=false windowShouldResize=false viewVisibilityChanged=false mForceNextWindowRelayout=false params={(0,1504)(67x342) gr=TOP LEFT CENTER sim={adjust=nothing} layoutInDisplayCutoutMode=shortEdges ty=2226 fmt=TRANSPARENT
01-30 20:26:55.576  5767  5767 I ViewRootImpl@e7ac884[CocktailBarService]:   fl=81800508
01-30 20:26:55.576  5767  5767 I ViewRootImpl@e7ac884[CocktailBarService]:   pfl=2000050
01-30 20:26:55.576  5767  5767 I ViewRootImpl@e7ac884[CocktailBarService]:   vsysui=802
01-30 20:26:55.576  5767  5767 I ViewRootImpl@e7ac884[CocktailBarService]:   bhv=SHOW_TRANSIENT_BARS_BY_SWIPE
01-30 20:26:55.576  5767  5767 I ViewRootImpl@e7ac884[CocktailBarService]:   fitTypes=NAVIGATION_BARS CAPTION_BAR
01-30 20:26:55.576  5767  5767 I ViewRootImpl@e7ac884[CocktailBarService]:  dimAmount=0.0 dimDuration=0 naviIconColor=0
01-30 20:26:55.576  5767  5767 I ViewRootImpl@e7ac884[CocktailBarService]:   sfl=620000}
01-30 20:26:55.577  1426  4481 D InputDispatcher: Inject motion (9712/10438): action=0x1, time=329754188000000, f=0x0, d=0 dsdx=1.000000 dtdx=0.000000
01-30 20:26:55.577  1426  1711 I InputDispatcher: Delivering touch to (9712): action: 0x1, f=0x0, d=0, '6a904a9', t=0
01-30 20:26:55.578  9712  9712 I ViewRootImpl@ebcc417[RegisterActivity]: ViewPostIme pointer 1
01-30 20:26:55.579  1426  1482 I GestureDetector: obtain mCurrentMotionEventRaw. action: 1 id: -872853179
01-30 20:26:55.579  1426  1482 I GestureDetector: obtain mCurrentMotionEventRaw. action: 1 id: -872853179
01-30 20:26:55.581  1426  2528 V WindowManager: Relayout Window{6ebf3aa u0 com.samsung.android.app.cocktailbarservice/com.samsung.android.app.cocktailbarservice.CocktailBarService}: viewVisibility=0 req=67x342 d0
01-30 20:26:55.584  1426  2528 W WindowManager: lockNow pending, ignore updating lockscreen timeout
01-30 20:26:55.587  1100  1100 I Layer   : Layer [com.samsung.android.app.cocktailbarservice/com.samsung.android.app.cocktailbarservice.CocktailBarService$_5767#125134] hidden!! flag(0)
01-30 20:26:55.590  1426  2528 V WindowManager: Relayout hash=6ebf3aa, pid=5767, syncId=-1: mAttrs={(0,1504)(67x342) gr=TOP LEFT CENTER sim={adjust=nothing} layoutInDisplayCutoutMode=shortEdges ty=2226 fmt=TRANSPARENT
01-30 20:26:55.590  1426  2528 V WindowManager:   fl=81800508
01-30 20:26:55.590  1426  2528 V WindowManager:   pfl=2000050
01-30 20:26:55.590  1426  2528 V WindowManager:   vsysui=802
01-30 20:26:55.590  1426  2528 V WindowManager:   bhv=SHOW_TRANSIENT_BARS_BY_SWIPE
01-30 20:26:55.590  1426  2528 V WindowManager:   fitTypes=NAVIGATION_BARS CAPTION_BAR
01-30 20:26:55.590  1426  2528 V WindowManager:  dimAmount=0.0 dimDuration=0 naviIconColor=0
01-30 20:26:55.590  1426  2528 V WindowManager:   sfl=620000}
01-30 20:26:55.592  5767  5767 I ViewRootImpl@e7ac884[CocktailBarService]: updateBlastSurfaceIfNeeded mBlastBufferQueue=0xb40000722b66fb10 isSameSurfaceControl=true
01-30 20:26:55.592  5767  5767 I BLASTBufferQueue: update, w= 67 h= 342 mName = ViewRootImpl@e7ac884[CocktailBarService] mNativeObject= 0xb40000722b66fb10 sc.mNativeObject= 0xb4000071bb6a0a80 format= -2 caller= android.view.ViewRootImpl.updateBlastSurfaceIfNeeded:2898 android.view.ViewRootImpl.relayoutWindow:9847 android.view.ViewRootImpl.performTraversals:3884 android.view.ViewRootImpl.doTraversal:3116 android.view.ViewRootImpl$TraversalRunnable.run:10885 android.view.Choreographer$CallbackRecord.run:1301
01-30 20:26:55.593  5767  5767 I ViewRootImpl@e7ac884[CocktailBarService]: Relayout returned: old=(0,1504,67,1846) new=(0,1504,67,1846) req=(67,342)0 dur=16 res=0x0 s={true 0xb4000072bb70b380} ch=false seqId=85
01-30 20:26:55.593  5767  5767 I CocktailBarUiController: onCocktailBarStateChanged: flag=0x1 vis=1 bgType= showTimeout=-1 activate=true
01-30 20:26:55.595  1426  2528 W WindowManager: lockNow pending, ignore updating lockscreen timeout
01-30 20:26:55.596  1100  1100 D SurfaceFlinger: Display 4633128672291735932 HWC layers:
01-30 20:26:55.596  1100  1100 D SurfaceFlinger:      DEVICE | 0xb400007704b6ae90 | 0102 | RGBA_8888    |    0.0    0.0 1080.0 2400.0 |    0    0 1080 2400 | com.example.sportmatch/com.example.sportmatch.RegisterActivity$_9712#125111
01-30 20:26:55.596  1100  1100 D SurfaceFlinger:      DEVICE | 0xb400007704b5c5d0 | 0100 | RGBA_8888    |    0.0    0.0 1080.0   88.0 |    0    0 1080   88 | StatusBar$_2448#94
01-30 20:26:55.596  1100  1100 D SurfaceFlinger:      DEVICE | 0xb400007704b64750 | 0100 | RGBA_8888    |    0.0    0.0   67.0  342.0 |    0 1504   67 1846 | com.samsung.android.app.cocktailbars[...]vice.CocktailBarService$_5767#125134
01-30 20:26:55.596  1100  1100 D SurfaceFlinger:      DEVICE | 0xb400007704b5de50 | 0100 | RGBA_8888    |    0.0    0.0 1080.0  135.0 |    0 2265 1080 2400 | NavigationBar0$_2448#88
01-30 20:26:55.596  1100  1100 D SurfaceFlinger:
01-30 20:26:55.599  1067  1067 I sysinput:Touch: writeInformation:249, OK
01-30 20:26:55.599  1426  1726 D SysinputHAL_V1_3(V1_2): runTspCmdNoRead(1): set_grip_data,0,1,1504,1846(0)
01-30 20:26:55.601  9712  9712 D InputMethodManager: startInputInner - Id : 0
01-30 20:26:55.601  9712  9712 I InputMethodManager: startInputInner - mService.startInputOrWindowGainedFocus
01-30 20:26:55.603  1426  2528 D InputMethodManagerService: mDesktopModeManager null!
01-30 20:26:55.603  1426  2528 V InputMethodManagerService: getDisplayIdOfInputMethodWindowToBeAdded: displayId=0
01-30 20:26:55.603  1426  2528 D InputMethodManagerService: isImeSwitcherDisabledPackage : false
01-30 20:26:55.603  1426  2528 D InputMethodManagerService: checkDisplayOfStartInputAndUpdateKeyboard: displayId=0, mFocusedDisplayId=0
01-30 20:26:55.603  1426  2528 D InputTransport: Input channel constructed: 'ClientS', fd=1027
01-30 20:26:55.603  1426  2528 D InputTransport: Input channel destroyed: 'ClientS', fd=1027
01-30 20:26:55.604  9712  9712 I IMM_LC  : showSoftInput(View,I)
01-30 20:26:55.604  9712  9712 I IMM_LC  : ssi() - flag : 0 view : com.example.sportmatch reason = SHOW_SOFT_INPUT
01-30 20:26:55.605  6115  6115 I HBD     : HoneyBoardService onFinishInput
01-30 20:26:55.605  1426  2489 V InputMethodManagerService: Client requesting input be shown, flags : 0
01-30 20:26:55.605  1426  2489 D InputMethodManagerService: ACCESS_CONTROL_ENABLED = false, ACCESS_CONTROL_KEYBOARD_BLOCK = true
01-30 20:26:55.605  6115  6115 I HBD     : a IC have been unbinding,  RemoteInputConnection{idHash=#821b01f}
01-30 20:26:55.605  6115  6115 I HBD     : HoneyBoardService [PF_CL][onFinishInput]  0 ms
01-30 20:26:55.605  6115  6115 I HBD     : HoneyBoardService [IMI] onStartInput - caller pid : 9712 , caller uid : 10438
01-30 20:26:55.606  6115  6115 I HBD     : j updateConfigs
01-30 20:26:55.606  6115  6115 I HBD     : j isEnabledNightMode : true
01-30 20:26:55.606  6115  6115 I HBD     : a IC have been binding, RemoteInputConnection{idHash=#7524ab3}
01-30 20:26:55.606  6115  6115 W HBD     : b [EditorInputType] undefined Enter action code : 0x40000005
01-30 20:26:55.606  6115  6115 I HBD     : h [EditorInputType]setPrivateImeOptionsToTable privateImeOptions ( null )
01-30 20:26:55.606  6115  6115 I HBD     : b incognitoMode : false
01-30 20:26:55.606  6115  6115 W HBD     : b [EditorInputType] undefined Enter action code : 0x40000005
01-30 20:26:55.606  6115  6115 I HBD     : h getDefaultInputRange : UNKNOWN
01-30 20:26:55.606  6115  6115 I HBD     : h getDefaultInputRange : UNKNOWN
01-30 20:26:55.606  6115  6115 I HBD     : h getDefaultInputRange : UNKNOWN
01-30 20:26:55.607  1217  2655 I CameraService: onUidStateChanged: uid=10177, procState is changed. (7 -> 5)
01-30 20:26:55.609  1426  2489 I InputMethodManagerService: isInputMethodShown: isShown=false
01-30 20:26:55.609  6115  6115 I HBD     : b update cached prediction status : false
01-30 20:26:55.609  6115  6115 I HBD     : h getDefaultInputRange : UNKNOWN
01-30 20:26:55.609  6115  6115 I HBD     : a currentState : 0
01-30 20:26:55.609  6115  6115 I HBD     : a [UpdatePolicy] [post] a: 0 cl: 65538 kit: [0/0] vt: 0 ir: 1
01-30 20:26:55.609  6115  6115 I HBD     : a [NRIC] resetNoResponseState
01-30 20:26:55.609  6115  6115 I HBD     : b update cached prediction status : false
01-30 20:26:55.610  6115  6115 I HBD     : HoneyBoardService [PF_OP][onStartInput]  5 ms
01-30 20:26:55.610  6115  6115 I HBD     : HoneyBoardService onViewClicked
01-30 20:26:55.610  6115  6115 I HBD     : HoneyBoardService [PF_OP][onViewClicked]  0 ms
01-30 20:26:55.610  6115  6115 I InputMethod: showSoftInput(), flags : 1
01-30 20:26:55.611  1426  4481 I InputMethodManagerService: isAccessoryKeyboard 0
01-30 20:26:55.612  6115  6115 I HBD     : HoneyBoardService onEvaluateInputViewShown: true
01-30 20:26:55.612  6115  6115 I DecorView: notifyKeepScreenOnChanged: keepScreenOn=false
01-30 20:26:55.612  1426  4481 I InputMethodManagerService: isAccessoryKeyboard 0
01-30 20:26:55.613  6115  6115 I HBD     : HoneyBoardService onEvaluateInputViewShown: true
01-30 20:26:55.613  6115  6115 I HBD     : HoneyBoardService onStartInputView : restarting=false, client=com.example.sportmatch, pid=9712
01-30 20:26:55.613  6115  7028 I SemDvfsHyPerManager: acquire hyper - SKBD_RE_ENTER_SHOW/6115@1, type = -999
01-30 20:26:55.614  1037  1116 I HYPER-HAL: [RequestManager.cpp]acquire(): Acquired ID : 18705787  [6115 / 1]    HINT : KBD_APP_RE_ENTER_VIEW    list : [TIMEOUT / 400]
01-30 20:26:55.614  6115  6115 W HBD     : b [EditorInputType] undefined Enter action code : 0x40000005
01-30 20:26:55.614  6115  6115 I HBD     : h [EditorInputType]setPrivateImeOptionsToTable privateImeOptions ( null )
01-30 20:26:55.614  6115  6115 I HBD     : b incognitoMode : false
01-30 20:26:55.614  6115  6115 W HBD     : b [EditorInputType] undefined Enter action code : 0x40000005
01-30 20:26:55.614  6115  6115 I HBD     : h getDefaultInputRange : UNKNOWN
01-30 20:26:55.614  6115  6115 I HBD     : h getDefaultInputRange : UNKNOWN
01-30 20:26:55.614  6115  6115 I HBD     : h getDefaultInputRange : UNKNOWN
01-30 20:26:55.614  6115  6115 I HBD     : HoneyBoardService onStartInputViewInternal: inputType=0x20001, imeOptions=0x4c000005, initialSelStart=0, initialSelEnd=0
01-30 20:26:55.614  6115  6115 I HBD     : f applyThemesPolicy
01-30 20:26:55.615  6115  6115 I HBD     : e mUsedOpenTheme = false mIsDexDesktopDisplay : false IsRequiredDarkTypeTheme = true night mode : true mIsEnabledHighContrast = false mIsOpenThemeForHoneyBoardInstalled = true mIsWallpaperThemeInstalled = true mIsThemeParkTheme = false
01-30 20:26:55.615  6115  6115 I HBD     : a theme : HomeThemeLastUsed
01-30 20:26:55.615  6115  6115 I HBD     : f update KeyboardTheme themeIndex : 0x 80000000  theme :  Home Theme <open theme>
01-30 20:26:55.615  6115  6115 I HBD     : a set Theme convertedIndex : 1
01-30 20:26:55.617  6115  6115 I HBD     : a onThemeChanged: currTheme = 1, nextTheme = 1
01-30 20:26:55.617  6115  6115 I HBD     : d onUpdate: mThemeStyle = 1
01-30 20:26:55.617  6115  6115 I HBD     : b updatePredictionStatus : 1, editorOpt
01-30 20:26:55.617  6115  6115 I HBD     : b updateForEditorClass isPredictionOn = false
01-30 20:26:55.617  6115  6115 I HBD     : l0 EBD ssu s 0
01-30 20:26:55.619  6115  6115 I HBD     : a [UpdatePolicy] [post] a: 1 cl: 65538 kit: [0/0] vt: 0 ir: 1
01-30 20:26:55.620  6115  6115 I HBD     : b update cached prediction status : false
01-30 20:26:55.620  1426  4480 D SecContentProvider: query(), uri = 17 selection = isSettingsChangesAllowed
01-30 20:26:55.621  1426  4480 D SecContentProvider: query(), uri = 17 selection = isSettingsChangesAllowed
01-30 20:26:55.622  6115  6115 I HBD     : a [SKE_TAM] Changed false
01-30 20:26:55.622  6115   971 I HBD     : n updated Sub Types. English
01-30 20:26:55.622  6115  6115 I HBD     : b update cached prediction status : false
01-30 20:26:55.623  6115  6115 I HBD     : ::BnR:: d HONEY_SUPPORT_DATA_MIGRATION_FROM_SKBD : true, isMigrateNotNeeded : true, isFinishMigPreferences : false, isPasswordInputType : falseisUserUnlocked : true
01-30 20:26:55.623  6115  9852 I HBD     : a refresh(), mParameterMode,  0
01-30 20:26:55.623  6115  9851 I HBD     : b InputMethodSubtype is set as local:en_GB
01-30 20:26:55.623  6115  6115 I HBD     : b updateMultiTapTimeValue
01-30 20:26:55.623  6115  6115 I HBD     : b getMultiTapTimeoutValue
01-30 20:26:55.623  6115  6115 I HBD     : b getSingleVowelMultiTapTimeoutValue
01-30 20:26:55.624  6115  9854 I HBD     : d1 requestCursorUpdates returned  true ,  1
01-30 20:26:55.625  6115  6115 I HBD     : a onBind
01-30 20:26:55.625  6115  6115 I HBD     : b updateConfig: [LanguageItem] English / [KeyboardViewTypeItem] 0 / [KeyboardInputTypeItem] mainType(0), subType(0) / [CurrentLanguageInputTypeItem] mainType(0), subType(0) / [KeyboardInputRangeItem] 1 / [SelectedLanguageItem] 1 / [TextOrNullInputClassItem] true / [NumberKeyFirstLineItem] true / [SimpleRowStyleItem] true / [SpaceRowStylePeriodItem] true / [SpaceRowStyleEmailURLPeriodItem] true /
01-30 20:26:55.625  6115  6115 I HBD     : b updateConfig: [SpaceRowStyleEmailURLDotComItem] true / [SpaceRowStyleEmailURLPeriodItem] true / [SpaceRowStyleJapaneseArrowItem] true / [SpaceRowStyleJapanesePeriodItem] true / [TouchAndHoldSpaceBarTypeItem] cursor_control / [UseToolBarItem] true / [VoiceInputTypeItem] 0x1 / [DensityItem] 2.8125 / [DisplayWidthItem] 0x1080 / [DisplayHeightItem] 0x2177 / [MainTextLabelItem] 1 /
01-30 20:26:55.625  6115  6115 I HBD     : b updateConfig: [LanguageSwitchingUsingKeyItem] true / [VoiceEnabledItem] true /
01-30 20:26:55.626  6115  6115 I HBD     : c updateKeyboardViewHolder: INVALIDATE
01-30 20:26:55.627  6115  6115 I HBD     : c [BoardScrapManager] sendBoardScrap
01-30 20:26:55.627  6115  6115 I HBD     : i2 updateChangedBoard - [LC:false][TC:false][RC:false][RB:false]
01-30 20:26:55.627  6115  6115 I HBD     : b update cached prediction status : false
01-30 20:26:55.627  6115  6115 I HBD     : f updateCurrentEngine,  65538 ,  SWIFTKEY
01-30 20:26:55.627  6115  6115 I HBD     : a [SKE_TAM] Changed false
01-30 20:26:55.627  6115  6115 I HBD     : a [SKE_TAM] custom = false , useEngine = true
01-30 20:26:55.627  6115  6115 I HBD     : a [SKE_TAM] Changed false
01-30 20:26:55.628  6115  6115 I HBD     : a refresh(), mParameterMode,  0
01-30 20:26:55.629  6115  6115 I HBD     : a [PF_EN] updateChangedBoard() 2
01-30 20:26:55.630  6115  6115 I HBD     : c TMST - update statistics
01-30 20:26:55.630  6115  6115 I HBD     : d [PF_OP][updateKeyboardViewHolder]  5 ms
01-30 20:26:55.632  1426  3022 D SecContentProvider: query(), uri = 15 selection = isClipboardShareAllowedAsUser
01-30 20:26:55.633  6115  6115 I ResourceType: [SWT] Success lookup value directly, data = 0x0106040f
01-30 20:26:55.635  6115  6115 I ResourceType: [SWT] Success lookup value directly, data = 0x0106040f
01-30 20:26:55.636  6115  6115 I HBD     : a [PF_OP][onStartInputViewActivate]  0 ms
01-30 20:26:55.637  6115  6115 I ResourceType: [SWT] Success lookup value directly, data = 0x01060430
01-30 20:26:55.637  6115  6115 I ResourceType: [SWT] Success lookup value directly, data = 0x01060430
01-30 20:26:55.638  6115  6115 I ResourceType: [SWT] Success lookup value directly, data = 0x01060430
01-30 20:26:55.638  6115  6115 I ResourceType: [SWT] Success lookup value directly, data = 0x01060430
01-30 20:26:55.638  6115  6115 I ResourceType: [SWT] Success lookup value directly, data = 0x010605be
01-30 20:26:55.638  6115  6115 I ResourceType: [SWT] Success lookup value directly, data = 0x010605be
01-30 20:26:55.638  6115  6115 I HBD     : HoneyBoardService [PF_OP][onStartInputView]  25 ms
01-30 20:26:55.639  1426  2489 D InputMethodManagerService: isImeSwitcherDisabledPackage : false
01-30 20:26:55.639  1426  2489 I InputMethodManagerService: setImeWindowStatus: vis=3, backDisposition=0
01-30 20:26:55.639  6115  6115 I HBD     : HoneyBoardService onWindowShown
01-30 20:26:55.640  6115  6115 I HBD     : HoneyBoardService [PF_OP][onWindowShown]  0 ms
01-30 20:26:55.640  6115  6115 I MSHandlerLifeCycle: check: return. pkg=com.samsung.android.honeyboard isActivity=false callers=com.android.internal.policy.DecorView.setVisibility:4412 android.app.Dialog.show:454 android.inputmethodservice.SoftInputWindow.show:208 android.inputmethodservice.InputMethodService.showWindow:3071 android.inputmethodservice.InputMethodService$InputMethodImpl.showSoftInput:1035
01-30 20:26:55.640  6115  6115 I MSHandlerLifeCycle: removeMultiSplitHandler: no exist. decor=DecorView@f7681bd[InputMethod]
01-30 20:26:55.640  5133  5133 E BWU@DspControlUtil: Ph_OnRecognitionEvent 120 [main]
01-30 20:26:55.640  1426  4483 D InputMethodManagerService: notifyUserActivity: canceled, displayId=0
01-30 20:26:55.641  6115  6115 I ResourceType: [SWT] Success lookup value directly, data = 0x0106061f
01-30 20:26:55.641  6115  6115 I ResourceType: [SWT] Success lookup value directly, data = 0x01060430
01-30 20:26:55.641  1426  4483 D InputMethodManagerService: isImeSwitcherDisabledPackage : false
01-30 20:26:55.641  6115  6115 I ResourceType: [SWT] Success lookup value directly, data = 0x0106061f
01-30 20:26:55.641  1426  4483 I InputMethodManagerService: setImeWindowStatus: vis=3, backDisposition=0
01-30 20:26:55.641  6115  6115 I ResourceType: [SWT] Success lookup value directly, data = 0x01060430
01-30 20:26:55.642  6115  6115 I ResourceType: [SWT] Success lookup value directly, data = 0x0106061f
01-30 20:26:55.642  6115  6115 I ResourceType: [SWT] Success lookup value directly, data = 0x01060430
01-30 20:26:55.642  5767  5767 I CocktailBarUiHandler: onReceive: action = ResponseAxT9Info sipVisibility = 1
01-30 20:26:55.643  6115  6115 I ResourceType: [SWT] Success lookup value directly, data = 0x0106061f
01-30 20:26:55.643  6115  6115 I ResourceType: [SWT] Success lookup value directly, data = 0x01060430
01-30 20:26:55.643  6115  6115 I ResourceType: [SWT] Success lookup value directly, data = 0x0106061f
01-30 20:26:55.643  6115  6115 I ResourceType: [SWT] Success lookup value directly, data = 0x01060430
01-30 20:26:55.644  1426  1485 W WindowManager: lockNow pending, ignore updating lockscreen timeout
01-30 20:26:55.644  6115  6115 I ResourceType: [SWT] Success lookup value directly, data = 0x0106061f
01-30 20:26:55.644  6115  6115 I ResourceType: [SWT] Success lookup value directly, data = 0x01060430
01-30 20:26:55.644  6115  6115 I ResourceType: [SWT] Success lookup value directly, data = 0x0106061f
01-30 20:26:55.645  6115  6115 I ResourceType: [SWT] Success lookup value directly, data = 0x01060430
01-30 20:26:55.645  6115  6115 I ResourceType: [SWT] Success lookup value directly, data = 0x0106061f
01-30 20:26:55.645  6115  6115 I ResourceType: [SWT] Success lookup value directly, data = 0x01060430
01-30 20:26:55.646  6115  6115 I ResourceType: [SWT] Success lookup value directly, data = 0x0106061f
01-30 20:26:55.646  6115  6115 I ResourceType: [SWT] Success lookup value directly, data = 0x01060430
01-30 20:26:55.646  6115  6115 I ResourceType: [SWT] Success lookup value directly, data = 0x0106061f
01-30 20:26:55.646  6115  6115 I ResourceType: [SWT] Success lookup value directly, data = 0x01060430
01-30 20:26:55.647  9712  9712 W OnBackInvokedCallback: OnBackInvokedCallback is not enabled for the application.
01-30 20:26:55.647  9712  9712 W OnBackInvokedCallback: Set 'android:enableOnBackInvokedCallback="true"' in the application manifest.
01-30 20:26:55.647  6115  6115 I ResourceType: [SWT] Success lookup value directly, data = 0x0106061f
01-30 20:26:55.647  6115  6115 I ResourceType: [SWT] Success lookup value directly, data = 0x01060430
01-30 20:26:55.647  6115  6115 I ResourceType: [SWT] Success lookup value directly, data = 0x01060436
01-30 20:26:55.647  6115  6115 I ResourceType: [SWT] Success lookup value directly, data = 0x0106061f
01-30 20:26:55.648  6115  6115 I ResourceType: [SWT] Success lookup value directly, data = 0x01060430
01-30 20:26:55.648  6115  6115 I ResourceType: [SWT] Success lookup value directly, data = 0x01060436
01-30 20:26:55.648  6115  6115 I ResourceType: [SWT] Success lookup value directly, data = 0x0106061f
01-30 20:26:55.648  6115  6115 I ResourceType: [SWT] Success lookup value directly, data = 0x01060430
01-30 20:26:55.648  6115  6115 I ResourceType: [SWT] Success lookup value directly, data = 0x01060436
01-30 20:26:55.649  6115  6115 I ResourceType: [SWT] Success lookup value directly, data = 0x0106061f
01-30 20:26:55.649  6115  6115 I ResourceType: [SWT] Success lookup value directly, data = 0x01060430
01-30 20:26:55.649  5133  5133 I BWU@DspControlUtil: Ph_[bixby_latency] MARK::RECOGNITION_STATUS_SUCCESS [main]
01-30 20:26:55.649  6115  6115 I ResourceType: [SWT] Success lookup value directly, data = 0x01060436
01-30 20:26:55.649  6115  6115 I ResourceType: [SWT] Success lookup value directly, data = 0x0106061f
01-30 20:26:55.649  6115  6115 I ResourceType: [SWT] Success lookup value directly, data = 0x01060430
01-30 20:26:55.650  6115  6115 I ResourceType: [SWT] Success lookup value directly, data = 0x01060436
01-30 20:26:55.650  6115  6115 I ResourceType: [SWT] Success lookup value directly, data = 0x0106061f
01-30 20:26:55.650  6115  6115 I ResourceType: [SWT] Success lookup value directly, data = 0x01060430
01-30 20:26:55.650  6115  6115 I ResourceType: [SWT] Success lookup value directly, data = 0x01060436
01-30 20:26:55.650  6115  6115 I ResourceType: [SWT] Success lookup value directly, data = 0x0106061f
01-30 20:26:55.651  6115  6115 I ResourceType: [SWT] Success lookup value directly, data = 0x01060430
01-30 20:26:55.651  6115  6115 I ResourceType: [SWT] Success lookup value directly, data = 0x01060436
01-30 20:26:55.651  6115  6115 I ResourceType: [SWT] Success lookup value directly, data = 0x0106061f
01-30 20:26:55.651  6115  6115 I ResourceType: [SWT] Success lookup value directly, data = 0x01060430
01-30 20:26:55.651  6115  6115 I ResourceType: [SWT] Success lookup value directly, data = 0x01060436
01-30 20:26:55.651  6115  6115 I ResourceType: [SWT] Success lookup value directly, data = 0x0106061f
01-30 20:26:55.652  6115  6115 I ResourceType: [SWT] Success lookup value directly, data = 0x01060430
01-30 20:26:55.652  6115  6115 I ResourceType: [SWT] Success lookup value directly, data = 0x01060436
01-30 20:26:55.652  6115  6115 I ResourceType: [SWT] Success lookup value directly, data = 0x0106061f
01-30 20:26:55.652  6115  6115 I ResourceType: [SWT] Success lookup value directly, data = 0x01060430
01-30 20:26:55.652  6115  6115 I ResourceType: [SWT] Success lookup value directly, data = 0x01060436
01-30 20:26:55.652  6115  6115 I ResourceType: [SWT] Success lookup value directly, data = 0x0106061f
01-30 20:26:55.653  6115  6115 I ResourceType: [SWT] Success lookup value directly, data = 0x01060430
01-30 20:26:55.653  1426  1740 D NativeCustomFrequencyManager: [NativeCFMS] BpCustomFrequencyManager::BpCustomFrequencyManager()
01-30 20:26:55.653  6115  6115 I ResourceType: [SWT] Success lookup value directly, data = 0x01060436
01-30 20:26:55.653  6115  6115 I ResourceType: [SWT] Success lookup value directly, data = 0x0106061f
01-30 20:26:55.653  6115  6115 I ResourceType: [SWT] Success lookup value directly, data = 0x01060430
01-30 20:26:55.653  6115  6115 I ResourceType: [SWT] Success lookup value directly, data = 0x01060436
01-30 20:26:55.653  6115  6115 I ResourceType: [SWT] Success lookup value directly, data = 0x0106061f
01-30 20:26:55.654  6115  6115 I ResourceType: [SWT] Success lookup value directly, data = 0x01060430
01-30 20:26:55.654  6115  6115 I ResourceType: [SWT] Success lookup value directly, data = 0x01060436
01-30 20:26:55.654  6115  6115 I ResourceType: [SWT] Success lookup value directly, data = 0x0106061f
01-30 20:26:55.654  6115  6115 I ResourceType: [SWT] Success lookup value directly, data = 0x01060430
01-30 20:26:55.654  6115  6115 I ResourceType: [SWT] Success lookup value directly, data = 0x01060436
01-30 20:26:55.655  6115  6115 I ResourceType: [SWT] Success lookup value directly, data = 0x0106061f
01-30 20:26:55.655  6115  6115 I ResourceType: [SWT] Success lookup value directly, data = 0x01060430
01-30 20:26:55.655  6115  6115 I ResourceType: [SWT] Success lookup value directly, data = 0x01060436
01-30 20:26:55.655  6115  6115 I ResourceType: [SWT] Success lookup value directly, data = 0x0106061f
01-30 20:26:55.655  6115  6115 I ResourceType: [SWT] Success lookup value directly, data = 0x01060430
01-30 20:26:55.656  6115  6115 I ResourceType: [SWT] Success lookup value directly, data = 0x01060436
01-30 20:26:55.656  5133  5133 I BWU@DspControlService: Ph_hibixby onKeyphraseDetected(): KeyphraseRecognitionEvent [keyphraseExtras=[com.samsung.android.hardware.soundtrigger.SemSoundTrigger$KeyphraseRecognitionExtra@7d59ec1], status=0, soundModelHandle=120, captureAvailable=true, captureSession=78921, captureDelayMs=0, capturePreambleMs=0, triggerInData=false, sampleRate=16000, encoding=2, channelMask=16, data=0] ModelInfo state: Started [main]
01-30 20:26:55.656  6115  6115 I ResourceType: [SWT] Success lookup value directly, data = 0x0106061f
01-30 20:26:55.656  6115  6115 I ResourceType: [SWT] Success lookup value directly, data = 0x01060430
01-30 20:26:55.656  6115  6115 I ResourceType: [SWT] Success lookup value directly, data = 0x01060436
01-30 20:26:55.656  6115  6115 I ResourceType: [SWT] Success lookup value directly, data = 0x0106061f
01-30 20:26:55.657  6115  6115 I ResourceType: [SWT] Success lookup value directly, data = 0x01060430
01-30 20:26:55.657  1100  1153 I SurfaceFlinger: id=125135 createSurf flag=80004, 852d783 Autofill UI#125135
01-30 20:26:55.657  6115  6115 I ResourceType: [SWT] Success lookup value directly, data = 0x01060436
01-30 20:26:55.657  6115  6115 I ResourceType: [SWT] Success lookup value directly, data = 0x0106061f
01-30 20:26:55.657  6115  6115 I ResourceType: [SWT] Success lookup value directly, data = 0x01060430
01-30 20:26:55.657  5133  5133 I BWU@DspControlService: Ph_Service state : Paused [main]
01-30 20:26:55.658  6115  6115 I ResourceType: [SWT] Success lookup value directly, data = 0x01060436
01-30 20:26:55.658  6115  6115 I ResourceType: [SWT] Success lookup value directly, data = 0x010605fe
01-30 20:26:55.658  6115  6115 I ResourceType: [SWT] Success lookup value directly, data = 0x01060430
01-30 20:26:55.658  1426  1482 D InputTransport: Input channel constructed: '852d783', fd=1034
01-30 20:26:55.658  6115  6115 I ResourceType: [SWT] Success lookup value directly, data = 0x0106061f
01-30 20:26:55.658  1426  1482 D InputTransport: Input channel constructed: '852d783', fd=1044
01-30 20:26:55.658  6115  6115 I ResourceType: [SWT] Success lookup value directly, data = 0x01060430
01-30 20:26:55.658  1426  1482 D InputTransport: Input channel constructed: '852d783', fd=1054
01-30 20:26:55.658  6115  6115 I ResourceType: [SWT] Success lookup value directly, data = 0x01060436
01-30 20:26:55.658  6115  6115 I ResourceType: [SWT] Success lookup value directly, data = 0x0106061f
01-30 20:26:55.658  6115  6115 I ResourceType: [SWT] Success lookup value directly, data = 0x01060430
01-30 20:26:55.659  6115  6115 I ResourceType: [SWT] Success lookup value directly, data = 0x01060436
01-30 20:26:55.659  6115  6115 I ResourceType: [SWT] Success lookup value directly, data = 0x0106061f
01-30 20:26:55.659  6115  6115 I ResourceType: [SWT] Success lookup value directly, data = 0x01060430
01-30 20:26:55.659  1100  1153 I SurfaceFlinger: id=125136 createSurf flag=24000, Surface(name=c2abcc7 StatusBar)/@0x2f665b7 - animation-leash of insets_animation#125136
01-30 20:26:55.659  6115  6115 I ResourceType: [SWT] Success lookup value directly, data = 0x01060436
01-30 20:26:55.660  6115  6115 I ResourceType: [SWT] Success lookup value directly, data = 0x0106061f
01-30 20:26:55.660  6115  6115 I ResourceType: [SWT] Success lookup value directly, data = 0x01060430
01-30 20:26:55.660  6115  6115 I ResourceType: [SWT] Success lookup value directly, data = 0x01060436
01-30 20:26:55.660  6115  6115 I ResourceType: [SWT] Success lookup value directly, data = 0x0106061f
01-30 20:26:55.660  6115  6115 I ResourceType: [SWT] Success lookup value directly, data = 0x01060430
01-30 20:26:55.660  1100  1152 I SurfaceFlinger: id=125137 createSurf flag=24000, Surface(name=719c3fd NavigationBar0)/@0xe9d3c89 - animation-leash of insets_animation#125137
01-30 20:26:55.660  6115  6115 I ResourceType: [SWT] Success lookup value directly, data = 0x01060436
01-30 20:26:55.661  6115  6115 I ResourceType: [SWT] Success lookup value directly, data = 0x0106061f
01-30 20:26:55.661  6115  6115 I ResourceType: [SWT] Success lookup value directly, data = 0x01060430
01-30 20:26:55.661  6115  6115 I ResourceType: [SWT] Success lookup value directly, data = 0x01060436
01-30 20:26:55.661  6115  6115 I ResourceType: [SWT] Success lookup value directly, data = 0x0106061f
01-30 20:26:55.661  6115  6115 I ResourceType: [SWT] Success lookup value directly, data = 0x01060430
01-30 20:26:55.661  6115  6115 I ResourceType: [SWT] Success lookup value directly, data = 0x01060436
01-30 20:26:55.662  6115  6115 I ResourceType: [SWT] Success lookup value directly, data = 0x010605fe
01-30 20:26:55.662  6115  6115 I ResourceType: [SWT] Success lookup value directly, data = 0x01060430
01-30 20:26:55.662  6115  6115 I ResourceType: [SWT] Success lookup value directly, data = 0x010605fe
01-30 20:26:55.662  6115  6115 I ResourceType: [SWT] Success lookup value directly, data = 0x01060430
01-30 20:26:55.662  6115  6115 I ResourceType: [SWT] Success lookup value directly, data = 0x01060430
01-30 20:26:55.662  6115  6115 I ResourceType: [SWT] Success lookup value directly, data = 0x0106061f
01-30 20:26:55.662  6115  6115 I ResourceType: [SWT] Success lookup value directly, data = 0x01060430
01-30 20:26:55.663  6115  6115 I ResourceType: [SWT] Success lookup value directly, data = 0x01060430
01-30 20:26:55.663  6115  6115 I ResourceType: [SWT] Success lookup value directly, data = 0x0106061f
01-30 20:26:55.663  6115  6115 I ResourceType: [SWT] Success lookup value directly, data = 0x01060430
01-30 20:26:55.664  6115  6115 I ResourceType: [SWT] Success lookup value directly, data = 0x01060430
01-30 20:26:55.664  6115  6115 I ResourceType: [SWT] Success lookup value directly, data = 0x0106061f
01-30 20:26:55.664  6115  6115 I ResourceType: [SWT] Success lookup value directly, data = 0x01060430
01-30 20:26:55.664  6115  6115 I ResourceType: [SWT] Success lookup value directly, data = 0x010605fe
01-30 20:26:55.664  6115  6115 I ResourceType: [SWT] Success lookup value directly, data = 0x01060430
01-30 20:26:55.664  6115  6115 I ResourceType: [SWT] Success lookup value directly, data = 0x01060430
01-30 20:26:55.665  6115  6115 I ViewRootImpl@b1f38a8[InputMethod]: performTraversals params={(0,0)(fillxfill) gr=BOTTOM CENTER_VERTICAL sim={adjust=pan} ty=INPUT_METHOD fmt=TRANSPARENT wanim=0x7f1301aa preferredMinDisplayRefreshRate=60.0 receive insets ignoring z-order
01-30 20:26:55.665  6115  6115 I ViewRootImpl@b1f38a8[InputMethod]:   fl=81800108
01-30 20:26:55.665  6115  6115 I ViewRootImpl@b1f38a8[InputMethod]:   pfl=12000000
01-30 20:26:55.665  6115  6115 I ViewRootImpl@b1f38a8[InputMethod]:   bhv=DEFAULT
01-30 20:26:55.665  6115  6115 I ViewRootImpl@b1f38a8[InputMethod]:   fitTypes=STATUS_BARS NAVIGATION_BARS
01-30 20:26:55.665  6115  6115 I ViewRootImpl@b1f38a8[InputMethod]:   fitSides=LEFT TOP RIGHT
01-30 20:26:55.665  6115  6115 I ViewRootImpl@b1f38a8[InputMethod]:   fitIgnoreVis dimDuration=150 naviIconColor=0}
01-30 20:26:55.666  6115  6115 I ViewRootImpl@b1f38a8[InputMethod]: performTraversals mFirst=false windowShouldResize=false viewVisibilityChanged=true mForceNextWindowRelayout=false params={(0,0)(fillxfill) gr=BOTTOM CENTER_VERTICAL sim={adjust=pan} ty=INPUT_METHOD fmt=TRANSPARENT wanim=0x7f1301aa preferredMinDisplayRefreshRate=60.0 receive insets ignoring z-order
01-30 20:26:55.666  6115  6115 I ViewRootImpl@b1f38a8[InputMethod]:   fl=81800108
01-30 20:26:55.666  6115  6115 I ViewRootImpl@b1f38a8[InputMethod]:   pfl=12000000
01-30 20:26:55.666  6115  6115 I ViewRootImpl@b1f38a8[InputMethod]:   bhv=DEFAULT
01-30 20:26:55.666  6115  6115 I ViewRootImpl@b1f38a8[InputMethod]:   fitTypes=STATUS_BARS NAVIGATION_BARS
01-30 20:26:55.666  6115  6115 I ViewRootImpl@b1f38a8[InputMethod]:   fitSides=LEFT TOP RIGHT
01-30 20:26:55.666  6115  6115 I ViewRootImpl@b1f38a8[InputMethod]:   fitIgnoreVis dimDuration=150 naviIconColor=0}
01-30 20:26:55.666  1426  4481 V WindowManager: Relayout Window{1e49913 u0 InputMethod}: viewVisibility=0 req=1080x2312 d0
01-30 20:26:55.667  1426  1482 D InsetsController: onStateChanged: InsetsState: {mDisplayFrame=Rect(0, 0 - 1080, 2400), mDisplayCutout=DisplayCutout{insets=Rect(0, 88 - 0, 0) waterfall=Insets{left=0, top=0, right=0, bottom=0} boundingRect={Bounds=[Rect(0, 0 - 0, 0), Rect(512, 0 - 568, 88), Rect(0, 0 - 0, 0), Rect(0, 0 - 0, 0)]} cutoutPathParserInfo={CutoutPathParserInfo{displayWidth=1080 displayHeight=2400 physicalDisplayWidth=1080 physicalDisplayHeight=2400 density={2.8125} cutoutSpec={M 0,0 M 0,11.43427858034597 a 9.899054752987353,9.899054752987353 0 1,0 0,19.79810950597471 a 9.899054752987353,9.899054752987353 0 1,0 0,-19.79810950597471 Z @dp} rotation={0} scale={1.0} physicalPixelDisplaySizeRatio={1.0}}}}, mRoundedCorners=RoundedCorners{[RoundedCorner{position=TopLeft, radius=90, center=Point(90, 90)}, RoundedCorner{position=TopRight, radius=90, center=Point(990, 90)}, RoundedCorner{position=BottomRight, radius=90, center=Point(990, 2310)}, RoundedCorner{position=BottomLeft, radius=90, center=Point(90, 2310)}]}  mRoundedCornerFrame=Rect(0, 0 - 1080, 2400), mPrivacyIndicatorBounds=PrivacyIndicatorBounds {static bounds=Rect(956, 0 - 1080, 88) rotation=0}, mSources= { InsetsSource: {mType=ITYPE_STATUS_BAR, mFrame=[0,0][1080,88], mVisible=true, mInsetsRoundedCornerFrame=false}, InsetsSource: {mType=ITYPE_NAVIGATION_BAR, mFrame=[0,2265][1080,2400], mVisible=true, mInsetsRoundedCornerFrame=false}, InsetsSource: {mType=ITYPE_LEFT_GESTURES, mFrame=[0,0][0,2400], mVisible=true, mInsetsRoundedCornerFrame=false}, InsetsSource: {mType=ITYPE_RIGHT_GESTURES, mFrame=[1080,0][1080,2400], mVisible=true, mInsetsRoundedCornerFrame=false}, InsetsSource: {mType=ITYPE_TOP_MANDATORY_GESTURES, mFrame=[0,0][1080,122], mVisible=true, mInsetsRoundedCornerFrame=false}, InsetsSource: {mType=ITYPE_BOTTOM_MANDATORY_GESTURES, mFrame=[0,2265][1080,2400], mVisible=true, mInsetsRoundedCornerFrame=false}, InsetsSource: {mType=ITYPE_LEFT_DISPLAY_CUTOUT, mFrame=[0,0][-100000,2400], mVisible=true, mInsetsRoundedCornerFrame=false}, InsetsSource: {mType=ITYPE_TOP_DISPLAY_CUTOUT, mFrame=[0,0][1080,88], mVisible=true, mInsetsRoundedCornerFrame=false}, InsetsSource: {mType=ITYPE_RIGHT_DISPLAY_CUTOUT, mFrame=[100000,0][1080,2400], mVisible=true, mInsetsRoundedCornerFrame=false}, InsetsSource: {mType=ITYPE_BOTTOM_DISPLAY_CUTOUT, mFrame=[0,100000][1080,2400], mVisible=true, mInsetsRoundedCornerFrame=false}, InsetsSource: {mType=ITYPE_TOP_TAPPABLE_ELEMENT, mFrame=[0,0][1080,88], mVisible=true, mInsetsRoundedCornerFrame=false}, InsetsSource: {mType=ITYPE_BOTTOM_TAPPABLE_ELEMENT, mFrame=[0,2265][1080,2400], mVisible=true, mInsetsRoundedCornerFrame=false} } host=Autofill UI from=android.view.ViewRootImpl.setView:1732
01-30 20:26:55.667  1100  1152 I SurfaceFlinger: id=125138 createSurf flag=40004, InputMethod$_6115#125138
01-30 20:26:55.668  1426  4481 W WindowManager: lockNow pending, ignore updating lockscreen timeout
01-30 20:26:55.669  1426  4481 I ViewRootImpl@8a6ee32[Autofill UI]: Resizing android.view.ViewRootImpl@34a118a: frame = [209,935][890,1140] reportDraw = false forceLayout = false syncSeqId = 0
01-30 20:26:55.670  2448  2487 I ViewRootImpl@f99e19[NavigationBar0]: Resizing android.view.ViewRootImpl@ffc9478: frame = [0,2265][1080,2400] reportDraw = false forceLayout = false syncSeqId = 109
01-30 20:26:55.670  2448  2488 I ViewRootImpl@752c8ef[StatusBar]: Resizing android.view.ViewRootImpl@836afe8: frame = [0,0][1080,88] reportDraw = false forceLayout = false syncSeqId = 129
01-30 20:26:55.670  5767 11576 I ViewRootImpl@e7ac884[CocktailBarService]: Resizing android.view.ViewRootImpl@557e69: frame = [0,1504][67,1846] reportDraw = false forceLayout = false syncSeqId = 85
01-30 20:26:55.670  1100  1100 I SurfaceFlinger: [852d783 Autofill UI#125135] FrameRatePriority: 1
01-30 20:26:55.671  9712  9800 I ViewRootImpl@ebcc417[RegisterActivity]: Resizing android.view.ViewRootImpl@721a7e9: frame = [0,0][1080,2400] reportDraw = false forceLayout = false syncSeqId = 0
01-30 20:26:55.671  1100  1100 I Layer   : id=125132 removeFromCurrentState Surface(name=c2abcc7 StatusBar)/@0x2f665b7 - animation-leash of insets_animation#125132 (257)
01-30 20:26:55.671  1100  1100 I Layer   : id=125133 removeFromCurrentState Surface(name=719c3fd NavigationBar0)/@0xe9d3c89 - animation-leash of insets_animation#125133 (257)
01-30 20:26:55.671  1100  1100 I SurfaceFlinger: [6a904a9 com.example.sportmatch/com.example.sportmatch.RegisterActivity#125110] FrameRatePriority: -1
01-30 20:26:55.671  2448  2448 D InsetsController: onStateChanged: InsetsState: {mDisplayFrame=Rect(0, 0 - 1080, 2400), mDisplayCutout=DisplayCutout{insets=Rect(0, 88 - 0, 0) waterfall=Insets{left=0, top=0, right=0, bottom=0} boundingRect={Bounds=[Rect(0, 0 - 0, 0), Rect(512, 0 - 568, 88), Rect(0, 0 - 0, 0), Rect(0, 0 - 0, 0)]} cutoutPathParserInfo={CutoutPathParserInfo{displayWidth=1080 displayHeight=2400 physicalDisplayWidth=1080 physicalDisplayHeight=2400 density={2.8125} cutoutSpec={M 0,0 M 0,11.43427858034597 a 9.899054752987353,9.899054752987353 0 1,0 0,19.79810950597471 a 9.899054752987353,9.899054752987353 0 1,0 0,-19.79810950597471 Z @dp} rotation={0} scale={1.0} physicalPixelDisplaySizeRatio={1.0}}}}, mRoundedCorners=RoundedCorners{[RoundedCorner{position=TopLeft, radius=90, center=Point(90, 90)}, RoundedCorner{position=TopRight, radius=90, center=Point(990, 90)}, RoundedCorner{position=BottomRight, radius=90, center=Point(990, 2310)}, RoundedCorner{position=BottomLeft, radius=90, center=Point(90, 2310)}]}  mRoundedCornerFrame=Rect(0, 0 - 0, 0), mPrivacyIndicatorBounds=PrivacyIndicatorBounds {static bounds=Rect(956, 0 - 1080, 88) rotation=0}, mSources= { InsetsSource: {mType=ITYPE_LEFT_GESTURES, mFrame=[0,0][0,2400], mVisible=true, mInsetsRoundedCornerFrame=false}, InsetsSource: {mType=ITYPE_RIGHT_GESTURES, mFrame=[1080,0][1080,2400], mVisible=true, mInsetsRoundedCornerFrame=false}, InsetsSource: {mType=ITYPE_TOP_MANDATORY_GESTURES, mFrame=[0,0][1080,122], mVisible=true, mInsetsRoundedCornerFrame=false}, InsetsSource: {mType=ITYPE_BOTTOM_MANDATORY_GESTURES, mFrame=[0,2265][1080,2400], mVisible=true, mInsetsRoundedCornerFrame=false}, InsetsSource: {mType=ITYPE_LEFT_DISPLAY_CUTOUT, mFrame=[0,0][-100000,2400], mVisible=true, mInsetsRoundedCornerFrame=false}, InsetsSource: {mType=ITYPE_TOP_DISPLAY_CUTOUT, mFrame=[0,0][1080,88], mVisible=true, mInsetsRoundedCornerFrame=false}, InsetsSource: {mType=ITYPE_RIGHT_DISPLAY_CUTOUT, mFrame=[100000,0][1080,2400], mVisible=true, mInsetsRoundedCornerFrame=false}, InsetsSource: {mType=ITYPE_BOTTOM_DISPLAY_CUTOUT, mFrame=[0,100000][1080,2400], mVisible=true, mInsetsRoundedCornerFrame=false}, InsetsSource: {mType=ITYPE_TOP_TAPPABLE_ELEMENT, mFrame=[0,0][1080,88], mVisible=true, mInsetsRoundedCornerFrame=false}, InsetsSource: {mType=ITYPE_BOTTOM_TAPPABLE_ELEMENT, mFrame=[0,2265][1080,2400], mVisible=true, mInsetsRoundedCornerFrame=false}, InsetsSource: {mType=ITYPE_IME, mFrame=[0,1392][1080,2400], mVisibleFrame=[0,1392][1080,2400], mVisible=false, mInsetsRoundedCornerFrame=false} } host=NavigationBar0 from=android.view.ViewRootImpl$ViewRootHandler.handleMessageImpl:6727
01-30 20:26:55.671  2448  2448 I ViewRootImpl@f99e19[NavigationBar0]: handleResized, msg = 4 frames=ClientWindowFrames{frame=[0,2265][1080,2400] display=[0,0][1080,2400] parentFrame=[0,0][0,0] parentClippedByDisplayCutout=false} forceNextWindowRelayout=false displayId=0 resizeMode=-1 frameChanged=false displayFrameChanged=false configChanged=false displayChanged=false
01-30 20:26:55.671  2448  2448 I ViewRootImpl@752c8ef[StatusBar]: handleResized, msg = 4 frames=ClientWindowFrames{frame=[0,0][1080,88] display=[0,0][1080,2400] parentFrame=[0,0][0,0] parentClippedByDisplayCutout=false} forceNextWindowRelayout=false displayId=0 resizeMode=-1 frameChanged=false displayFrameChanged=false configChanged=false displayChanged=false
01-30 20:26:55.672  5767  5767 I ViewRootImpl@e7ac884[CocktailBarService]: handleResized, msg = 4 frames=ClientWindowFrames{frame=[0,1504][67,1846] display=[0,0][1080,2265] parentFrame=[0,0][0,0] parentClippedByDisplayCutout=false} forceNextWindowRelayout=false displayId=0 resizeMode=-1 frameChanged=false displayFrameChanged=false configChanged=false displayChanged=false
01-30 20:26:55.672  1426  4481 W WindowManager: lockNow pending, ignore updating lockscreen timeout
01-30 20:26:55.673   535   547 I servicemanager: Found vendor.samsung.hardware.hyper.ISehHyPer/default in device VINTF manifest.
01-30 20:26:55.674  1426  4481 V WindowManager: Relayout hash=1e49913, pid=6115, syncId=-1: mAttrs={(0,0)(fillxfill) gr=BOTTOM CENTER_VERTICAL sim={adjust=pan} ty=INPUT_METHOD fmt=TRANSPARENT wanim=0x7f1301aa preferredMinDisplayRefreshRate=60.0 receive insets ignoring z-order
01-30 20:26:55.674  1426  4481 V WindowManager:   fl=81800108
01-30 20:26:55.674  1426  4481 V WindowManager:   pfl=12000000
01-30 20:26:55.674  1426  4481 V WindowManager:   bhv=DEFAULT
01-30 20:26:55.674  1426  4481 V WindowManager:   fitTypes=STATUS_BARS NAVIGATION_BARS
01-30 20:26:55.674  1426  4481 V WindowManager:   fitSides=LEFT TOP RIGHT
01-30 20:26:55.674  1426  4481 V WindowManager:   fitIgnoreVis dimDuration=150 naviIconColor=0}
01-30 20:26:55.675  6115  6115 I ViewRootImpl@b1f38a8[InputMethod]: updateBlastSurfaceIfNeeded mBlastBufferQueue=null isSameSurfaceControl=false
01-30 20:26:55.675  6115  6115 I BLASTBufferQueue: new BLASTBufferQueue, mName= ViewRootImpl@b1f38a8[InputMethod] mNativeObject= 0xb40000722b671410 sc.mNativeObject= 0xb4000071bb847780 caller= android.view.ViewRootImpl.updateBlastSurfaceIfNeeded:2909 android.view.ViewRootImpl.relayoutWindow:9847 android.view.ViewRootImpl.performTraversals:3884 android.view.ViewRootImpl.doTraversal:3116 android.view.ViewRootImpl$TraversalRunnable.run:10885 android.view.Choreographer$CallbackRecord.run:1301 android.view.Choreographer$CallbackRecord.run:1309 android.view.Choreographer.doCallbacks:923 android.view.Choreographer.doFrame:852 android.view.Choreographer$FrameDisplayEventReceiver.run:1283
01-30 20:26:55.675  1426  1482 I ViewRootImpl@8a6ee32[Autofill UI]: setView = android.widget.FrameLayout@23fbc56 TM=false
01-30 20:26:55.675  6115  6115 I BLASTBufferQueue: update, w= 1080 h= 2312 mName = ViewRootImpl@b1f38a8[InputMethod] mNativeObject= 0xb40000722b671410 sc.mNativeObject= 0xb4000071bb847780 format= -2 caller= android.graphics.BLASTBufferQueue.<init>:84 android.view.ViewRootImpl.updateBlastSurfaceIfNeeded:2909 android.view.ViewRootImpl.relayoutWindow:9847 android.view.ViewRootImpl.performTraversals:3884 android.view.ViewRootImpl.doTraversal:3116 android.view.ViewRootImpl$TraversalRunnable.run:10885
01-30 20:26:55.676  6115  6115 I ViewRootImpl@b1f38a8[InputMethod]: Relayout returned: old=(0,88,1080,2400) new=(0,88,1080,2400) req=(1080,2312)0 dur=9 res=0x3 s={true 0xb4000072bb7318a0} ch=true seqId=0
01-30 20:26:55.676  6115  6115 I ViewRootImpl@b1f38a8[InputMethod]: mThreadedRenderer.initialize() mSurface={isValid=true 0xb4000072bb7318a0} hwInitialized=true
01-30 20:26:55.677  9712  9712 D InsetsController: onStateChanged: InsetsState: {mDisplayFrame=Rect(0, 0 - 1080, 2400), mDisplayCutout=DisplayCutout{insets=Rect(0, 88 - 0, 0) waterfall=Insets{left=0, top=0, right=0, bottom=0} boundingRect={Bounds=[Rect(0, 0 - 0, 0), Rect(512, 0 - 568, 88), Rect(0, 0 - 0, 0), Rect(0, 0 - 0, 0)]} cutoutPathParserInfo={CutoutPathParserInfo{displayWidth=1080 displayHeight=2400 physicalDisplayWidth=1080 physicalDisplayHeight=2400 density={2.8125} cutoutSpec={M 0,0 M 0,11.43427858034597 a 9.899054752987353,9.899054752987353 0 1,0 0,19.79810950597471 a 9.899054752987353,9.899054752987353 0 1,0 0,-19.79810950597471 Z @dp} rotation={0} scale={1.0} physicalPixelDisplaySizeRatio={1.0}}}}, mRoundedCorners=RoundedCorners{[RoundedCorner{position=TopLeft, radius=90, center=Point(90, 90)}, RoundedCorner{position=TopRight, radius=90, center=Point(990, 90)}, RoundedCorner{position=BottomRight, radius=90, center=Point(990, 2310)}, RoundedCorner{position=BottomLeft, radius=90, center=Point(90, 2310)}]}  mRoundedCornerFrame=Rect(0, 0 - 1080, 2400), mPrivacyIndicatorBounds=PrivacyIndicatorBounds {static bounds=Rect(956, 0 - 1080, 88) rotation=0}, mSources= { InsetsSource: {mType=ITYPE_STATUS_BAR, mFrame=[0,0][1080,88], mVisible=true, mInsetsRoundedCornerFrame=false}, InsetsSource: {mType=ITYPE_NAVIGATION_BAR, mFrame=[0,2265][1080,2400], mVisible=true, mInsetsRoundedCornerFrame=false}, InsetsSource: {mType=ITYPE_LEFT_GESTURES, mFrame=[0,0][0,2400], mVisible=true, mInsetsRoundedCornerFrame=false}, InsetsSource: {mType=ITYPE_RIGHT_GESTURES, mFrame=[1080,0][1080,2400], mVisible=true, mInsetsRoundedCornerFrame=false}, InsetsSource: {mType=ITYPE_TOP_MANDATORY_GESTURES, mFrame=[0,0][1080,122], mVisible=true, mInsetsRoundedCornerFrame=false}, InsetsSource: {mType=ITYPE_BOTTOM_MANDATORY_GESTURES, mFrame=[0,2265][1080,2400], mVisible=true, mInsetsRoundedCornerFrame=false}, InsetsSource: {mType=ITYPE_LEFT_DISPLAY_CUTOUT, mFrame=[0,0][-100000,2400], mVisible=true, mInsetsRoundedCornerFrame=false}, InsetsSource: {mType=ITYPE_TOP_DISPLAY_CUTOUT, mFrame=[0,0][1080,88], mVisible=true, mInsetsRoundedCornerFrame=false}, InsetsSource: {mType=ITYPE_RIGHT_DISPLAY_CUTOUT, mFrame=[100000,0][1080,2400], mVisible=true, mInsetsRoundedCornerFrame=false}, InsetsSource: {mType=ITYPE_BOTTOM_DISPLAY_CUTOUT, mFrame=[0,100000][1080,2400], mVisible=true, mInsetsRoundedCornerFrame=false}, InsetsSource: {mType=ITYPE_TOP_TAPPABLE_ELEMENT, mFrame=[0,0][1080,88], mVisible=true, mInsetsRoundedCornerFrame=false}, InsetsSource: {mType=ITYPE_BOTTOM_TAPPABLE_ELEMENT, mFrame=[0,2265][1080,2400], mVisible=true, mInsetsRoundedCornerFrame=false}, InsetsSource: {mType=ITYPE_IME, mFrame=[0,1392][1080,2400], mVisibleFrame=[0,1392][1080,2400], mVisible=false, mInsetsRoundedCornerFrame=false} } host=com.example.sportmatch/com.example.sportmatch.RegisterActivity from=android.view.ViewRootImpl$ViewRootHandler.handleMessageImpl:6740
01-30 20:26:55.677  6115  6115 I ViewRootImpl@b1f38a8[InputMethod]: reportNextDraw android.view.ViewRootImpl.performTraversals:4438 android.view.ViewRootImpl.doTraversal:3116 android.view.ViewRootImpl$TraversalRunnable.run:10885 android.view.Choreographer$CallbackRecord.run:1301 android.view.Choreographer$CallbackRecord.run:1309
01-30 20:26:55.677  6115  6115 I ViewRootImpl@b1f38a8[InputMethod]: Setup new sync id=2263
01-30 20:26:55.677  6115  6115 I ViewRootImpl@b1f38a8[InputMethod]: Setting syncFrameCallback
01-30 20:26:55.677  6115  6115 I ViewRootImpl@b1f38a8[InputMethod]: registerCallbacksForSync syncBuffer=false
01-30 20:26:55.677  5133  5133 I SemDvfsHyPerManager: acquire hyper - com.samsung.android.bixby.wakeup/5133@0, type = -999
01-30 20:26:55.677  1100  1331 I SurfaceFlinger: id=125133 Removed Surface(name=719c3fd NavigationBar0)/@0xe9d3c89 - animation-leash of insets_animation#125133 (257)
01-30 20:26:55.678  1100  1153 I SurfaceFlinger: id=125132 Removed Surface(name=c2abcc7 StatusBar)/@0x2f665b7 - animation-leash of insets_animation#125132 (257)
01-30 20:26:55.678  1037  1116 I HYPER-HAL: [RequestManager.cpp]acquire(): Acquired ID : 13176411  [5133 / 0]    HINT : BIXBY_BOOST    list : [TIMEOUT / 2000]
01-30 20:26:55.679  9712  9712 I ViewRootImpl@ebcc417[RegisterActivity]: handleResized, msg = 4 frames=ClientWindowFrames{frame=[0,0][1080,2400] display=[0,0][1080,2400] parentFrame=[0,0][0,0] parentClippedByDisplayCutout=false} forceNextWindowRelayout=false displayId=0 resizeMode=-1 frameChanged=false displayFrameChanged=false configChanged=false displayChanged=false
01-30 20:26:55.679  5133  5133 I BWU@DspControlService: Ph_[bixby_latency] MARK::edge case start [main]
