01-30 23:25:25.993 14070 14070 V ActivityScenario: Activity lifecycle changed event received but ignored because the intent does not match. startActivityIntent=Intent { act=android.intent.action.MAIN cat=[android.intent.category.LAUNCHER] flg=0x10008000 cmp=com.example.sportmatch/.MainActivity }, activity.getIntent()=Intent { act=android.intent.action.MAIN cat=[android.intent.category.LAUNCHER] flg=0x10000000 cmp=com.example.sportmatch/androidx.test.core.app.InstrumentationActivityInvoker$EmptyActivity }, activity=androidx.test.core.app.InstrumentationActivityInvoker$EmptyActivity@318e782
01-30 23:25:25.994  6115  6115 I HBD     : b needOff = true , isForceOff = false, isNullInputClass : true
01-30 23:25:25.994  6115  6115 I HBD     : b update cached prediction status : false
01-30 23:25:25.995  6115  6115 I HBD     : h getDefaultInputRange : UNKNOWN
01-30 23:25:25.995  6115  6115 I HBD     : a currentState : 0
01-30 23:25:25.995 14070 14106 V FA      : Screen exposed for less than 1000 ms. Event not sent. time: 130
01-30 23:25:25.995  6115  6115 I HBD     : a [UpdatePolicy] [post] a: 0 cl: 65538 kit: [0/0] vt: 0 ir: 1
01-30 23:25:25.995  6115  6115 I HBD     : a [NRIC] resetNoResponseState
01-30 23:25:25.995  6115  6115 I HBD     : b needOff = true , isForceOff = false, isNullInputClass : true
01-30 23:25:25.995  6115  6115 I HBD     : b update cached prediction status : false
01-30 23:25:25.996 14070 14106 V FA      : Activity paused, time: 589516097
01-30 23:25:25.996  1426  1705 I SemDvfsHyPerManager: acquire hyper - AMS_ACT_RESUME/1426@25, type = -999
01-30 23:25:25.996  6115  6115 I HBD     : HoneyBoardService [PF_OP][onStartInput]  6 ms
01-30 23:25:25.997  1037  1116 I HYPER-HAL: [RequestManager.cpp]acquire(): Acquired ID : 1053451  [1426 / 25]    HINT : AMS_ACT_RESUME    list :
01-30 23:25:25.998  1426  1705 D InputDispatcher: Focused application(0): ActivityRecord{588e96d u0 com.example.sportmatch/.LoginActivity} t17302}
01-30 23:25:26.000  1100  1100 I Layer   : id=129934 removeFromCurrentState com.example.sportmatch/com.example.sportmatch.LoginActivity$_14070#129934 (243)
01-30 23:25:26.000  1100  1100 I SurfaceFlinger: [62b6ccd com.example.sportmatch/androidx.test.core.app.InstrumentationActivityInvoker$EmptyActivity#129951] FrameRatePriority: -1
01-30 23:25:26.001  1100  1100 I Layer   : id=129949 removeFromCurrentState Surface(name=1e49913 InputMethod)/@0x940201a - animation-leash of insets_animation#129949 (243)
01-30 23:25:26.001  1100  1100 I SurfaceFlinger: id=129934 Removed com.example.sportmatch/com.example.sportmatch.LoginActivity$_14070#129934 (243)
01-30 23:25:26.002  1100  1100 I Layer   : id=129934 Destroyed com.example.sportmatch/com.example.sportmatch.LoginActivity$_14070#129934
01-30 23:25:26.002  1426  1705 W WindowManager: lockNow pending, ignore updating lockscreen timeout
01-30 23:25:26.005 14070 14070 I ViewRootImpl@f0b0e01[InstrumentationActivityInvoker$EmptyActivity]: MSG_WINDOW_FOCUS_CHANGED 0 0
01-30 23:25:26.006  1100  1152 I SurfaceFlinger: id=129949 Removed Surface(name=1e49913 InputMethod)/@0x940201a - animation-leash of insets_animation#129949 (242)
01-30 23:25:26.007  1426  3460 I MediaSessionMonitor: Media session stopped : controllerList empty
01-30 23:25:26.007  1426  4480 D InputMethodManagerService: isImeSwitcherDisabledPackage : false
01-30 23:25:26.008 14070 14070 I ViewRootImpl@3699d4b[LoginActivity]: handleAppVisibility mAppVisible = false visible = true
01-30 23:25:26.008 14070 14070 I ViewRootImpl@3699d4b[LoginActivity]: stopped(false) old = true
01-30 23:25:26.008 14070 14070 I ViewRootImpl@3699d4b[LoginActivity]: WindowStopped on com.example.sportmatch/com.example.sportmatch.LoginActivity set to false
01-30 23:25:26.008  6115  6115 I InputMethodService: removeImeSurface
01-30 23:25:26.008 14070 14070 D LifecycleMonitor: Lifecycle status change: com.example.sportmatch.LoginActivity@f28d420 in: RESTARTED
01-30 23:25:26.009  6115  6115 I MSHandlerLifeCycle: check: return. pkg=com.samsung.android.honeyboard isActivity=false callers=com.android.internal.policy.DecorView.setVisibility:4412 android.app.Dialog.hide:767 android.inputmethodservice.InputMethodService.removeImeSurface:1290 android.inputmethodservice.InputMethodService.scheduleImeSurfaceRemoval:1279 android.inputmethodservice.InputMethodService.-$$Nest$mscheduleImeSurfaceRemoval:0
01-30 23:25:26.009  6115  6115 I MSHandlerLifeCycle: removeMultiSplitHandler: no exist. decor=DecorView@f7681bd[InputMethod]
01-30 23:25:26.009 14070 14070 V ActivityScenario: Activity lifecycle changed event received but ignored because the intent does not match. startActivityIntent=Intent { act=android.intent.action.MAIN cat=[android.intent.category.LAUNCHER] flg=0x10008000 cmp=com.example.sportmatch/.MainActivity }, activity.getIntent()=Intent { cmp=com.example.sportmatch/.LoginActivity }, activity=com.example.sportmatch.LoginActivity@f28d420
01-30 23:25:26.010 14070 14070 D LifecycleMonitor: Lifecycle status change: com.example.sportmatch.LoginActivity@f28d420 in: STARTED
01-30 23:25:26.010 14070 14070 V ActivityScenario: Activity lifecycle changed event received but ignored because the intent does not match. startActivityIntent=Intent { act=android.intent.action.MAIN cat=[android.intent.category.LAUNCHER] flg=0x10008000 cmp=com.example.sportmatch/.MainActivity }, activity.getIntent()=Intent { cmp=com.example.sportmatch/.LoginActivity }, activity=com.example.sportmatch.LoginActivity@f28d420
01-30 23:25:26.012 14070 14070 I MSHandlerLifeCycle: removeMultiSplitHandler: no exist. decor=DecorView@1b5311[LoginActivity]
01-30 23:25:26.012 14070 14070 I ViewRootImpl@3699d4b[LoginActivity]: stopped(false) old = false
01-30 23:25:26.012 14070 14070 D LifecycleMonitor: Lifecycle status change: com.example.sportmatch.LoginActivity@f28d420 in: RESUMED
01-30 23:25:26.013 14070 14070 V ActivityScenario: Activity lifecycle changed event received but ignored because the intent does not match. startActivityIntent=Intent { act=android.intent.action.MAIN cat=[android.intent.category.LAUNCHER] flg=0x10008000 cmp=com.example.sportmatch/.MainActivity }, activity.getIntent()=Intent { cmp=com.example.sportmatch/.LoginActivity }, activity=com.example.sportmatch.LoginActivity@f28d420
01-30 23:25:26.013  5767  5767 I ActivityUtils: HomePackage : com.sec.android.app.launcher, resumePackageName : com.example.sportmatch
01-30 23:25:26.013 14070 14106 V FA      : Activity resumed, time: 589516117
01-30 23:25:26.014 14070 14070 I MSHandlerLifeCycle: removeMultiSplitHandler: no exist. decor=DecorView@1b5311[LoginActivity]
01-30 23:25:26.016  1100  1100 I Layer   : id=129949 Destroyed Surface(name=1e49913 InputMethod)/@0x940201a - animation-leash of insets_animation#129949
01-30 23:25:26.018 14070 14070 I ViewRootImpl@3699d4b[LoginActivity]: performTraversals mFirst=false windowShouldResize=false viewVisibilityChanged=true mForceNextWindowRelayout=false params=null
01-30 23:25:26.019  1426  2534 V WindowManager: Relayout Window{2e2a8ac u0 com.example.sportmatch/com.example.sportmatch.LoginActivity}: viewVisibility=0 req=1080x2400 d0
01-30 23:25:26.020  1100  1152 I SurfaceFlinger: id=129957 createSurf flag=40004, com.example.sportmatch/com.example.sportmatch.LoginActivity$_14070#129957
01-30 23:25:26.021  1426  2534 W WindowManager: lockNow pending, ignore updating lockscreen timeout
01-30 23:25:26.023  1100  1153 I SurfaceFlinger: id=129958 createSurf flag=24000, Surface(name=c2abcc7 StatusBar)/@0x2f665b7 - animation-leash of insets_animation#129958
01-30 23:25:26.024  1100  1153 I SurfaceFlinger: id=129959 createSurf flag=24000, Surface(name=719c3fd NavigationBar0)/@0xe9d3c89 - animation-leash of insets_animation#129959
01-30 23:25:26.025  1426  2534 V WindowManager: Relayout hash=2e2a8ac, pid=14070, syncId=-1: mAttrs={(0,0)(fillxfill) sim={adjust=pan forwardNavigation} ty=BASE_APPLICATION wanim=0x1030309
01-30 23:25:26.025  1426  2534 V WindowManager:   fl=81810100
01-30 23:25:26.025  1426  2534 V WindowManager:   pfl=12020040
01-30 23:25:26.025  1426  2534 V WindowManager:   bhv=DEFAULT
01-30 23:25:26.025  1426  2534 V WindowManager:   fitSides= naviIconColor=0}
01-30 23:25:26.028 14070 14070 I ViewRootImpl@3699d4b[LoginActivity]: updateBlastSurfaceIfNeeded mBlastBufferQueue=null isSameSurfaceControl=false
01-30 23:25:26.028 14070 14070 I BLASTBufferQueue: new BLASTBufferQueue, mName= ViewRootImpl@3699d4b[LoginActivity] mNativeObject= 0xb40000722b67a3d0 sc.mNativeObject= 0xb4000071bb6dacb0 caller= android.view.ViewRootImpl.updateBlastSurfaceIfNeeded:2909 android.view.ViewRootImpl.relayoutWindow:9847 android.view.ViewRootImpl.performTraversals:3884 android.view.ViewRootImpl.doTraversal:3116 android.view.ViewRootImpl$TraversalRunnable.run:10885 android.view.Choreographer$CallbackRecord.run:1301 android.view.Choreographer$CallbackRecord.run:1309 android.view.Choreographer.doCallbacks:923 android.view.Choreographer.doFrame:852 android.view.Choreographer$FrameDisplayEventReceiver.run:1283
01-30 23:25:26.029 14070 14070 I BLASTBufferQueue: update, w= 1080 h= 2400 mName = ViewRootImpl@3699d4b[LoginActivity] mNativeObject= 0xb40000722b67a3d0 sc.mNativeObject= 0xb4000071bb6dacb0 format= -1 caller= android.graphics.BLASTBufferQueue.<init>:84 android.view.ViewRootImpl.updateBlastSurfaceIfNeeded:2909 android.view.ViewRootImpl.relayoutWindow:9847 android.view.ViewRootImpl.performTraversals:3884 android.view.ViewRootImpl.doTraversal:3116 android.view.ViewRootImpl$TraversalRunnable.run:10885
01-30 23:25:26.029 14070 14070 I ViewRootImpl@3699d4b[LoginActivity]: Relayout returned: old=(0,0,1080,2400) new=(0,0,1080,2400) req=(1080,2400)0 dur=9 res=0x3 s={true 0xb4000072bb6f1ac0} ch=true seqId=0
01-30 23:25:26.030 14070 14114 D OpenGLRenderer: eglCreateWindowSurface
01-30 23:25:26.030 14070 14070 I ViewRootImpl@3699d4b[LoginActivity]: mThreadedRenderer.initialize() mSurface={isValid=true 0xb4000072bb6f1ac0} hwInitialized=true
01-30 23:25:26.030 14070 14070 I ViewRootImpl@3699d4b[LoginActivity]: reportNextDraw android.view.ViewRootImpl.performTraversals:4438 android.view.ViewRootImpl.doTraversal:3116 android.view.ViewRootImpl$TraversalRunnable.run:10885 android.view.Choreographer$CallbackRecord.run:1301 android.view.Choreographer$CallbackRecord.run:1309
01-30 23:25:26.031 14070 14070 I ViewRootImpl@3699d4b[LoginActivity]: Setup new sync id=1
01-30 23:25:26.031 14070 14070 I ViewRootImpl@3699d4b[LoginActivity]: Setting syncFrameCallback
01-30 23:25:26.031 14070 14070 I ViewRootImpl@3699d4b[LoginActivity]: registerCallbacksForSync syncBuffer=false
01-30 23:25:26.041 14070 14147 I ViewRootImpl@3699d4b[LoginActivity]: Received frameDrawingCallback syncResult=0 frameNum=1.
01-30 23:25:26.041 14070 14147 I ViewRootImpl@3699d4b[LoginActivity]: Setting up sync and frameCommitCallback
01-30 23:25:26.043 14070 14114 I BLASTBufferQueue: [ViewRootImpl@3699d4b[LoginActivity]#3](f:0,a:0) onFrameAvailable the first frame is available
01-30 23:25:26.044 14070 14114 I ViewRootImpl@3699d4b[LoginActivity]: Received frameCommittedCallback lastAttemptedDrawFrameNum=1 didProduceBuffer=true
01-30 23:25:26.044 14070 14070 I ViewRootImpl@3699d4b[LoginActivity]: onSyncComplete
01-30 23:25:26.045 14070 14070 I ViewRootImpl@3699d4b[LoginActivity]: setupSync seqId=0 mSyncId=1 fn=1 caller=android.view.ViewRootImpl$$ExternalSyntheticLambda11.accept:6 android.window.SurfaceSyncer.lambda$setupSync$1$android-window-SurfaceSyncer:128 android.window.SurfaceSyncer$$ExternalSyntheticLambda1.accept:8 android.window.SurfaceSyncer$SyncSet.checkIfSyncIsComplete:382 android.window.SurfaceSyncer$SyncSet.markSyncReady:359 android.window.SurfaceSyncer.markSyncReady:151 android.view.ViewRootImpl.performTraversals:4503
01-30 23:25:26.046 14070 14070 I ViewRootImpl@3699d4b[LoginActivity]: reportDrawFinished seqId=0 mSyncId=-1 fn=1 mSurfaceChangedTransaction=0xb4000071eb67d7d0
01-30 23:25:26.047  1426  1485 W WindowManager: lockNow pending, ignore updating lockscreen timeout
01-30 23:25:26.050 14070 14070 I ViewRootImpl@f0b0e01[InstrumentationActivityInvoker$EmptyActivity]: handleAppVisibility mAppVisible = true visible = false
01-30 23:25:26.050  1100  1100 I Layer   : id=129953 removeFromCurrentState Surface(name=c2abcc7 StatusBar)/@0x2f665b7 - animation-leash of insets_animation#129953 (244)
01-30 23:25:26.050  1100  1100 I Layer   : id=129954 removeFromCurrentState Surface(name=719c3fd NavigationBar0)/@0xe9d3c89 - animation-leash of insets_animation#129954 (244)
01-30 23:25:26.050  1100  1100 I SurfaceFlinger: [2e2a8ac com.example.sportmatch/com.example.sportmatch.LoginActivity#129933] FrameRatePriority: 1
01-30 23:25:26.050  1100  1100 D SurfaceFlinger: [input] inputWindowCommands.focusRequests size is 1
01-30 23:25:26.051  1100  1100 I SurfaceFlinger: id=129953 Removed Surface(name=c2abcc7 StatusBar)/@0x2f665b7 - animation-leash of insets_animation#129953 (244)
01-30 23:25:26.051  1100  1100 I SurfaceFlinger: id=129954 Removed Surface(name=719c3fd NavigationBar0)/@0xe9d3c89 - animation-leash of insets_animation#129954 (244)
01-30 23:25:26.053  1100  1100 I Layer   : id=129953 Destroyed Surface(name=c2abcc7 StatusBar)/@0x2f665b7 - animation-leash of insets_animation#129953
01-30 23:25:26.053  1100  1100 I Layer   : id=129954 Destroyed Surface(name=719c3fd NavigationBar0)/@0xe9d3c89 - animation-leash of insets_animation#129954
01-30 23:25:26.054  1426  1485 W WindowManager: lockNow pending, ignore updating lockscreen timeout
01-30 23:25:26.054  1037  1116 I HYPER-HAL: [RequestManager.cpp]releaseLocked(): Released ID : 1053451
01-30 23:25:26.056  1100  1210 D SurfaceFlinger: [input] setFocusedWindow: 2e2a8ac com.example.sportmatch/com.example.sportmatch.LoginActivity
01-30 23:25:26.056  1426  4482 D InputDispatcher: Focus request (0): 2e2a8ac com.example.sportmatch/com.example.sportmatch.LoginActivity but waiting because NO_WINDOW
01-30 23:25:26.058  8598 14153 V FA-SVC  : Logging event: origin=auto,name=screen_view(_vs),params=Bundle[{ga_event_origin(_o)=auto, ga_previous_class(_pc)=EmptyActivity, ga_previous_id(_pi)=2564371498319530782, ga_screen_class(_sc)=LoginActivity, ga_screen_id(_si)=2564371498319530781}]
01-30 23:25:26.061  1426  1485 W WindowManager: lockNow pending, ignore updating lockscreen timeout
01-30 23:25:26.066  1100  1100 I Layer   : Layer [com.example.sportmatch/com.example.sportmatch.LoginActivity$_14070#129957] hidden!! flag(0)
01-30 23:25:26.066  1100  1100 I Layer   : Layer [com.example.sportmatch/androidx.test.core.app.InstrumentationActivityInvoker$EmptyActivity$_14070#129952] hidden!! flag(1)
01-30 23:25:26.067 14070 14114 D OpenGLRenderer: setSurface called with nullptr
01-30 23:25:26.067  8598 14153 V FA-SVC  : Upload scheduled in approximately ms: 3454840
01-30 23:25:26.067 14070 14114 D OpenGLRenderer: setSurface() destroyed EGLSurface
01-30 23:25:26.067 14070 14114 D OpenGLRenderer: destroyEglSurface
01-30 23:25:26.067  8598 14153 V FA-SVC  : Unscheduling upload
01-30 23:25:26.068 14070 14070 I ViewRootImpl@f0b0e01[InstrumentationActivityInvoker$EmptyActivity]: performTraversals mFirst=false windowShouldResize=false viewVisibilityChanged=true mForceNextWindowRelayout=false params=null
01-30 23:25:26.069  1426  4480 V WindowManager: Relayout Window{62b6ccd u0 com.example.sportmatch/androidx.test.core.app.InstrumentationActivityInvoker$EmptyActivity}: viewVisibility=8 req=1080x2400 d0
01-30 23:25:26.070  1426  4480 W WindowManager: lockNow pending, ignore updating lockscreen timeout
01-30 23:25:26.070  8598 14153 V FA-SVC  : Scheduling upload, millis: 3454840
01-30 23:25:26.072  1426  2534 D InputDispatcher: Focus entered window (0): 2e2a8ac com.example.sportmatch/com.example.sportmatch.LoginActivity
01-30 23:25:26.072  1426  4480 V WindowManager: Relayout hash=62b6ccd, pid=14070, syncId=-1: mAttrs={(0,0)(fillxfill) sim={adjust=pan forwardNavigation} ty=BASE_APPLICATION
01-30 23:25:26.072  1426  4480 V WindowManager:   fl=81810100
01-30 23:25:26.072  1426  4480 V WindowManager:   pfl=12020040
01-30 23:25:26.072  1426  4480 V WindowManager:   bhv=DEFAULT
01-30 23:25:26.072  1426  4480 V WindowManager:   fitSides= naviIconColor=0}
01-30 23:25:26.075  8598 14153 V FA-SVC  : Background event processing time, ms: 17
01-30 23:25:26.077 14070 14070 I ViewRootImpl@f0b0e01[InstrumentationActivityInvoker$EmptyActivity]: Relayout returned: old=(0,0,1080,2400) new=(0,0,1080,2400) req=(1080,2400)8 dur=8 res=0x2 s={false 0x0} ch=true seqId=0
01-30 23:25:26.078 14070 14070 I ViewRootImpl@f0b0e01[InstrumentationActivityInvoker$EmptyActivity]: stopped(true) old = false
01-30 23:25:26.079 14070 14070 I ViewRootImpl@f0b0e01[InstrumentationActivityInvoker$EmptyActivity]: WindowStopped on com.example.sportmatch/androidx.test.core.app.InstrumentationActivityInvoker$EmptyActivity set to true
01-30 23:25:26.079  1100  1100 D SurfaceFlinger: Display 4633128672291735932 HWC layers:
01-30 23:25:26.079  1100  1100 D SurfaceFlinger:      DEVICE | 0xb400007704b47790 | 0102 | RGBA_8888    |    0.0    0.0 1080.0 2400.0 |    0    0 1080 2400 | com.example.sportmatch/com.example.sportmatch.LoginActivity$_14070#129957
01-30 23:25:26.079  1100  1100 D SurfaceFlinger:      DEVICE | 0xb400007704b67310 | 0100 | RGBA_8888    |    0.0    0.0 1080.0   88.0 |    0    0 1080   88 | StatusBar$_2448#94
01-30 23:25:26.079  1100  1100 D SurfaceFlinger:      DEVICE | 0xb400007704b64750 | 0100 | RGBA_8888    |    0.0    0.0   67.0  342.0 |    0 1504   67 1846 | com.samsung.android.app.cocktailbars[...]vice.CocktailBarService$_5767#129865
01-30 23:25:26.079  1100  1100 D SurfaceFlinger:      DEVICE | 0xb400007704b68110 | 0100 | RGBA_8888    |    0.0    0.0 1080.0  135.0 |    0 2265 1080 2400 | NavigationBar0$_2448#88
01-30 23:25:26.079  1100  1100 D SurfaceFlinger:
01-30 23:25:26.079 14070 14070 D LifecycleMonitor: Lifecycle status change: androidx.test.core.app.InstrumentationActivityInvoker$EmptyActivity@318e782 in: STOPPED
01-30 23:25:26.081 14070 14070 I MSHandlerLifeCycle: removeMultiSplitHandler: no exist. decor=DecorView@5bd77fc[InstrumentationActivityInvoker$EmptyActivity]
01-30 23:25:26.081 12143 12904 W NetworkScheduler: Error inserting flex_time=3454000 job_id=-1 period=6910000 source=16 requires_charging=0 preferred_network_type=1 target_class=com.google.android.gms.measurement.PackageMeasurementTaskService user_id=0 target_package=com.google.android.gms tag=Measurement.PackageMeasurementTaskService.UPLOAD_TASK_TAG task_type=0 required_idleness_state=0 service_kind=0 source_version=240213000 persistence_level=1 preferred_charging_state=1 required_network_type=0 runtime=1706649926077 retry_strategy={"maximum_backoff_seconds":{"3600":0},"initial_backoff_seconds":{"30":0},"retry_policy":{"0":0}} last_runtime=0 [CONTEXT service_id=218 ]
01-30 23:25:26.081 12143 12904 W NetworkScheduler: android.database.sqlite.SQLiteConstraintException: UNIQUE constraint failed: pending_ops.tag, pending_ops.target_class, pending_ops.target_package, pending_ops.user_id (code 2067 SQLITE_CONSTRAINT_UNIQUE[2067])
01-30 23:25:26.081 12143 12904 W NetworkScheduler: 	at android.database.sqlite.SQLiteConnection.nativeExecuteForLastInsertedRowId(Native Method)
01-30 23:25:26.081 12143 12904 W NetworkScheduler: 	at android.database.sqlite.SQLiteConnection.executeForLastInsertedRowId(SQLiteConnection.java:1275)
01-30 23:25:26.081 12143 12904 W NetworkScheduler: 	at android.database.sqlite.SQLiteSession.executeForLastInsertedRowId(SQLiteSession.java:790)
01-30 23:25:26.081 12143 12904 W NetworkScheduler: 	at android.database.sqlite.SQLiteStatement.executeInsert(SQLiteStatement.java:89)
01-30 23:25:26.081 12143 12904 W NetworkScheduler: 	at android.database.sqlite.SQLiteDatabase.insertWithOnConflict(SQLiteDatabase.java:2410)
01-30 23:25:26.081 12143 12904 W NetworkScheduler: 	at android.database.sqlite.SQLiteDatabase.insertOrThrow(SQLiteDatabase.java:2305)
01-30 23:25:26.081 12143 12904 W NetworkScheduler: 	at crnw.d(:com.google.android.gms@240213038@24.02.13 (190400-599553831):743)
01-30 23:25:26.081 12143 12904 W NetworkScheduler: 	at crmd.n(:com.google.android.gms@240213038@24.02.13 (190400-599553831):29)
01-30 23:25:26.081 12143 12904 W NetworkScheduler: 	at crmd.u(:com.google.android.gms@240213038@24.02.13 (190400-599553831):362)
01-30 23:25:26.081 12143 12904 W NetworkScheduler: 	at crmd.h(:com.google.android.gms@240213038@24.02.13 (190400-599553831):51)
01-30 23:25:26.081 12143 12904 W NetworkScheduler: 	at crhi.run(:com.google.android.gms@240213038@24.02.13 (190400-599553831):72)
01-30 23:25:26.081 12143 12904 W NetworkScheduler: 	at akki.c(:com.google.android.gms@240213038@24.02.13 (190400-599553831):50)
01-30 23:25:26.081 12143 12904 W NetworkScheduler: 	at akki.run(:com.google.android.gms@240213038@24.02.13 (190400-599553831):76)
01-30 23:25:26.081 12143 12904 W NetworkScheduler: 	at java.util.concurrent.ThreadPoolExecutor.runWorker(ThreadPoolExecutor.java:1145)
01-30 23:25:26.081 12143 12904 W NetworkScheduler: 	at java.util.concurrent.ThreadPoolExecutor$Worker.run(ThreadPoolExecutor.java:644)
01-30 23:25:26.081 12143 12904 W NetworkScheduler: 	at akpt.run(:com.google.android.gms@240213038@24.02.13 (190400-599553831):8)
01-30 23:25:26.081 12143 12904 W NetworkScheduler: 	at java.lang.Thread.run(Thread.java:1012)
01-30 23:25:26.085 14070 14070 D LifecycleMonitor: Lifecycle status change: androidx.test.core.app.InstrumentationActivityInvoker$EmptyActivity@318e782 in: DESTROYED
01-30 23:25:26.086 14070 14070 I MSHandlerLifeCycle: removeMultiSplitHandler: no exist. decor=DecorView@5bd77fc[InstrumentationActivityInvoker$EmptyActivity]
01-30 23:25:26.087 14070 14114 D OpenGLRenderer: setSurface called with nullptr
01-30 23:25:26.087 14070 14070 I ViewRootImpl@f0b0e01[InstrumentationActivityInvoker$EmptyActivity]: dispatchDetachedFromWindow
01-30 23:25:26.087  1426  4480 D InputTransport: Input channel destroyed: '62b6ccd', fd=907
01-30 23:25:26.087  1426  4480 W InputManager-JNI: Input channel object '62b6ccd com.example.sportmatch/androidx.test.core.app.InstrumentationActivityInvoker$EmptyActivity (client)' was disposed without first being removed with the input manager!
01-30 23:25:26.087  1426  4480 D InputTransport: Input channel destroyed: '62b6ccd', fd=913
01-30 23:25:26.088  1100  1152 I SurfaceFlinger: id=129960 createSurf flag=24004, Surface(name=1e49913 InputMethod)/@0x940201a - animation-leash of insets_animation#129960
01-30 23:25:26.090  1426  4480 W WindowManager: lockNow pending, ignore updating lockscreen timeout
01-30 23:25:26.092 14070 14070 D InputTransport: Input channel destroyed: '62b6ccd', fd=116
01-30 23:25:26.092  1426  1485 W WindowManager: lockNow pending, ignore updating lockscreen timeout
01-30 23:25:26.093  1100  1153 I SurfaceFlinger: id=129907 Removed Surface(name=1e49913 InputMethod)/@0x940201a - animation-leash of insets_animation#129907 (243)
01-30 23:25:26.093 14070 14070 I ViewRootImpl@3699d4b[LoginActivity]: MSG_WINDOW_FOCUS_CHANGED 1 0
01-30 23:25:26.093  6115  6115 I InputMethodService: removeImeSurface
01-30 23:25:26.093 14070 14070 I ViewRootImpl@3699d4b[LoginActivity]: mThreadedRenderer.initializeIfNeeded()#2 mSurface={isValid=true 0xb4000072bb6f1ac0}
01-30 23:25:26.093  6115  6115 I MSHandlerLifeCycle: check: return. pkg=com.samsung.android.honeyboard isActivity=false callers=com.android.internal.policy.DecorView.setVisibility:4412 android.app.Dialog.hide:767 android.inputmethodservice.InputMethodService.removeImeSurface:1290 android.inputmethodservice.InputMethodService.scheduleImeSurfaceRemoval:1279 android.inputmethodservice.InputMethodService.-$$Nest$mscheduleImeSurfaceRemoval:0
01-30 23:25:26.093  1100  1153 I SurfaceFlinger: id=129955 Removed d0db3ff ActivityRecordInputSink com.example.sportmatch/androidx.test.core.app.InstrumentationActivityInvoker$EmptyActivity#129955 (243)
01-30 23:25:26.093  6115  6115 I MSHandlerLifeCycle: removeMultiSplitHandler: no exist. decor=DecorView@f7681bd[InputMethod]
01-30 23:25:26.100  1100  1100 I Layer   : id=129952 removeFromCurrentState com.example.sportmatch/androidx.test.core.app.InstrumentationActivityInvoker$EmptyActivity$_14070#129952 (243)
01-30 23:25:26.100  1100  1100 I Layer   : id=129951 removeFromCurrentState 62b6ccd com.example.sportmatch/androidx.test.core.app.InstrumentationActivityInvoker$EmptyActivity#129951 (243)
01-30 23:25:26.100  1100  1100 I Layer   : id=129956 removeFromCurrentState Surface(name=1e49913 InputMethod)/@0x940201a - animation-leash of insets_animation#129956 (243)
01-30 23:25:26.100  1100  1100 I SurfaceFlinger: id=129952 Removed com.example.sportmatch/androidx.test.core.app.InstrumentationActivityInvoker$EmptyActivity$_14070#129952 (243)
01-30 23:25:26.100  1100  1100 I SurfaceFlinger: id=129951 Removed 62b6ccd com.example.sportmatch/androidx.test.core.app.InstrumentationActivityInvoker$EmptyActivity#129951 (243)
01-30 23:25:26.100  1100  1100 I SurfaceFlinger: id=129956 Removed Surface(name=1e49913 InputMethod)/@0x940201a - animation-leash of insets_animation#129956 (243)
01-30 23:25:26.101  1100  1100 I Layer   : id=129907 Destroyed Surface(name=1e49913 InputMethod)/@0x940201a - animation-leash of insets_animation#129907
01-30 23:25:26.102  1100  1100 I Layer   : id=129951 Destroyed 62b6ccd com.example.sportmatch/androidx.test.core.app.InstrumentationActivityInvoker$EmptyActivity#129951
01-30 23:25:26.102  1426  2377 D SemNscXgbMsL1: Probability - Cloud gaming: [0.032587323]
01-30 23:25:26.102  1426  2377 D SemNscXgbMsL1: Probability - Real time: [0.04522474]
01-30 23:25:26.102  1426  2377 D SemNscXgbMsL1: Probability - Non real time: [0.94692415]
01-30 23:25:26.102  1426  2377 D SemNscXgbMsL1: 1 sample inference time: 0.2935 msecs
01-30 23:25:26.102  1100  1100 I Layer   : id=129952 Destroyed com.example.sportmatch/androidx.test.core.app.InstrumentationActivityInvoker$EmptyActivity$_14070#129952
01-30 23:25:26.102  1426  2377 D SemNscXgbL2Rt: L2 RT 1 sample inference time: 0.404423 msecs
01-30 23:25:26.103  1100  1100 I Layer   : id=129956 Destroyed Surface(name=1e49913 InputMethod)/@0x940201a - animation-leash of insets_animation#129956
01-30 23:25:26.103  1426  2377 D SemNscXgbL2Nrt: L2 NRT 1 sample inference time: 0.368539 msecs
01-30 23:25:26.104 25557 25782 I RecentModel: onTaskStackChangedBackground
01-30 23:25:26.109 14070 14070 D InputMethodManager: startInputInner - Id : 0
01-30 23:25:26.109 14070 14070 I InputMethodManager: startInputInner - mService.startInputOrWindowGainedFocus
01-30 23:25:26.110  1426  4480 D InputMethodManagerService: mDesktopModeManager null!
01-30 23:25:26.110  1426  4480 V InputMethodManagerService: getDisplayIdOfInputMethodWindowToBeAdded: displayId=0
01-30 23:25:26.110  1426  4480 D InputMethodManagerService: isImeSwitcherDisabledPackage : false
01-30 23:25:26.110  1426  4480 D InputMethodManagerService: checkDisplayOfStartInputAndUpdateKeyboard: displayId=0, mFocusedDisplayId=0
01-30 23:25:26.110  1426  4480 D InputTransport: Input channel constructed: 'ClientS', fd=859
01-30 23:25:26.111  1426  4480 D InputTransport: Input channel destroyed: 'ClientS', fd=859
01-30 23:25:26.111  6115  6115 I HBD     : HoneyBoardService onFinishInput
01-30 23:25:26.112  6115  6115 I HBD     : a IC have been unbinding,  RemoteInputConnection{idHash=#6ecfb33}
01-30 23:25:26.112  6115  6115 I HBD     : HoneyBoardService [PF_CL][onFinishInput]  1 ms
01-30 23:25:26.112  1100  1153 I SurfaceFlinger: id=129961 createSurf flag=24004, Surface(name=1e49913 InputMethod)/@0x940201a - animation-leash of insets_animation#129961
01-30 23:25:26.112  6115  6115 I HBD     : HoneyBoardService [IMI] onStartInput - caller pid : 14070 , caller uid : 10438
01-30 23:25:26.112  6115  6115 I HBD     : j updateConfigs
01-30 23:25:26.112  6115  6115 I HBD     : j isEnabledNightMode : true
01-30 23:25:26.113  6115  6115 I HBD     : a IC have been binding, RemoteInputConnection{idHash=#6ecfb33}
01-30 23:25:26.113  6115  6115 I HBD     : h [EditorInputType]setPrivateImeOptionsToTable privateImeOptions ( null )
01-30 23:25:26.113  6115  6115 I HBD     : b incognitoMode : false
01-30 23:25:26.113  6115  6115 I HBD     : b needOff = true , isForceOff = false, isNullInputClass : true
01-30 23:25:26.113  6115  6115 I HBD     : h getDefaultInputRange : UNKNOWN
01-30 23:25:26.113  6115  6115 I HBD     : h getDefaultInputRange : UNKNOWN
01-30 23:25:26.113  6115  6115 I HBD     : h getDefaultInputRange : UNKNOWN
01-30 23:25:26.114  1426  1485 W WindowManager: lockNow pending, ignore updating lockscreen timeout
01-30 23:25:26.115  6115  6115 I HBD     : b needOff = true , isForceOff = false, isNullInputClass : true
01-30 23:25:26.115  6115  6115 I HBD     : b update cached prediction status : false
01-30 23:25:26.116  6115  6115 I HBD     : h getDefaultInputRange : UNKNOWN
01-30 23:25:26.116  6115  6115 I HBD     : a currentState : 0
01-30 23:25:26.116  6115  6115 I HBD     : a [UpdatePolicy] [post] a: 0 cl: 65538 kit: [0/0] vt: 0 ir: 1
01-30 23:25:26.116  6115  6115 I HBD     : a [NRIC] resetNoResponseState
01-30 23:25:26.117  1100  1100 I Layer   : id=129950 removeFromCurrentState ActivityRecord{1e785cc u0 com.example.sportmatch/androidx.test.core.app.InstrumentationActivityInvoker$EmptyActivity} t17302}#129950 (240)
01-30 23:25:26.117  6115  6115 I HBD     : b needOff = true , isForceOff = false, isNullInputClass : true
01-30 23:25:26.117  1100  1100 I Layer   : id=129955 removeFromCurrentState d0db3ff ActivityRecordInputSink com.example.sportmatch/androidx.test.core.app.InstrumentationActivityInvoker$EmptyActivity#129955 (240)
01-30 23:25:26.117  6115  6115 I HBD     : b update cached prediction status : false
01-30 23:25:26.117  1100  1100 I Layer   : id=129960 removeFromCurrentState Surface(name=1e49913 InputMethod)/@0x940201a - animation-leash of insets_animation#129960 (240)
01-30 23:25:26.117  1100  1100 I SurfaceFlinger: id=129950 Removed ActivityRecord{1e785cc u0 com.example.sportmatch/androidx.test.core.app.InstrumentationActivityInvoker$EmptyActivity} t17302}#129950 (240)
01-30 23:25:26.118  1100  1100 I Layer   : id=129950 Destroyed ActivityRecord{1e785cc u0 com.example.sportmatch/androidx.test.core.app.InstrumentationActivityInvoker$EmptyActivity} t17302}#129950
01-30 23:25:26.118  1100  1100 I Layer   : id=129955 Destroyed d0db3ff ActivityRecordInputSink com.example.sportmatch/androidx.test.core.app.InstrumentationActivityInvoker$EmptyActivity#129955
01-30 23:25:26.119  1426  2534 D InputMethodManagerService: isImeSwitcherDisabledPackage : false
01-30 23:25:26.119  6115  6115 I HBD     : HoneyBoardService [PF_OP][onStartInput]  7 ms
01-30 23:25:26.120  6115  6115 I InputMethodService: removeImeSurface
01-30 23:25:26.121  6115  6115 I MSHandlerLifeCycle: check: return. pkg=com.samsung.android.honeyboard isActivity=false callers=com.android.internal.policy.DecorView.setVisibility:4412 android.app.Dialog.hide:767 android.inputmethodservice.InputMethodService.removeImeSurface:1290 android.inputmethodservice.InputMethodService.scheduleImeSurfaceRemoval:1279 android.inputmethodservice.InputMethodService.-$$Nest$mscheduleImeSurfaceRemoval:0
01-30 23:25:26.121 14070 14104 I TestRunner: finished: testMainActivityComponents(com.example.sportmatch.MainActivityTest)
