01-30 00:16:14.207 26157 26196 I TestRunner: started: testLoginWithValidCredentialsNavigatesToBottomNavActivity(com.example.sportmatch.LoginTest)
01-30 00:16:14.237 26157 26196 W Settings: Setting always_finish_activities has moved from android.provider.Settings.System to android.provider.Settings.Global, returning read-only value.
01-30 00:16:14.244  1426  1484 I ChimeraSystemEventListener: appLaunchIntent package name is: com.example.sportmatch
01-30 00:16:14.246  1426  3156 I SemDvfsHyPerManager: acquire hyper - AMS_APP_SWITCH/1426@24, type = -999
01-30 00:16:14.246  1037  1116 I HYPER-HAL: [RequestManager.cpp]acquire(): Acquired ID : 1051999  [1426 / 24]    HINT : AMS_APP_SWITCH    list :
01-30 00:16:14.247  1100  1333 I SurfaceFlinger: id=113866 createSurf flag=24004, Task=17222#113866
01-30 00:16:14.248  1426  2959 D WifiNl80211Manager: Scan result ready event
01-30 00:16:14.248  1426  2959 D WifiNative: Scan result ready event
01-30 00:16:14.249  1100  1333 I SurfaceFlinger: id=113867 createSurf flag=80004, ActivityRecord{2411274 u0 com.example.sportmatch/.LoginActivity} t17222}#113867
01-30 00:16:14.250  5704  5704 I SemDvfsHyPerManager: acquire hyper - APP_START_SHORT/5704@16, type = -999
01-30 00:16:14.251  1037  1116 I HYPER-HAL: [RequestManager.cpp]acquire(): Acquired ID : 16362076  [5704 / 16]    HINT : APP_START    list : [TIMEOUT / 1500]
01-30 00:16:14.252  1426  2309 D WificondScannerImpl: Filtering out 1 scan results.
01-30 00:16:14.254  1426  2489 W WindowManager: lockNow pending, ignore updating lockscreen timeout
01-30 00:16:14.255  1426  2489 I SemDvfsHyPerManager: acquire hyper - AMS_APP_LAUNCH/1426@18, type = -999
01-30 00:16:14.255  1037  1116 I HYPER-HAL: [RequestManager.cpp]acquire(): Acquired ID : 1043308  [1426 / 18]    HINT : AMS_APP_LAUNCH    list :
01-30 00:16:14.255  3326  3326 E pageboostd: Received HALT command code 2
01-30 00:16:14.257  1426  2371 V SemWifiScanPool: updateScanResult, partial scan:0 configKeys: 5 pool_bssid:15 pool_configKeys:10
01-30 00:16:14.259 25557 25557 I BaseActivity: removeActivityFlags, flags : 16
01-30 00:16:14.259 25557 25557 I BaseActivity: removeActivityFlags, flags : 6
01-30 00:16:14.259 25557 25557 I DragController: endDrag
01-30 00:16:14.259 25557 25557 W LauncherAppWidgetHost: setShouldListenFlag, mFlags:15 flag:resume on:false isFront:false
01-30 00:16:14.259 25557 25557 I SPayUpdater: updateSpayHandler launcher activity is paused false
01-30 00:16:14.264  1426  2959 D InputDispatcher: Focused application(0): ActivityRecord{2411274 u0 com.example.sportmatch/.LoginActivity} t17222}
01-30 00:16:14.268  1426  2959 W WindowManager: lockNow pending, ignore updating lockscreen timeout
01-30 00:16:14.269  5704  5704 I SemDvfsHyPerManager: acquire hyper - APP_START/5704@18, type = -999
01-30 00:16:14.269  1037  1116 I HYPER-HAL: [RequestManager.cpp]acquire(): Acquired ID : 16373521  [5704 / 18]    HINT : APP_START    list :
01-30 00:16:14.269 25557 25557 I TopTaskTracker: onTaskMovedToFront : taskId = 17222
01-30 00:16:14.284  1100  1100 I SurfaceFlinger: [f508e83 com.sec.android.app.launcher/com.sec.android.app.launcher.activities.LauncherActivity#68427] FrameRatePriority: -1
01-30 00:16:14.284  1100  1100 D SurfaceFlinger: [input] inputWindowCommands.focusRequests size is 1
01-30 00:16:14.285  1100  1210 D SurfaceFlinger: [input] setFocusedWindow: <null>
01-30 00:16:14.291 26157 26157 D LifecycleMonitor: Lifecycle status change: com.example.sportmatch.LoginActivity@c6c4faa in: PRE_ON_CREATE
01-30 00:16:14.292 26157 26157 V ActivityScenario: Activity lifecycle changed event received but ignored because the reported transition was not ON_CREATE while the last known transition was PRE_ON_CREATE
01-30 00:16:14.293  1217  2729 I CameraService: onUidStateChanged: uid=10043, procState is changed. (0 -> 1)
01-30 00:16:14.305  1426  2959 D InputDispatcher: Focus left window (0): f508e83 com.sec.android.app.launcher/com.sec.android.app.launcher.activities.LauncherActivity
01-30 00:16:14.306 25557 25557 I ViewRootImpl@7304e6b[LauncherActivity]: MSG_WINDOW_FOCUS_CHANGED 0 1
01-30 00:16:14.306 25557 25557 I BaseActivity: removeActivityFlags, flags : 8
01-30 00:16:14.309  2448  2536 D NativeCustomFrequencyManager: [NativeCFMS] BpCustomFrequencyManager::BpCustomFrequencyManager()
01-30 00:16:14.310 26157 26190 V FA      : onActivityCreated
01-30 00:16:14.311  1426  2959 D InputTransport: Input channel constructed: 'a67f47d', fd=1151
01-30 00:16:14.311  1426  2959 D InputTransport: Input channel constructed: 'a67f47d', fd=1153
01-30 00:16:14.311  1426  2959 D InputTransport: Input channel constructed: 'a67f47d', fd=1154
01-30 00:16:14.311  1100  1153 I SurfaceFlinger: id=113868 createSurf flag=80004, a67f47d Splash Screen com.example.sportmatch#113868
01-30 00:16:14.313  1426  2341 D AS.MultiSoundManager: mForegroundUid = 10438
01-30 00:16:14.313  1426  2391 D TrafficStats: tagSocket(1031) with statsTag=0xffffffff, statsUid=-1
01-30 00:16:14.313 26157 26157 I DecorView: [INFO] isPopOver=false config=true
01-30 00:16:14.314 26157 26157 I DecorView: updateCaptionType: isFloating=false isApplication=true hasWindowDecorCaption=false this=DecorView@b89af13[]
01-30 00:16:14.314 26157 26157 D DecorView: setCaptionType = 0, this = DecorView@b89af13[]
01-30 00:16:14.316  1426  2959 D InputTransport: Input channel destroyed: 'a67f47d', fd=1154
01-30 00:16:14.319  2448  2522 D InsetsController: onStateChanged: InsetsState: {mDisplayFrame=Rect(0, 0 - 1080, 2400), mDisplayCutout=DisplayCutout{insets=Rect(0, 88 - 0, 0) waterfall=Insets{left=0, top=0, right=0, bottom=0} boundingRect={Bounds=[Rect(0, 0 - 0, 0), Rect(512, 0 - 568, 88), Rect(0, 0 - 0, 0), Rect(0, 0 - 0, 0)]} cutoutPathParserInfo={CutoutPathParserInfo{displayWidth=1080 displayHeight=2400 physicalDisplayWidth=1080 physicalDisplayHeight=2400 density={2.8125} cutoutSpec={M 0,0 M 0,11.43427858034597 a 9.899054752987353,9.899054752987353 0 1,0 0,19.79810950597471 a 9.899054752987353,9.899054752987353 0 1,0 0,-19.79810950597471 Z @dp} rotation={0} scale={1.0} physicalPixelDisplaySizeRatio={1.0}}}}, mRoundedCorners=RoundedCorners{[RoundedCorner{position=TopLeft, radius=90, center=Point(90, 90)}, RoundedCorner{position=TopRight, radius=90, center=Point(990, 90)}, RoundedCorner{position=BottomRight, radius=90, center=Point(990, 2310)}, RoundedCorner{position=BottomLeft, radius=90, center=Point(90, 2310)}]}  mRoundedCornerFrame=Rect(0, 0 - 1080, 2400), mPrivacyIndicatorBounds=PrivacyIndicatorBounds {static bounds=Rect(956, 0 - 1080, 88) rotation=0}, mSources= { InsetsSource: {mType=ITYPE_STATUS_BAR, mFrame=[0,0][1080,88], mVisible=true, mInsetsRoundedCornerFrame=false}, InsetsSource: {mType=ITYPE_NAVIGATION_BAR, mFrame=[0,2265][1080,2400], mVisible=true, mInsetsRoundedCornerFrame=false}, InsetsSource: {mType=ITYPE_LEFT_GESTURES, mFrame=[0,0][0,2400], mVisible=true, mInsetsRoundedCornerFrame=false}, InsetsSource: {mType=ITYPE_RIGHT_GESTURES, mFrame=[1080,0][1080,2400], mVisible=true, mInsetsRoundedCornerFrame=false}, InsetsSource: {mType=ITYPE_TOP_MANDATORY_GESTURES, mFrame=[0,0][1080,122], mVisible=true, mInsetsRoundedCornerFrame=false}, InsetsSource: {mType=ITYPE_BOTTOM_MANDATORY_GESTURES, mFrame=[0,2265][1080,2400], mVisible=true, mInsetsRoundedCornerFrame=false}, InsetsSource: {mType=ITYPE_LEFT_DISPLAY_CUTOUT, mFrame=[0,0][-100000,2400], mVisible=true, mInsetsRoundedCornerFrame=false}, InsetsSource: {mType=ITYPE_TOP_DISPLAY_CUTOUT, mFrame=[0,0][1080,88], mVisible=true, mInsetsRoundedCornerFrame=false}, InsetsSource: {mType=ITYPE_RIGHT_DISPLAY_CUTOUT, mFrame=[100000,0][1080,2400], mVisible=true, mInsetsRoundedCornerFrame=false}, InsetsSource: {mType=ITYPE_BOTTOM_DISPLAY_CUTOUT, mFrame=[0,100000][1080,2400], mVisible=true, mInsetsRoundedCornerFrame=false}, InsetsSource: {mType=ITYPE_TOP_TAPPABLE_ELEMENT, mFrame=[0,0][1080,88], mVisible=true, mInsetsRoundedCornerFrame=false}, InsetsSource: {mType=ITYPE_BOTTOM_TAPPABLE_ELEMENT, mFrame=[0,2265][1080,2400], mVisible=true, mInsetsRoundedCornerFrame=false}, InsetsSource: {mType=ITYPE_IME, mFrame=[0,0][0,0], mVisibleFrame=[0,1392][1080,2400], mVisible=false, mInsetsRoundedCornerFrame=false} } host=Splash Screen com.example.sportmatch from=android.view.ViewRootImpl.setView:1732
01-30 00:16:14.320 26157 26157 I DecorView: getCurrentDensityDpi: from real metrics. densityDpi=450 msg=resources_loaded
01-30 00:16:14.320 26157 26157 I DecorView: setWindowBackground: isPopOver=false color=ffffffff d=android.graphics.drawable.ColorDrawable@2ac5349
01-30 00:16:14.321 25557 25557 I BadgeRenderer: Invalid count : 0
01-30 00:16:14.323 25557 25557 I BadgeRenderer: Invalid count : 0
01-30 00:16:14.325  2448  2522 I ViewRootImpl@5387ba8[sportmatch]: setView = android.widget.FrameLayout@a6daa54 TM=true
01-30 00:16:14.326  2448  2522 I ViewRootImpl@5387ba8[sportmatch]: performTraversals params={(0,0)(fillxfill) sim={adjust=pan} ty=APPLICATION_STARTING fmt=TRANSLUCENT wanim=0x1030309
01-30 00:16:14.326  2448  2522 I ViewRootImpl@5387ba8[sportmatch]:   fl=81030118
01-30 00:16:14.326  2448  2522 I ViewRootImpl@5387ba8[sportmatch]:   pfl=16000010
01-30 00:16:14.326  2448  2522 I ViewRootImpl@5387ba8[sportmatch]:   apr=LIGHT_STATUS_BARS LIGHT_NAVIGATION_BARS
01-30 00:16:14.326  2448  2522 I ViewRootImpl@5387ba8[sportmatch]:   bhv=DEFAULT
01-30 00:16:14.326  2448  2522 I ViewRootImpl@5387ba8[sportmatch]:   fitSides= naviIconColor=0}
01-30 00:16:14.326  2448  2522 I ViewRootImpl@5387ba8[sportmatch]: performTraversals mFirst=true windowShouldResize=true viewVisibilityChanged=false mForceNextWindowRelayout=false params={(0,0)(fillxfill) sim={adjust=pan} ty=APPLICATION_STARTING fmt=TRANSLUCENT wanim=0x1030309
01-30 00:16:14.326  2448  2522 I ViewRootImpl@5387ba8[sportmatch]:   fl=81030118
01-30 00:16:14.326  2448  2522 I ViewRootImpl@5387ba8[sportmatch]:   pfl=16000010
01-30 00:16:14.326  2448  2522 I ViewRootImpl@5387ba8[sportmatch]:   apr=LIGHT_STATUS_BARS LIGHT_NAVIGATION_BARS
01-30 00:16:14.326  2448  2522 I ViewRootImpl@5387ba8[sportmatch]:   bhv=DEFAULT
01-30 00:16:14.326  2448  2522 I ViewRootImpl@5387ba8[sportmatch]:   fitSides= naviIconColor=0}
01-30 00:16:14.327  1426  2959 V WindowManager: Relayout Window{a67f47d u0 Splash Screen com.example.sportmatch}: viewVisibility=0 req=1080x2400 d0
01-30 00:16:14.328  1100  1333 I SurfaceFlinger: id=113869 createSurf flag=40004, Splash Screen com.example.sportmatch$_2448#113869
01-30 00:16:14.330  1426  2959 W WindowManager: lockNow pending, ignore updating lockscreen timeout
01-30 00:16:14.334  1426  2959 V WindowManager: Relayout hash=a67f47d, pid=2448, syncId=-1: mAttrs={(0,0)(fillxfill) sim={adjust=pan} ty=APPLICATION_STARTING fmt=TRANSLUCENT wanim=0x1030309
01-30 00:16:14.334  1426  2959 V WindowManager:   fl=81030118
01-30 00:16:14.334  1426  2959 V WindowManager:   pfl=16000010
01-30 00:16:14.334  1426  2959 V WindowManager:   apr=LIGHT_STATUS_BARS LIGHT_NAVIGATION_BARS
01-30 00:16:14.334  1426  2959 V WindowManager:   bhv=DEFAULT
01-30 00:16:14.334  1426  2959 V WindowManager:   fitSides= naviIconColor=0}
01-30 00:16:14.335  1426  3460 I MediaSessionMonitor: Media session stopped : controllerList empty
01-30 00:16:14.336  2448  2522 I ViewRootImpl@5387ba8[sportmatch]: updateBlastSurfaceIfNeeded mBlastBufferQueue=null isSameSurfaceControl=false
01-30 00:16:14.336  2448  2522 I BLASTBufferQueue: new BLASTBufferQueue, mName= ViewRootImpl@5387ba8[sportmatch] mNativeObject= 0xb40000722b7e6e30 sc.mNativeObject= 0xb4000071bbbd1da0 caller= android.view.ViewRootImpl.updateBlastSurfaceIfNeeded:2909 android.view.ViewRootImpl.relayoutWindow:9847 android.view.ViewRootImpl.performTraversals:3884 android.view.ViewRootImpl.doTraversal:3116 android.view.ViewRootImpl$TraversalRunnable.run:10885 android.view.Choreographer$CallbackRecord.run:1301 android.view.Choreographer$CallbackRecord.run:1309 android.view.Choreographer.doCallbacks:923 android.view.Choreographer.doFrame:852 android.view.Choreographer$FrameDisplayEventReceiver.run:1283
01-30 00:16:14.336  2448  2522 I BLASTBufferQueue: update, w= 1080 h= 2400 mName = ViewRootImpl@5387ba8[sportmatch] mNativeObject= 0xb40000722b7e6e30 sc.mNativeObject= 0xb4000071bbbd1da0 format= -3 caller= android.graphics.BLASTBufferQueue.<init>:84 android.view.ViewRootImpl.updateBlastSurfaceIfNeeded:2909 android.view.ViewRootImpl.relayoutWindow:9847 android.view.ViewRootImpl.performTraversals:3884 android.view.ViewRootImpl.doTraversal:3116 android.view.ViewRootImpl$TraversalRunnable.run:10885
01-30 00:16:14.337  2448  2522 I ViewRootImpl@5387ba8[sportmatch]: Relayout returned: old=(0,0,1080,2400) new=(0,0,1080,2400) req=(1080,2400)0 dur=10 res=0x3 s={true 0xb4000072bb8ac7c0} ch=true seqId=0
01-30 00:16:14.337  2448  2522 I ViewRootImpl@5387ba8[sportmatch]: mThreadedRenderer.initialize() mSurface={isValid=true 0xb4000072bb8ac7c0} hwInitialized=true
01-30 00:16:14.338  2448  2536 D OpenGLRenderer: eglCreateWindowSurface
01-30 00:16:14.348  2448  2522 I ViewRootImpl@5387ba8[sportmatch]: reportNextDraw android.view.ViewRootImpl.performTraversals:4438 android.view.ViewRootImpl.doTraversal:3116 android.view.ViewRootImpl$TraversalRunnable.run:10885 android.view.Choreographer$CallbackRecord.run:1301 android.view.Choreographer$CallbackRecord.run:1309
01-30 00:16:14.348  2448  2522 I ViewRootImpl@5387ba8[sportmatch]: Setup new sync id=0
01-30 00:16:14.348  2448  2522 I ViewRootImpl@5387ba8[sportmatch]: Setting syncFrameCallback
01-30 00:16:14.348  2448  2522 I ViewRootImpl@5387ba8[sportmatch]: registerCallbacksForSync syncBuffer=false
01-30 00:16:14.349  2448  2555 I ViewRootImpl@5387ba8[sportmatch]: Received frameDrawingCallback syncResult=0 frameNum=1.
01-30 00:16:14.349  2448  2555 I ViewRootImpl@5387ba8[sportmatch]: Setting up sync and frameCommitCallback
01-30 00:16:14.350  2448  2536 I BLASTBufferQueue: [ViewRootImpl@5387ba8[sportmatch]#3624](f:0,a:0) onFrameAvailable the first frame is available
01-30 00:16:14.351  2448  2536 I ViewRootImpl@5387ba8[sportmatch]: Received frameCommittedCallback lastAttemptedDrawFrameNum=1 didProduceBuffer=true
01-30 00:16:14.351  2448  2536 D OpenGLRenderer: CFMS:: SetUp Pid : 2448    Tid : 2536
01-30 00:16:14.352  2448  2536 W Parcel  : Expecting binder but got null!
01-30 00:16:14.352  2448  2522 I ViewRootImpl@5387ba8[sportmatch]: onSyncComplete
01-30 00:16:14.352  2448  2522 I ViewRootImpl@5387ba8[sportmatch]: setupSync seqId=0 mSyncId=0 fn=1 caller=android.view.ViewRootImpl$$ExternalSyntheticLambda11.accept:6 android.window.SurfaceSyncer.lambda$setupSync$1$android-window-SurfaceSyncer:128 android.window.SurfaceSyncer$$ExternalSyntheticLambda1.accept:8 android.window.SurfaceSyncer$SyncSet.checkIfSyncIsComplete:382 android.window.SurfaceSyncer$SyncSet.markSyncReady:359 android.window.SurfaceSyncer.markSyncReady:151 android.view.ViewRootImpl.performTraversals:4503
01-30 00:16:14.352  2448  2522 I ViewRootImpl@5387ba8[sportmatch]: reportDrawFinished seqId=0 mSyncId=-1 fn=1 mSurfaceChangedTransaction=0xb4000071eb9dec10
01-30 00:16:14.354  1426  1485 W WindowManager: lockNow pending, ignore updating lockscreen timeout
01-30 00:16:14.355  5767  5767 I ActivityUtils: HomePackage : com.sec.android.app.launcher, resumePackageName : com.example.sportmatch
01-30 00:16:14.357  1100  1333 I SurfaceFlinger: id=113870 createSurf flag=24000, Surface(name=Task=1)/@0x238c0c - animation-leash of app_transition#113870
01-30 00:16:14.359  1100  1153 I SurfaceFlinger: id=113871 createSurf flag=24004, Surface(name=Task=17222)/@0xeee343b - animation-leash of app_transition#113871
01-30 00:16:14.361  1426  1485 W WindowManager: lockNow pending, ignore updating lockscreen timeout
01-30 00:16:14.361  1426  2377 D SemNscXgbMsL1: Probability - Cloud gaming: [0.005097467]
01-30 00:16:14.362  1426  2377 D SemNscXgbMsL1: Probability - Real time: [0.6100259]
01-30 00:16:14.362  1426  2377 D SemNscXgbMsL1: Probability - Non real time: [0.43749738]
01-30 00:16:14.362  1426  2377 D SemNscXgbMsL1: 1 sample inference time: 0.569384 msecs
01-30 00:16:14.362  1100  1153 I SurfaceFlinger: id=113872 createSurf flag=80000, 9e86a47 ActivityRecordInputSink com.example.sportmatch/.LoginActivity#113872
01-30 00:16:14.363  1426  2377 D SemNscXgbL2Rt: L2 RT 1 sample inference time: 1.083615 msecs
01-30 00:16:14.364  1426  2377 D SemNscXgbL2Nrt: L2 NRT 1 sample inference time: 0.854577 msecs
01-30 00:16:14.365  2448  2516 D Bubbles : onLocusVisibilityChanged: LocusId[17_chars] visible=false
01-30 00:16:14.372  9987 10245 I Rubin   : [817] t9.a.c(SourceFile:1) : Notify com.samsung.android.rubin.inferenceengine.contextanalytics.engine.loggers.d's database is updated.
01-30 00:16:14.380 25557 25607 I RecentModel: onTaskStackChangedBackground
01-30 00:16:14.380  9987 10245 I Rubin   : [817] ha.e.m(SourceFile:6) : isSatisfiedByCmh is false
01-30 00:16:14.388 25557 25579 I RecentTasksList: loadTasksInBackground : groupTask = GroupTask{task1=[id=17183 windowingMode=1 user=0 lastActiveTime=504315447] null, task2=null, task3=null, mStagedSplitBounds=null}
01-30 00:16:14.388 25557 25579 I RecentTasksList: loadTasksInBackground : groupTask = GroupTask{task1=[id=17101 windowingMode=1 user=0 lastActiveTime=505964561] null, task2=null, task3=null, mStagedSplitBounds=null}
01-30 00:16:14.388 25557 25579 I RecentTasksList: loadTasksInBackground : groupTask = GroupTask{task1=[id=17222 windowingMode=1 user=0 lastActiveTime=506162342] null, task2=null, task3=null, mStagedSplitBounds=null}
01-30 00:16:14.391  1100  1100 D SurfaceFlinger: Display 4633128672291735932 HWC layers:
01-30 00:16:14.391  1100  1100 D SurfaceFlinger:      DEVICE | 0xb400007704b4c2d0 | 0100 | RGBx_8888    |   19.0    0.0 1099.0 2400.0 |    0    0 1080 2400 | Wallpaper BBQ wrapper#73754
01-30 00:16:14.391  1100  1100 D SurfaceFlinger:      DEVICE | 0xb400007704b47950 | 0100 | RGBA_8888    |    0.0    0.0 1080.0 2400.0 |    0    0 1080 2400 | com.sec.android.app.launcher/com.sec[...]ities.LauncherActivity$_25557#113857
01-30 00:16:14.391  1100  1100 D SurfaceFlinger:      DEVICE | 0xb400007704b52150 | 0100 | RGBA_8888    |    0.0    0.0 1080.0 2400.0 |   76  168 1004 2232 | Splash Screen com.example.sportmatch$_2448#113869
01-30 00:16:14.391  1100  1100 D SurfaceFlinger:      DEVICE | 0xb400007704b5ff90 | 0100 | RGBA_8888    |    0.0    0.0 1080.0   88.0 |    0    0 1080   88 | StatusBar$_2448#94
01-30 00:16:14.391  1100  1100 D SurfaceFlinger:      DEVICE | 0xb400007704b6bad0 | 0100 | RGBA_8888    |    0.0    0.0   67.0  342.0 |    0 1504   67 1846 | com.samsung.android.app.cocktailbars[...]vice.CocktailBarService$_5767#113823
01-30 00:16:14.391  1100  1100 D SurfaceFlinger:      DEVICE | 0xb400007704b64750 | 0100 | RGBA_8888    |    0.0    0.0 1080.0  135.0 |    0 2265 1080 2400 | NavigationBar0$_2448#88
01-30 00:16:14.391  1100  1100 D SurfaceFlinger:
01-30 00:16:14.412 26157 26157 D LifecycleMonitor: Lifecycle status change: com.example.sportmatch.LoginActivity@c6c4faa in: CREATED
01-30 00:16:14.413 26157 26157 V ActivityScenario: Update currentActivityStage to CREATED, currentActivity=com.example.sportmatch.LoginActivity@c6c4faa
01-30 00:16:14.416 26157 26157 D LifecycleMonitor: Lifecycle status change: com.example.sportmatch.LoginActivity@c6c4faa in: STARTED
01-30 00:16:14.416 26157 26157 V ActivityScenario: Update currentActivityStage to STARTED, currentActivity=com.example.sportmatch.LoginActivity@c6c4faa
01-30 00:16:14.418 26157 26157 D LifecycleMonitor: Lifecycle status change: com.example.sportmatch.LoginActivity@c6c4faa in: RESUMED
01-30 00:16:14.418 26157 26157 V ActivityScenario: Update currentActivityStage to RESUMED, currentActivity=com.example.sportmatch.LoginActivity@c6c4faa
01-30 00:16:14.419 26157 26157 I MSHandlerLifeCycle: check: return. pkg=com.example.sportmatch parent=null callers=com.android.internal.policy.DecorView.setVisibility:4412 android.app.ActivityThread.handleResumeActivity:5476 android.app.servertransaction.ResumeActivityItem.execute:54 android.app.servertransaction.ActivityTransactionItem.execute:45 android.app.servertransaction.TransactionExecutor.executeLifecycleState:176
01-30 00:16:14.420 26157 26157 I MSHandlerLifeCycle: removeMultiSplitHandler: no exist. decor=DecorView@b89af13[]
01-30 00:16:14.420 26157 26198 V FA      : Activity resumed, time: 506162379
01-30 00:16:14.424 26157 26204 D NativeCustomFrequencyManager: [NativeCFMS] BpCustomFrequencyManager::BpCustomFrequencyManager()
01-30 00:16:14.426  1426  4478 D InputTransport: Input channel constructed: 'f43f6ed', fd=1154
01-30 00:16:14.426  1426  4478 D InputTransport: Input channel constructed: 'f43f6ed', fd=1159
01-30 00:16:14.426  1426  4478 D InputTransport: Input channel constructed: 'f43f6ed', fd=1161
01-30 00:16:14.427  1100  1153 I SurfaceFlinger: id=113873 createSurf flag=80004, f43f6ed com.example.sportmatch/com.example.sportmatch.LoginActivity#113873
01-30 00:16:14.428  1426  4478 D InputTransport: Input channel destroyed: 'f43f6ed', fd=1161
01-30 00:16:14.431 26157 26157 D InsetsController: onStateChanged: InsetsState: {mDisplayFrame=Rect(0, 0 - 1080, 2400), mDisplayCutout=DisplayCutout{insets=Rect(0, 88 - 0, 0) waterfall=Insets{left=0, top=0, right=0, bottom=0} boundingRect={Bounds=[Rect(0, 0 - 0, 0), Rect(512, 0 - 568, 88), Rect(0, 0 - 0, 0), Rect(0, 0 - 0, 0)]} cutoutPathParserInfo={CutoutPathParserInfo{displayWidth=1080 displayHeight=2400 physicalDisplayWidth=1080 physicalDisplayHeight=2400 density={2.8125} cutoutSpec={M 0,0 M 0,11.43427858034597 a 9.899054752987353,9.899054752987353 0 1,0 0,19.79810950597471 a 9.899054752987353,9.899054752987353 0 1,0 0,-19.79810950597471 Z @dp} rotation={0} scale={1.0} physicalPixelDisplaySizeRatio={1.0}}}}, mRoundedCorners=RoundedCorners{[RoundedCorner{position=TopLeft, radius=90, center=Point(90, 90)}, RoundedCorner{position=TopRight, radius=90, center=Point(990, 90)}, RoundedCorner{position=BottomRight, radius=90, center=Point(990, 2310)}, RoundedCorner{position=BottomLeft, radius=90, center=Point(90, 2310)}]}  mRoundedCornerFrame=Rect(0, 0 - 1080, 2400), mPrivacyIndicatorBounds=PrivacyIndicatorBounds {static bounds=Rect(956, 0 - 1080, 88) rotation=0}, mSources= { InsetsSource: {mType=ITYPE_STATUS_BAR, mFrame=[0,0][1080,88], mVisible=true, mInsetsRoundedCornerFrame=false}, InsetsSource: {mType=ITYPE_NAVIGATION_BAR, mFrame=[0,2265][1080,2400], mVisible=true, mInsetsRoundedCornerFrame=false}, InsetsSource: {mType=ITYPE_LEFT_GESTURES, mFrame=[0,0][0,2400], mVisible=true, mInsetsRoundedCornerFrame=false}, InsetsSource: {mType=ITYPE_RIGHT_GESTURES, mFrame=[1080,0][1080,2400], mVisible=true, mInsetsRoundedCornerFrame=false}, InsetsSource: {mType=ITYPE_TOP_MANDATORY_GESTURES, mFrame=[0,0][1080,122], mVisible=true, mInsetsRoundedCornerFrame=false}, InsetsSource: {mType=ITYPE_BOTTOM_MANDATORY_GESTURES, mFrame=[0,2265][1080,2400], mVisible=true, mInsetsRoundedCornerFrame=false}, InsetsSource: {mType=ITYPE_LEFT_DISPLAY_CUTOUT, mFrame=[0,0][-100000,2400], mVisible=true, mInsetsRoundedCornerFrame=false}, InsetsSource: {mType=ITYPE_TOP_DISPLAY_CUTOUT, mFrame=[0,0][1080,88], mVisible=true, mInsetsRoundedCornerFrame=false}, InsetsSource: {mType=ITYPE_RIGHT_DISPLAY_CUTOUT, mFrame=[100000,0][1080,2400], mVisible=true, mInsetsRoundedCornerFrame=false}, InsetsSource: {mType=ITYPE_BOTTOM_DISPLAY_CUTOUT, mFrame=[0,100000][1080,2400], mVisible=true, mInsetsRoundedCornerFrame=false}, InsetsSource: {mType=ITYPE_TOP_TAPPABLE_ELEMENT, mFrame=[0,0][1080,88], mVisible=true, mInsetsRoundedCornerFrame=false}, InsetsSource: {mType=ITYPE_BOTTOM_TAPPABLE_ELEMENT, mFrame=[0,2265][1080,2400], mVisible=true, mInsetsRoundedCornerFrame=false}, InsetsSource: {mType=ITYPE_IME, mFrame=[0,0][0,0], mVisibleFrame=[0,1392][1080,2400], mVisible=false, mInsetsRoundedCornerFrame=false} } host=com.example.sportmatch/com.example.sportmatch.LoginActivity from=android.view.ViewRootImpl.setView:1732
01-30 00:16:14.433 26157 26157 I ViewRootImpl@f8e26d3[LoginActivity]: setView = com.android.internal.policy.DecorView@b89af13 TM=true
01-30 00:16:14.434 26157 26157 I MSHandlerLifeCycle: removeMultiSplitHandler: no exist. decor=DecorView@b89af13[LoginActivity]
01-30 00:16:14.461 26157 26157 I ViewRootImpl@f8e26d3[LoginActivity]: performTraversals params={(0,0)(fillxfill) sim={adjust=pan forwardNavigation} ty=BASE_APPLICATION wanim=0x1030309
01-30 00:16:14.461 26157 26157 I ViewRootImpl@f8e26d3[LoginActivity]:   fl=81810100
01-30 00:16:14.461 26157 26157 I ViewRootImpl@f8e26d3[LoginActivity]:   pfl=12020040
01-30 00:16:14.461 26157 26157 I ViewRootImpl@f8e26d3[LoginActivity]:   bhv=DEFAULT
01-30 00:16:14.461 26157 26157 I ViewRootImpl@f8e26d3[LoginActivity]:   fitSides= naviIconColor=0}
01-30 00:16:14.465 26157 26157 I ViewRootImpl@f8e26d3[LoginActivity]: performTraversals mFirst=true windowShouldResize=true viewVisibilityChanged=false mForceNextWindowRelayout=false params={(0,0)(fillxfill) sim={adjust=pan forwardNavigation} ty=BASE_APPLICATION wanim=0x1030309
01-30 00:16:14.465 26157 26157 I ViewRootImpl@f8e26d3[LoginActivity]:   fl=81810100
01-30 00:16:14.465 26157 26157 I ViewRootImpl@f8e26d3[LoginActivity]:   pfl=12020040
01-30 00:16:14.465 26157 26157 I ViewRootImpl@f8e26d3[LoginActivity]:   bhv=DEFAULT
01-30 00:16:14.465 26157 26157 I ViewRootImpl@f8e26d3[LoginActivity]:   fitSides= naviIconColor=0}
01-30 00:16:14.465  1426  4478 V WindowManager: Relayout Window{f43f6ed u0 com.example.sportmatch/com.example.sportmatch.LoginActivity}: viewVisibility=0 req=1080x2400 d0
01-30 00:16:14.466  1100  1153 I SurfaceFlinger: id=113874 createSurf flag=40004, com.example.sportmatch/com.example.sportmatch.LoginActivity$_26157#113874
01-30 00:16:14.467  1426  4478 W WindowManager: lockNow pending, ignore updating lockscreen timeout
01-30 00:16:14.469  1100  1153 I SurfaceFlinger: id=113875 createSurf flag=24000, Surface(name=c2abcc7 StatusBar)/@0x2f665b7 - animation-leash of insets_animation#113875
01-30 00:16:14.470  1100  1153 I SurfaceFlinger: id=113876 createSurf flag=24000, Surface(name=719c3fd NavigationBar0)/@0xe9d3c89 - animation-leash of insets_animation#113876
01-30 00:16:14.472  1426  4478 V WindowManager: Relayout hash=f43f6ed, pid=26157, syncId=-1: mAttrs={(0,0)(fillxfill) sim={adjust=pan forwardNavigation} ty=BASE_APPLICATION wanim=0x1030309
01-30 00:16:14.472  1426  4478 V WindowManager:   fl=81810100
01-30 00:16:14.472  1426  4478 V WindowManager:   pfl=12020040
01-30 00:16:14.472  1426  4478 V WindowManager:   bhv=DEFAULT
01-30 00:16:14.472  1426  4478 V WindowManager:   fitSides= naviIconColor=0}
01-30 00:16:14.474  2448  2448 D SamsungLightBarControlHelper: onStatusBarAppearanceChanged() -  sbModeChanged:false, statusBarMode:MODE_TRANSPARENT, barState:SHADE, isKeyguardShowing:false, navbarColorManagedByIme:false, stackAppearancesChanged:true, (AppearanceRegion{LIGHT_STATUS_BARS bounds=[0,0][1080,2400]}, ), packageName:com.example.sportmatch
01-30 00:16:14.475  2448  2448 D NavigationBar: onSystemBarAttributesChanged() -  displayId:0, appearance:16, packageName: com.example.sportmatch (APPEARANCE_LIGHT_NAVIGATION_BARS ), navbarColorManagedByIme:false
01-30 00:16:14.475 26157 26157 I ViewRootImpl@f8e26d3[LoginActivity]: updateBlastSurfaceIfNeeded mBlastBufferQueue=null isSameSurfaceControl=false
01-30 00:16:14.476  2448  2448 D SamsungLightBarControlHelper: updateNavigation(Black button) isLightBar:false, hasLightBarNavigationBarFlag:true, packageName:com.example.sportmatch, DirectReplying:false, NavBarColorManagerdByIme:false, ForceDarkForScrim:false, QsCustomizing:false, PanelHasWhiteBg:false
01-30 00:16:14.476 26157 26157 I BLASTBufferQueue: new BLASTBufferQueue, mName= ViewRootImpl@f8e26d3[LoginActivity] mNativeObject= 0xb40000722b67aa10 sc.mNativeObject= 0xb4000071bb689ed0 caller= android.view.ViewRootImpl.updateBlastSurfaceIfNeeded:2909 android.view.ViewRootImpl.relayoutWindow:9847 android.view.ViewRootImpl.performTraversals:3884 android.view.ViewRootImpl.doTraversal:3116 android.view.ViewRootImpl$TraversalRunnable.run:10885 android.view.Choreographer$CallbackRecord.run:1301 android.view.Choreographer$CallbackRecord.run:1309 android.view.Choreographer.doCallbacks:923 android.view.Choreographer.doFrame:852 android.view.Choreographer$FrameDisplayEventReceiver.run:1283
01-30 00:16:14.476 26157 26157 I BLASTBufferQueue: update, w= 1080 h= 2400 mName = ViewRootImpl@f8e26d3[LoginActivity] mNativeObject= 0xb40000722b67aa10 sc.mNativeObject= 0xb4000071bb689ed0 format= -1 caller= android.graphics.BLASTBufferQueue.<init>:84 android.view.ViewRootImpl.updateBlastSurfaceIfNeeded:2909 android.view.ViewRootImpl.relayoutWindow:9847 android.view.ViewRootImpl.performTraversals:3884 android.view.ViewRootImpl.doTraversal:3116 android.view.ViewRootImpl$TraversalRunnable.run:10885
01-30 00:16:14.477 26157 26157 I ViewRootImpl@f8e26d3[LoginActivity]: Relayout returned: old=(0,0,1080,2400) new=(0,0,1080,2400) req=(1080,2400)0 dur=10 res=0x3 s={true 0xb4000072bb656430} ch=true seqId=0
01-30 00:16:14.477 25557 25607 I TouchInteractionService: onSystemUiStateChanged, stateFlags : 131072 |allow_gesture|
01-30 00:16:14.477  2448  2448 D SamsungLightBarControlHelper: updateStatus(BLACK icon) NumStacks:1, StatusBarMode:MODE_TRANSPARENT, lightBarBounds:[Rect(0, 0 - 1080, 2400)], StatusBarState:SHADE, packageName:com.example.sportmatch, isWhiteKeyguardStatusBarBySettings:false
01-30 00:16:14.477 25557 25557 I RecentsAnimationDeviceState: setSystemUiFlags, stateFlags : 131072
01-30 00:16:14.477 25557 25557 I TouchInteractionService: onSystemUiFlagsChanged, lastSysUIFlags : 0
01-30 00:16:14.478 26157 26204 D OpenGLRenderer: eglCreateWindowSurface
01-30 00:16:14.478 26157 26157 I ViewRootImpl@f8e26d3[LoginActivity]: mThreadedRenderer.initialize() mSurface={isValid=true 0xb4000072bb656430} hwInitialized=true
01-30 00:16:14.495  2448  2448 I ViewRootImpl@ca191f7[NotificationShade]: performTraversals mFirst=false windowShouldResize=false viewVisibilityChanged=false mForceNextWindowRelayout=false params={(0,0)(fillxfill) gr=TOP CENTER_VERTICAL sim={adjust=resize} layoutInDisplayCutoutMode=always ty=NOTIFICATION_SHADE fmt=TRANSLUCENT
01-30 00:16:14.495  2448  2448 I ViewRootImpl@ca191f7[NotificationShade]:   fl=81840048
01-30 00:16:14.495  2448  2448 I ViewRootImpl@ca191f7[NotificationShade]:   pfl=1b000000
01-30 00:16:14.495  2448  2448 I ViewRootImpl@ca191f7[NotificationShade]:   vsysui=2000
01-30 00:16:14.495  2448  2448 I ViewRootImpl@ca191f7[NotificationShade]:   apr=LIGHT_STATUS_BARS
01-30 00:16:14.495  2448  2448 I ViewRootImpl@ca191f7[NotificationShade]:   bhv=SHOW_TRANSIENT_BARS_BY_SWIPE naviIconColor=0
01-30 00:16:14.495  2448  2448 I ViewRootImpl@ca191f7[NotificationShade]:   sfl=60000}
01-30 00:16:14.496  1426  4478 V WindowManager: Relayout Window{2390bad u0 NotificationShade}: viewVisibility=4 req=1080x2400 d0
01-30 00:16:14.497  1426  4478 W WindowManager: lockNow pending, ignore updating lockscreen timeout
01-30 00:16:14.501 26157 26157 I ViewRootImpl@f8e26d3[LoginActivity]: reportNextDraw android.view.ViewRootImpl.performTraversals:4438 android.view.ViewRootImpl.doTraversal:3116 android.view.ViewRootImpl$TraversalRunnable.run:10885 android.view.Choreographer$CallbackRecord.run:1301 android.view.Choreographer$CallbackRecord.run:1309
01-30 00:16:14.501  1100  1100 I Layer   : id=113858 removeFromCurrentState Surface(name=c2abcc7 StatusBar)/@0x2f665b7 - animation-leash of insets_animation#113858 (242)
01-30 00:16:14.502  1100  1100 I Layer   : id=113859 removeFromCurrentState Surface(name=719c3fd NavigationBar0)/@0xe9d3c89 - animation-leash of insets_animation#113859 (242)
01-30 00:16:14.502  1100  1100 I SurfaceFlinger: [f43f6ed com.example.sportmatch/com.example.sportmatch.LoginActivity#113873] FrameRatePriority: 1
01-30 00:16:14.502  1100  1100 D SurfaceFlinger: [input] inputWindowCommands.focusRequests size is 1
01-30 00:16:14.502 26157 26157 I ViewRootImpl@f8e26d3[LoginActivity]: Setup new sync id=0
01-30 00:16:14.502  1100  1100 I SurfaceFlinger: id=113858 Removed Surface(name=c2abcc7 StatusBar)/@0x2f665b7 - animation-leash of insets_animation#113858 (242)
01-30 00:16:14.502  1100  1100 I SurfaceFlinger: id=113859 Removed Surface(name=719c3fd NavigationBar0)/@0xe9d3c89 - animation-leash of insets_animation#113859 (242)
01-30 00:16:14.502 26157 26157 I ViewRootImpl@f8e26d3[LoginActivity]: Setting syncFrameCallback
01-30 00:16:14.502 26157 26157 I ViewRootImpl@f8e26d3[LoginActivity]: registerCallbacksForSync syncBuffer=false
01-30 00:16:14.503  1100  1100 I Layer   : id=113858 Destroyed Surface(name=c2abcc7 StatusBar)/@0x2f665b7 - animation-leash of insets_animation#113858
01-30 00:16:14.504  1100  1100 I Layer   : id=113859 Destroyed Surface(name=719c3fd NavigationBar0)/@0xe9d3c89 - animation-leash of insets_animation#113859
01-30 00:16:14.504  1426  4478 V WindowManager: Relayout hash=2390bad, pid=2448, syncId=-1: mAttrs={(0,0)(fillxfill) gr=TOP CENTER_VERTICAL sim={adjust=resize} layoutInDisplayCutoutMode=always ty=NOTIFICATION_SHADE fmt=TRANSLUCENT
01-30 00:16:14.504  1426  4478 V WindowManager:   fl=81840048
01-30 00:16:14.504  1426  4478 V WindowManager:   pfl=1b000000
01-30 00:16:14.504  1426  4478 V WindowManager:   vsysui=2000
01-30 00:16:14.504  1426  4478 V WindowManager:   apr=LIGHT_STATUS_BARS
01-30 00:16:14.504  1426  4478 V WindowManager:   bhv=SHOW_TRANSIENT_BARS_BY_SWIPE naviIconColor=0
01-30 00:16:14.504  1426  4478 V WindowManager:   sfl=60000}
01-30 00:16:14.506  2448  2448 I ViewRootImpl@ca191f7[NotificationShade]: Relayout returned: old=(0,0,1080,2400) new=(0,0,1080,2400) req=(1080,2400)4 dur=10 res=0x0 s={false 0x0} ch=false seqId=32
01-30 00:16:14.507  1100  1210 D SurfaceFlinger: [input] setFocusedWindow: f43f6ed com.example.sportmatch/com.example.sportmatch.LoginActivity
01-30 00:16:14.508  2448  2448 I FaceWidgetPositionAlgorithm: getClockContainerHeight() supplier = 291, bottom margin = 0, real height = 359
01-30 00:16:14.508  2448  2448 I FaceWidgetPositionAlgorithm: getClockContainerHeight() supplier = 291, bottom margin = 68, real height = 359
01-30 00:16:14.508  2448  2448 I FaceWidgetPositionAlgorithm: getMediaContainerHeight() height = 489 container Visibility = 8, isValid = false, mIsDozing = false, fraction = 1.0, source = 0, target = 0
01-30 00:16:14.508  2448  2448 I FaceWidgetPositionAlgorithm: getMediaContainerHeight() supplier = 0
01-30 00:16:14.509  1426  2391 W SemWifiTransportLayerUtils: getApplicationCategory - IOException com.example.sportmatch
01-30 00:16:14.510  1426  2391 W System.err: java.io.FileNotFoundException: https://play.google.com/store/apps/details?id=com.example.sportmatch&hl=en
01-30 00:16:14.511  1426  2391 W System.err: 	at com.android.okhttp.internal.huc.HttpURLConnectionImpl.getInputStream(HttpURLConnectionImpl.java:255)
01-30 00:16:14.511  1426  2391 W System.err: 	at com.android.okhttp.internal.huc.DelegatingHttpsURLConnection.getInputStream(DelegatingHttpsURLConnection.java:211)
01-30 00:16:14.511  1426  2391 W System.err: 	at com.android.okhttp.internal.huc.HttpsURLConnectionImpl.getInputStream(HttpsURLConnectionImpl.java:30)
01-30 00:16:14.512  1426  2391 W System.err: 	at com.samsung.android.server.wifi.tcp.SemWifiTransportLayerUtils.getApplicationCategory(SemWifiTransportLayerUtils.java:104)
01-30 00:16:14.512  1426  2391 W System.err: 	at com.samsung.android.server.wifi.tcp.SemWifiTransportLayerMonitor$TcpMonitorHandler.handleMessage(SemWifiTransportLayerMonitor.java:244)
01-30 00:16:14.512  1426  2391 W System.err: 	at android.os.Handler.dispatchMessage(Handler.java:106)
01-30 00:16:14.512  1426  2391 W System.err: 	at android.os.Looper.loopOnce(Looper.java:226)
01-30 00:16:14.512  1426  2391 W System.err: 	at android.os.Looper.loop(Looper.java:313)
01-30 00:16:14.512  1426  2391 W System.err: 	at android.os.HandlerThread.run(HandlerThread.java:67)
01-30 00:16:14.515  1426  4481 D InputDispatcher: Focus request (0): f43f6ed com.example.sportmatch/com.example.sportmatch.LoginActivity but waiting because NO_WINDOW
01-30 00:16:14.515  1426  2391 D SemWifiTransportLayerMonitor.TcpMonitorHandler: MSG_SAVE_PACKAGE_INFO
01-30 00:16:14.515  1426  2391 D SemWifiTransportLayerFileManager: saveWifiPackageInfoToFile
01-30 00:16:14.515  1426  2391 D SemWifiTransportLayerFileManager: writeWifiPackageInfoList
01-30 00:16:14.516  1426  2489 W WindowManager: lockNow pending, ignore updating lockscreen timeout
01-30 00:16:14.519 26157 26242 I ViewRootImpl@f8e26d3[LoginActivity]: Received frameDrawingCallback syncResult=0 frameNum=1.
01-30 00:16:14.522 26157 26242 I ViewRootImpl@f8e26d3[LoginActivity]: Setting up sync and frameCommitCallback
01-30 00:16:14.527 26157 26204 I BLASTBufferQueue: [ViewRootImpl@f8e26d3[LoginActivity]#2](f:0,a:0) onFrameAvailable the first frame is available
01-30 00:16:14.527 26157 26204 I ViewRootImpl@f8e26d3[LoginActivity]: Received frameCommittedCallback lastAttemptedDrawFrameNum=1 didProduceBuffer=true
01-30 00:16:14.528 26157 26204 D OpenGLRenderer: CFMS:: SetUp Pid : 26157    Tid : 26204
01-30 00:16:14.528 26157 26204 W Parcel  : Expecting binder but got null!
01-30 00:16:14.528 26157 26157 I ViewRootImpl@f8e26d3[LoginActivity]: onSyncComplete
01-30 00:16:14.529 26157 26157 I ViewRootImpl@f8e26d3[LoginActivity]: setupSync seqId=0 mSyncId=0 fn=1 caller=android.view.ViewRootImpl$$ExternalSyntheticLambda11.accept:6 android.window.SurfaceSyncer.lambda$setupSync$1$android-window-SurfaceSyncer:128 android.window.SurfaceSyncer$$ExternalSyntheticLambda1.accept:8 android.window.SurfaceSyncer$SyncSet.checkIfSyncIsComplete:382 android.window.SurfaceSyncer$SyncSet.markSyncReady:359 android.window.SurfaceSyncer.markSyncReady:151 android.view.ViewRootImpl.performTraversals:4503
01-30 00:16:14.529 26157 26157 I ViewRootImpl@f8e26d3[LoginActivity]: reportDrawFinished seqId=0 mSyncId=-1 fn=1 mSurfaceChangedTransaction=0xb4000071eb6759d0
01-30 00:16:14.533  1426  1485 W WindowManager: lockNow pending, ignore updating lockscreen timeout
01-30 00:16:14.534 15268 26247 V FA-SVC  : Logging event: origin=auto,name=screen_view(_vs),params=Bundle[{ga_event_origin(_o)=auto, ga_previous_class(_pc)=EmptyActivity, ga_previous_id(_pi)=8787742430023688843, ga_screen_class(_sc)=LoginActivity, ga_screen_id(_si)=8787742430023688844}]
01-30 00:16:14.537  1426  1485 W WindowManager: lockNow pending, ignore updating lockscreen timeout
01-30 00:16:14.542 26157 26157 I AssistStructure: Flattened final assist data: 1812 bytes, containing 1 windows, 13 views
01-30 00:16:14.542  1426  1479 W ziparchive: Unable to open '/data/app/~~uFbyIUzIETsXjONSkF7xBg==/com.example.sportmatch-6XxNltIaqtpi_GjGsdHYfQ==/base.dm': No such file or directory
01-30 00:16:14.544  1100  1153 I SurfaceFlinger: id=113877 createSurf flag=24000, Surface(name=f43f6ed com.example.sportmatch/com.example.sportmatch.LoginActivity)/@0x3805688 - animation-leash of starting_reveal#113877
01-30 00:16:14.546  1426  1485 W WindowManager: lockNow pending, ignore updating lockscreen timeout
01-30 00:16:14.546  1426  1479 I PkgPredictorService-SecIpmManagerServiceImpl: reportToNAP uid:10438 com.example.sportmatch/com.example.sportmatch.LoginActivity thisTime:294
01-30 00:16:14.546 15268 26247 V FA-SVC  : Upload scheduled in approximately ms: 1591279
01-30 00:16:14.546 15268 26247 V FA-SVC  : Unscheduling upload
01-30 00:16:14.547   981   981 E audit   : type=1400 audit(1706566574.541:798757): avc:  denied  { search } for  pid=1096 comm="perfmond" name="host0" dev="sysfs" ino=73001 scontext=u:r:perfmond:s0 tcontext=u:object_r:sysfs_ski_ufs_writable:s0 tclass=dir permissive=0 SEPF_SM-A536B_12_0001 audit_filtered
01-30 00:16:14.547  1426  2489 I SemDvfsHyPerManager: acquire hyper - AMS_RESUME_TAIL/1426@22, type = -999
01-30 00:16:14.548  1426  2489 I SemDvfsHyPerManager: acquire hyper - AMS_ACT_LAZY/1426@23, type = -999
01-30 00:16:14.548  1037  1116 I HYPER-HAL: [RequestManager.cpp]acquire(): Acquired ID : 1049098  [1426 / 22]    HINT : AMS_RESUME_TAIL    list :
01-30 00:16:14.548  1037  1116 I HYPER-HAL: [RequestManager.cpp]releaseLocked(): Released ID : 1051999
01-30 00:16:14.549  1426  1479 I ActivityTaskManager: Displayed com.example.sportmatch/.LoginActivity: +294ms
01-30 00:16:14.549  3326  3326 E pageboostd: Received HALT command code 2
01-30 00:16:14.552  1100  1100 I Layer   : Layer [com.example.sportmatch/com.example.sportmatch.LoginActivity$_26157#113874] hidden!! flag(0)
01-30 00:16:14.553  2448  2522 I ViewRootImpl@5387ba8[sportmatch]: performTraversals params={(0,0)(fillxfill) sim={adjust=pan} ty=APPLICATION_STARTING fmt=TRANSLUCENT wanim=0x1030309
01-30 00:16:14.553  2448  2522 I ViewRootImpl@5387ba8[sportmatch]:   fl=81030118
01-30 00:16:14.553  2448  2522 I ViewRootImpl@5387ba8[sportmatch]:   pfl=16000010
01-30 00:16:14.553  2448  2522 I ViewRootImpl@5387ba8[sportmatch]:   bhv=DEFAULT
01-30 00:16:14.553  2448  2522 I ViewRootImpl@5387ba8[sportmatch]:   fitSides= naviIconColor=0}
01-30 00:16:14.554  2448  2522 I ViewRootImpl@5387ba8[sportmatch]: performTraversals mFirst=false windowShouldResize=false viewVisibilityChanged=false mForceNextWindowRelayout=false params={(0,0)(fillxfill) sim={adjust=pan} ty=APPLICATION_STARTING fmt=TRANSLUCENT wanim=0x1030309
01-30 00:16:14.554  2448  2522 I ViewRootImpl@5387ba8[sportmatch]:   fl=81030118
01-30 00:16:14.554  2448  2522 I ViewRootImpl@5387ba8[sportmatch]:   pfl=16000010
01-30 00:16:14.554  2448  2522 I ViewRootImpl@5387ba8[sportmatch]:   bhv=DEFAULT
01-30 00:16:14.554  2448  2522 I ViewRootImpl@5387ba8[sportmatch]:   fitSides= naviIconColor=0}
01-30 00:16:14.555 15268 26247 V FA-SVC  : Scheduling upload, millis: 1591279
01-30 00:16:14.555  1426  2959 V WindowManager: Relayout Window{a67f47d u0 Splash Screen com.example.sportmatch}: viewVisibility=0 req=1080x2400 d0
01-30 00:16:14.557  1426  2959 W WindowManager: lockNow pending, ignore updating lockscreen timeout
01-30 00:16:14.558  1426  2489 D InputDispatcher: Focus entered window (0): f43f6ed com.example.sportmatch/com.example.sportmatch.LoginActivity
01-30 00:16:14.561  1426  2959 V WindowManager: Relayout hash=a67f47d, pid=2448, syncId=-1: mAttrs={(0,0)(fillxfill) sim={adjust=pan} ty=APPLICATION_STARTING fmt=TRANSLUCENT wanim=0x1030309
01-30 00:16:14.561  1426  2959 V WindowManager:   fl=81030118
01-30 00:16:14.561  1426  2959 V WindowManager:   pfl=16000010
01-30 00:16:14.561  1426  2959 V WindowManager:   bhv=DEFAULT
01-30 00:16:14.561  1426  2959 V WindowManager:   fitSides= naviIconColor=0}
01-30 00:16:14.561 15268 26247 V FA-SVC  : Background event processing time, ms: 29
01-30 00:16:14.562 26157 26157 I ViewRootImpl@f8e26d3[LoginActivity]: MSG_WINDOW_FOCUS_CHANGED 1 0
01-30 00:16:14.562  5582  5582 I SS:ContentCaptureService: onActivitySnapshot()
01-30 00:16:14.562 26157 26157 I ViewRootImpl@f8e26d3[LoginActivity]: mThreadedRenderer.initializeIfNeeded()#2 mSurface={isValid=true 0xb4000072bb656430}
01-30 00:16:14.562  1100  1100 D SurfaceFlinger: Display 4633128672291735932 HWC layers:
01-30 00:16:14.562  1100  1100 D SurfaceFlinger:      DEVICE | 0xb400007704b4c2d0 | 0100 | RGBx_8888    |   19.0    0.0 1099.0 2400.0 |    0    0 1080 2400 | Wallpaper BBQ wrapper#73754
01-30 00:16:14.562  1100  1100 D SurfaceFlinger:      DEVICE | 0xb400007704b47950 | 0100 | RGBA_8888    |    0.0    0.0 1080.0 2400.0 |    0    0 1080 2400 | com.sec.android.app.launcher/com.sec[...]ities.LauncherActivity$_25557#113857
01-30 00:16:14.562  1100  1100 D SurfaceFlinger:      DEVICE | 0xb400007704b51dd0 | 0102 | RGBA_8888    |    0.0    0.0 1080.0 2400.0 |   11   25 1069 2375 | com.example.sportmatch/com.example.sportmatch.LoginActivity$_26157#113874
01-30 00:16:14.562  1100  1100 D SurfaceFlinger:      DEVICE | 0xb400007704b52150 | 0100 | RGBA_8888    |    0.0    0.0 1080.0 2400.0 |   11   25 1069 2375 | Splash Screen com.example.sportmatch$_2448#113869
01-30 00:16:14.562  1100  1100 D SurfaceFlinger:      DEVICE | 0xb400007704b58890 | 0100 | RGBA_8888    |    0.0    0.0 1080.0   88.0 |    0    0 1080   88 | StatusBar$_2448#94
01-30 00:16:14.562  1100  1100 D SurfaceFlinger:      DEVICE | 0xb400007704b6bad0 | 0100 | RGBA_8888    |    0.0    0.0   67.0  342.0 |    0 1504   67 1846 | com.samsung.android.app.cocktailbars[...]vice.CocktailBarService$_5767#113823
01-30 00:16:14.562  1100  1100 D SurfaceFlinger:
01-30 00:16:14.562  1100  1100 D SurfaceFlinger:    DEVICE | 0xb400007704b64750 | 0100 | RGBA_8888    |    0.0    0.0 1080.0  135.0 |    0 2265 1080 2400 | NavigationBar0$_2448#88
01-30 00:16:14.562  1100  1100 D SurfaceFlinger:
01-30 00:16:14.563  2448  2522 I ViewRootImpl@5387ba8[sportmatch]: updateBlastSurfaceIfNeeded mBlastBufferQueue=0xb40000722b7e6e30 isSameSurfaceControl=true
01-30 00:16:14.563  2448  2522 I BLASTBufferQueue: update, w= 1080 h= 2400 mName = ViewRootImpl@5387ba8[sportmatch] mNativeObject= 0xb40000722b7e6e30 sc.mNativeObject= 0xb4000071bb899740 format= -3 caller= android.view.ViewRootImpl.updateBlastSurfaceIfNeeded:2898 android.view.ViewRootImpl.relayoutWindow:9847 android.view.ViewRootImpl.performTraversals:3884 android.view.ViewRootImpl.doTraversal:3116 android.view.ViewRootImpl$TraversalRunnable.run:10885 android.view.Choreographer$CallbackRecord.run:1301
01-30 00:16:14.563  2448  2522 I ViewRootImpl@5387ba8[sportmatch]: Relayout returned: old=(0,0,1080,2400) new=(0,0,1080,2400) req=(1080,2400)0 dur=9 res=0x0 s={true 0xb4000072bb8ac7c0} ch=false seqId=0
01-30 00:16:14.565  2448  2556 I ViewRootImpl@5387ba8[sportmatch]: mWNT: t=0xb4000071eb6e2e10 mBlastBufferQueue=0xb40000722b7e6e30 fn= 2 caller= android.view.SyncRtSurfaceTransactionApplier.applyTransaction:96 android.view.SyncRtSurfaceTransactionApplier.lambda$scheduleApply$0$android-view-SyncRtSurfaceTransactionApplier:69 android.view.SyncRtSurfaceTransactionApplier$$ExternalSyntheticLambda0.onFrameDraw:4
01-30 00:16:14.565  2448  2448 D SamsungLightBarControlHelper: onStatusBarAppearanceChanged() -  sbModeChanged:false, statusBarMode:MODE_TRANSPARENT, barState:SHADE, isKeyguardShowing:false, navbarColorManagedByIme:false, stackAppearancesChanged:true, (AppearanceRegion{ bounds=[0,0][1080,2400]}, ), packageName:com.example.sportmatch
01-30 00:16:14.566  2448  2556 I ViewRootImpl@5387ba8[sportmatch]: mWNT: t=0xb4000071eb91f270 mBlastBufferQueue=0xb40000722b7e6e30 fn= 2 caller= android.view.SyncRtSurfaceTransactionApplier.applyTransaction:96 android.view.SyncRtSurfaceTransactionApplier.lambda$scheduleApply$0$android-view-SyncRtSurfaceTransactionApplier:69 android.view.SyncRtSurfaceTransactionApplier$$ExternalSyntheticLambda0.onFrameDraw:4
01-30 00:16:14.566  2448  2448 D NavigationBar: onSystemBarAttributesChanged() -  displayId:0, appearance:0, packageName: com.example.sportmatch, navbarColorManagedByIme:false
01-30 00:16:14.566  2448  2448 D SamsungLightBarControlHelper: updateNavigation(White button) isLightBar:false, hasLightBarNavigationBarFlag:false, packageName:com.example.sportmatch, DirectReplying:false, NavBarColorManagerdByIme:false, ForceDarkForScrim:false, QsCustomizing:false, PanelHasWhiteBg:false
01-30 00:16:14.566  2448  2448 D SamsungLightBarControlHelper: updateStatus(WHITE icon) NumStacks:1, StatusBarMode:MODE_TRANSPARENT, lightBarBounds:[], StatusBarState:SHADE, packageName:com.example.sportmatch, isWhiteKeyguardStatusBarBySettings:false
01-30 00:16:14.570  2448  2555 I ViewRootImpl@5387ba8[sportmatch]: mWNT: t=0xb4000071eb894d90 mBlastBufferQueue=0xb40000722b7e6e30 fn= 3 caller= android.view.SyncRtSurfaceTransactionApplier.applyTransaction:96 android.view.SyncRtSurfaceTransactionApplier.lambda$scheduleApply$0$android-view-SyncRtSurfaceTransactionApplier:69 android.view.SyncRtSurfaceTransactionApplier$$ExternalSyntheticLambda0.onFrameDraw:4
01-30 00:16:14.574  2448  2448 I ViewRootImpl@ca191f7[NotificationShade]: performTraversals mFirst=false windowShouldResize=false viewVisibilityChanged=false mForceNextWindowRelayout=false params={(0,0)(fillxfill) gr=TOP CENTER_VERTICAL sim={adjust=resize} layoutInDisplayCutoutMode=always ty=NOTIFICATION_SHADE fmt=TRANSLUCENT
01-30 00:16:14.574  2448  2448 I ViewRootImpl@ca191f7[NotificationShade]:   fl=81840048
01-30 00:16:14.574  2448  2448 I ViewRootImpl@ca191f7[NotificationShade]:   pfl=1b000000
01-30 00:16:14.574  2448  2448 I ViewRootImpl@ca191f7[NotificationShade]:   bhv=SHOW_TRANSIENT_BARS_BY_SWIPE naviIconColor=0
01-30 00:16:14.574  2448  2448 I ViewRootImpl@ca191f7[NotificationShade]:   sfl=60000}
01-30 00:16:14.579  1426  4481 V WindowManager: Relayout Window{2390bad u0 NotificationShade}: viewVisibility=4 req=1080x2400 d0
01-30 00:16:14.579  1426  4481 W WindowManager: lockNow pending, ignore updating lockscreen timeout
01-30 00:16:14.581 26157 26157 D InputMethodManager: startInputInner - Id : 0
01-30 00:16:14.581 26157 26157 I InputMethodManager: startInputInner - mService.startInputOrWindowGainedFocus
01-30 00:16:14.582  1426  4481 V WindowManager: Relayout hash=2390bad, pid=2448, syncId=-1: mAttrs={(0,0)(fillxfill) gr=TOP CENTER_VERTICAL sim={adjust=resize} layoutInDisplayCutoutMode=always ty=NOTIFICATION_SHADE fmt=TRANSLUCENT
01-30 00:16:14.582  1426  4481 V WindowManager:   fl=81840048
01-30 00:16:14.582  1426  4481 V WindowManager:   pfl=1b000000
01-30 00:16:14.582  1426  4481 V WindowManager:   bhv=SHOW_TRANSIENT_BARS_BY_SWIPE naviIconColor=0
01-30 00:16:14.582  1426  4481 V WindowManager:   sfl=60000}
01-30 00:16:14.583  1426  2959 D InputMethodManagerService: mDesktopModeManager null!
