01-30 20:26:51.695  9712  9751 I TestRunner: started: testLoginWithValidCredentialsNavigatesToBottomNavActivity(com.example.sportmatch.RegisterTest)
01-30 20:26:51.713  9712  9751 W Settings: Setting always_finish_activities has moved from android.provider.Settings.System to android.provider.Settings.Global, returning read-only value.
01-30 20:26:51.718  1426  1484 I ChimeraSystemEventListener: appLaunchIntent package name is: com.example.sportmatch
01-30 20:26:51.724  1426  3156 I SemDvfsHyPerManager: acquire hyper - AMS_APP_SWITCH/1426@24, type = -999
01-30 20:26:51.725  1100  1152 I SurfaceFlinger: id=125088 createSurf flag=24004, Task=17286#125088
01-30 20:26:51.725  1037  1116 I HYPER-HAL: [RequestManager.cpp]acquire(): Acquired ID : 1051999  [1426 / 24]    HINT : AMS_APP_SWITCH    list :
01-30 20:26:51.728  1100  1152 I SurfaceFlinger: id=125089 createSurf flag=80004, ActivityRecord{bfc7613 u0 com.example.sportmatch/.MainActivity} t17286}#125089
01-30 20:26:51.729  5704  5704 I SemDvfsHyPerManager: acquire hyper - APP_START_SHORT/5704@16, type = -999
01-30 20:26:51.733  1037  1116 I HYPER-HAL: [RequestManager.cpp]acquire(): Acquired ID : 16362076  [5704 / 16]    HINT : APP_START    list : [TIMEOUT / 1500]
01-30 20:26:51.737  1426  1646 W WindowManager: lockNow pending, ignore updating lockscreen timeout
01-30 20:26:51.738  1217  7792 I CameraService: onUidStateChanged: uid=10043, procState is changed. (0 -> 1)
01-30 20:26:51.738  2448  2536 D NativeCustomFrequencyManager: [NativeCFMS] BpCustomFrequencyManager::BpCustomFrequencyManager()
01-30 20:26:51.740  9712  9752 V FA      : App measurement collection enabled
01-30 20:26:51.740  9712  9752 V FA      : App measurement enabled for app package, google app id: com.example.sportmatch, 1:927342689684:android:6b3a7cb297563437662381
01-30 20:26:51.741  9712  9752 I FA      : App measurement initialized, version: 82001
01-30 20:26:51.741  9712  9752 I FA      : To enable debug logging run: adb shell setprop log.tag.FA VERBOSE
01-30 20:26:51.741  9712  9752 I FA      : To enable faster debug mode event logging run:
01-30 20:26:51.741  9712  9752 I FA      :   adb shell setprop debug.firebase.analytics.app com.example.sportmatch
01-30 20:26:51.741  9712  9752 D FA      : Debug-level message logging enabled
01-30 20:26:51.743  1426  1646 I SemDvfsHyPerManager: acquire hyper - AMS_APP_LAUNCH/1426@18, type = -999
01-30 20:26:51.743  3326  3326 E pageboostd: Received HALT command code 2
01-30 20:26:51.743  1037  1116 I HYPER-HAL: [RequestManager.cpp]acquire(): Acquired ID : 1043308  [1426 / 18]    HINT : AMS_APP_LAUNCH    list :
01-30 20:26:51.746  7455  7455 I DecorView: notifyKeepScreenOnChanged: keepScreenOn=false
01-30 20:26:51.747  1426  3464 D InputTransport: Input channel constructed: '7d2da5a', fd=1313
01-30 20:26:51.747  1426  3464 D InputTransport: Input channel constructed: '7d2da5a', fd=1320
01-30 20:26:51.747  7455  7455 I BuglePaginationV3: HomeFragment onPause called
01-30 20:26:51.747  1426  3464 D InputTransport: Input channel constructed: '7d2da5a', fd=1321
01-30 20:26:51.748  1100  1152 I SurfaceFlinger: id=125090 createSurf flag=80004, 7d2da5a Splash Screen com.example.sportmatch#125090
01-30 20:26:51.748  7455  7725 D StrictMode: StrictMode policy violation: android.os.strictmode.DiskReadViolation
01-30 20:26:51.748  7455  7725 D StrictMode: 	at android.os.StrictMode$AndroidBlockGuardPolicy.onReadFromDisk(StrictMode.java:1658)
01-30 20:26:51.748  7455  7725 D StrictMode: 	at libcore.io.BlockGuardOs.access(BlockGuardOs.java:74)
01-30 20:26:51.748  7455  7725 D StrictMode: 	at libcore.io.ForwardingOs.access(ForwardingOs.java:128)
01-30 20:26:51.748  7455  7725 D StrictMode: 	at android.app.ActivityThread$AndroidOs.access(ActivityThread.java:8615)
01-30 20:26:51.748  7455  7725 D StrictMode: 	at java.io.UnixFileSystem.checkAccess(UnixFileSystem.java:313)
01-30 20:26:51.748  7455  7725 D StrictMode: 	at java.io.File.exists(File.java:813)
01-30 20:26:51.748  7455  7725 D StrictMode: 	at android.app.SharedPreferencesImpl$EditorImpl.isSpeg(SharedPreferencesImpl.java:505)
01-30 20:26:51.748  7455  7725 D StrictMode: 	at android.app.SharedPreferencesImpl$EditorImpl.apply(SharedPreferencesImpl.java:517)
01-30 20:26:51.748  7455  7725 D StrictMode: 	at boks.k(PG:2)
01-30 20:26:51.748  7455  7725 D StrictMode: 	at agrb.o(PG:4)
01-30 20:26:51.748  7455  7725 D StrictMode: 	at bqtf.run(PG:1)
01-30 20:26:51.748  7455  7725 D StrictMode: 	at ddbl.run(PG:1)
01-30 20:26:51.748  7455  7725 D StrictMode: 	at ckxw.run(PG:1)
01-30 20:26:51.748  7455  7725 D StrictMode: 	at java.util.concurrent.ThreadPoolExecutor.runWorker(ThreadPoolExecutor.java:1145)
01-30 20:26:51.748  7455  7725 D StrictMode: 	at java.util.concurrent.ThreadPoolExecutor$Worker.run(ThreadPoolExecutor.java:644)
01-30 20:26:51.748  7455  7725 D StrictMode: 	at clan.run(PG:3)
01-30 20:26:51.748  7455  7725 D StrictMode: 	at ckxa.run(PG:2)
01-30 20:26:51.748  7455  7725 D StrictMode: 	at java.lang.Thread.run(Thread.java:1012)
01-30 20:26:51.748  7455  7725 D StrictMode: 	at ckxz.run(PG:5)
01-30 20:26:51.749  7455  7630 D StrictMode: StrictMode policy violation: android.os.strictmode.DiskReadViolation
01-30 20:26:51.749  7455  7630 D StrictMode: 	at android.os.StrictMode$AndroidBlockGuardPolicy.onReadFromDisk(StrictMode.java:1658)
01-30 20:26:51.749  7455  7630 D StrictMode: 	at libcore.io.BlockGuardOs.access(BlockGuardOs.java:74)
01-30 20:26:51.749  7455  7630 D StrictMode: 	at libcore.io.ForwardingOs.access(ForwardingOs.java:128)
01-30 20:26:51.749  7455  7630 D StrictMode: 	at android.app.ActivityThread$AndroidOs.access(ActivityThread.java:8615)
01-30 20:26:51.749  7455  7630 D StrictMode: 	at java.io.UnixFileSystem.checkAccess(UnixFileSystem.java:313)
01-30 20:26:51.749  7455  7630 D StrictMode: 	at java.io.File.exists(File.java:813)
01-30 20:26:51.749  7455  7630 D StrictMode: 	at android.app.SharedPreferencesImpl$EditorImpl.isSpeg(SharedPreferencesImpl.java:505)
01-30 20:26:51.749  7455  7630 D StrictMode: 	at android.app.SharedPreferencesImpl$EditorImpl.apply(SharedPreferencesImpl.java:517)
01-30 20:26:51.749  7455  7630 D StrictMode: 	at boks.k(PG:2)
01-30 20:26:51.749  7455  7630 D StrictMode: 	at agrb.o(PG:4)
01-30 20:26:51.749  7455  7630 D StrictMode: 	at bqtf.run(PG:1)
01-30 20:26:51.749  7455  7630 D StrictMode: 	at ddbl.run(PG:1)
01-30 20:26:51.749  7455  7630 D StrictMode: 	at ckxw.run(PG:1)
01-30 20:26:51.749  7455  7630 D StrictMode: 	at java.util.concurrent.ThreadPoolExecutor.runWorker(ThreadPoolExecutor.java:1145)
01-30 20:26:51.749  7455  7630 D StrictMode: 	at java.util.concurrent.ThreadPoolExecutor$Worker.run(ThreadPoolExecutor.java:644)
01-30 20:26:51.749  7455  7630 D StrictMode: 	at clan.run(PG:3)
01-30 20:26:51.749  7455  7630 D StrictMode: 	at ckxa.run(PG:2)
01-30 20:26:51.749  7455  7630 D StrictMode: 	at java.lang.Thread.run(Thread.java:1012)
01-30 20:26:51.749  7455  7630 D StrictMode: 	at ckxz.run(PG:5)
01-30 20:26:51.750  1426  3464 D InputTransport: Input channel destroyed: '7d2da5a', fd=1321
01-30 20:26:51.751  1100  1198 I VSyncReactor: Current= 60, TransitioningTo= 0, hwcPeriod= 60, Distance= 0
01-30 20:26:51.752  2448  2522 D InsetsController: onStateChanged: InsetsState: {mDisplayFrame=Rect(0, 0 - 1080, 2400), mDisplayCutout=DisplayCutout{insets=Rect(0, 88 - 0, 0) waterfall=Insets{left=0, top=0, right=0, bottom=0} boundingRect={Bounds=[Rect(0, 0 - 0, 0), Rect(512, 0 - 568, 88), Rect(0, 0 - 0, 0), Rect(0, 0 - 0, 0)]} cutoutPathParserInfo={CutoutPathParserInfo{displayWidth=1080 displayHeight=2400 physicalDisplayWidth=1080 physicalDisplayHeight=2400 density={2.8125} cutoutSpec={M 0,0 M 0,11.43427858034597 a 9.899054752987353,9.899054752987353 0 1,0 0,19.79810950597471 a 9.899054752987353,9.899054752987353 0 1,0 0,-19.79810950597471 Z @dp} rotation={0} scale={1.0} physicalPixelDisplaySizeRatio={1.0}}}}, mRoundedCorners=RoundedCorners{[RoundedCorner{position=TopLeft, radius=90, center=Point(90, 90)}, RoundedCorner{position=TopRight, radius=90, center=Point(990, 90)}, RoundedCorner{position=BottomRight, radius=90, center=Point(990, 2310)}, RoundedCorner{position=BottomLeft, radius=90, center=Point(90, 2310)}]}  mRoundedCornerFrame=Rect(0, 0 - 1080, 2400), mPrivacyIndicatorBounds=PrivacyIndicatorBounds {static bounds=Rect(956, 0 - 1080, 88) rotation=0}, mSources= { InsetsSource: {mType=ITYPE_STATUS_BAR, mFrame=[0,0][1080,88], mVisible=true, mInsetsRoundedCornerFrame=false}, InsetsSource: {mType=ITYPE_NAVIGATION_BAR, mFrame=[0,2265][1080,2400], mVisible=true, mInsetsRoundedCornerFrame=false}, InsetsSource: {mType=ITYPE_LEFT_GESTURES, mFrame=[0,0][0,2400], mVisible=true, mInsetsRoundedCornerFrame=false}, InsetsSource: {mType=ITYPE_RIGHT_GESTURES, mFrame=[1080,0][1080,2400], mVisible=true, mInsetsRoundedCornerFrame=false}, InsetsSource: {mType=ITYPE_TOP_MANDATORY_GESTURES, mFrame=[0,0][1080,122], mVisible=true, mInsetsRoundedCornerFrame=false}, InsetsSource: {mType=ITYPE_BOTTOM_MANDATORY_GESTURES, mFrame=[0,2265][1080,2400], mVisible=true, mInsetsRoundedCornerFrame=false}, InsetsSource: {mType=ITYPE_LEFT_DISPLAY_CUTOUT, mFrame=[0,0][-100000,2400], mVisible=true, mInsetsRoundedCornerFrame=false}, InsetsSource: {mType=ITYPE_TOP_DISPLAY_CUTOUT, mFrame=[0,0][1080,88], mVisible=true, mInsetsRoundedCornerFrame=false}, InsetsSource: {mType=ITYPE_RIGHT_DISPLAY_CUTOUT, mFrame=[100000,0][1080,2400], mVisible=true, mInsetsRoundedCornerFrame=false}, InsetsSource: {mType=ITYPE_BOTTOM_DISPLAY_CUTOUT, mFrame=[0,100000][1080,2400], mVisible=true, mInsetsRoundedCornerFrame=false}, InsetsSource: {mType=ITYPE_TOP_TAPPABLE_ELEMENT, mFrame=[0,0][1080,88], mVisible=true, mInsetsRoundedCornerFrame=false}, InsetsSource: {mType=ITYPE_BOTTOM_TAPPABLE_ELEMENT, mFrame=[0,2265][1080,2400], mVisible=true, mInsetsRoundedCornerFrame=false} } host=Splash Screen com.example.sportmatch from=android.view.ViewRootImpl.setView:1732
01-30 20:26:51.754  2448  2522 I ViewRootImpl@32ca8b9[sportmatch]: setView = android.widget.FrameLayout@e1bd30a TM=false
01-30 20:26:51.755  2448  2522 I ViewRootImpl@32ca8b9[sportmatch]: performTraversals params={(0,0)(fillxfill) sim={adjust=pan} ty=APPLICATION_STARTING fmt=TRANSLUCENT wanim=0x1030309
01-30 20:26:51.755  2448  2522 I ViewRootImpl@32ca8b9[sportmatch]:   fl=81030118
01-30 20:26:51.755  2448  2522 I ViewRootImpl@32ca8b9[sportmatch]:   pfl=16000010
01-30 20:26:51.755  2448  2522 I ViewRootImpl@32ca8b9[sportmatch]:   apr=LIGHT_STATUS_BARS LIGHT_NAVIGATION_BARS
01-30 20:26:51.755  2448  2522 I ViewRootImpl@32ca8b9[sportmatch]:   bhv=DEFAULT
01-30 20:26:51.755  2448  2522 I ViewRootImpl@32ca8b9[sportmatch]:   fitSides= naviIconColor=0}
01-30 20:26:51.755  2448  2522 I ViewRootImpl@32ca8b9[sportmatch]: performTraversals mFirst=true windowShouldResize=true viewVisibilityChanged=false mForceNextWindowRelayout=false params={(0,0)(fillxfill) sim={adjust=pan} ty=APPLICATION_STARTING fmt=TRANSLUCENT wanim=0x1030309
01-30 20:26:51.755  2448  2522 I ViewRootImpl@32ca8b9[sportmatch]:   fl=81030118
01-30 20:26:51.755  2448  2522 I ViewRootImpl@32ca8b9[sportmatch]:   pfl=16000010
01-30 20:26:51.755  2448  2522 I ViewRootImpl@32ca8b9[sportmatch]:   apr=LIGHT_STATUS_BARS LIGHT_NAVIGATION_BARS
01-30 20:26:51.755  2448  2522 I ViewRootImpl@32ca8b9[sportmatch]:   bhv=DEFAULT
01-30 20:26:51.755  2448  2522 I ViewRootImpl@32ca8b9[sportmatch]:   fitSides= naviIconColor=0}
01-30 20:26:51.761  1426  2528 D InputDispatcher: Focused application(0): ActivityRecord{bfc7613 u0 com.example.sportmatch/.MainActivity} t17286}
01-30 20:26:51.763 25557 25557 I TopTaskTracker: onTaskMovedToFront : taskId = 17286
01-30 20:26:51.765  5704  5704 I SemDvfsHyPerManager: acquire hyper - APP_START/5704@18, type = -999
01-30 20:26:51.765  1037  1116 I HYPER-HAL: [RequestManager.cpp]acquire(): Acquired ID : 16373521  [5704 / 18]    HINT : APP_START    list :
01-30 20:26:51.772  1426  2528 W WindowManager: lockNow pending, ignore updating lockscreen timeout
01-30 20:26:51.775  7455  7455 I ViewRootImpl@807e105[ConversationListActivity]: performTraversals params={(0,0)(fillxfill) sim={state=hidden adjust=resize} ty=BASE_APPLICATION wanim=0x1030309
01-30 20:26:51.775  7455  7455 I ViewRootImpl@807e105[ConversationListActivity]:   fl=81810100
01-30 20:26:51.775  7455  7455 I ViewRootImpl@807e105[ConversationListActivity]:   pfl=12020040
01-30 20:26:51.775  7455  7455 I ViewRootImpl@807e105[ConversationListActivity]:   vsysui=700
01-30 20:26:51.775  7455  7455 I ViewRootImpl@807e105[ConversationListActivity]:   bhv=DEFAULT
01-30 20:26:51.775  7455  7455 I ViewRootImpl@807e105[ConversationListActivity]:   fitSides= naviIconColor=0}
01-30 20:26:51.775  9712  9761 D OpenGLRenderer: RenderThread::requireGlContext()
01-30 20:26:51.776  7455  7455 I ViewRootImpl@807e105[ConversationListActivity]: performTraversals mFirst=false windowShouldResize=false viewVisibilityChanged=false mForceNextWindowRelayout=false params={(0,0)(fillxfill) sim={state=hidden adjust=resize} ty=BASE_APPLICATION wanim=0x1030309
01-30 20:26:51.776  7455  7455 I ViewRootImpl@807e105[ConversationListActivity]:   fl=81810100
01-30 20:26:51.776  7455  7455 I ViewRootImpl@807e105[ConversationListActivity]:   pfl=12020040
01-30 20:26:51.776  7455  7455 I ViewRootImpl@807e105[ConversationListActivity]:   vsysui=700
01-30 20:26:51.776  7455  7455 I ViewRootImpl@807e105[ConversationListActivity]:   bhv=DEFAULT
01-30 20:26:51.776  7455  7455 I ViewRootImpl@807e105[ConversationListActivity]:   fitSides= naviIconColor=0}
01-30 20:26:51.777  1426  1445 V WindowManager: Relayout Window{8e39383 u0 com.google.android.apps.messaging/com.google.android.apps.messaging.ui.ConversationListActivity}: viewVisibility=0 req=1080x2400 d0
01-30 20:26:51.778  1426  1445 W WindowManager: lockNow pending, ignore updating lockscreen timeout
01-30 20:26:51.780  1426  1445 V WindowManager: Relayout hash=8e39383, pid=7455, syncId=-1: mAttrs={(0,0)(fillxfill) sim={state=hidden adjust=resize} ty=BASE_APPLICATION wanim=0x1030309
01-30 20:26:51.780  1426  1445 V WindowManager:   fl=81810100
01-30 20:26:51.780  1426  1445 V WindowManager:   pfl=12020040
01-30 20:26:51.780  1426  1445 V WindowManager:   vsysui=700
01-30 20:26:51.780  1426  1445 V WindowManager:   bhv=DEFAULT
01-30 20:26:51.780  1426  1445 V WindowManager:   fitSides= naviIconColor=0}
01-30 20:26:51.781  7455  7455 I ViewRootImpl@807e105[ConversationListActivity]: updateBlastSurfaceIfNeeded mBlastBufferQueue=0xb40000722b68c030 isSameSurfaceControl=true
01-30 20:26:51.782  7455  7455 I BLASTBufferQueue: update, w= 1080 h= 2400 mName = ViewRootImpl@807e105[ConversationListActivity] mNativeObject= 0xb40000722b68c030 sc.mNativeObject= 0xb4000071bb6ddb70 format= -1 caller= android.view.ViewRootImpl.updateBlastSurfaceIfNeeded:2898 android.view.ViewRootImpl.relayoutWindow:9847 android.view.ViewRootImpl.performTraversals:3884 android.view.ViewRootImpl.doTraversal:3116 android.view.ViewRootImpl$TraversalRunnable.run:10885 android.view.Choreographer$CallbackRecord.run:1301
01-30 20:26:51.782  7455  7455 I ViewRootImpl@807e105[ConversationListActivity]: Relayout returned: old=(0,0,1080,2400) new=(0,0,1080,2400) req=(1080,2400)0 dur=5 res=0x0 s={true 0xb4000072bb6e7070} ch=false seqId=0
01-30 20:26:51.782  1426  2534 V WindowManager: Relayout Window{7d2da5a u0 Splash Screen com.example.sportmatch}: viewVisibility=0 req=1080x2400 d0
01-30 20:26:51.782  1100  1153 I SurfaceFlinger: id=125091 createSurf flag=40004, Splash Screen com.example.sportmatch$_2448#125091
01-30 20:26:51.784  1426  2341 D AS.MultiSoundManager: mForegroundUid = 10438
01-30 20:26:51.785  1100  1100 I SurfaceFlinger: [8e39383 com.google.android.apps.messaging/com.google.android.apps.messaging.ui.ConversationListActivity#124993] FrameRatePriority: -1
01-30 20:26:51.785  1100  1100 D SurfaceFlinger: [input] inputWindowCommands.focusRequests size is 1
01-30 20:26:51.786  1426  2534 W WindowManager: lockNow pending, ignore updating lockscreen timeout
01-30 20:26:51.788  1426  2534 V WindowManager: Relayout hash=7d2da5a, pid=2448, syncId=-1: mAttrs={(0,0)(fillxfill) sim={adjust=pan} ty=APPLICATION_STARTING fmt=TRANSLUCENT wanim=0x1030309
01-30 20:26:51.788  1426  2534 V WindowManager:   fl=81030118
01-30 20:26:51.788  1426  2534 V WindowManager:   pfl=16000010
01-30 20:26:51.788  1426  2534 V WindowManager:   apr=LIGHT_STATUS_BARS LIGHT_NAVIGATION_BARS
01-30 20:26:51.788  1426  2534 V WindowManager:   bhv=DEFAULT
01-30 20:26:51.788  1426  2534 V WindowManager:   fitSides= naviIconColor=0}
01-30 20:26:51.789  2448  2522 D InsetsController: onStateChanged: InsetsState: {mDisplayFrame=Rect(0, 0 - 1080, 2400), mDisplayCutout=DisplayCutout{insets=Rect(0, 88 - 0, 0) waterfall=Insets{left=0, top=0, right=0, bottom=0} boundingRect={Bounds=[Rect(0, 0 - 0, 0), Rect(512, 0 - 568, 88), Rect(0, 0 - 0, 0), Rect(0, 0 - 0, 0)]} cutoutPathParserInfo={CutoutPathParserInfo{displayWidth=1080 displayHeight=2400 physicalDisplayWidth=1080 physicalDisplayHeight=2400 density={2.8125} cutoutSpec={M 0,0 M 0,11.43427858034597 a 9.899054752987353,9.899054752987353 0 1,0 0,19.79810950597471 a 9.899054752987353,9.899054752987353 0 1,0 0,-19.79810950597471 Z @dp} rotation={0} scale={1.0} physicalPixelDisplaySizeRatio={1.0}}}}, mRoundedCorners=RoundedCorners{[RoundedCorner{position=TopLeft, radius=90, center=Point(90, 90)}, RoundedCorner{position=TopRight, radius=90, center=Point(990, 90)}, RoundedCorner{position=BottomRight, radius=90, center=Point(990, 2310)}, RoundedCorner{position=BottomLeft, radius=90, center=Point(90, 2310)}]}  mRoundedCornerFrame=Rect(0, 0 - 1080, 2400), mPrivacyIndicatorBounds=PrivacyIndicatorBounds {static bounds=Rect(956, 0 - 1080, 88) rotation=0}, mSources= { InsetsSource: {mType=ITYPE_STATUS_BAR, mFrame=[0,0][1080,88], mVisible=true, mInsetsRoundedCornerFrame=false}, InsetsSource: {mType=ITYPE_NAVIGATION_BAR, mFrame=[0,2265][1080,2400], mVisible=true, mInsetsRoundedCornerFrame=false}, InsetsSource: {mType=ITYPE_LEFT_GESTURES, mFrame=[0,0][0,2400], mVisible=true, mInsetsRoundedCornerFrame=false}, InsetsSource: {mType=ITYPE_RIGHT_GESTURES, mFrame=[1080,0][1080,2400], mVisible=true, mInsetsRoundedCornerFrame=false}, InsetsSource: {mType=ITYPE_TOP_MANDATORY_GESTURES, mFrame=[0,0][1080,122], mVisible=true, mInsetsRoundedCornerFrame=false}, InsetsSource: {mType=ITYPE_BOTTOM_MANDATORY_GESTURES, mFrame=[0,2265][1080,2400], mVisible=true, mInsetsRoundedCornerFrame=false}, InsetsSource: {mType=ITYPE_LEFT_DISPLAY_CUTOUT, mFrame=[0,0][-100000,2400], mVisible=true, mInsetsRoundedCornerFrame=false}, InsetsSource: {mType=ITYPE_TOP_DISPLAY_CUTOUT, mFrame=[0,0][1080,88], mVisible=true, mInsetsRoundedCornerFrame=false}, InsetsSource: {mType=ITYPE_RIGHT_DISPLAY_CUTOUT, mFrame=[100000,0][1080,2400], mVisible=true, mInsetsRoundedCornerFrame=false}, InsetsSource: {mType=ITYPE_BOTTOM_DISPLAY_CUTOUT, mFrame=[0,100000][1080,2400], mVisible=true, mInsetsRoundedCornerFrame=false}, InsetsSource: {mType=ITYPE_TOP_TAPPABLE_ELEMENT, mFrame=[0,0][1080,88], mVisible=true, mInsetsRoundedCornerFrame=false}, InsetsSource: {mType=ITYPE_BOTTOM_TAPPABLE_ELEMENT, mFrame=[0,2265][1080,2400], mVisible=true, mInsetsRoundedCornerFrame=false}, InsetsSource: {mType=ITYPE_IME, mFrame=[0,0][0,0], mVisibleFrame=[0,1392][1080,2400], mVisible=false, mInsetsRoundedCornerFrame=false} } host=Splash Screen com.example.sportmatch from=android.view.ViewRootImpl.relayoutWindow:9802
01-30 20:26:51.789  1100  1210 D SurfaceFlinger: [input] setFocusedWindow: <null>
01-30 20:26:51.789  2448  2522 I ViewRootImpl@32ca8b9[sportmatch]: updateBlastSurfaceIfNeeded mBlastBufferQueue=null isSameSurfaceControl=false
01-30 20:26:51.790  2448  2522 I BLASTBufferQueue: new BLASTBufferQueue, mName= ViewRootImpl@32ca8b9[sportmatch] mNativeObject= 0xb40000722b7deaf0 sc.mNativeObject= 0xb4000071bbbb8540 caller= android.view.ViewRootImpl.updateBlastSurfaceIfNeeded:2909 android.view.ViewRootImpl.relayoutWindow:9847 android.view.ViewRootImpl.performTraversals:3884 android.view.ViewRootImpl.doTraversal:3116 android.view.ViewRootImpl$TraversalRunnable.run:10885 android.view.Choreographer$CallbackRecord.run:1301 android.view.Choreographer$CallbackRecord.run:1309 android.view.Choreographer.doCallbacks:923 android.view.Choreographer.doFrame:852 android.view.Choreographer$FrameDisplayEventReceiver.run:1283
01-30 20:26:51.790  2448  2522 I BLASTBufferQueue: update, w= 1080 h= 2400 mName = ViewRootImpl@32ca8b9[sportmatch] mNativeObject= 0xb40000722b7deaf0 sc.mNativeObject= 0xb4000071bbbb8540 format= -3 caller= android.graphics.BLASTBufferQueue.<init>:84 android.view.ViewRootImpl.updateBlastSurfaceIfNeeded:2909 android.view.ViewRootImpl.relayoutWindow:9847 android.view.ViewRootImpl.performTraversals:3884 android.view.ViewRootImpl.doTraversal:3116 android.view.ViewRootImpl$TraversalRunnable.run:10885
01-30 20:26:51.790  2448  2522 I ViewRootImpl@32ca8b9[sportmatch]: Relayout returned: old=(0,0,1080,2400) new=(0,0,1080,2400) req=(1080,2400)0 dur=34 res=0x3 s={true 0xb4000072bba630a0} ch=true seqId=0
01-30 20:26:51.791  2448  2522 I ViewRootImpl@32ca8b9[sportmatch]: mThreadedRenderer.initialize() mSurface={isValid=true 0xb4000072bba630a0} hwInitialized=true
01-30 20:26:51.791  2448  2536 D OpenGLRenderer: eglCreateWindowSurface
01-30 20:26:51.793  1426  2416 D NetdEventListenerService: DNS Requested by : 153, 1000
01-30 20:26:51.793  1426  2391 D TrafficStats: tagSocket(1325) with statsTag=0xffffffff, statsUid=-1
01-30 20:26:51.796  1426  1646 D InputDispatcher: Focus left window (0): 8e39383 com.google.android.apps.messaging/com.google.android.apps.messaging.ui.ConversationListActivity
01-30 20:26:51.800  7455  7455 I ViewRootImpl@807e105[ConversationListActivity]: MSG_WINDOW_FOCUS_CHANGED 0 0
01-30 20:26:51.803  2448  2522 I ViewRootImpl@32ca8b9[sportmatch]: reportNextDraw android.view.ViewRootImpl.performTraversals:4438 android.view.ViewRootImpl.doTraversal:3116 android.view.ViewRootImpl$TraversalRunnable.run:10885 android.view.Choreographer$CallbackRecord.run:1301 android.view.Choreographer$CallbackRecord.run:1309
01-30 20:26:51.803  2448  2522 I ViewRootImpl@32ca8b9[sportmatch]: Setup new sync id=0
01-30 20:26:51.803  2448  2522 I ViewRootImpl@32ca8b9[sportmatch]: Setting syncFrameCallback
01-30 20:26:51.803  2448  2522 I ViewRootImpl@32ca8b9[sportmatch]: registerCallbacksForSync syncBuffer=false
01-30 20:26:51.804  2448  2556 I ViewRootImpl@32ca8b9[sportmatch]: Received frameDrawingCallback syncResult=0 frameNum=1.
01-30 20:26:51.804  2448  2556 I ViewRootImpl@32ca8b9[sportmatch]: Setting up sync and frameCommitCallback
01-30 20:26:51.806  9712  9752 D FA      : Resetting session stitching token to not null
01-30 20:26:51.807  2448  2536 I BLASTBufferQueue: [ViewRootImpl@32ca8b9[sportmatch]#4004](f:0,a:0) onFrameAvailable the first frame is available
01-30 20:26:51.807  1426  3460 I MediaSessionMonitor: Media session stopped : not playing state
01-30 20:26:51.808  2448  2536 I ViewRootImpl@32ca8b9[sportmatch]: Received frameCommittedCallback lastAttemptedDrawFrameNum=1 didProduceBuffer=true
01-30 20:26:51.814  2448  2536 D OpenGLRenderer: CFMS:: SetUp Pid : 2448    Tid : 2536
01-30 20:26:51.815  2448  2536 W Parcel  : Expecting binder but got null!
01-30 20:26:51.816  2448  2522 I ViewRootImpl@32ca8b9[sportmatch]: onSyncComplete
01-30 20:26:51.816  2448  2522 I ViewRootImpl@32ca8b9[sportmatch]: setupSync seqId=0 mSyncId=0 fn=1 caller=android.view.ViewRootImpl$$ExternalSyntheticLambda11.accept:6 android.window.SurfaceSyncer.lambda$setupSync$1$android-window-SurfaceSyncer:128 android.window.SurfaceSyncer$$ExternalSyntheticLambda1.accept:8 android.window.SurfaceSyncer$SyncSet.checkIfSyncIsComplete:382 android.window.SurfaceSyncer$SyncSet.markSyncReady:359 android.window.SurfaceSyncer.markSyncReady:151 android.view.ViewRootImpl.performTraversals:4503
01-30 20:26:51.816  2448  2522 I ViewRootImpl@32ca8b9[sportmatch]: reportDrawFinished seqId=0 mSyncId=-1 fn=1 mSurfaceChangedTransaction=0xb4000071eb796990
01-30 20:26:51.817  5767  5767 I ActivityUtils: HomePackage : com.sec.android.app.launcher, resumePackageName : com.example.sportmatch
01-30 20:26:51.823  9712  9712 D AppCompatDelegate: Checking for metadata for AppLocalesMetadataHolderService : Service not found
01-30 20:26:51.825  1426  1485 W WindowManager: lockNow pending, ignore updating lockscreen timeout
01-30 20:26:51.826  9712  9761 D OpenGLRenderer: RenderThread::setGrContext()
01-30 20:26:51.830  1100  1333 I SurfaceFlinger: id=125092 createSurf flag=24000, Surface(name=Task=17284)/@0xe6adfa1 - animation-leash of app_transition#125092
01-30 20:26:51.832  1100  1333 I SurfaceFlinger: id=125093 createSurf flag=20004, DimAnimationLayer for Task=17286#125093
01-30 20:26:51.833  1100  1333 I SurfaceFlinger: id=125094 createSurf flag=24004, Surface(name=Task=17286)/@0x37806f8 - animation-leash of app_transition#125094
01-30 20:26:51.841  1100  1100 I Layer   : id=125095 Destroyed Screenshot Parent#125095
01-30 20:26:51.846  1426  1485 W WindowManager: lockNow pending, ignore updating lockscreen timeout
01-30 20:26:51.847  1100  1333 I SurfaceFlinger: id=125096 createSurf flag=80000, 9eebe4d ActivityRecordInputSink com.example.sportmatch/.MainActivity#125096
01-30 20:26:51.851  2448  2516 D Bubbles : onLocusVisibilityChanged: LocusId[19_chars] visible=false
01-30 20:26:51.852  1100  1100 I Layer   : Layer [Splash Screen com.example.sportmatch$_2448#125091] hidden!! flag(0)
01-30 20:26:51.852  9712  9752 V FA      : Connecting to remote service
01-30 20:26:51.854  9712  9712 D LifecycleMonitor: Lifecycle status change: com.example.sportmatch.MainActivity@e38ce8e in: PRE_ON_CREATE
01-30 20:26:51.855  9712  9712 V ActivityScenario: Activity lifecycle changed event received but ignored because the reported transition was not ON_CREATE while the last known transition was PRE_ON_CREATE
01-30 20:26:51.860  1100  1100 I Layer   : id=125097 Destroyed Screenshot Parent#125097
01-30 20:26:51.864  1100  1331 I SurfaceFlinger: id=125098 createSurf flag=40404, Bottom Edge Extension#125098
01-30 20:26:51.865  1100  1331 I SurfaceFlinger: id=125099 createSurf flag=400, bbq-wrapper#125099
01-30 20:26:51.867  1426 14513 I BLASTBufferQueue: [bbq-adapter#4580](f:0,a:0) onFrameAvailable the first frame is available
01-30 20:26:51.867  9712  9740 V FA      : onActivityCreated
01-30 20:26:51.873 25557 25782 I RecentModel: onTaskStackChangedBackground
01-30 20:26:51.874  1100  1100 I Layer   : id=125100 Destroyed Screenshot Parent#125100
01-30 20:26:51.877  1100  1333 I SurfaceFlinger: id=125101 createSurf flag=40404, Top Edge Extension#125101
01-30 20:26:51.877  1100  1152 I SurfaceFlinger: id=125102 createSurf flag=400, bbq-wrapper#125102
01-30 20:26:51.878  1426 14512 I BLASTBufferQueue: [bbq-adapter#4581](f:0,a:0) onFrameAvailable the first frame is available
01-30 20:26:51.878  9712  9712 I DecorView: [INFO] isPopOver=false config=true
01-30 20:26:51.879  9712  9712 I DecorView: updateCaptionType: isFloating=false isApplication=true hasWindowDecorCaption=false this=DecorView@8ebcaec[]
01-30 20:26:51.879  9712  9712 D DecorView: setCaptionType = 0, this = DecorView@8ebcaec[]
01-30 20:26:51.881  6292  6398 I Rubin   : [896] t9.a.c(SourceFile:1) : Notify com.samsung.android.rubin.inferenceengine.contextanalytics.engine.loggers.d's database is updated.
01-30 20:26:51.884 29079 29079 D BoundBrokerSvc: onBind: Intent { act=com.google.android.gms.measurement.START pkg=com.google.android.gms }
01-30 20:26:51.884 29079 29079 D BoundBrokerSvc: Loading bound service for intent: Intent { act=com.google.android.gms.measurement.START pkg=com.google.android.gms }
01-30 20:26:51.888  6292  6398 I Rubin   : [896] ha.e.m(SourceFile:6) : isSatisfiedByCmh is false
01-30 20:26:51.890  9712  9712 I DecorView: getCurrentDensityDpi: from real metrics. densityDpi=450 msg=resources_loaded
01-30 20:26:51.890  9712  9712 I DecorView: setWindowBackground: isPopOver=false color=ffffffff d=android.graphics.drawable.ColorDrawable@5fc494a
01-30 20:26:51.898  9712  9712 W mple.sportmatch: Accessing hidden method Landroid/view/View;->computeFitSystemWindows(Landroid/graphics/Rect;Landroid/graphics/Rect;)Z (unsupported, reflection, allowed)
01-30 20:26:51.898  9712  9712 W mple.sportmatch: Accessing hidden method Landroid/view/ViewGroup;->makeOptionalFitsSystemWindows()V (unsupported, reflection, allowed)
01-30 20:26:51.899  9712  9752 V FA      : Connection attempt already in progress
01-30 20:26:51.908  9712  9752 V FA      : Connection attempt already in progress
01-30 20:26:51.912  1100  1100 D SurfaceFlinger: Display 4633128672291735932 HWC layers:
01-30 20:26:51.912  1100  1100 D SurfaceFlinger:      CLIENT | 0xb400007704b5ee10 | 0102 | RGBA_8888    |    0.0    0.0    0.0    0.0 |    0 2393 1080 2400 | bbq-wrapper#125099
01-30 20:26:51.912  1100  1100 D SurfaceFlinger:      CLIENT | 0xb400007704b69610 | 0102 | RGBA_8888    |    0.0    7.0 1080.0 2400.0 |    0    0 1080 2393 | com.google.android.apps.messaging/co[...]onversationListActivity$_7455#125075
01-30 20:26:51.912  1100  1100 D SurfaceFlinger:      CLIENT | 0xb400007704b5a810 | 0102 | RGBA_8888    |    0.0    0.0 1080.0    1.0 |    0    0 1080  403 | bbq-wrapper#125102
01-30 20:26:51.912  1100  1100 D SurfaceFlinger:      DEVICE | 0xb400007704b53b90 | 0100 | RGBA_8888    |    0.0    0.0 1080.0 1997.0 |    0  403 1080 2400 | Splash Screen com.example.sportmatch$_2448#125091
01-30 20:26:51.912  1100  1100 D SurfaceFlinger:      DEVICE | 0xb400007704b5c5d0 | 0100 | RGBA_8888    |    0.0    0.0 1080.0   88.0 |    0    0 1080   88 | StatusBar$_2448#94
01-30 20:26:51.912  1100  1100 D SurfaceFlinger:      DEVICE | 0xb400007704b64590 | 0100 | RGBA_8888    |    0.0    0.0   67.0  342.0 |    0 1504   67 1846 | com.samsung.android.app.cocktailbars[...]vice.CocktailBarService$_5767#125061
01-30 20:26:51.912  1100  1100 D SurfaceFlinger:      DEVICE | 0xb400007704b5de50 | 0100 | RGBA_8888    |    0.0
01-30 20:26:51.912  1100  1100 D SurfaceFlinger:  0.0 1080.0  135.0 |    0 2265 1080 2400 | NavigationBar0$_2448#88
01-30 20:26:51.912  1100  1100 D SurfaceFlinger:
01-30 20:26:51.919  9712  9712 D CompatibilityChangeReporter: Compat change id reported: 210923482; UID 10438; state: ENABLED
01-30 20:26:51.926  1100  1100 D SurfaceFlinger: Display 4633128672291735932 HWC layers:
01-30 20:26:51.926  1100  1100 D SurfaceFlinger:      CLIENT | 0xb400007704b5ee10 | 0102 | RGBA_8888    |    0.0    0.0    0.0    0.0 |    0 2382 1080 2400 | bbq-wrapper#125099
01-30 20:26:51.926  1100  1100 D SurfaceFlinger:      CLIENT | 0xb400007704b5cb10 | 0102 | RGBA_8888    |    0.0   18.0 1080.0 2400.0 |    0    0 1080 2382 | com.google.android.apps.messaging/co[...]onversationListActivity$_7455#125075
01-30 20:26:51.926  1100  1100 D SurfaceFlinger:      CLIENT | 0xb400007704b5a810 | 0102 | RGBA_8888    |    0.0    0.0 1080.0    1.0 |    0    0 1080  333 | bbq-wrapper#125102
01-30 20:26:51.926  1100  1100 D SurfaceFlinger:  SOLID_COLOR |              | 0000 |  Unknown  |    0.0    0.0    0.0    0.0 |    0    0 1080 2400 | DimAnimationLayer for Task=17286#125093
01-30 20:26:51.926  1100  1100 D SurfaceFlinger:      DEVICE | 0xb400007704b53b90 | 0100 | RGBA_8888    |    0.0    0.0 1080.0 2067.0 |    0  333 1080 2400 | Splash Screen com.example.sportmatch$_2448#125091
01-30 20:26:51.926  1100  1100 D SurfaceFlinger:      DEVICE | 0xb400007704b5c5d0 | 0100 | RGBA_8888    |    0.0    0.0 1080.0   88.0 |    0    0 1080   88 | StatusBar$_2448#94
01-30 20:26:51.926  1100  1100 D SurfaceFlinger:      DEVICE | 0xb400007704b64590 | 0100 | RGBA_8888    |    0.0    0.0   67.0  342.0 |    0 1504   67 1846 | com
01-30 20:26:51.926  1100  1100 D SurfaceFlinger: .samsung.android.app.cocktailbars[...]vice.CocktailBarService$_5767#125061
01-30 20:26:51.926  1100  1100 D SurfaceFlinger:      DEVICE | 0xb400007704b5de50 | 0100 | RGBA_8888    |    0.0    0.0 1080.0  135.0 |    0 2265 1080 2400 | NavigationBar0$_2448#88
01-30 20:26:51.926  1100  1100 D SurfaceFlinger:
01-30 20:26:51.999  9712  9712 D FirebaseAuth: Notifying id token listeners about user ( TUaMHgJkDAY7FpxHMRjNagDXcrx1 ).
01-30 20:26:52.108  1426  2391 W SemWifiTransportLayerUtils: getApplicationCategory - IOException com.example.sportmatch
01-30 20:26:52.108  1426  2391 W System.err: java.io.FileNotFoundException: https://play.google.com/store/apps/details?id=com.example.sportmatch&hl=en
01-30 20:26:52.108  1426  2391 W System.err: 	at com.android.okhttp.internal.huc.HttpURLConnectionImpl.getInputStream(HttpURLConnectionImpl.java:255)
01-30 20:26:52.108  1426  2391 W System.err: 	at com.android.okhttp.internal.huc.DelegatingHttpsURLConnection.getInputStream(DelegatingHttpsURLConnection.java:211)
01-30 20:26:52.108  1426  2391 W System.err: 	at com.android.okhttp.internal.huc.HttpsURLConnectionImpl.getInputStream(HttpsURLConnectionImpl.java:30)
01-30 20:26:52.108  1426  2391 W System.err: 	at com.samsung.android.server.wifi.tcp.SemWifiTransportLayerUtils.getApplicationCategory(SemWifiTransportLayerUtils.java:104)
01-30 20:26:52.108  1426  2391 W System.err: 	at com.samsung.android.server.wifi.tcp.SemWifiTransportLayerMonitor$TcpMonitorHandler.handleMessage(SemWifiTransportLayerMonitor.java:244)
01-30 20:26:52.108  1426  2391 W System.err: 	at android.os.Handler.dispatchMessage(Handler.java:106)
01-30 20:26:52.108  1426  2391 W System.err: 	at android.os.Looper.loopOnce(Looper.java:226)
01-30 20:26:52.108  1426  2391 W System.err: 	at android.os.Looper.loop(Looper.java:313)
01-30 20:26:52.109  1426  2391 W System.err: 	at android.os.HandlerThread.run(HandlerThread.java:67)
01-30 20:26:52.109  1426  2391 D SemWifiTransportLayerMonitor.TcpMonitorHandler: MSG_SAVE_PACKAGE_INFO
01-30 20:26:52.109  1426  2391 D SemWifiTransportLayerFileManager: saveWifiPackageInfoToFile
01-30 20:26:52.109  1426  2391 D SemWifiTransportLayerFileManager: writeWifiPackageInfoList
01-30 20:26:52.118  5767  5767 I Utils   : isCurrentUser current = 0, ownerId = 0
01-30 20:26:52.119  5767  5767 I TrayVisibilityController: getComputedTrayVisible : keyguardState = 1
01-30 20:26:52.119  5767  5767 I TrayVisibilityController: updateTrayVisible: State=1 visible=1 mCurrentVisible=1 specificMode=0
01-30 20:26:52.119  5767  5767 I TrayStateController: onNotifyUpdateTray: state=0
01-30 20:26:52.145  9712  9712 D LifecycleMonitor: Lifecycle status change: com.example.sportmatch.MainActivity@e38ce8e in: CREATED
01-30 20:26:52.145  9712  9712 V ActivityScenario: Update currentActivityStage to CREATED, currentActivity=com.example.sportmatch.MainActivity@e38ce8e
01-30 20:26:52.153  9712  9712 D LifecycleMonitor: Lifecycle status change: com.example.sportmatch.MainActivity@e38ce8e in: STARTED
01-30 20:26:52.153  9712  9712 V ActivityScenario: Update currentActivityStage to STARTED, currentActivity=com.example.sportmatch.MainActivity@e38ce8e
01-30 20:26:52.156  9712  9712 D LifecycleMonitor: Lifecycle status change: com.example.sportmatch.MainActivity@e38ce8e in: RESUMED
01-30 20:26:52.156  9712  9712 V ActivityScenario: Update currentActivityStage to RESUMED, currentActivity=com.example.sportmatch.MainActivity@e38ce8e
01-30 20:26:52.157  9712  9752 V FA      : Activity resumed, time: 578800919
01-30 20:26:52.158  9712  9712 I MSHandlerLifeCycle: check: return. pkg=com.example.sportmatch parent=null callers=com.android.internal.policy.DecorView.setVisibility:4412 android.app.ActivityThread.handleResumeActivity:5476 android.app.servertransaction.ResumeActivityItem.execute:54 android.app.servertransaction.ActivityTransactionItem.execute:45 android.app.servertransaction.TransactionExecutor.executeLifecycleState:176
01-30 20:26:52.158  9712  9712 I MSHandlerLifeCycle: removeMultiSplitHandler: no exist. decor=DecorView@8ebcaec[]
01-30 20:26:52.160  9712  9752 I FA      : Tag Manager is not found and thus will not be used
01-30 20:26:52.165  9712  9761 D NativeCustomFrequencyManager: [NativeCFMS] BpCustomFrequencyManager::BpCustomFrequencyManager()
01-30 20:26:52.170  1426  2528 D InputTransport: Input channel constructed: '80ff1c3', fd=1326
01-30 20:26:52.170  1426  2528 D InputTransport: Input channel constructed: '80ff1c3', fd=1328
01-30 20:26:52.170  1426  2528 D InputTransport: Input channel constructed: '80ff1c3', fd=1331
01-30 20:26:52.171  1100  1333 I SurfaceFlinger: id=125103 createSurf flag=80004, 80ff1c3 com.example.sportmatch/com.example.sportmatch.MainActivity#125103
01-30 20:26:52.173  1426  2528 D InputTransport: Input channel destroyed: '80ff1c3', fd=1331
01-30 20:26:52.175  9712  9712 D InsetsController: onStateChanged: InsetsState: {mDisplayFrame=Rect(0, 0 - 1080, 2400), mDisplayCutout=DisplayCutout{insets=Rect(0, 88 - 0, 0) waterfall=Insets{left=0, top=0, right=0, bottom=0} boundingRect={Bounds=[Rect(0, 0 - 0, 0), Rect(512, 0 - 568, 88), Rect(0, 0 - 0, 0), Rect(0, 0 - 0, 0)]} cutoutPathParserInfo={CutoutPathParserInfo{displayWidth=1080 displayHeight=2400 physicalDisplayWidth=1080 physicalDisplayHeight=2400 density={2.8125} cutoutSpec={M 0,0 M 0,11.43427858034597 a 9.899054752987353,9.899054752987353 0 1,0 0,19.79810950597471 a 9.899054752987353,9.899054752987353 0 1,0 0,-19.79810950597471 Z @dp} rotation={0} scale={1.0} physicalPixelDisplaySizeRatio={1.0}}}}, mRoundedCorners=RoundedCorners{[RoundedCorner{position=TopLeft, radius=90, center=Point(90, 90)}, RoundedCorner{position=TopRight, radius=90, center=Point(990, 90)}, RoundedCorner{position=BottomRight, radius=90, center=Point(990, 2310)}, RoundedCorner{position=BottomLeft, radius=90, center=Point(90, 2310)}]}  mRoundedCornerFrame=Rect(0, 0 - 1080, 2400), mPrivacyIndicatorBounds=PrivacyIndicatorBounds {static bounds=Rect(956, 0 - 1080, 88) rotation=0}, mSources= { InsetsSource: {mType=ITYPE_STATUS_BAR, mFrame=[0,0][1080,88], mVisible=true, mInsetsRoundedCornerFrame=false}, InsetsSource: {mType=ITYPE_NAVIGATION_BAR, mFrame=[0,2265][1080,2400], mVisible=true, mInsetsRoundedCornerFrame=false}, InsetsSource: {mType=ITYPE_LEFT_GESTURES, mFrame=[0,0][0,2400], mVisible=true, mInsetsRoundedCornerFrame=false}, InsetsSource: {mType=ITYPE_RIGHT_GESTURES, mFrame=[1080,0][1080,2400], mVisible=true, mInsetsRoundedCornerFrame=false}, InsetsSource: {mType=ITYPE_TOP_MANDATORY_GESTURES, mFrame=[0,0][1080,122], mVisible=true, mInsetsRoundedCornerFrame=false}, InsetsSource: {mType=ITYPE_BOTTOM_MANDATORY_GESTURES, mFrame=[0,2265][1080,2400], mVisible=true, mInsetsRoundedCornerFrame=false}, InsetsSource: {mType=ITYPE_LEFT_DISPLAY_CUTOUT, mFrame=[0,0][-100000,2400], mVisible=true, mInsetsRoundedCornerFrame=false}, InsetsSource: {mType=ITYPE_TOP_DISPLAY_CUTOUT, mFrame=[0,0][1080,88], mVisible=true, mInsetsRoundedCornerFrame=false}, InsetsSource: {mType=ITYPE_RIGHT_DISPLAY_CUTOUT, mFrame=[100000,0][1080,2400], mVisible=true, mInsetsRoundedCornerFrame=false}, InsetsSource: {mType=ITYPE_BOTTOM_DISPLAY_CUTOUT, mFrame=[0,100000][1080,2400], mVisible=true, mInsetsRoundedCornerFrame=false}, InsetsSource: {mType=ITYPE_TOP_TAPPABLE_ELEMENT, mFrame=[0,0][1080,88], mVisible=true, mInsetsRoundedCornerFrame=false}, InsetsSource: {mType=ITYPE_BOTTOM_TAPPABLE_ELEMENT, mFrame=[0,2265][1080,2400], mVisible=true, mInsetsRoundedCornerFrame=false}, InsetsSource: {mType=ITYPE_IME, mFrame=[0,0][0,0], mVisibleFrame=[0,1392][1080,2400], mVisible=false, mInsetsRoundedCornerFrame=false} } host=com.example.sportmatch/com.example.sportmatch.MainActivity from=android.view.ViewRootImpl.setView:1732
01-30 20:26:52.178  9712  9712 I ViewRootImpl@829fdb8[MainActivity]: setView = com.android.internal.policy.DecorView@8ebcaec TM=false
01-30 20:26:52.180  9712  9712 I MSHandlerLifeCycle: removeMultiSplitHandler: no exist. decor=DecorView@8ebcaec[MainActivity]
01-30 20:26:52.188  9712  9752 V FA      : Connection attempt already in progress
01-30 20:26:52.188  9712  9752 V FA      : Connection attempt already in progress
01-30 20:26:52.197  1426  2416 D NetdEventListenerService: DNS Requested by : 153, 10438
01-30 20:26:52.198  9712  9788 D TrafficStats: tagSocket(108) with statsTag=0xffffffff, statsUid=-1
01-30 20:26:52.211  9712  9712 I ViewRootImpl@829fdb8[MainActivity]: performTraversals params={(0,0)(fillxfill) sim={adjust=pan forwardNavigation} ty=BASE_APPLICATION wanim=0x1030309
01-30 20:26:52.211  9712  9712 I ViewRootImpl@829fdb8[MainActivity]:   fl=81810100
01-30 20:26:52.211  9712  9712 I ViewRootImpl@829fdb8[MainActivity]:   pfl=12020040
01-30 20:26:52.211  9712  9712 I ViewRootImpl@829fdb8[MainActivity]:   bhv=DEFAULT
01-30 20:26:52.211  9712  9712 I ViewRootImpl@829fdb8[MainActivity]:   fitSides= naviIconColor=0}
01-30 20:26:52.212  9712  9712 I ViewRootImpl@829fdb8[MainActivity]: performTraversals mFirst=true windowShouldResize=true viewVisibilityChanged=false mForceNextWindowRelayout=false params={(0,0)(fillxfill) sim={adjust=pan forwardNavigation} ty=BASE_APPLICATION wanim=0x1030309
01-30 20:26:52.212  9712  9712 I ViewRootImpl@829fdb8[MainActivity]:   fl=81810100
01-30 20:26:52.212  9712  9712 I ViewRootImpl@829fdb8[MainActivity]:   pfl=12020040
01-30 20:26:52.212  9712  9712 I ViewRootImpl@829fdb8[MainActivity]:   bhv=DEFAULT
01-30 20:26:52.212  9712  9712 I ViewRootImpl@829fdb8[MainActivity]:   fitSides= naviIconColor=0}
01-30 20:26:52.213  1426  2528 V WindowManager: Relayout Window{80ff1c3 u0 com.example.sportmatch/com.example.sportmatch.MainActivity}: viewVisibility=0 req=1080x2400 d0
01-30 20:26:52.213  1100  1333 I SurfaceFlinger: id=125104 createSurf flag=40004, com.example.sportmatch/com.example.sportmatch.MainActivity$_9712#125104
01-30 20:26:52.214  1426  2528 W WindowManager: lockNow pending, ignore updating lockscreen timeout
01-30 20:26:52.216  1100  1152 I SurfaceFlinger: id=125105 createSurf flag=24000, Surface(name=c2abcc7 StatusBar)/@0x2f665b7 - animation-leash of insets_animation#125105
01-30 20:26:52.217  1100  1152 I SurfaceFlinger: id=125106 createSurf flag=24000, Surface(name=719c3fd NavigationBar0)/@0xe9d3c89 - animation-leash of insets_animation#125106
01-30 20:26:52.219  1426  2528 V WindowManager: Relayout hash=80ff1c3, pid=9712, syncId=-1: mAttrs={(0,0)(fillxfill) sim={adjust=pan forwardNavigation} ty=BASE_APPLICATION wanim=0x1030309
01-30 20:26:52.219  1426  2528 V WindowManager:   fl=81810100
01-30 20:26:52.219  1426  2528 V WindowManager:   pfl=12020040
01-30 20:26:52.219  1426  2528 V WindowManager:   bhv=DEFAULT
01-30 20:26:52.219  1426  2528 V WindowManager:   fitSides= naviIconColor=0}
01-30 20:26:52.219  2448  2448 D SamsungLightBarControlHelper: onStatusBarAppearanceChanged() -  sbModeChanged:false, statusBarMode:MODE_TRANSPARENT, barState:SHADE, isKeyguardShowing:false, navbarColorManagedByIme:false, stackAppearancesChanged:true, (AppearanceRegion{LIGHT_STATUS_BARS bounds=[0,0][1080,2400]}, ), packageName:com.example.sportmatch
01-30 20:26:52.219  2448  2448 D NavigationBar: onSystemBarAttributesChanged() -  displayId:0, appearance:16, packageName: com.example.sportmatch (APPEARANCE_LIGHT_NAVIGATION_BARS ), navbarColorManagedByIme:false
01-30 20:26:52.220  2448  2448 D SamsungLightBarControlHelper: updateNavigation(Black button) isLightBar:false, hasLightBarNavigationBarFlag:true, packageName:com.example.sportmatch, DirectReplying:false, NavBarColorManagerdByIme:false, ForceDarkForScrim:false, QsCustomizing:false, PanelHasWhiteBg:false
01-30 20:26:52.221  2448  2448 D SamsungLightBarControlHelper: updateStatus(BLACK icon) NumStacks:1, StatusBarMode:MODE_TRANSPARENT, lightBarBounds:[Rect(0, 0 - 1080, 2400)], StatusBarState:SHADE, packageName:com.example.sportmatch, isWhiteKeyguardStatusBarBySettings:false
01-30 20:26:52.222  9712  9712 I ViewRootImpl@829fdb8[MainActivity]: updateBlastSurfaceIfNeeded mBlastBufferQueue=null isSameSurfaceControl=false
01-30 20:26:52.222  9712  9712 I BLASTBufferQueue: new BLASTBufferQueue, mName= ViewRootImpl@829fdb8[MainActivity] mNativeObject= 0xb40000722b66eb70 sc.mNativeObject= 0xb4000071bb6bf560 caller= android.view.ViewRootImpl.updateBlastSurfaceIfNeeded:2909 android.view.ViewRootImpl.relayoutWindow:9847 android.view.ViewRootImpl.performTraversals:3884 android.view.ViewRootImpl.doTraversal:3116 android.view.ViewRootImpl$TraversalRunnable.run:10885 android.view.Choreographer$CallbackRecord.run:1301 android.view.Choreographer$CallbackRecord.run:1309 android.view.Choreographer.doCallbacks:923 android.view.Choreographer.doFrame:852 android.view.Choreographer$FrameDisplayEventReceiver.run:1283
01-30 20:26:52.223  9712  9712 I BLASTBufferQueue: update, w= 1080 h= 2400 mName = ViewRootImpl@829fdb8[MainActivity] mNativeObject= 0xb40000722b66eb70 sc.mNativeObject= 0xb4000071bb6bf560 format= -1 caller= android.graphics.BLASTBufferQueue.<init>:84 android.view.ViewRootImpl.updateBlastSurfaceIfNeeded:2909 android.view.ViewRootImpl.relayoutWindow:9847 android.view.ViewRootImpl.performTraversals:3884 android.view.ViewRootImpl.doTraversal:3116 android.view.ViewRootImpl$TraversalRunnable.run:10885
01-30 20:26:52.224  9712  9712 I ViewRootImpl@829fdb8[MainActivity]: Relayout returned: old=(0,0,1080,2400) new=(0,0,1080,2400) req=(1080,2400)0 dur=9 res=0x3 s={true 0xb4000072bb68b7c0} ch=true seqId=0
01-30 20:26:52.225  9712  9712 I ViewRootImpl@829fdb8[MainActivity]: mThreadedRenderer.initialize() mSurface={isValid=true 0xb4000072bb68b7c0} hwInitialized=true
01-30 20:26:52.225  1027  1027 I display : [PrimaryDisplay] getColorModes:: Supported color modes [7, 7] (SRGB)
01-30 20:26:52.225  1027  1027 I display : [PrimaryDisplay] getColorModes:: Supported color modes [9, 9] (DISPLAY_P3)
01-30 20:26:52.225  1027  1027 I display : [PrimaryDisplay] getColorModes:: Supported color modes [0, 0] (NATIVE)
01-30 20:26:52.226  9712  9761 D OpenGLRenderer: eglCreateWindowSurface
01-30 20:26:52.230   535   547 I servicemanager: Could not find android.hardware.graphics.allocator.IAllocator/default in the VINTF manifest.
01-30 20:26:52.230  9712  9712 I ViewRootImpl@829fdb8[MainActivity]: reportNextDraw android.view.ViewRootImpl.performTraversals:4438 android.view.ViewRootImpl.doTraversal:3116 android.view.ViewRootImpl$TraversalRunnable.run:10885 android.view.Choreographer$CallbackRecord.run:1301 android.view.Choreographer$CallbackRecord.run:1309
01-30 20:26:52.231  9712  9712 I ViewRootImpl@829fdb8[MainActivity]: Setup new sync id=0
01-30 20:26:52.231  9712  9712 I ViewRootImpl@829fdb8[MainActivity]: Setting syncFrameCallback
01-30 20:26:52.231  9712  9712 I ViewRootImpl@829fdb8[MainActivity]: registerCallbacksForSync syncBuffer=false
01-30 20:26:52.248  2448  2448 I ViewRootImpl@ca191f7[NotificationShade]: performTraversals mFirst=false windowShouldResize=false viewVisibilityChanged=false mForceNextWindowRelayout=false params={(0,0)(fillxfill) gr=TOP CENTER_VERTICAL sim={adjust=resize} layoutInDisplayCutoutMode=always ty=NOTIFICATION_SHADE fmt=TRANSLUCENT
01-30 20:26:52.248  2448  2448 I ViewRootImpl@ca191f7[NotificationShade]:   fl=81840048
01-30 20:26:52.248  2448  2448 I ViewRootImpl@ca191f7[NotificationShade]:   pfl=1b000000
01-30 20:26:52.248  2448  2448 I ViewRootImpl@ca191f7[NotificationShade]:   vsysui=2000
01-30 20:26:52.248  2448  2448 I ViewRootImpl@ca191f7[NotificationShade]:   apr=LIGHT_STATUS_BARS
01-30 20:26:52.248  2448  2448 I ViewRootImpl@ca191f7[NotificationShade]:   bhv=SHOW_TRANSIENT_BARS_BY_SWIPE naviIconColor=0
01-30 20:26:52.248  2448  2448 I ViewRootImpl@ca191f7[NotificationShade]:   sfl=60000}
01-30 20:26:52.248  9712  9794 I ViewRootImpl@829fdb8[MainActivity]: Received frameDrawingCallback syncResult=0 frameNum=1.
01-30 20:26:52.248  9712  9794 I ViewRootImpl@829fdb8[MainActivity]: Setting up sync and frameCommitCallback
01-30 20:26:52.248  1426  2528 V WindowManager: Relayout Window{2390bad u0 NotificationShade}: viewVisibility=4 req=1080x2400 d0
01-30 20:26:52.249  1100  1100 I Layer   : id=125077 removeFromCurrentState Surface(name=719c3fd NavigationBar0)/@0xe9d3c89 - animation-leash of insets_animation#125077 (261)
01-30 20:26:52.249  1100  1100 I Layer   : id=76 removeFromCurrentState 719c3fd NavigationBar0#76 (261)
01-30 20:26:52.249  1100  1100 I Layer   : id=88 removeFromCurrentState NavigationBar0$_2448#88 (261)
01-30 20:26:52.250  1100  1100 I Layer   : id=125076 removeFromCurrentState Surface(name=c2abcc7 StatusBar)/@0x2f665b7 - animation-leash of insets_animation#125076 (261)
01-30 20:26:52.250  1426  2528 W WindowManager: lockNow pending, ignore updating lockscreen timeout
01-30 20:26:52.250  1100  1100 I Layer   : id=76 addToCurrentState 719c3fd NavigationBar0#76 (261)
01-30 20:26:52.250  1100  1100 I Layer   : id=88 addToCurrentState NavigationBar0$_2448#88 (261)
01-30 20:26:52.250  1100  1100 I SurfaceFlinger: [80ff1c3 com.example.sportmatch/com.example.sportmatch.MainActivity#125103] FrameRatePriority: 1
01-30 20:26:52.250  1100  1100 D SurfaceFlinger: [input] inputWindowCommands.focusRequests size is 1
01-30 20:26:52.250  1100  1100 I SurfaceFlinger: id=125077 Removed Surface(name=719c3fd NavigationBar0)/@0xe9d3c89 - animation-leash of insets_animation#125077 (261)
01-30 20:26:52.250  1100  1100 I SurfaceFlinger: id=125076 Removed Surface(name=c2abcc7 StatusBar)/@0x2f665b7 - animation-leash of insets_animation#125076 (261)
01-30 20:26:52.251  1100  1100 I Layer   : id=125076 Destroyed Surface(name=c2abcc7 StatusBar)/@0x2f665b7 - animation-leash of insets_animation#125076
01-30 20:26:52.251  1100  1100 I Layer   : id=125077 Destroyed Surface(name=719c3fd NavigationBar0)/@0xe9d3c89 - animation-leash of insets_animation#125077
01-30 20:26:52.253  1426  2528 V WindowManager: Relayout hash=2390bad, pid=2448, syncId=-1: mAttrs={(0,0)(fillxfill) gr=TOP CENTER_VERTICAL sim={adjust=resize} layoutInDisplayCutoutMode=always ty=NOTIFICATION_SHADE fmt=TRANSLUCENT
01-30 20:26:52.253  1426  2528 V WindowManager:   fl=81840048
01-30 20:26:52.253  1426  2528 V WindowManager:   pfl=1b000000
01-30 20:26:52.253  1426  2528 V WindowManager:   vsysui=2000
01-30 20:26:52.253  1426  2528 V WindowManager:   apr=LIGHT_STATUS_BARS
