01-30 00:16:17.729  1100  1333 I SurfaceFlinger: id=113903 createSurf flag=24004, Surface(name=1e49913 InputMethod)/@0x940201a - animation-leash of insets_animation#113903
01-30 00:16:17.729  6115  6115 I HBD     : HoneyBoardService [IMI] onStartInput - caller pid : 26157 , caller uid : 10438
01-30 00:16:17.729  6115  6115 I HBD     : j updateConfigs
01-30 00:16:17.729  6115  6115 I HBD     : j isEnabledNightMode : true
01-30 00:16:17.729  6115  6115 I HBD     : a IC have been binding, RemoteInputConnection{idHash=#5847dac}
01-30 00:16:17.729  6115  6115 I HBD     : h [EditorInputType]setPrivateImeOptionsToTable privateImeOptions ( null )
01-30 00:16:17.729  6115  6115 I HBD     : b incognitoMode : false
01-30 00:16:17.729  6115  6115 I HBD     : b needOff = true , isForceOff = false, isNullInputClass : true
01-30 00:16:17.730  6115  6115 I HBD     : h getDefaultInputRange : UNKNOWN
01-30 00:16:17.730  6115  6115 I HBD     : h getDefaultInputRange : UNKNOWN
01-30 00:16:17.730  6115  6115 I HBD     : h getDefaultInputRange : UNKNOWN
01-30 00:16:17.731  1426  1485 W WindowManager: lockNow pending, ignore updating lockscreen timeout
01-30 00:16:17.732 26157 26157 D LifecycleMonitor: Lifecycle status change: com.example.sportmatch.LoginActivity@c6c4faa in: DESTROYED
01-30 00:16:17.732 26157 26157 V ActivityScenario: Update currentActivityStage to DESTROYED, currentActivity=null
01-30 00:16:17.733  6115  6115 I HBD     : b needOff = true , isForceOff = false, isNullInputClass : true
01-30 00:16:17.733  6115  6115 I HBD     : b update cached prediction status : false
01-30 00:16:17.733  6115  6115 I HBD     : h getDefaultInputRange : UNKNOWN
01-30 00:16:17.733  6115  6115 I HBD     : a currentState : 0
01-30 00:16:17.733  6115  6115 I HBD     : a [UpdatePolicy] [post] a: 0 cl: 65538 kit: [0/0] vt: 0 ir: 1
01-30 00:16:17.734  6115  6115 I HBD     : a [NRIC] resetNoResponseState
01-30 00:16:17.734  6115  6115 I HBD     : b needOff = true , isForceOff = false, isNullInputClass : true
01-30 00:16:17.734  6115  6115 I HBD     : b update cached prediction status : false
01-30 00:16:17.734  6115  6115 I HBD     : HoneyBoardService [PF_OP][onStartInput]  5 ms
01-30 00:16:17.736 26157 26157 I MSHandlerLifeCycle: removeMultiSplitHandler: no exist. decor=DecorView@b89af13[LoginActivity]
01-30 00:16:17.737 26157 26204 D OpenGLRenderer: setSurface called with nullptr
01-30 00:16:17.737 26157 26204 D OpenGLRenderer: setSurface() destroyed EGLSurface
01-30 00:16:17.737 26157 26204 D OpenGLRenderer: destroyEglSurface
01-30 00:16:17.738 26157 26157 I ViewRootImpl@f8e26d3[LoginActivity]: dispatchDetachedFromWindow
01-30 00:16:17.739  1426  4478 D InputTransport: Input channel destroyed: 'f43f6ed', fd=1154
01-30 00:16:17.739  1426  4478 W InputManager-JNI: Input channel object 'f43f6ed com.example.sportmatch/com.example.sportmatch.LoginActivity (client)' was disposed without first being removed with the input manager!
01-30 00:16:17.739  1426  4478 D InputTransport: Input channel destroyed: 'f43f6ed', fd=1159
01-30 00:16:17.740  1100  1100 I Layer   : id=113878 removeFromCurrentState Surface(name=1e49913 InputMethod)/@0x940201a - animation-leash of insets_animation#113878 (245)
01-30 00:16:17.740  1426  4478 W WindowManager: lockNow pending, ignore updating lockscreen timeout
01-30 00:16:17.742 26157 26157 D InputTransport: Input channel destroyed: 'f43f6ed', fd=114
01-30 00:16:17.742  1100  1331 I SurfaceFlinger: id=113878 Removed Surface(name=1e49913 InputMethod)/@0x940201a - animation-leash of insets_animation#113878 (245)
01-30 00:16:17.744  1100  1331 I SurfaceFlinger: id=113872 Removed 9e86a47 ActivityRecordInputSink com.example.sportmatch/.LoginActivity#113872 (245)
01-30 00:16:17.748  1426  1445 D InputDispatcher: Focused application(0): ActivityRecord{661aac4 u0 com.sec.android.app.launcher/.activities.LauncherActivity} t16917}
01-30 00:16:17.750  1426  2341 D AS.MultiSoundManager: mForegroundUid = 10130
01-30 00:16:17.752  1100  1100 I Layer   : id=113904 Destroyed Screenshot Parent#113904
01-30 00:16:17.753  1426  1482 D ScrollView: initGoToTop
01-30 00:16:17.757  1100  1100 I Layer   : id=113874 removeFromCurrentState com.example.sportmatch/com.example.sportmatch.LoginActivity$_26157#113874 (245)
01-30 00:16:17.757  1100  1100 I Layer   : id=113873 removeFromCurrentState f43f6ed com.example.sportmatch/com.example.sportmatch.LoginActivity#113873 (245)
01-30 00:16:17.757  1100  1100 I SurfaceFlinger: id=113874 Removed com.example.sportmatch/com.example.sportmatch.LoginActivity$_26157#113874 (245)
01-30 00:16:17.757  1100  1100 I SurfaceFlinger: id=113873 Removed f43f6ed com.example.sportmatch/com.example.sportmatch.LoginActivity#113873 (245)
01-30 00:16:17.758  1100  1100 I Layer   : id=113878 Destroyed Surface(name=1e49913 InputMethod)/@0x940201a - animation-leash of insets_animation#113878
01-30 00:16:17.758  1100  1100 I Layer   : id=113873 Destroyed f43f6ed com.example.sportmatch/com.example.sportmatch.LoginActivity#113873
01-30 00:16:17.759  1426  1445 W WindowManager: lockNow pending, ignore updating lockscreen timeout
01-30 00:16:17.759  1100  1100 I Layer   : id=113874 Destroyed com.example.sportmatch/com.example.sportmatch.LoginActivity$_26157#113874
01-30 00:16:17.760  1426  1740 D OpenGLRenderer: RenderThread::requireGlContext()
01-30 00:16:17.764 25557 25557 I TopTaskTracker: onTaskMovedToFront : taskId = 16917
01-30 00:16:17.767  1426  3998 D InputMethodManagerService: isImeSwitcherDisabledPackage : false
01-30 00:16:17.768 26157 26157 D LifecycleMonitor: Lifecycle status change: androidx.test.core.app.InstrumentationActivityInvoker$EmptyActivity@e943b90 in: PAUSED
01-30 00:16:17.769 26157 26157 V ActivityScenario: Activity lifecycle changed event received but ignored because the intent does not match. startActivityIntent=Intent { act=android.intent.action.MAIN cat=[android.intent.category.LAUNCHER] flg=0x10008000 cmp=com.example.sportmatch/.LoginActivity }, activity.getIntent()=Intent { act=android.intent.action.MAIN cat=[android.intent.category.LAUNCHER] flg=0x10000000 cmp=com.example.sportmatch/androidx.test.core.app.InstrumentationActivityInvoker$EmptyActivity }, activity=androidx.test.core.app.InstrumentationActivityInvoker$EmptyActivity@e943b90
01-30 00:16:17.771 26157 26198 V FA      : Screen exposed for less than 1000 ms. Event not sent. time: 158
01-30 00:16:17.771  6115  6115 I InputMethodService: removeImeSurface
01-30 00:16:17.772  6115  6115 I MSHandlerLifeCycle: check: return. pkg=com.samsung.android.honeyboard isActivity=false callers=com.android.internal.policy.DecorView.setVisibility:4412 android.app.Dialog.hide:767 android.inputmethodservice.InputMethodService.removeImeSurface:1290 android.inputmethodservice.InputMethodService.scheduleImeSurfaceRemoval:1279 android.inputmethodservice.InputMethodService.-$$Nest$mscheduleImeSurfaceRemoval:0
01-30 00:16:17.772  6115  6115 I MSHandlerLifeCycle: removeMultiSplitHandler: no exist. decor=DecorView@f7681bd[InputMethod]
01-30 00:16:17.773 26157 26198 V FA      : Activity paused, time: 506165730
01-30 00:16:17.773  1100  1100 I Layer   : id=113867 removeFromCurrentState ActivityRecord{2411274 u0 com.example.sportmatch/.LoginActivity} t17222}#113867 (242)
01-30 00:16:17.773  1100  1100 I Layer   : id=113872 removeFromCurrentState 9e86a47 ActivityRecordInputSink com.example.sportmatch/.LoginActivity#113872 (242)
01-30 00:16:17.773  1100  1100 I SurfaceFlinger: [bdac6f5 com.example.sportmatch/androidx.test.core.app.InstrumentationActivityInvoker$EmptyActivity#113898] FrameRatePriority: -1
01-30 00:16:17.773  1100  1100 D SurfaceFlinger: [input] inputWindowCommands.focusRequests size is 1
01-30 00:16:17.773  1100  1100 I SurfaceFlinger: id=113867 Removed ActivityRecord{2411274 u0 com.example.sportmatch/.LoginActivity} t17222}#113867 (242)
01-30 00:16:17.774  1100  1100 I Layer   : id=113867 Destroyed ActivityRecord{2411274 u0 com.example.sportmatch/.LoginActivity} t17222}#113867
01-30 00:16:17.774  1100  1100 I Layer   : id=113872 Destroyed 9e86a47 ActivityRecordInputSink com.example.sportmatch/.LoginActivity#113872
01-30 00:16:17.775  1426  1740 D OpenGLRenderer: RenderThread::setGrContext()
01-30 00:16:17.777  1100  1210 D SurfaceFlinger: [input] setFocusedWindow: <null>
01-30 00:16:17.777  1426  2959 I SemDvfsHyPerManager: acquire hyper - AMS_APP_HOME/1426@19, type = -999
01-30 00:16:17.777  1037  1116 I HYPER-HAL: [RequestManager.cpp]acquire(): Acquired ID : 1044754  [1426 / 19]    HINT : AMS_APP_HOME    list :
01-30 00:16:17.781  1426  1482 W Settings: Setting show_button_background has moved from android.provider.Settings.System to android.provider.Settings.Global, returning read-only value.
01-30 00:16:17.782  1426  1482 I Dialog  : mIsDeviceDefault = true, mIsSamsungBasicInteraction = false, isMetaDataInActivity = false
01-30 00:16:17.784  1426  4478 D InputDispatcher: Focus request (0): <null> but waiting because NOT_FOCUSABLE
01-30 00:16:17.784  1426  4478 D InputDispatcher: Focus left window (0): bdac6f5 com.example.sportmatch/androidx.test.core.app.InstrumentationActivityInvoker$EmptyActivity
01-30 00:16:17.785  5704  5704 I SemDvfsHyPerManager: acquire hyper - APP_START_HOME/5704@17, type = -999
01-30 00:16:17.785  1037  1116 I HYPER-HAL: [RequestManager.cpp]acquire(): Acquired ID : 16367798  [5704 / 17]    HINT : APP_START    list : [KERNEL_APP_START_NOTIFY / 0] [TIMEOUT / 1500]
01-30 00:16:17.788  1426  1482 I DecorView: [INFO] isPopOver=false config=false
01-30 00:16:17.788  1426  1482 I DecorView: updateCaptionType: isFloating=true isApplication=true hasWindowDecorCaption=false this=DecorView@a6ef4d2[]
01-30 00:16:17.788  1426  1482 D DecorView: setCaptionType = 0, this = DecorView@a6ef4d2[]
01-30 00:16:17.790  1426  1482 I DecorView: setWindowBackground: isPopOver=false color=ff010101 d=android.graphics.drawable.InsetDrawable@b88d4a0
01-30 00:16:17.793 28615 28615 I ViewRootImpl@ec52b01[LauncherActivity]: handleAppVisibility mAppVisible = false visible = true
01-30 00:16:17.797 25557 25557 I ViewRootImpl@7304e6b[LauncherActivity]: handleAppVisibility mAppVisible = false visible = true
01-30 00:16:17.805  1426  1740 D NativeCustomFrequencyManager: [NativeCFMS] BpCustomFrequencyManager::BpCustomFrequencyManager()
01-30 00:16:17.806 25557 25557 I ViewRootImpl@7304e6b[LauncherActivity]: stopped(false) old = true
01-30 00:16:17.806 25557 25557 I ViewRootImpl@7304e6b[LauncherActivity]: WindowStopped on com.sec.android.app.launcher/com.sec.android.app.launcher.activities.LauncherActivity set to false
01-30 00:16:17.812  1426  2959 W WindowManager: lockNow pending, ignore updating lockscreen timeout
01-30 00:16:17.812 28615 28615 I ViewRootImpl@ec52b01[LauncherActivity]: performTraversals mFirst=false windowShouldResize=false viewVisibilityChanged=true mForceNextWindowRelayout=false params=null
01-30 00:16:17.812 25557 25557 I Launcher: !@Boot_DEBUG: Launcher.onStart()
01-30 00:16:17.812 25557 25557 I Launcher: !@Boot_EBS_D: Launcher.onStart()
01-30 00:16:17.812 25557 25557 I BaseActivity: addActivityFlags, flags : 1
01-30 00:16:17.812 25557 25557 W LauncherAppWidgetHost: setShouldListenFlag, mFlags:2 flag:start on:true isFront:false
01-30 00:16:17.812 25557 25557 W Launcher: onStart isListening : false isLoading false
01-30 00:16:17.816  1426  3022 V WindowManager: Relayout Window{aa8570e u0 com.sec.android.app.launcher/com.sec.android.app.launcher.activities.LauncherActivity}: viewVisibility=0 req=1080x2400 d0
01-30 00:16:17.817 25557 25557 I MSHandlerLifeCycle: removeMultiSplitHandler: no exist. decor=DecorView@672abee[LauncherActivity]
01-30 00:16:17.817 25557 25557 I ViewRootImpl@7304e6b[LauncherActivity]: stopped(false) old = false
01-30 00:16:17.817 25557 25557 I Launcher: !@Boot_DEBUG: Launcher.onResume()
01-30 00:16:17.817 25557 25557 I Launcher: !@Boot_EBS_D: Launcher.onResume()
01-30 00:16:17.817 25557 25557 I BaseActivity: addActivityFlags, flags : 18
01-30 00:16:17.817 25557 25557 I BaseActivity: removeActivityFlags, flags : 32
01-30 00:16:17.817 25557 25557 I AppsSearchBar: restoreCurrentCellLayoutAlpha: null
01-30 00:16:17.817 25557 25557 W SearchLauncherServiceMover: isMoving : false
01-30 00:16:17.817 25557 25557 I DecorView: notifyKeepScreenOnChanged: keepScreenOn=false
01-30 00:16:17.817 25557 25579 I IMM_LC  : hsifw() - flag : 0
01-30 00:16:17.817 25557 25579 I IMM_LC  : hsifw() - mService.hideSoftInput
01-30 00:16:17.818 26157 26157 I ViewRootImpl@24b7a43[InstrumentationActivityInvoker$EmptyActivity]: MSG_WINDOW_FOCUS_CHANGED 0 0
01-30 00:16:17.818 25557 25557 I Launcher: setWallpaperOffsets
01-30 00:16:17.818 25557  3451 I Launcher: DisplayMetrics from Resources : DisplayMetrics{density=2.8125, width=1080, height=2177, scaledDensity=3.09375, xdpi=409.432, ydpi=406.4}
01-30 00:16:17.818 25557  3451 I Launcher: realMetrics from Wm : DisplayMetrics{density=2.8125, width=1080, height=2400, scaledDensity=2.8125, xdpi=409.432, ydpi=406.4}
01-30 00:16:17.818 25557  3451 I Launcher: Launcher DeviceProfile onResume availSize: 1080x2264 windowSize: 1080x2400 isLandscape: false
01-30 00:16:17.820  1100  1331 I SurfaceFlinger: id=113905 createSurf flag=40004, com.sec.android.app.launcher/com.sec.android.app.launcher.activities.LauncherActivity$_28615#113905
01-30 00:16:17.821 25557 25567 W System  : A resource failed to call release.
01-30 00:16:17.821 25557 25567 W System  : A resource failed to call release.
01-30 00:16:17.821 25557 25567 W System  : A resource failed to call release.
01-30 00:16:17.821  1100  1336 I SurfaceFlinger: id=113862 Removed Surface(name=WallpaperWindowToken{ed97e1 token=android.os.Binder@de94beb})/@0x26eddfc - animation-leash of window_animation#113862 (241)
01-30 00:16:17.821  1100  1336 I SurfaceFlinger: id=113860 Removed Surface(name=Task=17221)/@0x4c544c9 - animation-leash of app_transition#113860 (241)
01-30 00:16:17.821  1100  1336 I SurfaceFlinger: id=113861 Removed Surface(name=Task=1)/@0x238c0c - animation-leash of app_transition#113861 (241)
01-30 00:16:17.823  1100  1100 I Layer   : id=113860 Destroyed Surface(name=Task=17221)/@0x4c544c9 - animation-leash of app_transition#113860
01-30 00:16:17.824  1426  3022 W WindowManager: lockNow pending, ignore updating lockscreen timeout
01-30 00:16:17.824  1100  1100 I Layer   : id=113861 Destroyed Surface(name=Task=1)/@0x238c0c - animation-leash of app_transition#113861
01-30 00:16:17.824  1100  1100 I Layer   : id=113862 Destroyed Surface(name=WallpaperWindowToken{ed97e1 token=android.os.Binder@de94beb})/@0x26eddfc - animation-leash of window_animation#113862
01-30 00:16:17.826 26157 26196 E TestRunner: failed: testLoginWithValidCredentialsNavigatesToBottomNavActivity(com.example.sportmatch.LoginTest)
01-30 00:16:17.826 26157 26196 E TestRunner: ----- begin exception -----
01-30 00:16:17.827 25557 25557 I MSHandlerLifeCycle: removeMultiSplitHandler: no exist. decor=DecorView@672abee[LauncherActivity]
01-30 00:16:17.828 25557 25557 I BaseActivity: addActivityFlags, flags : 4
01-30 00:16:17.828 25557 25557 I Launcher: onDeferredResumed
01-30 00:16:17.828 25557 25557 I InstallShortcutReceiver: flushInstallQueue 0
01-30 00:16:17.828 25557 25557 I Launcher.NotificationListener: registerObserver this is not notificationService!!
01-30 00:16:17.828 25557 25557 I Launcher.NotificationListener: onNotificationFullRefresh
01-30 00:16:17.828 25557 25557 I BadgeCountUpdaterImpl: onNotificationsChangedConnected
01-30 00:16:17.828 25557 25557 W LauncherAppWidgetHost: setShouldListenFlag, mFlags:6 flag:resume on:true isFront:false
01-30 00:16:17.828  1426  3022 V WindowManager: Relayout hash=aa8570e, pid=28615, syncId=-1: mAttrs={(0,0)(fillxfill) gr=LEFT CENTER_HORIZONTAL sim={adjust=resize} layoutInDisplayCutoutMode=shortEdges ty=DRAWN_APPLICATION fmt=TRANSPARENT wanim=0x10302f4 alpha=0.0
01-30 00:16:17.828  1426  3022 V WindowManager:   fl=81850118
01-30 00:16:17.828  1426  3022 V WindowManager:   pfl=16020040
01-30 00:16:17.828  1426  3022 V WindowManager:   bhv=DEFAULT
01-30 00:16:17.828  1426  3022 V WindowManager:   fitSides=
01-30 00:16:17.828  1426  3022 V WindowManager:  dimAmount=0.0 screenDimDuration=200000 naviIconColor=0}
01-30 00:16:17.828  1426  4479 I AppWidgetServiceImpl: startListening callbacks : com.android.internal.appwidget.IAppWidgetHost$Stub$Proxy@5ea7dcd
01-30 00:16:17.829 25557 25557 W LauncherAppWidgetHost: startListening, mFlags:15 isFront:false
01-30 00:16:17.829 25557 25557 I ViewRootImpl@7304e6b[LauncherActivity]: performTraversals params={(0,0)(fillxfill) sim={adjust=nothing} layoutInDisplayCutoutMode=shortEdges ty=BASE_APPLICATION fmt=TRANSPARENT wanim=0x10302f4
01-30 00:16:17.829 25557 25557 I ViewRootImpl@7304e6b[LauncherActivity]:   fl=81910100
01-30 00:16:17.829 25557 25557 I ViewRootImpl@7304e6b[LauncherActivity]:   pfl=1e020040
01-30 00:16:17.829 25557 25557 I ViewRootImpl@7304e6b[LauncherActivity]:   vsysui=1700
01-30 00:16:17.829 25557 25557 I ViewRootImpl@7304e6b[LauncherActivity]:   bhv=SHOW_TRANSIENT_BARS_BY_SWIPE
01-30 00:16:17.829 25557 25557 I ViewRootImpl@7304e6b[LauncherActivity]:   fitSides= screenDimDuration=200000 naviIconColor=0}
01-30 00:16:17.830 25557 25581 I LiveIconUpdateEventHandler: cancelMinuteChangeAlarm
01-30 00:16:17.830 25557 25557 I ViewRootImpl@7304e6b[LauncherActivity]: performTraversals mFirst=false windowShouldResize=false viewVisibilityChanged=true mForceNextWindowRelayout=false params={(0,0)(fillxfill) sim={adjust=nothing} layoutInDisplayCutoutMode=shortEdges ty=BASE_APPLICATION fmt=TRANSPARENT wanim=0x10302f4
01-30 00:16:17.830 25557 25557 I ViewRootImpl@7304e6b[LauncherActivity]:   fl=81910100
01-30 00:16:17.830 25557 25557 I ViewRootImpl@7304e6b[LauncherActivity]:   pfl=1e020040
01-30 00:16:17.830 25557 25557 I ViewRootImpl@7304e6b[LauncherActivity]:   vsysui=1700
01-30 00:16:17.830 25557 25557 I ViewRootImpl@7304e6b[LauncherActivity]:   bhv=SHOW_TRANSIENT_BARS_BY_SWIPE
01-30 00:16:17.830 25557 25557 I ViewRootImpl@7304e6b[LauncherActivity]:   fitSides= screenDimDuration=200000 naviIconColor=0}
01-30 00:16:17.830 25557 25581 I LiveIconUpdateEventHandler: setMinuteChangeAlarm Tue Jan 30 00:17:00 GMT+02:00 2024
01-30 00:16:17.830 25557 25580 I InstallShortcutReceiver: flushQueueInBackground 0
01-30 00:16:17.831 28615 28615 D InsetsController: onStateChanged: InsetsState: {mDisplayFrame=Rect(0, 0 - 1080, 2400), mDisplayCutout=DisplayCutout{insets=Rect(0, 88 - 0, 0) waterfall=Insets{left=0, top=0, right=0, bottom=0} boundingRect={Bounds=[Rect(0, 0 - 0, 0), Rect(512, 0 - 568, 88), Rect(0, 0 - 0, 0), Rect(0, 0 - 0, 0)]} cutoutPathParserInfo={CutoutPathParserInfo{displayWidth=1080 displayHeight=2400 physicalDisplayWidth=1080 physicalDisplayHeight=2400 density={2.8125} cutoutSpec={M 0,0 M 0,11.43427858034597 a 9.899054752987353,9.899054752987353 0 1,0 0,19.79810950597471 a 9.899054752987353,9.899054752987353 0 1,0 0,-19.79810950597471 Z @dp} rotation={0} scale={1.0} physicalPixelDisplaySizeRatio={1.0}}}}, mRoundedCorners=RoundedCorners{[RoundedCorner{position=TopLeft, radius=90, center=Point(90, 90)}, RoundedCorner{position=TopRight, radius=90, center=Point(990, 90)}, RoundedCorner{position=BottomRight, radius=90, center=Point(990, 2310)}, RoundedCorner{position=BottomLeft, radius=90, center=Point(90, 2310)}]}  mRoundedCornerFrame=Rect(0, 0 - 1080, 2400), mPrivacyIndicatorBounds=PrivacyIndicatorBounds {static bounds=Rect(956, 0 - 1080, 88) rotation=0}, mSources= { InsetsSource: {mType=ITYPE_STATUS_BAR, mFrame=[0,0][1080,88], mVisible=true, mInsetsRoundedCornerFrame=false}, InsetsSource: {mType=ITYPE_NAVIGATION_BAR, mFrame=[0,2265][1080,2400], mVisible=true, mInsetsRoundedCornerFrame=false}, InsetsSource: {mType=ITYPE_LEFT_GESTURES, mFrame=[0,0][0,2400], mVisible=true, mInsetsRoundedCornerFrame=false}, InsetsSource: {mType=ITYPE_RIGHT_GESTURES, mFrame=[1080,0][1080,2400], mVisible=true, mInsetsRoundedCornerFrame=false}, InsetsSource: {mType=ITYPE_TOP_MANDATORY_GESTURES, mFrame=[0,0][1080,122], mVisible=true, mInsetsRoundedCornerFrame=false}, InsetsSource: {mType=ITYPE_BOTTOM_MANDATORY_GESTURES, mFrame=[0,2265][1080,2400], mVisible=true, mInsetsRoundedCornerFrame=false}, InsetsSource: {mType=ITYPE_LEFT_DISPLAY_CUTOUT, mFrame=[0,0][-100000,2400], mVisible=true, mInsetsRoundedCornerFrame=false}, InsetsSource: {mType=ITYPE_TOP_DISPLAY_CUTOUT, mFrame=[0,0][1080,88], mVisible=true, mInsetsRoundedCornerFrame=false}, InsetsSource: {mType=ITYPE_RIGHT_DISPLAY_CUTOUT, mFrame=[100000,0][1080,2400], mVisible=true, mInsetsRoundedCornerFrame=false}, InsetsSource: {mType=ITYPE_BOTTOM_DISPLAY_CUTOUT, mFrame=[0,100000][1080,2400], mVisible=true, mInsetsRoundedCornerFrame=false}, InsetsSource: {mType=ITYPE_TOP_TAPPABLE_ELEMENT, mFrame=[0,0][1080,88], mVisible=true, mInsetsRoundedCornerFrame=false}, InsetsSource: {mType=ITYPE_BOTTOM_TAPPABLE_ELEMENT, mFrame=[0,2265][1080,2400], mVisible=true, mInsetsRoundedCornerFrame=false}, InsetsSource: {mType=ITYPE_IME, mFrame=[0,0][0,0], mVisibleFrame=[0,1392][1080,2400], mVisible=false, mInsetsRoundedCornerFrame=false} } host=com.sec.android.app.launcher/com.sec.android.app.launcher.activities.LauncherActivity from=android.view.ViewRootImpl.relayoutWindow:9802
01-30 00:16:17.831 25557 25581 I LiveIconViewUpdater: onUpdateLiveIcon - id : 22, itemType : 0
01-30 00:16:17.831 25557 25581 I LiveIconViewUpdater: onUpdateLiveIcon - id : 74, itemType : 0
01-30 00:16:17.832  1100  1331 I SurfaceFlinger: id=113906 createSurf flag=80004, WindowToken{ba3682 type=2038 android.view.ViewRootImpl$W@d07fcff}#113906
01-30 00:16:17.832 25557 25581 I LiveIconUpdateEventHandler: cancelDateChangeAlarm
01-30 00:16:17.832 25557 25581 I LiveIconUpdateEventHandler: setDateChangeAlarm Wed Jan 31 00:00:00 GMT+02:00 2024
01-30 00:16:17.833  1426  1482 D InputTransport: Input channel constructed: '6710193', fd=1250
01-30 00:16:17.833  1426  1482 D InputTransport: Input channel constructed: '6710193', fd=1251
01-30 00:16:17.833  1426  1482 D InputTransport: Input channel constructed: '6710193', fd=1256
01-30 00:16:17.833 25557 25581 I LiveIconViewUpdater: onUpdateLiveIcon - id : 77, itemType : 0
01-30 00:16:17.833 28615 28615 I ViewRootImpl@ec52b01[LauncherActivity]: updateBlastSurfaceIfNeeded mBlastBufferQueue=null isSameSurfaceControl=false
01-30 00:16:17.833  1100  1331 I SurfaceFlinger: id=113907 createSurf flag=80004, 6710193 android#113907
01-30 00:16:17.834 25557 25581 I SPayUpdater: updateSpayHandler, show = true, defaultPage = true
01-30 00:16:17.834 28615 28615 I BLASTBufferQueue: new BLASTBufferQueue, mName= ViewRootImpl@ec52b01[LauncherActivity] mNativeObject= 0xb40000722b68b9f0 sc.mNativeObject= 0xb4000071bb8132d0 caller= android.view.ViewRootImpl.updateBlastSurfaceIfNeeded:2909 android.view.ViewRootImpl.relayoutWindow:9847 android.view.ViewRootImpl.performTraversals:3884 android.view.ViewRootImpl.doTraversal:3116 android.view.ViewRootImpl$TraversalRunnable.run:10885 android.view.Choreographer$CallbackRecord.run:1301 android.view.Choreographer$CallbackRecord.run:1309 android.view.Choreographer.doCallbacks:923 android.view.Choreographer.doFrame:852 android.view.Choreographer$FrameDisplayEventReceiver.run:1283
01-30 00:16:17.834 28615 28615 I BLASTBufferQueue: update, w= 1080 h= 2400 mName = ViewRootImpl@ec52b01[LauncherActivity] mNativeObject= 0xb40000722b68b9f0 sc.mNativeObject= 0xb4000071bb8132d0 format= -2 caller= android.graphics.BLASTBufferQueue.<init>:84 android.view.ViewRootImpl.updateBlastSurfaceIfNeeded:2909 android.view.ViewRootImpl.relayoutWindow:9847 android.view.ViewRootImpl.performTraversals:3884 android.view.ViewRootImpl.doTraversal:3116 android.view.ViewRootImpl$TraversalRunnable.run:10885
01-30 00:16:17.835 28615 28615 I ViewRootImpl@ec52b01[LauncherActivity]: Relayout returned: old=(0,0,1080,2400) new=(0,0,1080,2400) req=(1080,2400)0 dur=21 res=0x3 s={true 0xb4000072bb6f3cd0} ch=true seqId=0
01-30 00:16:17.835  1100  1333 I SurfaceFlinger: id=113908 createSurf flag=24000, Surface(name=c2abcc7 StatusBar)/@0x2f665b7 - animation-leash of insets_animation#113908
01-30 00:16:17.836 28615 28615 I dnfz    : (REDACTED) onApplyWindowInsets: systemWindowInsets=%s
01-30 00:16:17.836 28615 28615 I dnfz    : (REDACTED) onApplyWindowInsets: systemWindowInsets=%s
01-30 00:16:17.837 28615 28615 I ViewRootImpl@ec52b01[LauncherActivity]: mThreadedRenderer.initialize() mSurface={isValid=true 0xb4000072bb6f3cd0} hwInitialized=true
01-30 00:16:17.837 28615 10269 D OpenGLRenderer: eglCreateWindowSurface
01-30 00:16:17.837  1100  1336 I SurfaceFlinger: id=113909 createSurf flag=24000, Surface(name=719c3fd NavigationBar0)/@0xe9d3c89 - animation-leash of insets_animation#113909
01-30 00:16:17.837 25557 25580 I Launcher.NotificationListener: notificationIsValidForUI : com.whatsapp missingTitleAndText : false isGroupHeader : true
01-30 00:16:17.837 25557 25580 I Launcher.NotificationListener: notificationIsValidForUI : com.whatsapp missingTitleAndText : false isGroupHeader : false
01-30 00:16:17.837 25557 25580 I Launcher.NotificationListener: notificationIsValidForUI : com.whatsapp missingTitleAndText : false isGroupHeader : false
01-30 00:16:17.837 25557 25580 I Launcher.NotificationListener: notificationIsValidForUI : com.spotify.music missingTitleAndText : false isGroupHeader : false
01-30 00:16:17.837 25557 25580 I Launcher.NotificationListener: notificationIsValidForUI : com.samsung.android.scloud missingTitleAndText : false isGroupHeader : false
01-30 00:16:17.838 25557 25580 I Launcher.NotificationListener: notificationIsValidForUI : com.wssyncmldm missingTitleAndText : false isGroupHeader : false
01-30 00:16:17.838 25557 25580 I Launcher.NotificationListener: Full refresh isConnected : true active size : 5
01-30 00:16:17.839  1426  4477 V WindowManager: Relayout Window{f508e83 u0 com.sec.android.app.launcher/com.sec.android.app.launcher.activities.LauncherActivity}: viewVisibility=0 req=1080x2400 d0
01-30 00:16:17.839  1426  1482 D InsetsController: onStateChanged: InsetsState: {mDisplayFrame=Rect(0, 0 - 1080, 2400), mDisplayCutout=DisplayCutout{insets=Rect(0, 88 - 0, 0) waterfall=Insets{left=0, top=0, right=0, bottom=0} boundingRect={Bounds=[Rect(0, 0 - 0, 0), Rect(512, 0 - 568, 88), Rect(0, 0 - 0, 0), Rect(0, 0 - 0, 0)]} cutoutPathParserInfo={CutoutPathParserInfo{displayWidth=1080 displayHeight=2400 physicalDisplayWidth=1080 physicalDisplayHeight=2400 density={2.8125} cutoutSpec={M 0,0 M 0,11.43427858034597 a 9.899054752987353,9.899054752987353 0 1,0 0,19.79810950597471 a 9.899054752987353,9.899054752987353 0 1,0 0,-19.79810950597471 Z @dp} rotation={0} scale={1.0} physicalPixelDisplaySizeRatio={1.0}}}}, mRoundedCorners=RoundedCorners{[RoundedCorner{position=TopLeft, radius=90, center=Point(90, 90)}, RoundedCorner{position=TopRight, radius=90, center=Point(990, 90)}, RoundedCorner{position=BottomRight, radius=90, center=Point(990, 2310)}, RoundedCorner{position=BottomLeft, radius=90, center=Point(90, 2310)}]}  mRoundedCornerFrame=Rect(0, 0 - 0, 0), mPrivacyIndicatorBounds=PrivacyIndicatorBounds {static bounds=Rect(956, 0 - 1080, 88) rotation=0}, mSources= { InsetsSource: {mType=ITYPE_STATUS_BAR, mFrame=[0,0][1080,88], mVisible=true, mInsetsRoundedCornerFrame=false}, InsetsSource: {mType=ITYPE_NAVIGATION_BAR, mFrame=[0,2265][1080,2400], mVisible=true, mInsetsRoundedCornerFrame=false}, InsetsSource: {mType=ITYPE_LEFT_GESTURES, mFrame=[0,0][0,2400], mVisible=true, mInsetsRoundedCornerFrame=false}, InsetsSource: {mType=ITYPE_RIGHT_GESTURES, mFrame=[1080,0][1080,2400], mVisible=true, mInsetsRoundedCornerFrame=false}, InsetsSource: {mType=ITYPE_TOP_MANDATORY_GESTURES, mFrame=[0,0][1080,122], mVisible=true, mInsetsRoundedCornerFrame=false}, InsetsSource: {mType=ITYPE_BOTTOM_MANDATORY_GESTURES, mFrame=[0,2265][1080,2400], mVisible=true, mInsetsRoundedCornerFrame=false}, InsetsSource: {mType=ITYPE_LEFT_DISPLAY_CUTOUT, mFrame=[0,0][-100000,2400], mVisible=true, mInsetsRoundedCornerFrame=false}, InsetsSource: {mType=ITYPE_TOP_DISPLAY_CUTOUT, mFrame=[0,0][1080,88], mVisible=true, mInsetsRoundedCornerFrame=false}, InsetsSource: {mType=ITYPE_RIGHT_DISPLAY_CUTOUT, mFrame=[100000,0][1080,2400], mVisible=true, mInsetsRoundedCornerFrame=false}, InsetsSource: {mType=ITYPE_BOTTOM_DISPLAY_CUTOUT, mFrame=[0,100000][1080,2400], mVisible=true, mInsetsRoundedCornerFrame=false}, InsetsSource: {mType=ITYPE_TOP_TAPPABLE_ELEMENT, mFrame=[0,0][1080,88], mVisible=true, mInsetsRoundedCornerFrame=false}, InsetsSource: {mType=ITYPE_BOTTOM_TAPPABLE_ELEMENT, mFrame=[0,2265][1080,2400], mVisible=true, mInsetsRoundedCornerFrame=false} } host= from=android.view.ViewRootImpl.setView:1732
01-30 00:16:17.840  1100  1336 I SurfaceFlinger: id=113910 createSurf flag=40004, com.sec.android.app.launcher/com.sec.android.app.launcher.activities.LauncherActivity$_25557#113910
01-30 00:16:17.840 28615 28615 I ViewRootImpl@ec52b01[LauncherActivity]: reportNextDraw android.view.ViewRootImpl.performTraversals:4438 android.view.ViewRootImpl.doTraversal:3116 android.view.ViewRootImpl$TraversalRunnable.run:10885 android.view.Choreographer$CallbackRecord.run:1301 android.view.Choreographer$CallbackRecord.run:1309
01-30 00:16:17.840 28615 28615 I ViewRootImpl@ec52b01[LauncherActivity]: Setup new sync id=82
01-30 00:16:17.840 28615 28615 I ViewRootImpl@ec52b01[LauncherActivity]: Setting syncFrameCallback
01-30 00:16:17.840 28615 28615 I ViewRootImpl@ec52b01[LauncherActivity]: registerCallbacksForSync syncBuffer=false
01-30 00:16:17.841  1426  4477 W WindowManager: lockNow pending, ignore updating lockscreen timeout
01-30 00:16:17.843  1426  4477 V WindowManager: Relayout hash=f508e83, pid=25557, syncId=-1: mAttrs={(0,0)(fillxfill) sim={adjust=nothing} layoutInDisplayCutoutMode=shortEdges ty=BASE_APPLICATION fmt=TRANSPARENT wanim=0x10302f4
01-30 00:16:17.843  1426  4477 V WindowManager:   fl=81910100
01-30 00:16:17.843  1426  4477 V WindowManager:   pfl=1e020040
01-30 00:16:17.843  1426  4477 V WindowManager:   vsysui=1700
01-30 00:16:17.843  1426  4477 V WindowManager:   bhv=SHOW_TRANSIENT_BARS_BY_SWIPE
01-30 00:16:17.843  1426  4477 V WindowManager:   fitSides= screenDimDuration=200000 naviIconColor=0}
01-30 00:16:17.845  1426  3460 I MediaSessionMonitor: Media session stopped : controllerList empty
01-30 00:16:17.847 28615 10294 I ViewRootImpl@ec52b01[LauncherActivity]: Received frameDrawingCallback syncResult=0 frameNum=1.
01-30 00:16:17.847 28615 10294 I ViewRootImpl@ec52b01[LauncherActivity]: Setting up sync and frameCommitCallback
01-30 00:16:17.847 25557 25557 I ViewRootImpl@7304e6b[LauncherActivity]: updateBlastSurfaceIfNeeded mBlastBufferQueue=null isSameSurfaceControl=false
01-30 00:16:17.847 26157 26196 E TestRunner: androidx.test.espresso.base.AssertionErrorHandler$AssertionFailedWithCauseError: Wanted to match 1 intents. Actually matched 0 intents.
01-30 00:16:17.847 26157 26196 E TestRunner:
01-30 00:16:17.847 26157 26196 E TestRunner: IntentMatcher: has component: has component with: class name: is "com.example.sportmatch.BottomNavActivity" package name: an instance of java.lang.String short class name: an instance of java.lang.String
01-30 00:16:17.847 26157 26196 E TestRunner:
01-30 00:16:17.847 26157 26196 E TestRunner: Matched intents:[]
01-30 00:16:17.847 26157 26196 E TestRunner:
01-30 00:16:17.847 26157 26196 E TestRunner: Recorded intents:[]
01-30 00:16:17.847 26157 26196 E TestRunner: 	at dalvik.system.VMStack.getThreadStackTrace(Native Method)
01-30 00:16:17.847 26157 26196 E TestRunner: 	at java.lang.Thread.getStackTrace(Thread.java:1841)
01-30 00:16:17.847 26157 26196 E TestRunner: 	at androidx.test.espresso.base.AssertionErrorHandler.handleSafely(AssertionErrorHandler.java:3)
01-30 00:16:17.847 26157 26196 E TestRunner: 	at androidx.test.espresso.base.AssertionErrorHandler.handleSafely(AssertionErrorHandler.java:1)
01-30 00:16:17.847 26157 26196 E TestRunner: 	at androidx.test.espresso.base.DefaultFailureHandler$TypedFailureHandler.handle(DefaultFailureHandler.java:4)
01-30 00:16:17.847 26157 26196 E TestRunner: 	at androidx.test.espresso.base.DefaultFailureHandler.handle(DefaultFailureHandler.java:5)
01-30 00:16:17.847 26157 26196 E TestRunner: 	at androidx.test.espresso.ViewInteraction.waitForAndHandleInteractionResults(ViewInteraction.java:5)
01-30 00:16:17.847 26157 26196 E TestRunner: 	at androidx.test.espresso.ViewInteraction.check(ViewInteraction.java:12)
01-30 00:16:17.847 26157 26196 E TestRunner: 	at androidx.test.espresso.intent.Intents.intended(Intents.java:185)
01-30 00:16:17.847 26157 26196 E TestRunner: 	at androidx.test.espresso.intent.Intents.intended(Intents.java:164)
01-30 00:16:17.847 26157 26196 E TestRunner: 	at com.example.sportmatch.LoginTest.testLoginWithValidCredentialsNavigatesToBottomNavActivity(LoginTest.java:67)
01-30 00:16:17.847 26157 26196 E TestRunner: 	at java.lang.reflect.Method.invoke(Native Method)
01-30 00:16:17.847 26157 26196 E TestRunner: 	at org.junit.runners.model.FrameworkMethod$1.runReflectiveCall(FrameworkMethod.java:59)
01-30 00:16:17.847 26157 26196 E TestRunner: 	at org.junit.internal.runners.model.ReflectiveCallable.run(ReflectiveCallable.java:12)
01-30 00:16:17.847 26157 26196 E TestRunner: 	at org.junit.runners.model.FrameworkMethod.invokeExplosively(FrameworkMethod.java:56)
01-30 00:16:17.847 26157 26196 E TestRunner: 	at org.junit.internal.runners.statements.InvokeMethod.evaluate(InvokeMethod.java:17)
01-30 00:16:17.847 26157 26196 E TestRunner: 	at androidx.test.internal.runner.junit4.statement.RunBefores.evaluate(RunBefores.java:80)
01-30 00:16:17.847 26157 26196 E TestRunner: 	at androidx.test.internal.runner.junit4.statement.RunAfters.evaluate(RunAfters.java:61)
01-30 00:16:17.847 26157 26196 E TestRunner: 	at org.junit.rules.ExternalResource$1.evaluate(ExternalResource.java:54)
01-30 00:16:17.847 26157 26196 E TestRunner: 	at org.junit.runners.ParentRunner$3.evaluate(ParentRunner.java:306)
01-30 00:16:17.847 26157 26196 E TestRunner: 	at org.junit.runners.BlockJUnit4ClassRunner$1.evaluate(BlockJUnit4ClassRunner.java:100)
01-30 00:16:17.847 26157 26196 E TestRunner: 	at org.junit.runners.ParentRunner.runLeaf(ParentRunner.java:366)
01-30 00:16:17.847 26157 26196 E TestRunner: 	at org.junit.runners.BlockJUnit4ClassRunner.runChild(BlockJUnit4ClassRunner.java:103)
01-30 00:16:17.847 26157 26196 E TestRunner: 	at org.junit.runners.BlockJUnit4ClassRunner.runChild(BlockJUnit4ClassRunner.java:63)
01-30 00:16:17.847 26157 26196 E TestRunner: 	at org.junit.runners.ParentRunner$4.run(ParentRunner.java:331)
01-30 00:16:17.847 26157 26196 E TestRunner: 	at org.junit.runners.ParentRunner$1.schedule(ParentRunner.java:79)
01-30 00:16:17.847 26157 26196 E TestRunner: 	at org.junit.runners.ParentRunner.runChildren(ParentRunner.java:329)
01-30 00:16:17.847 26157 26196 E TestRunner: 	at org.junit.runners.ParentRunner.access$100(ParentRunner.java:66)
01-30 00:16:17.847 26157 26196 E TestRunner: 	at org.junit.runners.ParentRunner$2.evaluate(ParentRunner.java:293)
01-30 00:16:17.847 26157 26196 E TestRunner: 	at org.junit.runners.ParentRunner$3.evaluate(ParentRunner.java:306)
01-30 00:16:17.847 26157 26196 E TestRunner: 	at org.junit.runners.ParentRunner.run(ParentRunner.java:413)
01-30 00:16:17.847 26157 26196 E TestRunner: 	at androidx.test.ext.junit.runners.AndroidJUnit4.run(AndroidJUnit4.java:162)
01-30 00:16:17.847 26157 26196 E TestRunner: 	at org.junit.runners.Suite.runChild(Suite.java:128)
01-30 00:16:17.847 26157 26196 E TestRunner: 	at org.junit.runners.Suite.runChild(Suite.java:27)
01-30 00:16:17.847 26157 26196 E TestRunner: 	at org.junit.runners.ParentRunner$4.run(ParentRunner.java:331)
01-30 00:16:17.847 26157 26196 E TestRunner: 	at org.junit.runners.ParentRunner$1.schedule(ParentRunner.java:79)
01-30 00:16:17.847 26157 26196 E TestRunner: 	at org.junit.runners.ParentRunner.runChildren(ParentRunner.java:329)
01-30 00:16:17.847 26157 26196 E TestRunner: 	at org.junit.runners.ParentRunner.access$100(ParentRunner.java:66)
01-30 00:16:17.847 26157 26196 E TestRunner: 	at org.junit.runners.ParentRunner$2.evaluate(ParentRunner.java:293)
01-30 00:16:17.847 26157 26196 E TestRunner: 	at org.junit.runners.ParentRunner$3.evaluate(ParentRunner.java:306)
01-30 00:16:17.847 26157 26196 E TestRunner: 	at org.junit.runners.ParentRunner.run(ParentRunner.java:413)
01-30 00:16:17.847 26157 26196 E TestRunner: 	at org.junit.runner.JUnitCore.run(JUnitCore.java:137)
01-30 00:16:17.847 26157 26196 E TestRunner: 	at org.junit.runner.JUnitCore.run(JUnitCore.java:115)
01-30 00:16:17.847 26157 26196 E TestRunner: 	at androidx.test.internal.runner.TestExecutor.execute(TestExecutor.java:67)
01-30 00:16:17.847 26157 26196 E TestRunner: 	at androidx.test.internal.runner.TestExecutor.execute(TestExecutor.java:58)
01-30 00:16:17.847 26157 26196 E TestRunner: 	at androidx.test.runner.AndroidJUnitRunner.onStart(AndroidJUnitRunner.java:446)
01-30 00:16:17.847 26157 26196 E TestRunner: 	at android.app.Instrumentation$InstrumentationThread.run(Instrumentation.java:2335)
01-30 00:16:17.847 26157 26196 E TestRunner: Caused by: junit.framework.AssertionFailedError: Wanted to match 1 intents. Actually matched 0 intents.
01-30 00:16:17.847 26157 26196 E TestRunner:
01-30 00:16:17.847 26157 26196 E TestRunner: IntentMatcher: has component: has component with: class name: is "com.example.sportmatch.BottomNavActivity" package name: an instance of java.lang.String short class name: an instance of java.lang.String
01-30 00:16:17.847 26157 26196 E TestRunner:
01-30 00:16:17.847 26157 26196 E TestRunner: Matched intents:[]
01-30 00:16:17.847 26157 26196 E TestRunner:
01-30 00:16:17.847 26157 26196 E TestRunner: Recorded intents:[]
01-30 00:16:17.847 26157 26196 E TestRunner: 	at junit.framework.Assert.fail(Assert.java:50)
01-30 00:16:17.847 26157 26196 E TestRunner: 	at androidx.test.espresso.intent.VerificationModes$Times.verify(VerificationModes.java:80)
01-30 00:16:17.847 26157 26196 E TestRunner: 	at androidx.test.espresso.intent.Intents.internalIntended(Intents.java:340)
01-30 00:16:17.847 26157 26196 E TestRunner: 	at androidx.test.espresso.intent.Intents$2.check(Intents.java:189)
01-30 00:16:17.847 26157 26196 E TestRunner: 	at androidx.test.espresso.ViewInteraction$SingleExecutionViewAssertion.check(ViewInteraction.java:2)
01-30 00:16:17.847 26157 26196 E TestRunner: 	at androidx.test.espresso.ViewInteraction$2.call(ViewInteraction.java:14)
01-30 00:16:17.847 26157 26196 E TestRunner: 	at androidx.test.espresso.ViewInteraction$2.call(ViewInteraction.java:1)
01-30 00:16:17.847 26157 26196 E TestRunner: 	at java.util.concurrent.FutureTask.run(FutureTask.java:264)
01-30 00:16:17.847 26157 26196 E TestRunner: 	at android.os.Handler.handleCallback(Handler.java:942)
01-30 00:16:17.847 26157 26196 E TestRunner: 	at android.os.Handler.dispatchMessage(Handler.java:99)
01-30 00:16:17.847 26157 26196 E TestRunner: 	at android.os.Looper.loopOnce(Looper.java:226)
01-30 00:16:17.847 26157 26196 E TestRunner: 	at android.os.Looper.loop(Looper.java:313)
01-30 00:16:17.847 26157 26196 E TestRunner: 	at android.app.ActivityThread.main(ActivityThread.java:8762)
01-30 00:16:17.847 26157 26196 E TestRunner: 	at java.lang.reflect.Method.invoke(Native Method)
01-30 00:16:17.847 26157 26196 E TestRunner: 	at com.android.internal.os.RuntimeInit$MethodAndArgsCaller.run(RuntimeInit.java:604)
01-30 00:16:17.847 26157 26196 E TestRunner: 	at com.android.internal.os.ZygoteInit.main(ZygoteInit.java:1067)
01-30 00:16:17.847 26157 26196 E TestRunner: ----- end exception -----
01-30 00:16:17.848 25557 25557 I BLASTBufferQueue: new BLASTBufferQueue, mName= ViewRootImpl@7304e6b[LauncherActivity] mNativeObject= 0xb40000722b6fdaf0 sc.mNativeObject= 0xb4000071bb6a9090 caller= android.view.ViewRootImpl.updateBlastSurfaceIfNeeded:2909 android.view.ViewRootImpl.relayoutWindow:9847 android.view.ViewRootImpl.performTraversals:3884 android.view.ViewRootImpl.doTraversal:3116 android.view.ViewRootImpl$TraversalRunnable.run:10885 android.view.Choreographer$CallbackRecord.run:1301 android.view.Choreographer$CallbackRecord.run:1309 android.view.Choreographer.doCallbacks:923 android.view.Choreographer.doFrame:852 android.view.Choreographer$FrameDisplayEventReceiver.run:1283
01-30 00:16:17.849 25557 25557 I BLASTBufferQueue: update, w= 1080 h= 2400 mName = ViewRootImpl@7304e6b[LauncherActivity] mNativeObject= 0xb40000722b6fdaf0 sc.mNativeObject= 0xb4000071bb6a9090 format= -2 caller= android.graphics.BLASTBufferQueue.<init>:84 android.view.ViewRootImpl.updateBlastSurfaceIfNeeded:2909 android.view.ViewRootImpl.relayoutWindow:9847 android.view.ViewRootImpl.performTraversals:3884 android.view.ViewRootImpl.doTraversal:3116 android.view.ViewRootImpl$TraversalRunnable.run:10885
01-30 00:16:17.849 28615 10269 I BLASTBufferQueue: [ViewRootImpl@ec52b01[LauncherActivity]#81](f:0,a:0) onFrameAvailable the first frame is available
01-30 00:16:17.849 25557 25557 I ViewRootImpl@7304e6b[LauncherActivity]: Relayout returned: old=(0,0,1080,2400) new=(0,0,1080,2400) req=(1080,2400)0 dur=17 res=0x3 s={true 0xb4000072bb6cf9c0} ch=true seqId=0
01-30 00:16:17.849 28615 10269 I ViewRootImpl@ec52b01[LauncherActivity]: Received frameCommittedCallback lastAttemptedDrawFrameNum=1 didProduceBuffer=true
01-30 00:16:17.850 25557 25557 I ViewRootImpl@7304e6b[LauncherActivity]: mThreadedRenderer.initialize() mSurface={isValid=true 0xb4000072bb6cf9c0} hwInitialized=true
01-30 00:16:17.851 25557 25557 I ViewRootImpl@7304e6b[LauncherActivity]: reportNextDraw android.view.ViewRootImpl.performTraversals:4438 android.view.ViewRootImpl.doTraversal:3116 android.view.ViewRootImpl$TraversalRunnable.run:10885 android.view.Choreographer$CallbackRecord.run:1301 android.view.Choreographer$CallbackRecord.run:1309
01-30 00:16:17.851 25557 25557 I ViewRootImpl@7304e6b[LauncherActivity]: Setup new sync id=491
01-30 00:16:17.851 25557 25557 I ViewRootImpl@7304e6b[LauncherActivity]: Setting syncFrameCallback
01-30 00:16:17.851 25557 25557 I ViewRootImpl@7304e6b[LauncherActivity]: registerCallbacksForSync syncBuffer=false
01-30 00:16:17.856 28615 28615 I ViewRootImpl@ec52b01[LauncherActivity]: onSyncComplete
01-30 00:16:17.856 28615 28615 I ViewRootImpl@ec52b01[LauncherActivity]: setupSync seqId=0 mSyncId=82 fn=1 caller=android.view.ViewRootImpl$$ExternalSyntheticLambda11.accept:6 android.window.SurfaceSyncer.lambda$setupSync$1$android-window-SurfaceSyncer:128 android.window.SurfaceSyncer$$ExternalSyntheticLambda1.accept:8 android.window.SurfaceSyncer$SyncSet.checkIfSyncIsComplete:382 android.window.SurfaceSyncer$SyncSet.markSyncReady:359 android.window.SurfaceSyncer.markSyncReady:151 android.view.ViewRootImpl.performTraversals:4503
01-30 00:16:17.856  1100  1100 I SurfaceFlinger: [6710193 android#113907] FrameRatePriority: 1
01-30 00:16:17.857 28615 28615 I ViewRootImpl@ec52b01[LauncherActivity]: reportDrawFinished seqId=0 mSyncId=-1 fn=1 mSurfaceChangedTransaction=0xb4000071eb6b87b0
01-30 00:16:17.857  1100  1100 I Layer   : id=113900 removeFromCurrentState Surface(name=c2abcc7 StatusBar)/@0x2f665b7 - animation-leash of insets_animation#113900 (243)
01-30 00:16:17.857  1100  1100 I Layer   : id=113901 removeFromCurrentState Surface(name=719c3fd NavigationBar0)/@0xe9d3c89 - animation-leash of insets_animation#113901 (243)
01-30 00:16:17.857 28615 28615 I dnoa    : onStart
01-30 00:16:17.857  1100  1100 I SurfaceFlinger: id=113900 Removed Surface(name=c2abcc7 StatusBar)/@0x2f665b7 - animation-leash of insets_animation#113900 (243)
01-30 00:16:17.857  1100  1100 I SurfaceFlinger: id=113901 Removed Surface(name=719c3fd NavigationBar0)/@0xe9d3c89 - animation-leash of insets_animation#113901 (243)
01-30 00:16:17.858 31068 31146 D KnoxHelper: getActivityList callingUserId: 0, target user: 0
01-30 00:16:17.858  1100  1100 I Layer   : id=113900 Destroyed Surface(name=c2abcc7 StatusBar)/@0x2f665b7 - animation-leash of insets_animation#113900
01-30 00:16:17.858  1100  1100 I Layer   : id=113901 Destroyed Surface(name=719c3fd NavigationBar0)/@0xe9d3c89 - animation-leash of insets_animation#113901
01-30 00:16:17.858 28615 28615 I dnoa    : onResume
01-30 00:16:17.860  1426  2377 D SemNscXgbMsL1: Probability - Cloud gaming: [0.02654655]
01-30 00:16:17.861  1426  2377 D SemNscXgbMsL1: Probability - Real time: [0.10576708]
01-30 00:16:17.861  1426  2377 D SemNscXgbMsL1: Probability - Non real time: [0.6961698]
01-30 00:16:17.861  1426  2377 D SemNscXgbMsL1: 1 sample inference time: 0.955231 msecs
01-30 00:16:17.863  1426  2377 D SemNscXgbL2Rt: L2 RT 1 sample inference time: 1.586654 msecs
01-30 00:16:17.864  1426  1485 W WindowManager: lockNow pending, ignore updating lockscreen timeout
01-30 00:16:17.864  1426  2377 D SemNscXgbL2Nrt: L2 NRT 1 sample inference time: 1.528654 msecs
01-30 00:16:17.867  5767  5767 I ActivityUtils: HomePackage : com.sec.android.app.launcher, resumePackageName : com.sec.android.app.launcher
01-30 00:16:17.880 25557 21955 I ViewRootImpl@7304e6b[LauncherActivity]: Received frameDrawingCallback syncResult=0 frameNum=1.
01-30 00:16:17.880 25557 21955 I ViewRootImpl@7304e6b[LauncherActivity]: Setting up sync and frameCommitCallback
01-30 00:16:17.881 25557 25595 I BLASTBufferQueue: [ViewRootImpl@7304e6b[LauncherActivity]#490](f:0,a:0) onFrameAvailable the first frame is available
01-30 00:16:17.882 25557 25595 I ViewRootImpl@7304e6b[LauncherActivity]: Received frameCommittedCallback lastAttemptedDrawFrameNum=1 didProduceBuffer=true
01-30 00:16:17.883  3326  3326 E pageboostd: Received HALT command code 2
01-30 00:16:17.887 25557 25557 I ViewRootImpl@7304e6b[LauncherActivity]: onSyncComplete
01-30 00:16:17.887 25557 25557 I ViewRootImpl@7304e6b[LauncherActivity]: setupSync seqId=0 mSyncId=491 fn=1 caller=android.view.ViewRootImpl$$ExternalSyntheticLambda11.accept:6 android.window.SurfaceSyncer.lambda$setupSync$1$android-window-SurfaceSyncer:128 android.window.SurfaceSyncer$$ExternalSyntheticLambda1.accept:8 android.window.SurfaceSyncer$SyncSet.checkIfSyncIsComplete:382 android.window.SurfaceSyncer$SyncSet.markSyncReady:359 android.window.SurfaceSyncer.markSyncReady:151 android.view.ViewRootImpl.performTraversals:4503
01-30 00:16:17.887 25557 25557 I ViewRootImpl@7304e6b[LauncherActivity]: reportDrawFinished seqId=0 mSyncId=-1 fn=1 mSurfaceChangedTransaction=0xb4000071eb66ecb0
01-30 00:16:17.888 25557 25557 I PopupDataProvider: onNotificationFullRefresh prev dotInfoSize : 4
01-30 00:16:17.888 25557 25557 I PopupDataProvider: refresh badge  package : com.whatsapp count : 4
01-30 00:16:17.888 25557 25557 I PopupDataProvider: refresh badge  package : com.samsung.android.scloud count : 1
01-30 00:16:17.888 25557 25557 I PopupDataProvider: refresh badge  package : com.wssyncmldm count : 1
01-30 00:16:17.888 25557 25557 I PopupDataProvider: refresh badge  package : com.spotify.music count : 1
01-30 00:16:17.888 25557 25557 I IconView: applyDotState itemInfo : WhatsApp display : 0 count : 4
01-30 00:16:17.889 25557 25557 I IconView: applyDotState itemInfo : WhatsApp display : 1 count : 4
01-30 00:16:17.889 25557 25557 I IconView: applyDotState itemInfo : Spotify display : 1 count : 1
01-30 00:16:17.894  1426  1485 W WindowManager: lockNow pending, ignore updating lockscreen timeout
01-30 00:16:17.897  1426  1482 I ViewRootImpl@d07fcff[]: setView = com.android.internal.policy.DecorView@a6ef4d2 TM=false
01-30 00:16:17.901  1426  1485 W WindowManager: lockNow pending, ignore updating lockscreen timeout
01-30 00:16:17.901  2448  2488 D WallpaperService: dispatchAppVisibility onVisibilityChanged(): true
01-30 00:16:17.904  1100  1153 I SurfaceFlinger: id=113911 createSurf flag=24000, Surface(name=Task=17222)/@0xeee343b - animation-leash of app_transition#113911
01-30 00:16:17.905  1100  1153 I SurfaceFlinger: id=113912 createSurf flag=24004, Surface(name=Task=1)/@0x238c0c - animation-leash of app_transition#113912
01-30 00:16:17.907 25557 25557 I BadgeRenderer: Invalid count : 0
01-30 00:16:17.907 25557 25557 I BadgeRenderer: Invalid count : 0
01-30 00:16:17.907  1100  1153 I SurfaceFlinger: id=113913 createSurf flag=24000, Surface(name=WallpaperWindowToken{ed97e1 token=android.os.Binder@de94beb})/@0x26eddfc - animation-leash of window_animation#113913
01-30 00:16:17.909  2448  2448 D WallpaperService: updateSurface forceRelayout=true forceReport=false redrawNeeded=false myWidth=1118 myHeight=2400 fixedSize=true x = 0 y = 0 mWidth=1118 mHeight=2400 mIsSleepMode=false
01-30 00:16:17.909  2448  2448 D WallpaperService: mDeviceHeight : 2400, mDeviceWidth : 1080,mDeviceRotation  : 0
01-30 00:16:17.909  1426  1485 W WindowManager: lockNow pending, ignore updating lockscreen timeout
01-30 00:16:17.912  5767  5767 I Utils   : isCurrentUser current = 0, ownerId = 0
01-30 00:16:17.913  1426  1485 W WindowManager: lockNow pending, ignore updating lockscreen timeout
01-30 00:16:17.916  1426  2959 V WindowManager: Relayout Window{80b92de u0 com.android.systemui.ImageWallpaper}: viewVisibility=0 req=1118x2400 d0
01-30 00:16:17.916  1426  2959 W WindowManager: lockNow pending, ignore updating lockscreen timeout
01-30 00:16:17.918  1426  2959 V WindowManager: Relayout hash=80b92de, pid=2448, syncId=-1: mAttrs={(0,0)(1118x2400) gr=TOP START CENTER layoutInDisplayCutoutMode=always ty=WALLPAPER fmt=RGBX_8888 wanim=0x103031a
01-30 00:16:17.918  1426  2959 V WindowManager:   fl=14318
01-30 00:16:17.918  1426  2959 V WindowManager:   pfl=2000014
01-30 00:16:17.918  1426  2959 V WindowManager:   bhv=DEFAULT naviIconColor=0}
01-30 00:16:17.918 26157 26196 I TestRunner: finished: testLoginWithValidCredentialsNavigatesToBottomNavActivity(com.example.sportmatch.LoginTest)
