01-30 00:16:16.183 26157 26157 D InsetsController: onStateChanged: InsetsState: {mDisplayFrame=Rect(0, 0 - 1080, 2400), mDisplayCutout=DisplayCutout{insets=Rect(0, 88 - 0, 0) waterfall=Insets{left=0, top=0, right=0, bottom=0} boundingRect={Bounds=[Rect(0, 0 - 0, 0), Rect(512, 0 - 568, 88), Rect(0, 0 - 0, 0), Rect(0, 0 - 0, 0)]} cutoutPathParserInfo={CutoutPathParserInfo{displayWidth=1080 displayHeight=2400 physicalDisplayWidth=1080 physicalDisplayHeight=2400 density={2.8125} cutoutSpec={M 0,0 M 0,11.43427858034597 a 9.899054752987353,9.899054752987353 0 1,0 0,19.79810950597471 a 9.899054752987353,9.899054752987353 0 1,0 0,-19.79810950597471 Z @dp} rotation={0} scale={1.0} physicalPixelDisplaySizeRatio={1.0}}}}, mRoundedCorners=RoundedCorners{[RoundedCorner{position=TopLeft, radius=90, center=Point(90, 90)}, RoundedCorner{position=TopRight, radius=90, center=Point(990, 90)}, RoundedCorner{position=BottomRight, radius=90, center=Point(990, 2310)}, RoundedCorner{position=BottomLeft, radius=90, center=Point(90, 2310)}]}  mRoundedCornerFrame=Rect(0, 0 - 1080, 2400), mPrivacyIndicatorBounds=PrivacyIndicatorBounds {static bounds=Rect(956, 0 - 1080, 88) rotation=0}, mSources= { InsetsSource: {mType=ITYPE_STATUS_BAR, mFrame=[0,0][1080,88], mVisible=true, mInsetsRoundedCornerFrame=false}, InsetsSource: {mType=ITYPE_NAVIGATION_BAR, mFrame=[0,2265][1080,2400], mVisible=true, mInsetsRoundedCornerFrame=false}, InsetsSource: {mType=ITYPE_LEFT_GESTURES, mFrame=[0,0][0,2400], mVisible=true, mInsetsRoundedCornerFrame=false}, InsetsSource: {mType=ITYPE_RIGHT_GESTURES, mFrame=[1080,0][1080,2400], mVisible=true, mInsetsRoundedCornerFrame=false}, InsetsSource: {mType=ITYPE_TOP_MANDATORY_GESTURES, mFrame=[0,0][1080,122], mVisible=true, mInsetsRoundedCornerFrame=false}, InsetsSource: {mType=ITYPE_BOTTOM_MANDATORY_GESTURES, mFrame=[0,2265][1080,2400], mVisible=true, mInsetsRoundedCornerFrame=false}, InsetsSource: {mType=ITYPE_LEFT_DISPLAY_CUTOUT, mFrame=[0,0][-100000,2400], mVisible=true, mInsetsRoundedCornerFrame=false}, InsetsSource: {mType=ITYPE_TOP_DISPLAY_CUTOUT, mFrame=[0,0][1080,88], mVisible=true, mInsetsRoundedCornerFrame=false}, InsetsSource: {mType=ITYPE_RIGHT_DISPLAY_CUTOUT, mFrame=[100000,0][1080,2400], mVisible=true, mInsetsRoundedCornerFrame=false}, InsetsSource: {mType=ITYPE_BOTTOM_DISPLAY_CUTOUT, mFrame=[0,100000][1080,2400], mVisible=true, mInsetsRoundedCornerFrame=false}, InsetsSource: {mType=ITYPE_TOP_TAPPABLE_ELEMENT, mFrame=[0,0][1080,88], mVisible=true, mInsetsRoundedCornerFrame=false}, InsetsSource: {mType=ITYPE_BOTTOM_TAPPABLE_ELEMENT, mFrame=[0,2265][1080,2400], mVisible=true, mInsetsRoundedCornerFrame=false}, InsetsSource: {mType=ITYPE_IME, mFrame=[0,1392][1080,2400], mVisibleFrame=[0,1392][1080,2400], mVisible=false, mInsetsRoundedCornerFrame=false} } host=com.example.sportmatch/com.example.sportmatch.LoginActivity from=android.view.ViewRootImpl$ViewRootHandler.handleMessageImpl:6727
01-30 00:16:16.184 26157 26157 I ViewRootImpl@f8e26d3[LoginActivity]: handleResized, msg = 4 frames=ClientWindowFrames{frame=[0,0][1080,2400] display=[0,0][1080,2400] parentFrame=[0,0][0,0] parentClippedByDisplayCutout=false} forceNextWindowRelayout=false displayId=0 resizeMode=-1 frameChanged=false displayFrameChanged=false configChanged=false displayChanged=false
01-30 00:16:16.184 26157 26157 D InsetsController: show(ime(), fromIme=true)
01-30 00:16:16.185 26157 26157 D InsetsController: controlAnimationUnchecked: Added types=8 animType=0 host=com.example.sportmatch/com.example.sportmatch.LoginActivity from=android.view.InsetsController.applyAnimation:1576 android.view.InsetsController.applyAnimation:1557 android.view.InsetsController.show:1063
01-30 00:16:16.185 26157 26157 D InsetsSourceConsumer: setRequestedVisible: visible=true, type=19, host=com.example.sportmatch/com.example.sportmatch.LoginActivity, from=android.view.InsetsSourceConsumer.show:250 android.view.ImeInsetsSourceConsumer.show:82 android.view.InsetsController.showDirectly:1609 android.view.InsetsController.controlAnimationUnchecked:1232 android.view.InsetsController.applyAnimation:1576 android.view.InsetsController.applyAnimation:1557 android.view.InsetsController.show:1063 android.view.ViewRootImpl$ViewRootHandler.handleMessageImpl:6761 android.view.ViewRootImpl$ViewRootHandler.handleMessage:6697 android.os.Handler.dispatchMessage:106
01-30 00:16:16.191  1426  1484 W WindowManager: lockNow pending, ignore updating lockscreen timeout
01-30 00:16:16.197  1426  1484 I ViewRootImpl@930e65e[Autofill UI]: Resizing android.view.ViewRootImpl@bf47cc2: frame = [186,1008][867,1213] reportDraw = false forceLayout = false syncSeqId = 0
01-30 00:16:16.197  1426  1482 I ViewRootImpl@930e65e[Autofill UI]: handleResized, msg = 4 frames=ClientWindowFrames{frame=[186,1008][867,1213] display=[-100000,-100000][100000,100000] parentFrame=[0,0][0,0] parentClippedByDisplayCutout=false} forceNextWindowRelayout=false displayId=0 resizeMode=-1 frameChanged=false displayFrameChanged=false configChanged=false displayChanged=false
01-30 00:16:16.199  6115   794 I ViewRootImpl@b1f38a8[InputMethod]: Resizing android.view.ViewRootImpl@d9bbf69: frame = [0,88][1080,2400] reportDraw = false forceLayout = false syncSeqId = 0
01-30 00:16:16.199  6115  6115 I ViewRootImpl@b1f38a8[InputMethod]: handleResized, msg = 4 frames=ClientWindowFrames{frame=[0,88][1080,2400] display=[0,88][1080,2400] parentFrame=[0,0][0,0] parentClippedByDisplayCutout=false} forceNextWindowRelayout=false displayId=0 resizeMode=-1 frameChanged=false displayFrameChanged=false configChanged=false displayChanged=false
01-30 00:16:16.199  1426  1484 W WindowManager: lockNow pending, ignore updating lockscreen timeout
01-30 00:16:16.198  5767  1498 I ViewRootImpl@e7ac884[CocktailBarService]: Resizing android.view.ViewRootImpl@557e69: frame = [0,1504][67,1846] reportDraw = false forceLayout = false syncSeqId = 77
01-30 00:16:16.199  5767  5767 I ViewRootImpl@e7ac884[CocktailBarService]: handleResized, msg = 4 frames=ClientWindowFrames{frame=[0,1504][67,1846] display=[0,0][1080,2265] parentFrame=[0,0][0,0] parentClippedByDisplayCutout=false} forceNextWindowRelayout=false displayId=0 resizeMode=-1 frameChanged=false displayFrameChanged=false configChanged=false displayChanged=false
01-30 00:16:16.200  2448  2487 I ViewRootImpl@f99e19[NavigationBar0]: Resizing android.view.ViewRootImpl@ffc9478: frame = [0,2265][1080,2400] reportDraw = false forceLayout = false syncSeqId = 94
01-30 00:16:16.200 26157 26174 I ViewRootImpl@f8e26d3[LoginActivity]: Resizing android.view.ViewRootImpl@70a5d2f: frame = [0,0][1080,2400] reportDraw = false forceLayout = false syncSeqId = 0
01-30 00:16:16.200  2448  2858 I ViewRootImpl@752c8ef[StatusBar]: Resizing android.view.ViewRootImpl@836afe8: frame = [0,0][1080,88] reportDraw = false forceLayout = false syncSeqId = 111
01-30 00:16:16.200  1426  1484 W WindowManager: lockNow pending, ignore updating lockscreen timeout
01-30 00:16:16.201  2448  2448 D InsetsController: onStateChanged: InsetsState: {mDisplayFrame=Rect(0, 0 - 1080, 2400), mDisplayCutout=DisplayCutout{insets=Rect(0, 88 - 0, 0) waterfall=Insets{left=0, top=0, right=0, bottom=0} boundingRect={Bounds=[Rect(0, 0 - 0, 0), Rect(512, 0 - 568, 88), Rect(0, 0 - 0, 0), Rect(0, 0 - 0, 0)]} cutoutPathParserInfo={CutoutPathParserInfo{displayWidth=1080 displayHeight=2400 physicalDisplayWidth=1080 physicalDisplayHeight=2400 density={2.8125} cutoutSpec={M 0,0 M 0,11.43427858034597 a 9.899054752987353,9.899054752987353 0 1,0 0,19.79810950597471 a 9.899054752987353,9.899054752987353 0 1,0 0,-19.79810950597471 Z @dp} rotation={0} scale={1.0} physicalPixelDisplaySizeRatio={1.0}}}}, mRoundedCorners=RoundedCorners{[RoundedCorner{position=TopLeft, radius=90, center=Point(90, 90)}, RoundedCorner{position=TopRight, radius=90, center=Point(990, 90)}, RoundedCorner{position=BottomRight, radius=90, center=Point(990, 2310)}, RoundedCorner{position=BottomLeft, radius=90, center=Point(90, 2310)}]}  mRoundedCornerFrame=Rect(0, 0 - 0, 0), mPrivacyIndicatorBounds=PrivacyIndicatorBounds {static bounds=Rect(956, 0 - 1080, 88) rotation=0}, mSources= { InsetsSource: {mType=ITYPE_LEFT_GESTURES, mFrame=[0,0][0,2400], mVisible=true, mInsetsRoundedCornerFrame=false}, InsetsSource: {mType=ITYPE_RIGHT_GESTURES, mFrame=[1080,0][1080,2400], mVisible=true, mInsetsRoundedCornerFrame=false}, InsetsSource: {mType=ITYPE_TOP_MANDATORY_GESTURES, mFrame=[0,0][1080,122], mVisible=true, mInsetsRoundedCornerFrame=false}, InsetsSource: {mType=ITYPE_BOTTOM_MANDATORY_GESTURES, mFrame=[0,2265][1080,2400], mVisible=true, mInsetsRoundedCornerFrame=false}, InsetsSource: {mType=ITYPE_LEFT_DISPLAY_CUTOUT, mFrame=[0,0][-100000,2400], mVisible=true, mInsetsRoundedCornerFrame=false}, InsetsSource: {mType=ITYPE_TOP_DISPLAY_CUTOUT, mFrame=[0,0][1080,88], mVisible=true, mInsetsRoundedCornerFrame=false}, InsetsSource: {mType=ITYPE_RIGHT_DISPLAY_CUTOUT, mFrame=[100000,0][1080,2400], mVisible=true, mInsetsRoundedCornerFrame=false}, InsetsSource: {mType=ITYPE_BOTTOM_DISPLAY_CUTOUT, mFrame=[0,100000][1080,2400], mVisible=true, mInsetsRoundedCornerFrame=false}, InsetsSource: {mType=ITYPE_TOP_TAPPABLE_ELEMENT, mFrame=[0,0][1080,88], mVisible=true, mInsetsRoundedCornerFrame=false}, InsetsSource: {mType=ITYPE_BOTTOM_TAPPABLE_ELEMENT, mFrame=[0,2265][1080,2400], mVisible=true, mInsetsRoundedCornerFrame=false}, InsetsSource: {mType=ITYPE_IME, mFrame=[0,1392][1080,2400], mVisibleFrame=[0,1392][1080,2400], mVisible=true, mInsetsRoundedCornerFrame=false} } host=NavigationBar0 from=android.view.ViewRootImpl$ViewRootHandler.handleMessageImpl:6727
01-30 00:16:16.202  2448  2448 I ViewRootImpl@f99e19[NavigationBar0]: handleResized, msg = 4 frames=ClientWindowFrames{frame=[0,2265][1080,2400] display=[0,0][1080,2400] parentFrame=[0,0][0,0] parentClippedByDisplayCutout=false} forceNextWindowRelayout=false displayId=0 resizeMode=-1 frameChanged=false displayFrameChanged=false configChanged=false displayChanged=false
01-30 00:16:16.202  2448  2448 I ViewRootImpl@752c8ef[StatusBar]: handleResized, msg = 4 frames=ClientWindowFrames{frame=[0,0][1080,88] display=[0,0][1080,2400] parentFrame=[0,0][0,0] parentClippedByDisplayCutout=false} forceNextWindowRelayout=false displayId=0 resizeMode=-1 frameChanged=false displayFrameChanged=false configChanged=false displayChanged=false
01-30 00:16:16.202 26157 26157 D InsetsController: onStateChanged: InsetsState: {mDisplayFrame=Rect(0, 0 - 1080, 2400), mDisplayCutout=DisplayCutout{insets=Rect(0, 88 - 0, 0) waterfall=Insets{left=0, top=0, right=0, bottom=0} boundingRect={Bounds=[Rect(0, 0 - 0, 0), Rect(512, 0 - 568, 88), Rect(0, 0 - 0, 0), Rect(0, 0 - 0, 0)]} cutoutPathParserInfo={CutoutPathParserInfo{displayWidth=1080 displayHeight=2400 physicalDisplayWidth=1080 physicalDisplayHeight=2400 density={2.8125} cutoutSpec={M 0,0 M 0,11.43427858034597 a 9.899054752987353,9.899054752987353 0 1,0 0,19.79810950597471 a 9.899054752987353,9.899054752987353 0 1,0 0,-19.79810950597471 Z @dp} rotation={0} scale={1.0} physicalPixelDisplaySizeRatio={1.0}}}}, mRoundedCorners=RoundedCorners{[RoundedCorner{position=TopLeft, radius=90, center=Point(90, 90)}, RoundedCorner{position=TopRight, radius=90, center=Point(990, 90)}, RoundedCorner{position=BottomRight, radius=90, center=Point(990, 2310)}, RoundedCorner{position=BottomLeft, radius=90, center=Point(90, 2310)}]}  mRoundedCornerFrame=Rect(0, 0 - 1080, 2400), mPrivacyIndicatorBounds=PrivacyIndicatorBounds {static bounds=Rect(956, 0 - 1080, 88) rotation=0}, mSources= { InsetsSource: {mType=ITYPE_STATUS_BAR, mFrame=[0,0][1080,88], mVisible=true, mInsetsRoundedCornerFrame=false}, InsetsSource: {mType=ITYPE_NAVIGATION_BAR, mFrame=[0,2265][1080,2400], mVisible=true, mInsetsRoundedCornerFrame=false}, InsetsSource: {mType=ITYPE_LEFT_GESTURES, mFrame=[0,0][0,2400], mVisible=true, mInsetsRoundedCornerFrame=false}, InsetsSource: {mType=ITYPE_RIGHT_GESTURES, mFrame=[1080,0][1080,2400], mVisible=true, mInsetsRoundedCornerFrame=false}, InsetsSource: {mType=ITYPE_TOP_MANDATORY_GESTURES, mFrame=[0,0][1080,122], mVisible=true, mInsetsRoundedCornerFrame=false}, InsetsSource: {mType=ITYPE_BOTTOM_MANDATORY_GESTURES, mFrame=[0,2265][1080,2400], mVisible=true, mInsetsRoundedCornerFrame=false}, InsetsSource: {mType=ITYPE_LEFT_DISPLAY_CUTOUT, mFrame=[0,0][-100000,2400], mVisible=true, mInsetsRoundedCornerFrame=false}, InsetsSource: {mType=ITYPE_TOP_DISPLAY_CUTOUT, mFrame=[0,0][1080,88], mVisible=true, mInsetsRoundedCornerFrame=false}, InsetsSource: {mType=ITYPE_RIGHT_DISPLAY_CUTOUT, mFrame=[100000,0][1080,2400], mVisible=true, mInsetsRoundedCornerFrame=false}, InsetsSource: {mType=ITYPE_BOTTOM_DISPLAY_CUTOUT, mFrame=[0,100000][1080,2400], mVisible=true, mInsetsRoundedCornerFrame=false}, InsetsSource: {mType=ITYPE_TOP_TAPPABLE_ELEMENT, mFrame=[0,0][1080,88], mVisible=true, mInsetsRoundedCornerFrame=false}, InsetsSource: {mType=ITYPE_BOTTOM_TAPPABLE_ELEMENT, mFrame=[0,2265][1080,2400], mVisible=true, mInsetsRoundedCornerFrame=false}, InsetsSource: {mType=ITYPE_IME, mFrame=[0,1392][1080,2400], mVisibleFrame=[0,1392][1080,2400], mVisible=true, mInsetsRoundedCornerFrame=false} } host=com.example.sportmatch/com.example.sportmatch.LoginActivity from=android.view.ViewRootImpl$ViewRootHandler.handleMessageImpl:6727
01-30 00:16:16.203 26157 26157 I ViewRootImpl@f8e26d3[LoginActivity]: handleResized, msg = 4 frames=ClientWindowFrames{frame=[0,0][1080,2400] display=[0,0][1080,2400] parentFrame=[0,0][0,0] parentClippedByDisplayCutout=false} forceNextWindowRelayout=false displayId=0 resizeMode=-1 frameChanged=false displayFrameChanged=false configChanged=false displayChanged=false
01-30 00:16:16.204  1100  1100 I Layer   : id=113884 removeFromCurrentState Surface(name=719c3fd NavigationBar0)/@0xe9d3c89 - animation-leash of insets_animation#113884 (239)
01-30 00:16:16.204  1100  1100 I Layer   : Layer [InputMethod$_6115#113886] hidden!! flag(0)
01-30 00:16:16.204  1100  1100 I SurfaceFlinger: id=113884 Removed Surface(name=719c3fd NavigationBar0)/@0xe9d3c89 - animation-leash of insets_animation#113884 (239)
01-30 00:16:16.205  1100  1100 I Layer   : id=113884 Destroyed Surface(name=719c3fd NavigationBar0)/@0xe9d3c89 - animation-leash of insets_animation#113884
01-30 00:16:16.209  1426  3998 D InputDispatcher: Focus entered window (0): ab6ea3f Autofill UI
01-30 00:16:16.210  1426  1482 I ViewRootImpl@930e65e[Autofill UI]: MSG_WINDOW_FOCUS_CHANGED 1 0
01-30 00:16:16.210  1426  1482 I ViewRootImpl@930e65e[Autofill UI]: mThreadedRenderer.initializeIfNeeded()#2 mSurface={isValid=true 0xb4000072bb737ed0}
01-30 00:16:16.212  1100  1100 D SurfaceFlinger: Display 4633128672291735932 HWC layers:
01-30 00:16:16.212  1100  1100 D SurfaceFlinger:      DEVICE | 0xb400007704b4e250 | 0102 | RGBA_8888    |    0.0    0.0 1080.0 2400.0 |    0    0 1080 2400 | com.example.sportmatch/com.example.sportmatch.LoginActivity$_26157#113874
01-30 00:16:16.212  1100  1100 D SurfaceFlinger:      DEVICE | 0xb400007704b52a10 | 0100 | RGBA_8888    |    0.0    0.0  727.0  251.0 |  186  985  864 1219 | Autofill UI#113885
01-30 00:16:16.212  1100  1100 D SurfaceFlinger:      DEVICE | 0xb400007704b52bd0 | 0100 | RGBA_8888    |    0.0    0.0 1080.0   88.0 |    0    0 1080   88 | StatusBar$_2448#94
01-30 00:16:16.212  1100  1100 D SurfaceFlinger:      DEVICE | 0xb400007704b50fd0 | 0100 | RGBA_8888    |    0.0    0.0   67.0  342.0 |    0 1504   67 1846 | com.samsung.android.app.cocktailbars[...]vice.CocktailBarService$_5767#113881
01-30 00:16:16.212  1100  1100 D SurfaceFlinger:      DEVICE | 0xb400007704b65fd0 | 0100 | RGBA_8888    |    0.0    0.0 1080.0  135.0 |    0 2265 1080 2400 | NavigationBar0$_2448#88
01-30 00:16:16.212  1100  1100 D SurfaceFlinger:
01-30 00:16:16.227  1100  1100 D SurfaceFlinger: Display 4633128672291735932 HWC layers:
01-30 00:16:16.227  1100  1100 D SurfaceFlinger:      DEVICE | 0xb400007704b51dd0 | 0102 | RGBA_8888    |    0.0    0.0 1080.0 2400.0 |    0    0 1080 2400 | com.example.sportmatch/com.example.sportmatch.LoginActivity$_26157#113874
01-30 00:16:16.227  1100  1100 D SurfaceFlinger:      DEVICE | 0xb400007704b45490 | 0100 | RGBA_8888    |    0.0    0.0 1080.0 1572.0 |    0  828 1080 2400 | InputMethod$_6115#113886
01-30 00:16:16.227  1100  1100 D SurfaceFlinger:      DEVICE | 0xb400007704b52a10 | 0100 | RGBA_8888    |    0.0    0.0  727.0  251.0 |  178  985  873 1225 | Autofill UI#113885
01-30 00:16:16.227  1100  1100 D SurfaceFlinger:      DEVICE | 0xb400007704b52bd0 | 0100 | RGBA_8888    |    0.0    0.0 1080.0   88.0 |    0    0 1080   88 | StatusBar$_2448#94
01-30 00:16:16.227  1100  1100 D SurfaceFlinger:      DEVICE | 0xb400007704b50fd0 | 0100 | RGBA_8888    |    0.0    0.0   67.0  342.0 |    0 1504   67 1846 | com.samsung.android.app.cocktailbars[...]vice.CocktailBarService$_5767#113881
01-30 00:16:16.227  1100  1100 D SurfaceFlinger:      DEVICE | 0xb400007704b65fd0 | 0100 | RGBA_8888    |    0.0    0.0 1080.0  135.0 |    0 2265 1080 2400 | NavigationBar0$_2448#88
01-30 00:16:16.227  1100  1100 D SurfaceFlinger:
01-30 00:16:16.240  1426  3998 D InputMethodManagerService: isImeSwitcherDisabledPackage : false
01-30 00:16:16.243  1426  3998 D ApplicationPolicy: isStatusBarNotificationAllowedAsUser: packageName = android,userId = 0
01-30 00:16:16.243  1426  3998 D ApplicationPolicy: isStatusBarNotificationAllowedAsUser: packageName = android,userId = -1
01-30 00:16:16.243  1426  3998 D ApplicationPolicy: isStatusBarNotificationAllowedAsUser: converting userId from USER_ALLto 0
01-30 00:16:16.244 25557 25569 I TouchInteractionService: onActiveNavBarRegionChanges, region : SkRegion((0,2265,388,2400)(389,2265,690,2400)(691,2265,961,2400))
01-30 00:16:16.244  1080  1258 I EDEN    : [Exynos][EDEN][v1.6.21][SERVICE] processAliveMointorMain:253: Try to check pid=(1051)...
01-30 00:16:16.244  2448  2448 V Navbar.Store: ----handleEvent(0) OnUpdateRemoteViewContainer(leftContainer=android.widget.LinearLayout{7696d16 I.E...... ......I. 0,0-118,135 #7f0b04f6 app:id/left_remoteview}, rightContainer=android.widget.LinearLayout{c245697 I.E...... ......I. 962,0-1080,135 #7f0b07aa app:id/right_remoteview}, contextualButtonVisible=false, darkIntensity=0.0) [Module] SamsungNavigationBarView
01-30 00:16:16.245  2448  2448 V Navbar.Store: ------[Band]REMOTE_VIEW_PACK_SET_REMOTEVIEW_CONTAINER
01-30 00:16:16.245  2448  2448 V Navbar.Store: --------apply(0) UpdateRemoteViewContainer
01-30 00:16:16.245  2448  2448 V Navbar.Store: --------apply(0) UpdateRemoteViewDarkIntensity
01-30 00:16:16.246 25557 25569 I TouchInteractionService: onActiveNavBarRegionChanges, region : SkRegion((0,2265,388,2400)(389,2265,690,2400)(691,2265,961,2400))
01-30 00:16:16.246  2448  2448 V Navbar.Store: handleEvent(0) OnUpdateSysUiStateFlag(noArguments=true) [Module] SamsungNavigationBarView
01-30 00:16:16.246  2448  2448 V Navbar.Store: --[Band]GESTURE_PACK_UPDATE_SYSTEMUI_STATE_FLAG
01-30 00:16:16.246  2448  2448 V Navbar.Store: --[Band] (afterAction) GESTURE_PACK_UPDATE_SYSTEMUI_STATE_FLAG
01-30 00:16:16.246  2448  2448 V Navbar.Store: handleEvent(0) OnNavBarIconHintChanged(iconHint=3) [Module] NavigationBar
01-30 00:16:16.246  2448  2448 V Navbar.Store: --[Band]SETUPWIZARD_PACK_SET_NAVBAR_ICON_HINT
01-30 00:16:16.247  2448  2448 V Navbar.Store: --[Band]VIS_PACK_REEVAULATE_NAVBAR
01-30 00:16:16.247  2448  2448 V Navbar.Store: ----apply(0) ReevaluateNavBar
01-30 00:16:16.247 25557 25569 I TouchInteractionService: onSystemUiStateChanged, stateFlags : 393216 |allow_gesture|ime_visible|
01-30 00:16:16.248 25557 25557 I RecentsAnimationDeviceState: setSystemUiFlags, stateFlags : 393216
01-30 00:16:16.248 25557 25557 I TouchInteractionService: onSystemUiFlagsChanged, lastSysUIFlags : 131072
01-30 00:16:16.254 25557 25569 I TouchInteractionService: onActiveNavBarRegionChanges, region : SkRegion((0,2265,388,2400)(389,2265,690,2400)(691,2265,961,2400))
01-30 00:16:16.254  2448  2448 V Navbar.Store: ----NavBarStates canUseNavBarBackgroundFrame: false
01-30 00:16:16.285  1426  1482 I GestureDetector: handleMessage TAP
01-30 00:16:16.286  1426  1426 I GestureDetector: handleMessage TAP
01-30 00:16:16.291 26157 26157 D UiControllerImpl: Injecting string: "123456"
01-30 00:16:16.292  1426  3998 D InputDispatcher: Inject key (26157/10438): action=0, f=0x8, d=-1, time=286066227000000
01-30 00:16:16.292  1426  3998 D WindowManager: interceptKeyTq interceptKeyResult=1
01-30 00:16:16.293  1426  1711 I InputDispatcher: Delivering key to (1426): action: 0x0 (0), f=0x8, m=0x0, d=0, 'ab6ea3f'
01-30 00:16:16.294  1426  1482 I ViewRootImpl@930e65e[Autofill UI]: setInTouchMode(false), android.view.ViewRootImpl.checkForLeavingTouchModeAndConsume:9383 android.view.ViewRootImpl.-$$Nest$mcheckForLeavingTouchModeAndConsume:0 android.view.ViewRootImpl$EarlyPostImeInputStage.processKeyEvent:7707 android.view.ViewRootImpl$EarlyPostImeInputStage.onProcess:7691 android.view.ViewRootImpl$InputStage.deliver:7213 android.view.ViewRootImpl$InputStage.onDeliverToNext:7270 android.view.ViewRootImpl$InputStage.forward:7236 android.view.ViewRootImpl$AsyncInputStage.forward:7434 android.view.ViewRootImpl$InputStage.apply:7244 android.view.ViewRootImpl$AsyncInputStage.apply:7491
01-30 00:16:16.295  1426  1482 I ViewRootImpl@930e65e[Autofill UI]: ViewPostIme key 0
01-30 00:16:16.295  2448  2448 I ViewRootImpl@f99e19[NavigationBar0]: MSG_WINDOW_TOUCH_MODE_CHANGED
01-30 00:16:16.295  6115  6115 I ViewRootImpl@b1f38a8[InputMethod]: MSG_WINDOW_TOUCH_MODE_CHANGED
01-30 00:16:16.295 26157 26157 I ViewRootImpl@f8e26d3[LoginActivity]: MSG_WINDOW_TOUCH_MODE_CHANGED
01-30 00:16:16.295  5767  5767 I ViewRootImpl@e7ac884[CocktailBarService]: MSG_WINDOW_TOUCH_MODE_CHANGED
01-30 00:16:16.295  2448  2516 I ViewRootImpl@a4c319e[StageCoordinatorSplitDivider]: MSG_WINDOW_TOUCH_MODE_CHANGED
01-30 00:16:16.297  6115  6115 I HBD     : b skip onKeyDown as physical keyboard not connected
01-30 00:16:16.298  6115  6115 I HBD     : HoneyBoardService onKeyDown r:a670195b consumed:false 1
01-30 00:16:16.298  1426  3998 D InputDispatcher: Inject key (26157/10438): action=1, f=0x8, d=-1, time=286066232000000
01-30 00:16:16.298 26157 26157 I ViewRootImpl@f8e26d3[LoginActivity]: ViewPostIme key 0
01-30 00:16:16.298  1426  3998 D WindowManager: interceptKeyTq interceptKeyResult=1
01-30 00:16:16.299  1426  1711 I InputDispatcher: Delivering key to (1426): action: 0x1 (0), f=0x8, m=0x0, d=0, 'ab6ea3f'
01-30 00:16:16.305  2448  2448 I ViewRootImpl@752c8ef[StatusBar]: MSG_WINDOW_TOUCH_MODE_CHANGED
01-30 00:16:16.307  1426  1482 I ViewRootImpl@930e65e[Autofill UI]: MSG_WINDOW_TOUCH_MODE_CHANGED
01-30 00:16:16.316  6115  6115 I HBD     : d1 ous -  0 ,  0 ,  1 ,  1 ,  -1 ,  -1
01-30 00:16:16.316  6115  6115 I HBD     : b isTextPasswordInputType  isPredictionOn = false
01-30 00:16:16.317  6115  6115 I HBD     : b needOff = true , isForceOff = false, isNullInputClass : false
01-30 00:16:16.317  6115  6115 I HBD     : b isTextPasswordInputType  isPredictionOn = false
01-30 00:16:16.317  6115  6115 I HBD     : b isTextPasswordInputType  isPredictionOn = false
01-30 00:16:16.317  6115  6115 I HBD     : b isTextPasswordInputType  isPredictionOn = false
01-30 00:16:16.317  6115  6115 I HBD     : b isTextPasswordInputType  isPredictionOn = false
01-30 00:16:16.317  6115  6115 I HBD     : l0 EBD cm S 0
01-30 00:16:16.317  6115  6115 I HBD     : HoneyBoardService onKeyUp r:298aa681 consumed:false 0
01-30 00:16:16.318  1426  3998 D InputDispatcher: Inject key (26157/10438): action=0, f=0x8, d=-1, time=286066252000000
01-30 00:16:16.318  1426  3998 D WindowManager: interceptKeyTq interceptKeyResult=1
01-30 00:16:16.318 26157 26157 I ViewRootImpl@f8e26d3[LoginActivity]: ViewPostIme key 1
01-30 00:16:16.319  1426  1711 I InputDispatcher: Delivering key to (1426): action: 0x0 (0), f=0x8, m=0x0, d=0, 'ab6ea3f'
01-30 00:16:16.319  1426  1482 I ViewRootImpl@930e65e[Autofill UI]: ViewPostIme key 0
01-30 00:16:16.321  1426  1482 D AbsListView:  in onLayout changed
01-30 00:16:16.321  1426  3998 D InputDispatcher: Inject key (26157/10438): action=1, f=0x8, d=-1, time=286066256000000
01-30 00:16:16.321  1426  3998 D WindowManager: interceptKeyTq interceptKeyResult=1
01-30 00:16:16.322  1426  1711 I InputDispatcher: Delivering key to (1426): action: 0x1 (0), f=0x8, m=0x0, d=0, 'ab6ea3f'
01-30 00:16:16.328  1426  1740 D OpenGLRenderer: setSurface called with nullptr
01-30 00:16:16.328  1426  1740 D OpenGLRenderer: setSurface() destroyed EGLSurface
01-30 00:16:16.328  1426  1740 D OpenGLRenderer: destroyEglSurface
01-30 00:16:16.330  1426  1482 I ViewRootImpl@930e65e[Autofill UI]: dispatchDetachedFromWindow
01-30 00:16:16.331  1426  1482 D InputTransport: Input channel destroyed: 'ab6ea3f', fd=1229
01-30 00:16:16.331  1426  1482 W InputManager-JNI: Input channel object 'ab6ea3f Autofill UI (client)' was disposed without first being removed with the input manager!
01-30 00:16:16.331  1426  1482 D InputTransport: Input channel destroyed: 'ab6ea3f', fd=1230
01-30 00:16:16.332  6115  6115 I HBD     : HoneyBoardService onKeyUp r:2eac5736 consumed:false 0
01-30 00:16:16.333  1100  1331 I SurfaceFlinger: id=113888 createSurf flag=24000, Surface(name=ab6ea3f Autofill UI)/@0x910b8c5 - animation-leash of window_animation#113888
01-30 00:16:16.333  1426  3998 D InputDispatcher: Inject key (26157/10438): action=0, f=0x8, d=-1, time=286066268000000
01-30 00:16:16.334  1426  3998 D WindowManager: interceptKeyTq interceptKeyResult=1
01-30 00:16:16.334 26157 26157 I ViewRootImpl@f8e26d3[LoginActivity]: ViewPostIme key 1
01-30 00:16:16.334  1426  1711 W InputDispatcher: Window ab6ea3f Autofill UI already unregistered input channel
01-30 00:16:16.335  1100  1331 I SurfaceFlinger: id=113889 createSurf flag=24000, Surface(name=c2abcc7 StatusBar)/@0x2f665b7 - animation-leash of insets_animation#113889
01-30 00:16:16.337  1426  3998 D InputDispatcher: Inject key (26157/10438): action=1, f=0x8, d=-1, time=286066272000000
01-30 00:16:16.337  1426  3998 D WindowManager: interceptKeyTq interceptKeyResult=1
01-30 00:16:16.337  1426  1482 W WindowManager: lockNow pending, ignore updating lockscreen timeout
01-30 00:16:16.340  1426  1482 D InputTransport: Input channel destroyed: 'ab6ea3f', fd=1234
01-30 00:16:16.340  1426  1485 W WindowManager: lockNow pending, ignore updating lockscreen timeout
01-30 00:16:16.341  1426  1711 W InputDispatcher: Window ab6ea3f Autofill UI already unregistered input channel
01-30 00:16:16.342  1426  2959 D InputDispatcher: Focus left window (0): ab6ea3f Autofill UI
01-30 00:16:16.342  1426  1740 D OpenGLRenderer: trimMemory(TRIM_MEMORY_COMPLETE)::destroyRenderingContext
01-30 00:16:16.342  1426  1740 D OpenGLRenderer: RenderThread::destroyRenderingContext()
01-30 00:16:16.342  1426  1740 D OpenGLRenderer: RenderThread::setGrContext()
01-30 00:16:16.344  1426  3998 D InputDispatcher: Inject key (26157/10438): action=0, f=0x8, d=-1, time=286066279000000
01-30 00:16:16.344  1426  3998 D WindowManager: interceptKeyTq interceptKeyResult=1
01-30 00:16:16.344  1426  1711 W InputDispatcher: Waiting because no window has focus but ActivityRecord{2411274 u0 com.example.sportmatch/.LoginActivity} t17222} may eventually add a window when it finishes starting up. Will wait for 60000ms
01-30 00:16:16.344  1426  1711 W InputDispatcher: Still no focused window. Will drop the event in 59999ms
01-30 00:16:16.354  1100  1100 I SurfaceFlinger: [ab6ea3f Autofill UI#113882] FrameRatePriority: -1
01-30 00:16:16.354  1100  1100 I Layer   : id=113887 removeFromCurrentState Surface(name=ab6ea3f Autofill UI)/@0x910b8c5 - animation-leash of window_animation#113887 (240)
01-30 00:16:16.354  1100  1100 I Layer   : id=113883 removeFromCurrentState Surface(name=c2abcc7 StatusBar)/@0x2f665b7 - animation-leash of insets_animation#113883 (240)
01-30 00:16:16.354  1100  1100 I SurfaceFlinger: [f43f6ed com.example.sportmatch/com.example.sportmatch.LoginActivity#113873] FrameRatePriority: 1
01-30 00:16:16.355  1100  1100 I SurfaceFlinger: id=113887 Removed Surface(name=ab6ea3f Autofill UI)/@0x910b8c5 - animation-leash of window_animation#113887 (240)
01-30 00:16:16.355  1100  1100 I SurfaceFlinger: id=113883 Removed Surface(name=c2abcc7 StatusBar)/@0x2f665b7 - animation-leash of insets_animation#113883 (240)
01-30 00:16:16.356  1100  1100 I Layer   : id=113887 Destroyed Surface(name=ab6ea3f Autofill UI)/@0x910b8c5 - animation-leash of window_animation#113887
01-30 00:16:16.356  1100  1100 I Layer   : id=113883 Destroyed Surface(name=c2abcc7 StatusBar)/@0x2f665b7 - animation-leash of insets_animation#113883
01-30 00:16:16.370  1100  1100 D SurfaceFlinger: [input] inputWindowCommands.focusRequests size is 1
01-30 00:16:16.373  1100  1210 D SurfaceFlinger: [input] setFocusedWindow: f43f6ed com.example.sportmatch/com.example.sportmatch.LoginActivity
01-30 00:16:16.373  1426  2959 D InputDispatcher: Focus entered window (0): f43f6ed com.example.sportmatch/com.example.sportmatch.LoginActivity
01-30 00:16:16.374 26157 26157 I ViewRootImpl@f8e26d3[LoginActivity]: MSG_WINDOW_FOCUS_CHANGED 1 0
01-30 00:16:16.374  1426  1711 I InputDispatcher: Delivering key to (26157): action: 0x0 (0), f=0x8, m=0x0, d=0, 'f43f6ed'
01-30 00:16:16.375 26157 26157 I ViewRootImpl@f8e26d3[LoginActivity]: mThreadedRenderer.initializeIfNeeded()#2 mSurface={isValid=true 0xb4000072bb656430}
01-30 00:16:16.375 26157 26157 W OnBackInvokedCallback: OnBackInvokedCallback is not enabled for the application.
01-30 00:16:16.375 26157 26157 W OnBackInvokedCallback: Set 'android:enableOnBackInvokedCallback="true"' in the application manifest.
01-30 00:16:16.379  1426  2377 D SemNscXgbMsL1: Probability - Cloud gaming: [0.015552377]
01-30 00:16:16.379  1426  2377 D SemNscXgbMsL1: Probability - Real time: [0.2226906]
01-30 00:16:16.380  1426  2377 D SemNscXgbMsL1: Probability - Non real time: [0.8064765]
01-30 00:16:16.380  1426  2377 D SemNscXgbMsL1: 1 sample inference time: 0.754808 msecs
01-30 00:16:16.381  1426  2377 D SemNscXgbL2Rt: L2 RT 1 sample inference time: 1.079616 msecs
01-30 00:16:16.382  1426  2377 D SemNscXgbL2Nrt: L2 NRT 1 sample inference time: 0.736308 msecs
01-30 00:16:16.397 26157 26157 I InputMethodManager: startInputAsyncOnWindowFocusGain - mService.startInputOrWindowGainedFocus
01-30 00:16:16.399  6115  6115 I HBD     : b skip onKeyDown as physical keyboard not connected
01-30 00:16:16.399  6115  6115 I HBD     : HoneyBoardService onKeyDown r:2507c49a consumed:false 0
01-30 00:16:16.401  5767  5767 I Utils   : isCurrentUser current = 0, ownerId = 0
01-30 00:16:16.402  5767  5767 I TrayVisibilityController: updateTrayVisible: State=2097153 visible=2 mCurrentVisible=1 specificMode=0
01-30 00:16:16.403  1426  3022 V SystemKeyManager: requestSystemKeyEvent() is called keyCode=3 componentName=ComponentInfo{com.samsung.android.app.cocktailbarservice/com.samsung.android.app.cocktailbarservice.CocktailBarService} request=false
01-30 00:16:16.403  1426  3022 V SystemKeyManager: requestSystemKeyEvent() is called keyCode=187 componentName=ComponentInfo{com.samsung.android.app.cocktailbarservice/com.samsung.android.app.cocktailbarservice.CocktailBarService} request=false
01-30 00:16:16.405  5767  5767 I MSHandlerLifeCycle: check: return. pkg=com.samsung.android.app.cocktailbarservice isActivity=false callers=com.android.internal.policy.DecorView.setVisibility:4412 l4.r.G:2 l4.r.E:4 l4.o.U0:46 l4.o$g.e:4
01-30 00:16:16.405  5767  5767 I MSHandlerLifeCycle: removeMultiSplitHandler: no exist. decor=DecorView@bd6d3b6[CocktailBarService]
01-30 00:16:16.405 26157 26157 I ViewRootImpl@f8e26d3[LoginActivity]: ViewPostIme key 0
01-30 00:16:16.407  5767  5767 I CapturedBlurController: updateBlurBackground: false false
01-30 00:16:16.408  5767  5767 I TrayStateController: setUiState 2 : 0 --> 2
01-30 00:16:16.410  5767  5767 I ViewRootImpl@e7ac884[CocktailBarService]: performTraversals mFirst=false windowShouldResize=false viewVisibilityChanged=true mForceNextWindowRelayout=false params=null
01-30 00:16:16.411  1426  3022 V WindowManager: Relayout Window{6ebf3aa u0 com.samsung.android.app.cocktailbarservice/com.samsung.android.app.cocktailbarservice.CocktailBarService}: viewVisibility=8 req=67x342 d0
01-30 00:16:16.412  1426  3022 W WindowManager: lockNow pending, ignore updating lockscreen timeout
01-30 00:16:16.413  1426  3022 V WindowManager: Relayout hash=6ebf3aa, pid=5767, syncId=-1: mAttrs={(0,1504)(67x342) gr=TOP LEFT CENTER sim={adjust=nothing} layoutInDisplayCutoutMode=shortEdges ty=2226 fmt=TRANSPARENT
01-30 00:16:16.413  1426  3022 V WindowManager:   fl=81800508
01-30 00:16:16.413  1426  3022 V WindowManager:   pfl=2000050
01-30 00:16:16.413  1426  3022 V WindowManager:   vsysui=802
01-30 00:16:16.413  1426  3022 V WindowManager:   bhv=SHOW_TRANSIENT_BARS_BY_SWIPE
01-30 00:16:16.413  1426  3022 V WindowManager:   fitTypes=NAVIGATION_BARS CAPTION_BAR
01-30 00:16:16.413  1426  3022 V WindowManager:  dimAmount=0.0 dimDuration=0 naviIconColor=0
01-30 00:16:16.413  1426  3022 V WindowManager:   sfl=620000}
01-30 00:16:16.416  5767  5767 I ViewRootImpl@e7ac884[CocktailBarService]: Relayout returned: old=(0,1504,67,1846) new=(0,1504,67,1846) req=(67,342)8 dur=3 res=0x2 s={false 0x0} ch=true seqId=77
01-30 00:16:16.416  5767  5767 I TrayStateController: putInputRect mDynamicInputRegion=121862435@LastEvent=t=1706566576416Rect(0, 0 - 42, 342),Rect=Rect(0, 0 - 0, 0)
01-30 00:16:16.417  1426  3022 W WindowManager: lockNow pending, ignore updating lockscreen timeout
01-30 00:16:16.417  5767  5767 I DecorView: notifyKeepScreenOnChanged: keepScreenOn=false
01-30 00:16:16.417 26157 26157 D InsetsController: cancelAnimation of types: 8, animType: 0, host: com.example.sportmatch/com.example.sportmatch.LoginActivity, from:android.view.InsetsController.notifyFinished:1375 android.view.InsetsAnimationThreadControlRunner$1.lambda$notifyFinished$0$android-view-InsetsAnimationThreadControlRunner$1:84 android.view.InsetsAnimationThreadControlRunner$1$$ExternalSyntheticLambda1.run:4
01-30 00:16:16.418 26157 26157 D InsetsSourceConsumer: ensureControlPosition: Point(0, 88) for ITYPE_IME on com.example.sportmatch/com.example.sportmatch.LoginActivity from android.view.InsetsSourceConsumer.notifyAnimationFinished:419
01-30 00:16:16.421  1100  1100 I Layer   : id=113881 removeFromCurrentState com.samsung.android.app.cocktailbarservice/com.samsung.android.app.cocktailbarservice.CocktailBarService$_5767#113881 (238)
01-30 00:16:16.421  1100  1100 I SurfaceFlinger: id=113881 Removed com.samsung.android.app.cocktailbarservice/com.samsung.android.app.cocktailbarservice.CocktailBarService$_5767#113881 (238)
01-30 00:16:16.422  5767  5767 I ViewRootImpl@e7ac884[CocktailBarService]: performTraversals params={(0,1504)(67x342) gr=TOP LEFT CENTER sim={adjust=nothing} layoutInDisplayCutoutMode=shortEdges ty=2226 fmt=TRANSPARENT
01-30 00:16:16.422  5767  5767 I ViewRootImpl@e7ac884[CocktailBarService]:   fl=81800508
01-30 00:16:16.422  5767  5767 I ViewRootImpl@e7ac884[CocktailBarService]:   pfl=2000050
01-30 00:16:16.422  5767  5767 I ViewRootImpl@e7ac884[CocktailBarService]:   vsysui=802
01-30 00:16:16.422  5767  5767 I ViewRootImpl@e7ac884[CocktailBarService]:   bhv=SHOW_TRANSIENT_BARS_BY_SWIPE
01-30 00:16:16.422  5767  5767 I ViewRootImpl@e7ac884[CocktailBarService]:   fitTypes=STATUS_BARS NAVIGATION_BARS CAPTION_BAR
01-30 00:16:16.422  5767  5767 I ViewRootImpl@e7ac884[CocktailBarService]:  dimAmount=0.0 dimDuration=0 naviIconColor=0
01-30 00:16:16.422  5767  5767 I ViewRootImpl@e7ac884[CocktailBarService]:   sfl=620000}
01-30 00:16:16.423  5767  5767 I ViewRootImpl@e7ac884[CocktailBarService]: performTraversals mFirst=false windowShouldResize=false viewVisibilityChanged=false mForceNextWindowRelayout=false params={(0,1504)(67x342) gr=TOP LEFT CENTER sim={adjust=nothing} layoutInDisplayCutoutMode=shortEdges ty=2226 fmt=TRANSPARENT
01-30 00:16:16.423  5767  5767 I ViewRootImpl@e7ac884[CocktailBarService]:   fl=81800508
01-30 00:16:16.423  5767  5767 I ViewRootImpl@e7ac884[CocktailBarService]:   pfl=2000050
01-30 00:16:16.423  5767  5767 I ViewRootImpl@e7ac884[CocktailBarService]:   vsysui=802
01-30 00:16:16.423  5767  5767 I ViewRootImpl@e7ac884[CocktailBarService]:   bhv=SHOW_TRANSIENT_BARS_BY_SWIPE
01-30 00:16:16.423  5767  5767 I ViewRootImpl@e7ac884[CocktailBarService]:   fitTypes=NAVIGATION_BARS CAPTION_BAR
01-30 00:16:16.423  5767  5767 I ViewRootImpl@e7ac884[CocktailBarService]:  dimAmount=0.0 dimDuration=0 naviIconColor=0
01-30 00:16:16.423  5767  5767 I ViewRootImpl@e7ac884[CocktailBarService]:   sfl=620000}
01-30 00:16:16.424  1426  2959 V WindowManager: Relayout Window{6ebf3aa u0 com.samsung.android.app.cocktailbarservice/com.samsung.android.app.cocktailbarservice.CocktailBarService}: viewVisibility=8 req=67x342 d0
01-30 00:16:16.425  1426  2959 W WindowManager: lockNow pending, ignore updating lockscreen timeout
01-30 00:16:16.426  1100  1100 I Layer   : id=113881 Destroyed com.samsung.android.app.cocktailbarservice/com.samsung.android.app.cocktailbarservice.CocktailBarService$_5767#113881
01-30 00:16:16.427  6115  6115 I HBD     : d1 ous -  1 ,  1 ,  2 ,  2 ,  -1 ,  -1
01-30 00:16:16.427  1426  2959 V WindowManager: Relayout hash=6ebf3aa, pid=5767, syncId=-1: mAttrs={(0,1504)(67x342) gr=TOP LEFT CENTER sim={adjust=nothing} layoutInDisplayCutoutMode=shortEdges ty=2226 fmt=TRANSPARENT
01-30 00:16:16.427  1426  2959 V WindowManager:   fl=81800508
01-30 00:16:16.427  1426  2959 V WindowManager:   pfl=2000050
01-30 00:16:16.427  1426  2959 V WindowManager:   vsysui=802
01-30 00:16:16.427  1426  2959 V WindowManager:   bhv=SHOW_TRANSIENT_BARS_BY_SWIPE
01-30 00:16:16.427  1426  2959 V WindowManager:   fitTypes=NAVIGATION_BARS CAPTION_BAR
01-30 00:16:16.427  1426  2959 V WindowManager:  dimAmount=0.0 dimDuration=0 naviIconColor=0
01-30 00:16:16.427  1426  2959 V WindowManager:   sfl=620000}
01-30 00:16:16.427 26157 26241 I ViewRootImpl@f8e26d3[LoginActivity]: mWNT: t=0xb4000071eb65ff50 mBlastBufferQueue=0xb40000722b67aa10 fn= 44 caller= android.view.SyncRtSurfaceTransactionApplier.applyTransaction:96 android.view.SyncRtSurfaceTransactionApplier.lambda$scheduleApply$0$android-view-SyncRtSurfaceTransactionApplier:69 android.view.SyncRtSurfaceTransactionApplier$$ExternalSyntheticLambda0.onFrameDraw:4
01-30 00:16:16.429  6115  6115 I HBD     : b isTextPasswordInputType  isPredictionOn = false
01-30 00:16:16.429  6115  6115 I HBD     : b needOff = true , isForceOff = false, isNullInputClass : false
01-30 00:16:16.429  6115  6115 I HBD     : b isTextPasswordInputType  isPredictionOn = false
01-30 00:16:16.429  6115  6115 I HBD     : b isTextPasswordInputType  isPredictionOn = false
01-30 00:16:16.429  6115  6115 I HBD     : b isTextPasswordInputType  isPredictionOn = false
01-30 00:16:16.430  6115  6115 I HBD     : b isTextPasswordInputType  isPredictionOn = false
01-30 00:16:16.430  6115  6115 I HBD     : l0 EBD cm S 0
01-30 00:16:16.431  1100  1100 D SurfaceFlinger: Display 4633128672291735932 HWC layers:
01-30 00:16:16.431  1100  1100 D SurfaceFlinger:      DEVICE | 0xb400007704b63cd0 | 0102 | RGBA_8888    |    0.0    0.0 1080.0 2400.0 |    0    0 1080 2400 | com.example.sportmatch/com.example.sportmatch.LoginActivity$_26157#113874
01-30 00:16:16.431  1100  1100 D SurfaceFlinger:      DEVICE | 0xb400007704b45490 | 0100 | RGBA_8888    |    0.0    0.0 1080.0 2312.0 |    0   88 1080 2400 | InputMethod$_6115#113886
01-30 00:16:16.431  1100  1100 D SurfaceFlinger:      DEVICE | 0xb400007704b52150 | 0100 | RGBA_8888    |    0.0    0.0  727.0  251.0 |  191  985  858 1215 | Autofill UI#113885
01-30 00:16:16.431  1100  1100 D SurfaceFlinger:      DEVICE | 0xb400007704b52bd0 | 0100 | RGBA_8888    |    0.0    0.0 1080.0   88.0 |    0    0 1080   88 | StatusBar$_2448#94
01-30 00:16:16.431  1100  1100 D SurfaceFlinger:      DEVICE | 0xb400007704b64750 | 0100 | RGBA_8888    |    0.0    0.0 1080.0  135.0 |    0 2265 1080 2400 | NavigationBar0$_2448#88
01-30 00:16:16.431  1100  1100 D SurfaceFlinger:
01-30 00:16:16.431  1426  2959 D InputDispatcher: Inject key (26157/10438): action=1, f=0x8, d=-1, time=286066363000000
01-30 00:16:16.431  5767  5767 I ViewRootImpl@e7ac884[CocktailBarService]: Relayout returned: old=(0,1504,67,1846) new=(0,1504,67,1846) req=(67,342)8 dur=7 res=0x0 s={false 0x0} ch=false seqId=77
01-30 00:16:16.431  1426  2959 D WindowManager: interceptKeyTq interceptKeyResult=1
01-30 00:16:16.432  5767  5767 I CocktailBarUiController: onCocktailBarStateChanged: flag=0x1 vis=2 bgType= showTimeout=-1 activate=true
01-30 00:16:16.432  1426  3998 W WindowManager: lockNow pending, ignore updating lockscreen timeout
01-30 00:16:16.433  1426  1711 I InputDispatcher: Delivering key to (26157): action: 0x1 (0), f=0x8, m=0x0, d=0, 'f43f6ed'
01-30 00:16:16.433  6115  6115 I HBD     : HoneyBoardService onKeyUp r:13c4bf3e consumed:false 0
01-30 00:16:16.434 26157 26157 I ViewRootImpl@f8e26d3[LoginActivity]: ViewPostIme key 1
01-30 00:16:16.436  1426  2959 D InputDispatcher: Inject key (26157/10438): action=0, f=0x8, d=-1, time=286066371000000
01-30 00:16:16.436  1426  2959 D WindowManager: interceptKeyTq interceptKeyResult=1
01-30 00:16:16.436  1426  1711 I InputDispatcher: Delivering key to (26157): action: 0x0 (0), f=0x8, m=0x0, d=0, 'f43f6ed'
01-30 00:16:16.437  6115  6115 I HBD     : b skip onKeyDown as physical keyboard not connected
01-30 00:16:16.437  6115  6115 I HBD     : HoneyBoardService onKeyDown r:7659f18d consumed:false 0
01-30 00:16:16.438 26157 26157 I ViewRootImpl@f8e26d3[LoginActivity]: ViewPostIme key 0
01-30 00:16:16.448  1067  1067 I sysinput:Touch: writeInformation:249, OK
01-30 00:16:16.448  1426  1726 D SysinputHAL_V1_3(V1_2): runTspCmdNoRead(1): set_grip_data,0,0,0,0(0)
01-30 00:16:16.451 25557 25557 I Launcher.NotificationListener: onNotificationPosted : android number : 0
01-30 00:16:16.451  5976  5976 I NotificationListener: Received new notification
01-30 00:16:16.452  5767  5767 I Edge.badge: updateBadge item = android:-1 1
01-30 00:16:16.452  5976  8030 I NotificationPipeline: Processing new notification: -1|android|8|null|1000
01-30 00:16:16.452  5976  8030 E Notification4Water_NB: WatchFactory.getWatch-lastConnectedNodeId is null
01-30 00:16:16.452  2448  2448 D BubblesManager: onEntryAdded : bubbleEntryAdded=false
01-30 00:16:16.453  5976  8030 W Notification4Water_NB: NotificationBridgeCallback.onNotificationPosted-never connected before
01-30 00:16:16.453  2448  2448 D InterruptionStateProvider:  no Heads up : edgelighting enabled app. -1|android|8|null|1000
01-30 00:16:16.460  6115  6115 I HBD     : d1 ous -  2 ,  2 ,  3 ,  3 ,  -1 ,  -1
01-30 00:16:16.461  6115  6115 I HBD     : b isTextPasswordInputType  isPredictionOn = false
01-30 00:16:16.461  6115  6115 I HBD     : b needOff = true , isForceOff = false, isNullInputClass : false
01-30 00:16:16.461  6115  6115 I HBD     : b isTextPasswordInputType  isPredictionOn = false
01-30 00:16:16.461  6115  6115 I HBD     : b isTextPasswordInputType  isPredictionOn = false
01-30 00:16:16.461  6115  6115 I HBD     : b isTextPasswordInputType  isPredictionOn = false
01-30 00:16:16.461  6115  6115 I HBD     : b isTextPasswordInputType  isPredictionOn = false
01-30 00:16:16.461  1426  3022 D InputDispatcher: Inject key (26157/10438): action=1, f=0x8, d=-1, time=286066396000000
01-30 00:16:16.461  6115  6115 I HBD     : l0 EBD cm S 0
01-30 00:16:16.461  1426  3022 D WindowManager: interceptKeyTq interceptKeyResult=1
01-30 00:16:16.462  1426  1711 I InputDispatcher: Delivering key to (26157): action: 0x1 (0), f=0x8, m=0x0, d=0, 'f43f6ed'
01-30 00:16:16.463  6115  6115 I HBD     : HoneyBoardService onKeyUp r:7a1535b0 consumed:false 1
01-30 00:16:16.463 26157 26157 I ViewRootImpl@f8e26d3[LoginActivity]: ViewPostIme key 1
01-30 00:16:16.465  1426  3022 D InputDispatcher: Inject key (26157/10438): action=0, f=0x8, d=-1, time=286066400000000
01-30 00:16:16.465  1426  3022 D WindowManager: interceptKeyTq interceptKeyResult=1
01-30 00:16:16.466  1426  1711 I InputDispatcher: Delivering key to (26157): action: 0x0 (0), f=0x8, m=0x0, d=0, 'f43f6ed'
01-30 00:16:16.466  6115  6115 I HBD     : b skip onKeyDown as physical keyboard not connected
01-30 00:16:16.466  6115  6115 I HBD     : HoneyBoardService onKeyDown r:3f1fb3a4 consumed:false 0
01-30 00:16:16.466  1037 26330 I HYPER-HAL: [RequestManager.cpp]releaseLocked(): Released ID : 18705787
01-30 00:16:16.467 26157 26157 I ViewRootImpl@f8e26d3[LoginActivity]: ViewPostIme key 0
01-30 00:16:16.494  6115  6115 I HBD     : d1 ous -  3 ,  3 ,  4 ,  4 ,  -1 ,  -1
01-30 00:16:16.494  6115  6115 I HBD     : b isTextPasswordInputType  isPredictionOn = false
01-30 00:16:16.494  6115  6115 I HBD     : b needOff = true , isForceOff = false, isNullInputClass : false
01-30 00:16:16.494  6115  6115 I HBD     : b isTextPasswordInputType  isPredictionOn = false
01-30 00:16:16.494  6115  6115 I HBD     : b isTextPasswordInputType  isPredictionOn = false
01-30 00:16:16.494  6115  6115 I HBD     : b isTextPasswordInputType  isPredictionOn = false
01-30 00:16:16.494  6115  6115 I HBD     : b isTextPasswordInputType  isPredictionOn = false
01-30 00:16:16.494  6115  6115 I HBD     : l0 EBD cm S 0
01-30 00:16:16.495  1426  3998 D InputDispatcher: Inject key (26157/10438): action=1, f=0x8, d=-1, time=286066429000000
01-30 00:16:16.495  1426  3998 D WindowManager: interceptKeyTq interceptKeyResult=1
01-30 00:16:16.495  1426  1711 I InputDispatcher: Delivering key to (26157): action: 0x1 (0), f=0x8, m=0x0, d=0, 'f43f6ed'
01-30 00:16:16.496  6115  6115 I HBD     : HoneyBoardService onKeyUp r:7cfdffd5 consumed:false 0
01-30 00:16:16.496 26157 26157 I ViewRootImpl@f8e26d3[LoginActivity]: ViewPostIme key 1
01-30 00:16:16.500 26157 26157 I ViewInteraction: Performing 'close keyboard' action on view view.getId() is <2131361880/com.example.sportmatch:id/activity_main_passwordEditText>
01-30 00:16:16.501 26157 26157 D IdlingRegistry: Registering idling resources: [androidx.test.espresso.action.CloseKeyboardAction$CloseKeyboardIdlingResult@5bd77fc]
01-30 00:16:16.501 26157 26157 I IMM_LC  : hsifw() - flag : 0
01-30 00:16:16.501 26157 26157 I IMM_LC  : hsifw() - mService.hideSoftInput
01-30 00:16:16.502  6115  6115 I InputMethod: hideSoftInput(), flags : 0
01-30 00:16:16.502  6115  6115 I HBD     : HoneyBoardService onFinishInputView finishingInput= false
01-30 00:16:16.504  1426  2959 D InputMethodManagerService: isImeSwitcherDisabledPackage : false
01-30 00:16:16.504  1426  2959 I InputMethodManagerService: setImeWindowStatus: vis=0, backDisposition=0
01-30 00:16:16.504  6115  6115 I DecorView: notifyKeepScreenOnChanged: keepScreenOn=false
01-30 00:16:16.504  1426  2959 I InputMethodManagerService: applyImeVisibility: setVisible=false, IsClientNull=false
01-30 00:16:16.505  1217  2655 I CameraService: onUidStateChanged: uid=10177, procState is changed. (5 -> 7)
01-30 00:16:16.505  6115  6115 I HBD     : a [UpdatePolicy] [post] a: 3 cl: 65538 kit: [0/0] vt: 0 ir: 1
01-30 00:16:16.506  6115  6115 I HBD     : c processFinishInputView
01-30 00:16:16.506  6115  6115 I HBD     : a load TMST TocuhLogic rune : true settingValue : true
01-30 00:16:16.506  6115  6115 I HBD     : d1 stopRunningTimers
01-30 00:16:16.506 25557 25569 I TouchInteractionService: onActiveNavBarRegionChanges, region : SkRegion((0,2265,388,2400)(389,2265,690,2400)(691,2265,961,2400))
01-30 00:16:16.507  6115  6115 I HBD     : l0 EBD reset pbc:0 pdc:0
01-30 00:16:16.507  2448  2448 V Navbar.Store: ----handleEvent(0) OnUpdateRemoteViewContainer(leftContainer=android.widget.LinearLayout{7696d16 I.E...... ......I. 0,0-118,135 #7f0b04f6 app:id/left_remoteview}, rightContainer=android.widget.LinearLayout{c245697 I.E...... ......I. 962,0-1080,135 #7f0b07aa app:id/right_remoteview}, contextualButtonVisible=false, darkIntensity=0.0) [Module] SamsungNavigationBarView
01-30 00:16:16.507  2448  2448 V Navbar.Store: ------[Band]REMOTE_VIEW_PACK_SET_REMOTEVIEW_CONTAINER
01-30 00:16:16.507  2448  2448 V Navbar.Store: --------apply(0) UpdateRemoteViewContainer
01-30 00:16:16.507  2448  2448 V Navbar.Store: --------apply(0) UpdateRemoteViewDarkIntensity
01-30 00:16:16.507  6115  6115 I HBD     : e unbindCurrentHoneyBoard : text_board
01-30 00:16:16.507  6115  6115 I HBD     : a onUnbind
01-30 00:16:16.508  6115  6115 I HBD     : e expression state[false], searchState[0]
01-30 00:16:16.508  2448  2448 V Navbar.Store: handleEvent(0) OnUpdateSysUiStateFlag(noArguments=true) [Module] SamsungNavigationBarView
01-30 00:16:16.508  2448  2448 V Navbar.Store: --[Band]GESTURE_PACK_UPDATE_SYSTEMUI_STATE_FLAG
01-30 00:16:16.509  2448  2448 V Navbar.Store: --[Band] (afterAction) GESTURE_PACK_UPDATE_SYSTEMUI_STATE_FLAG
01-30 00:16:16.509 26157 26157 D InsetsController: controlAnimationUnchecked: Added types=8 animType=1 host=com.example.sportmatch/com.example.sportmatch.LoginActivity from=android.view.InsetsController.applyAnimation:1576 android.view.InsetsController.applyAnimation:1557 android.view.InsetsController.hide:1093
01-30 00:16:16.509  2448  2448 V Navbar.Store: handleEvent(0) OnNavBarIconHintChanged(iconHint=0) [Module] NavigationBar
01-30 00:16:16.509  2448  2448 V Navbar.Store: --[Band]SETUPWIZARD_PACK_SET_NAVBAR_ICON_HINT
01-30 00:16:16.509  2448  2448 V Navbar.Store: --[Band]VIS_PACK_REEVAULATE_NAVBAR
01-30 00:16:16.509  6115  6115 I HBD     : a clear BaseLanguageRepo
01-30 00:16:16.509 25557 25569 I TouchInteractionService: onActiveNavBarRegionChanges, region : SkRegion((0,2265,388,2400)(389,2265,690,2400)(691,2265,961,2400))
01-30 00:16:16.509  2448  2448 V Navbar.Store: ----apply(0) ReevaluateNavBar
