01-31 00:23:15.704  1100  1100 D SurfaceFlinger:  SOLID_COLOR |              | 0000 |  Unknown  |    0.0    0.0    0.0    0.0 |    0    0 1080 2400 | DimAnimationLayer for Task=17311#133218
01-31 00:23:15.704  1100  1100 D SurfaceFlinger:      DEVICE | 0xb400007704b540d0 | 0100 | RGBA_8888    |    0.0    0.0 1080.0 2400.0 |    0    0 1080 2400 | Splash Screen com.example.sportmatch$_2448#133216
01-31 00:23:15.704  1100  1100 D SurfaceFlinger:      DEVICE | 0xb400007704b3e110 | 0100 | RGBA_8888    |    0.0    0.0 1080.0   88.0 |    0    0 1080   88 | StatusBar$_2448#94
01-31 00:23:15.704  1100  1100 D SurfaceFlinger:      DEVICE | 0xb400007704b4f590 | 0100 | RGBA_8888    |    0.0    0.0   67.0  342.0 |    0 15
01-31 00:23:15.704  1100  1100 D SurfaceFlinger: 04   67 1846 | com.samsung.android.app.cocktailbars[...]vice.CocktailBarService$_5767#133211
01-31 00:23:15.704  1100  1100 D SurfaceFlinger:      DEVICE | 0xb400007704b483d0 | 0100 | RGBA_8888    |    0.0    0.0 1080.0  135.0 |    0 2265 1080 2400 | NavigationBar0$_2448#88
01-31 00:23:15.704  1100  1100 D SurfaceFlinger:
01-31 00:23:15.704 14240 14248 I stagram.android: Method exceeds compiler instruction limit: 28011 in void com.instagram.feed.media.MediaDict__JsonHelper.A00(X.12B, X.2CV)
01-31 00:23:15.722  9236  9236 I ViewRootImpl@b6f5aff[MainActivity]: performTraversals params={(0,0)(fillxfill) sim={adjust=pan forwardNavigation} ty=BASE_APPLICATION wanim=0x1030309
01-31 00:23:15.722  9236  9236 I ViewRootImpl@b6f5aff[MainActivity]:   fl=81810100
01-31 00:23:15.722  9236  9236 I ViewRootImpl@b6f5aff[MainActivity]:   pfl=12020040
01-31 00:23:15.722  9236  9236 I ViewRootImpl@b6f5aff[MainActivity]:   bhv=DEFAULT
01-31 00:23:15.722  9236  9236 I ViewRootImpl@b6f5aff[MainActivity]:   fitSides= naviIconColor=0}
01-31 00:23:15.724  9236  9236 I ViewRootImpl@b6f5aff[MainActivity]: performTraversals mFirst=true windowShouldResize=true viewVisibilityChanged=false mForceNextWindowRelayout=false params={(0,0)(fillxfill) sim={adjust=pan forwardNavigation} ty=BASE_APPLICATION wanim=0x1030309
01-31 00:23:15.724  9236  9236 I ViewRootImpl@b6f5aff[MainActivity]:   fl=81810100
01-31 00:23:15.724  9236  9236 I ViewRootImpl@b6f5aff[MainActivity]:   pfl=12020040
01-31 00:23:15.724  9236  9236 I ViewRootImpl@b6f5aff[MainActivity]:   bhv=DEFAULT
01-31 00:23:15.724  9236  9236 I ViewRootImpl@b6f5aff[MainActivity]:   fitSides= naviIconColor=0}
01-31 00:23:15.726 14240 14248 I stagram.android: Method exceeds compiler instruction limit: 28011 in void com.instagram.feed.media.MediaDict__JsonHelper.A00(X.12B, X.2CV)
01-31 00:23:15.732 14240 14240 I ViewRootImpl@723daa4[feed_timeline]: handleAppVisibility mAppVisible = true visible = false
01-31 00:23:15.732 14240 14240 I ViewRootImpl@94b84ac[InstagramMainActivity]: handleAppVisibility mAppVisible = true visible = false
01-31 00:23:15.732  1426  4482 V WindowManager: Relayout Window{d0ae482 u0 com.example.sportmatch/com.example.sportmatch.MainActivity}: viewVisibility=0 req=1080x2400 d0
01-31 00:23:15.733  1100  1331 I SurfaceFlinger: id=133229 createSurf flag=40004, com.example.sportmatch/com.example.sportmatch.MainActivity$_9236#133229
01-31 00:23:15.735  1426  4482 W WindowManager: lockNow pending, ignore updating lockscreen timeout
01-31 00:23:15.737 14240 14427 D OpenGLRenderer: setSurface called with nullptr
01-31 00:23:15.737 14240 14427 D OpenGLRenderer: setSurface() destroyed EGLSurface
01-31 00:23:15.737 14240 14427 D OpenGLRenderer: destroyEglSurface
01-31 00:23:15.741  1100  1336 I SurfaceFlinger: id=133230 createSurf flag=24000, Surface(name=c2abcc7 StatusBar)/@0x2f665b7 - animation-leash of insets_animation#133230
01-31 00:23:15.741 14240 14240 I ViewRootImpl@723daa4[feed_timeline]: performTraversals mFirst=false windowShouldResize=false viewVisibilityChanged=true mForceNextWindowRelayout=false params=null
01-31 00:23:15.742  1100  1336 I SurfaceFlinger: id=133231 createSurf flag=24000, Surface(name=719c3fd NavigationBar0)/@0xe9d3c89 - animation-leash of insets_animation#133231
01-31 00:23:15.747  1426  4482 V WindowManager: Relayout hash=d0ae482, pid=9236, syncId=-1: mAttrs={(0,0)(fillxfill) sim={adjust=pan forwardNavigation} ty=BASE_APPLICATION wanim=0x1030309
01-31 00:23:15.747  1426  4482 V WindowManager:   fl=81810100
01-31 00:23:15.747  1426  4482 V WindowManager:   pfl=12020040
01-31 00:23:15.747  1426  4482 V WindowManager:   bhv=DEFAULT
01-31 00:23:15.747  1426  4482 V WindowManager:   fitSides= naviIconColor=0}
01-31 00:23:15.748 14240 14248 I stagram.android: Method exceeds compiler instruction limit: 28011 in void com.instagram.feed.media.MediaDict__JsonHelper.A00(X.12B, X.2CV)
01-31 00:23:15.749  1100  1100 I Layer   : id=133217 removeFromCurrentState Surface(name=Task=17096)/@0xc7e2701 - animation-leash of app_transition#133217 (265)
01-31 00:23:15.749  1100  1100 I Layer   : id=133223 removeFromCurrentState Bottom Edge Extension#133223 (265)
01-31 00:23:15.749  1100  1100 I Layer   : id=133224 removeFromCurrentState bbq-wrapper#133224 (265)
01-31 00:23:15.749  1100  1100 I Layer   : id=133223 removeFromCurrentState Bottom Edge Extension#133223 (265)
01-31 00:23:15.749  1100  1100 I Layer   : id=133224 removeFromCurrentState bbq-wrapper#133224 (265)
01-31 00:23:15.749  1100  1100 I Layer   : Layer [com.instagram.android/com.instagram.mainactivity.InstagramMainActivity$_14240#133207] hidden!! flag(1)
01-31 00:23:15.749  1100  1100 I Layer   : Layer [KHCD.2aT.feed_timeline$_14240#133210] hidden!! flag(1)
01-31 00:23:15.749  1100  1100 I SurfaceFlinger: id=133224 Removed bbq-wrapper#133224 (265)
01-31 00:23:15.749  1100  1100 I SurfaceFlinger: id=133217 Removed Surface(name=Task=17096)/@0xc7e2701 - animation-leash of app_transition#133217 (265)
01-31 00:23:15.749  1100  1100 I SurfaceFlinger: id=133223 Removed Bottom Edge Extension#133223 (265)
01-31 00:23:15.750  1100  1100 I Layer   : id=133217 Destroyed Surface(name=Task=17096)/@0xc7e2701 - animation-leash of app_transition#133217
01-31 00:23:15.750  1100  1100 I Layer   : id=133223 Destroyed Bottom Edge Extension#133223
01-31 00:23:15.752  1100  1100 I Layer   : id=133224 Destroyed bbq-wrapper#133224
01-31 00:23:15.753  9236  9236 I ViewRootImpl@b6f5aff[MainActivity]: updateBlastSurfaceIfNeeded mBlastBufferQueue=null isSameSurfaceControl=false
01-31 00:23:15.754  1100  1100 D SurfaceFlinger: Display 4633128672291735932 HWC layers:
01-31 00:23:15.754  1100  1100 D SurfaceFlinger:  SOLID_COLOR |              | 0000 |  Unknown  |    0.0    0.0    0.0    0.0 |    0    0 1080 2400 | DimAnimationLayer for Task=17311#133218
01-31 00:23:15.754  1100  1100 D SurfaceFlinger:      DEVICE | 0xb400007704b540d0 | 0100 | RGBA_8888    |    0.0    0.0 1080.0 2400.0 |    0    0 1080 2400 | Splash Screen com.example.sportmatch$_2448#133216
01-31 00:23:15.754  1100  1100 D SurfaceFlinger:      DEVICE | 0xb400007704b3e110 | 0100 | RGBA_8888    |    0.0    0.0 1080.0   88.0 |    0    0 1080   88 | StatusBar$_2448#94
01-31 00:23:15.754  1100  1100 D SurfaceFlinger:      DEVICE | 0xb400007704b4f590 | 0100 | RGBA_8888    |    0.0    0.0   67.0  342.0 |    0 1504   67 1846 | com.samsung.android.app.cocktailbars[...]vice.CocktailBarService$_5767#133211
01-31 00:23:15.754  1100  1100 D SurfaceFlinger:      DEVICE | 0xb400007704b483d0 | 0100 | RGBA_8888    |    0.0    0.0 1080.0  135.0 |    0 2265 1080 2400 | NavigationBar0$_2448#88
01-31 00:23:15.754  1100  1100 D SurfaceFlinger:
01-31 00:23:15.754  9236  9236 I BLASTBufferQueue: new BLASTBufferQueue, mName= ViewRootImpl@b6f5aff[MainActivity] mNativeObject= 0xb40000722b66f7f0 sc.mNativeObject= 0xb4000071bb6c28f0 caller= android.view.ViewRootImpl.updateBlastSurfaceIfNeeded:2909 android.view.ViewRootImpl.relayoutWindow:9847 android.view.ViewRootImpl.performTraversals:3884 android.view.ViewRootImpl.doTraversal:3116 android.view.ViewRootImpl$TraversalRunnable.run:10885 android.view.Choreographer$CallbackRecord.run:1301 android.view.Choreographer$CallbackRecord.run:1309 android.view.Choreographer.doCallbacks:923 android.view.Choreographer.doFrame:852 android.view.Choreographer$FrameDisplayEventReceiver.run:1283
01-31 00:23:15.755  9236  9236 I BLASTBufferQueue: update, w= 1080 h= 2400 mName = ViewRootImpl@b6f5aff[MainActivity] mNativeObject= 0xb40000722b66f7f0 sc.mNativeObject= 0xb4000071bb6c28f0 format= -1 caller= android.graphics.BLASTBufferQueue.<init>:84 android.view.ViewRootImpl.updateBlastSurfaceIfNeeded:2909 android.view.ViewRootImpl.relayoutWindow:9847 android.view.ViewRootImpl.performTraversals:3884 android.view.ViewRootImpl.doTraversal:3116 android.view.ViewRootImpl$TraversalRunnable.run:10885
01-31 00:23:15.756  9236  9236 I ViewRootImpl@b6f5aff[MainActivity]: Relayout returned: old=(0,0,1080,2400) new=(0,0,1080,2400) req=(1080,2400)0 dur=29 res=0x3 s={true 0xb4000072bb6873a0} ch=true seqId=0
01-31 00:23:15.756  1426  1485 W WindowManager: lockNow pending, ignore updating lockscreen timeout
01-31 00:23:15.757  9236  9236 I ViewRootImpl@b6f5aff[MainActivity]: mThreadedRenderer.initialize() mSurface={isValid=true 0xb4000072bb6873a0} hwInitialized=true
01-31 00:23:15.759  1027  1027 I display : [PrimaryDisplay] getColorModes:: Supported color modes [7, 7] (SRGB)
01-31 00:23:15.759  1027  1027 I display : [PrimaryDisplay] getColorModes:: Supported color modes [9, 9] (DISPLAY_P3)
01-31 00:23:15.759  1027  1027 I display : [PrimaryDisplay] getColorModes:: Supported color modes [0, 0] (NATIVE)
01-31 00:23:15.760  9236  9293 D OpenGLRenderer: eglCreateWindowSurface
01-31 00:23:15.761  1426  1485 W WindowManager: lockNow pending, ignore updating lockscreen timeout
01-31 00:23:15.763  1426  2489 V WindowManager: Relayout Window{f29e67d u0 KHCD.2aT.feed_timeline}: viewVisibility=8 req=1x2177 d0
01-31 00:23:15.764  1426  2489 W WindowManager: lockNow pending, ignore updating lockscreen timeout
01-31 00:23:15.765  1426  2489 V WindowManager: Relayout hash=f29e67d, pid=14240, syncId=-1: mAttrs={(0,0)(1xfill) sim={adjust=resize} ty=APPLICATION_ATTACHED_DIALOG fmt=TRANSLUCENT
01-31 00:23:15.765  1426  2489 V WindowManager:   fl=1020018
01-31 00:23:15.765  1426  2489 V WindowManager:   pfl=2000000
01-31 00:23:15.765  1426  2489 V WindowManager:   bhv=DEFAULT
01-31 00:23:15.765  1426  2489 V WindowManager:   fitTypes=STATUS_BARS NAVIGATION_BARS CAPTION_BAR IME naviIconColor=0}
01-31 00:23:15.766  1100  1100 I Layer   : id=133208 removeFromCurrentState Surface(name=c2abcc7 StatusBar)/@0x2f665b7 - animation-leash of insets_animation#133208 (262)
01-31 00:23:15.766  1100  1100 I Layer   : id=133209 removeFromCurrentState Surface(name=719c3fd NavigationBar0)/@0xe9d3c89 - animation-leash of insets_animation#133209 (262)
01-31 00:23:15.766  1100  1100 I Layer   : id=133219 removeFromCurrentState Surface(name=Task=17311)/@0x2ac9099 - animation-leash of app_transition#133219 (262)
01-31 00:23:15.766  1100  1100 I Layer   : id=133226 removeFromCurrentState Top Edge Extension#133226 (262)
01-31 00:23:15.766  1100  1100 I Layer   : id=133227 removeFromCurrentState bbq-wrapper#133227 (262)
01-31 00:23:15.766  1100  1100 I Layer   : id=133226 removeFromCurrentState Top Edge Extension#133226 (262)
01-31 00:23:15.766  1100  1100 I Layer   : id=133227 removeFromCurrentState bbq-wrapper#133227 (262)
01-31 00:23:15.766  1100  1100 I Layer   : id=133218 removeFromCurrentState DimAnimationLayer for Task=17311#133218 (262)
01-31 00:23:15.766  1100  1100 I SurfaceFlinger: [d0ae482 com.example.sportmatch/com.example.sportmatch.MainActivity#133228] FrameRatePriority: 1
01-31 00:23:15.766  1100  1100 D SurfaceFlinger: [input] inputWindowCommands.focusRequests size is 1
01-31 00:23:15.766  1100  1100 I SurfaceFlinger: id=133227 Removed bbq-wrapper#133227 (262)
01-31 00:23:15.766  1100  1100 I SurfaceFlinger: id=133219 Removed Surface(name=Task=17311)/@0x2ac9099 - animation-leash of app_transition#133219 (262)
01-31 00:23:15.767  1100  1100 I SurfaceFlinger: id=133226 Removed Top Edge Extension#133226 (262)
01-31 00:23:15.767  1100  1100 I SurfaceFlinger: id=133218 Removed DimAnimationLayer for Task=17311#133218 (262)
01-31 00:23:15.767  1100  1100 I Layer   : id=133219 Destroyed Surface(name=Task=17311)/@0x2ac9099 - animation-leash of app_transition#133219
01-31 00:23:15.767  1100  1100 I Layer   : id=133226 Destroyed Top Edge Extension#133226
01-31 00:23:15.767  1100  1100 I Layer   : id=133227 Destroyed bbq-wrapper#133227
01-31 00:23:15.768  1100  1100 I Layer   : id=133218 Destroyed DimAnimationLayer for Task=17311#133218
01-31 00:23:15.768  1100  1210 D SurfaceFlinger: [input] setFocusedWindow: d0ae482 com.example.sportmatch/com.example.sportmatch.MainActivity
01-31 00:23:15.769  1100  1100 D SurfaceFlinger: Display 4633128672291735932 HWC layers:
01-31 00:23:15.769  1100  1100 D SurfaceFlinger:      DEVICE | 0xb400007704b540d0 | 0100 | RGBA_8888    |    0.0    0.0 1080.0 2400.0 |    0    0 1080 2400 | Splash Screen com.example.sportmatch$_2448#133216
01-31 00:23:15.769  1100  1100 D SurfaceFlinger:      DEVICE | 0xb400007704b3e110 | 0100 | RGBA_8888    |    0.0    0.0 1080.0   88.0 |    0    0 1080   88 | StatusBar$_2448#94
01-31 00:23:15.769  1100  1100 D SurfaceFlinger:      DEVICE | 0xb400007704b4f590 | 0100 | RGBA_8888    |    0.0    0.0   67.0  342.0 |    0 1504   67 1846 | com.samsung.android.app.cocktailbars[...]vice.CocktailBarService$_5767#133211
01-31 00:23:15.769  1100  1100 D SurfaceFlinger:      DEVICE | 0xb400007704b483d0 | 0100 | RGBA_8888    |    0.0    0.0 1080.0  135.0 |    0 2265 1080 2400 | NavigationBar0$_2448#88
01-31 00:23:15.769  1100  1100 D SurfaceFlinger:
01-31 00:23:15.770  1426  1705 D InputDispatcher: Focus request (0): d0ae482 com.example.sportmatch/com.example.sportmatch.MainActivity but waiting because NOT_VISIBLE
01-31 00:23:15.770  1426  2416 D NetdEventListenerService: DNS Requested by : 156, 10438
01-31 00:23:15.771  2448  2448 D SamsungLightBarControlHelper: onStatusBarAppearanceChanged() -  sbModeChanged:false, statusBarMode:MODE_TRANSPARENT, barState:SHADE, isKeyguardShowing:false, navbarColorManagedByIme:false, stackAppearancesChanged:true, (AppearanceRegion{LIGHT_STATUS_BARS bounds=[0,0][1080,2400]}, ), packageName:com.example.sportmatch
01-31 00:23:15.771  2448  2448 D NavigationBar: onSystemBarAttributesChanged() -  displayId:0, appearance:16, packageName: com.example.sportmatch (APPEARANCE_LIGHT_NAVIGATION_BARS ), navbarColorManagedByIme:false
01-31 00:23:15.772  9236  9236 I ViewRootImpl@b6f5aff[MainActivity]: reportNextDraw android.view.ViewRootImpl.performTraversals:4438 android.view.ViewRootImpl.doTraversal:3116 android.view.ViewRootImpl$TraversalRunnable.run:10885 android.view.Choreographer$CallbackRecord.run:1301 android.view.Choreographer$CallbackRecord.run:1309
01-31 00:23:15.772  9236  9236 I ViewRootImpl@b6f5aff[MainActivity]: Setup new sync id=0
01-31 00:23:15.772  9236  9236 I ViewRootImpl@b6f5aff[MainActivity]: Setting syncFrameCallback
01-31 00:23:15.772  9236  9236 I ViewRootImpl@b6f5aff[MainActivity]: registerCallbacksForSync syncBuffer=false
01-31 00:23:15.773  9236  9337 D TrafficStats: tagSocket(110) with statsTag=0xffffffff, statsUid=-1
01-31 00:23:15.773 14240 14240 I ViewRootImpl@723daa4[feed_timeline]: Relayout returned: old=(539,88,540,2265) new=(539,88,540,2265) req=(1,2177)8 dur=27 res=0x2 s={false 0x0} ch=true seqId=0
01-31 00:23:15.774 14240 14240 I SurfaceView@c73547e: onWindowVisibilityChanged(8) false android.widget.VideoView{c73547e VFE...... ......I. 0,0-0,0 #7f0b3a73 app:id/video_view aid=1073741825} of ViewRootImpl@94b84ac[InstagramMainActivity]
01-31 00:23:15.774 14240 14240 D SurfaceView@c73547e: updateSurface: has no frame
01-31 00:23:15.775 14240 14240 I SurfaceView@2f66caa: onWindowVisibilityChanged(8) false android.widget.VideoView{2f66caa VFE...... ......I. 0,0-0,0 #7f0b3a73 app:id/video_view} of ViewRootImpl@94b84ac[InstagramMainActivity]
01-31 00:23:15.776 14240 14240 D SurfaceView@2f66caa: updateSurface: has no frame
01-31 00:23:15.776 14240 14240 I SurfaceView@2981ad6: onWindowVisibilityChanged(8) false android.widget.VideoView{2981ad6 VFE...... ......I. 0,0-0,0 #7f0b3a73 app:id/video_view aid=1073741826} of ViewRootImpl@94b84ac[InstagramMainActivity]
01-31 00:23:15.776 14240 14240 D SurfaceView@2981ad6: updateSurface: has no frame
01-31 00:23:15.780  2448  2448 D SamsungLightBarControlHelper: updateNavigation(Black button) isLightBar:false, hasLightBarNavigationBarFlag:true, packageName:com.example.sportmatch, DirectReplying:false, NavBarColorManagerdByIme:false, ForceDarkForScrim:false, QsCustomizing:false, PanelHasWhiteBg:false
01-31 00:23:15.785 14240 14427 D OpenGLRenderer: setSurface called with nullptr
01-31 00:23:15.785 14240 14427 D OpenGLRenderer: setSurface() destroyed EGLSurface
01-31 00:23:15.785 14240 14427 D OpenGLRenderer: destroyEglSurface
01-31 00:23:15.787  2448  2448 D SamsungLightBarControlHelper: updateStatus(BLACK icon) NumStacks:1, StatusBarMode:MODE_TRANSPARENT, lightBarBounds:[Rect(0, 0 - 1080, 2400)], StatusBarState:SHADE, packageName:com.example.sportmatch, isWhiteKeyguardStatusBarBySettings:false
01-31 00:23:15.795 14240 14240 I ViewRootImpl@94b84ac[InstagramMainActivity]: performTraversals mFirst=false windowShouldResize=false viewVisibilityChanged=true mForceNextWindowRelayout=false params=null
01-31 00:23:15.795  9236  9344 I ViewRootImpl@b6f5aff[MainActivity]: Received frameDrawingCallback syncResult=0 frameNum=1.
01-31 00:23:15.795  9236  9344 I ViewRootImpl@b6f5aff[MainActivity]: Setting up sync and frameCommitCallback
01-31 00:23:15.798  1426  4482 V WindowManager: Relayout Window{9c7c112 u0 com.instagram.android/com.instagram.mainactivity.InstagramMainActivity}: viewVisibility=8 req=1080x2400 d0
01-31 00:23:15.802  1426  4482 W WindowManager: lockNow pending, ignore updating lockscreen timeout
01-31 00:23:15.805  1426  4482 V WindowManager: Relayout hash=9c7c112, pid=14240, syncId=-1: mAttrs={(0,0)(fillxfill) sim={adjust=nothing forwardNavigation} layoutInDisplayCutoutMode=shortEdges ty=BASE_APPLICATION fmt=TRANSLUCENT wanim=0x1030309
01-31 00:23:15.805  1426  4482 V WindowManager:   fl=81810100
01-31 00:23:15.805  1426  4482 V WindowManager:   pfl=16020040
01-31 00:23:15.805  1426  4482 V WindowManager:   vsysui=700
01-31 00:23:15.805  1426  4482 V WindowManager:   bhv=DEFAULT
01-31 00:23:15.805  1426  4482 V WindowManager:   fitSides= naviIconColor=0}
01-31 00:23:15.805  2448  2448 I ViewRootImpl@ca191f7[NotificationShade]: performTraversals mFirst=false windowShouldResize=false viewVisibilityChanged=false mForceNextWindowRelayout=false params={(0,0)(fillxfill) gr=TOP CENTER_VERTICAL sim={adjust=resize} layoutInDisplayCutoutMode=always ty=NOTIFICATION_SHADE fmt=TRANSLUCENT
01-31 00:23:15.805  2448  2448 I ViewRootImpl@ca191f7[NotificationShade]:   fl=81840048
01-31 00:23:15.805  2448  2448 I ViewRootImpl@ca191f7[NotificationShade]:   pfl=1b000000
01-31 00:23:15.805  2448  2448 I ViewRootImpl@ca191f7[NotificationShade]:   vsysui=2000
01-31 00:23:15.805  2448  2448 I ViewRootImpl@ca191f7[NotificationShade]:   apr=LIGHT_STATUS_BARS
01-31 00:23:15.805  2448  2448 I ViewRootImpl@ca191f7[NotificationShade]:   bhv=SHOW_TRANSIENT_BARS_BY_SWIPE naviIconColor=0
01-31 00:23:15.805  2448  2448 I ViewRootImpl@ca191f7[NotificationShade]:   sfl=60000}
01-31 00:23:15.806   535   548 I servicemanager: Could not find android.hardware.graphics.allocator.IAllocator/default in the VINTF manifest.
01-31 00:23:15.807 11822  9136 I BaseThreadPoolExecutor: [#CMH#] afterExecute FutureTask
01-31 00:23:15.810  1100  1336 I SurfaceFlinger: id=133209 Removed Surface(name=719c3fd NavigationBar0)/@0xe9d3c89 - animation-leash of insets_animation#133209 (258)
01-31 00:23:15.810  1100  1336 I SurfaceFlinger: id=133208 Removed Surface(name=c2abcc7 StatusBar)/@0x2f665b7 - animation-leash of insets_animation#133208 (258)
01-31 00:23:15.811 11822  9136 I ControllerEventHandler: [#CMH#] Alive Privacy Ignored Policy Called:  false
01-31 00:23:15.813 11822 11855 I ControllerEventHandler: [#CMH#] POI Feature is False
01-31 00:23:15.816  1100  1100 I Layer   : id=133208 Destroyed Surface(name=c2abcc7 StatusBar)/@0x2f665b7 - animation-leash of insets_animation#133208
01-31 00:23:15.817  1100  1100 I Layer   : id=133209 Destroyed Surface(name=719c3fd NavigationBar0)/@0xe9d3c89 - animation-leash of insets_animation#133209
01-31 00:23:15.822 14240 14240 I ViewRootImpl@94b84ac[InstagramMainActivity]: Relayout returned: old=(0,0,1080,2400) new=(0,0,1080,2400) req=(1080,2400)8 dur=22 res=0x2 s={false 0x0} ch=true seqId=0
01-31 00:23:15.823 14240 14240 I SurfaceView@c73547e: windowStopped(true) false android.widget.VideoView{c73547e VFE...... ......I. 0,0-0,0 #7f0b3a73 app:id/video_view aid=1073741825} of ViewRootImpl@94b84ac[InstagramMainActivity]
01-31 00:23:15.823 14240 14240 D SurfaceView@c73547e: updateSurface: has no frame
01-31 00:23:15.823 14240 14240 I SurfaceView@2f66caa: windowStopped(true) false android.widget.VideoView{2f66caa VFE...... ......I. 0,0-0,0 #7f0b3a73 app:id/video_view} of ViewRootImpl@94b84ac[InstagramMainActivity]
01-31 00:23:15.823 14240 14240 D SurfaceView@2f66caa: updateSurface: has no frame
01-31 00:23:15.823 14240 14240 I SurfaceView@2981ad6: windowStopped(true) false android.widget.VideoView{2981ad6 VFE...... ......I. 0,0-0,0 #7f0b3a73 app:id/video_view aid=1073741826} of ViewRootImpl@94b84ac[InstagramMainActivity]
01-31 00:23:15.823 14240 14240 D SurfaceView@2981ad6: updateSurface: has no frame
01-31 00:23:15.823 14240 14240 D SurfaceView@c73547e: updateSurface: has no frame
01-31 00:23:15.824 14240 14240 D SurfaceView@2f66caa: updateSurface: has no frame
01-31 00:23:15.824 14240 14240 D SurfaceView@2981ad6: updateSurface: has no frame
01-31 00:23:15.844 14240 14249 I stagram.android: Background young concurrent copying GC freed 313416(11MB) AllocSpace objects, 91(4180KB) LOS objects, 9% free, 75MB/83MB, paused 575us,173us total 170.656ms
01-31 00:23:15.849  1426  1705 V WindowManager: Relayout Window{2390bad u0 NotificationShade}: viewVisibility=4 req=1080x2400 d0
01-31 00:23:15.851  1426  1705 W WindowManager: lockNow pending, ignore updating lockscreen timeout
01-31 00:23:15.852  1426  1705 V WindowManager: Relayout hash=2390bad, pid=2448, syncId=-1: mAttrs={(0,0)(fillxfill) gr=TOP CENTER_VERTICAL sim={adjust=resize} layoutInDisplayCutoutMode=always ty=NOTIFICATION_SHADE fmt=TRANSLUCENT
01-31 00:23:15.852  1426  1705 V WindowManager:   fl=81840048
01-31 00:23:15.852  1426  1705 V WindowManager:   pfl=1b000000
01-31 00:23:15.852  1426  1705 V WindowManager:   vsysui=2000
01-31 00:23:15.852  1426  1705 V WindowManager:   apr=LIGHT_STATUS_BARS
01-31 00:23:15.852  1426  1705 V WindowManager:   bhv=SHOW_TRANSIENT_BARS_BY_SWIPE naviIconColor=0
01-31 00:23:15.852  1426  1705 V WindowManager:   sfl=60000}
01-31 00:23:15.855  2448  2448 I ViewRootImpl@ca191f7[NotificationShade]: Relayout returned: old=(0,0,1080,2400) new=(0,0,1080,2400) req=(1080,2400)4 dur=48 res=0x0 s={false 0x0} ch=false seqId=38
01-31 00:23:15.858  2448  2448 I FaceWidgetPositionAlgorithm: getClockContainerHeight() supplier = 291, bottom margin = 0, real height = 359
01-31 00:23:15.858  2448  2448 I FaceWidgetPositionAlgorithm: getClockContainerHeight() supplier = 291, bottom margin = 68, real height = 359
01-31 00:23:15.858  2448  2448 I FaceWidgetPositionAlgorithm: getMediaContainerHeight() height = 489 container Visibility = 8, isValid = false, mIsDozing = false, fraction = 1.0, source = 0, target = 0
01-31 00:23:15.858  2448  2448 I FaceWidgetPositionAlgorithm: getMediaContainerHeight() supplier = 0
01-31 00:23:15.860  1426  1705 W WindowManager: lockNow pending, ignore updating lockscreen timeout
01-31 00:23:15.903  1426 11177 D SemWifiUsabilityStatsMonitor: onWifiUsabilityStats - seqNum 43835, isSameBssidAndFreq true
01-31 00:23:15.905  1426  2379 I SemWifiLinkQualityMonitor: Link Qos Query: 0.100 ms / 80.000 Mbps (130 / 0.000 / 1.625)
01-31 00:23:15.978  9236  9293 I BLASTBufferQueue: [ViewRootImpl@b6f5aff[MainActivity]#0](f:0,a:0) onFrameAvailable the first frame is available
01-31 00:23:15.979  9236  9293 I ViewRootImpl@b6f5aff[MainActivity]: Received frameCommittedCallback lastAttemptedDrawFrameNum=1 didProduceBuffer=true
01-31 00:23:15.980  9236  9293 D OpenGLRenderer: CFMS:: SetUp Pid : 9236    Tid : 9293
01-31 00:23:15.982  9236  9293 W Parcel  : Expecting binder but got null!
01-31 00:23:15.982  9236  9236 I ViewRootImpl@b6f5aff[MainActivity]: onSyncComplete
01-31 00:23:15.983  9236  9236 I ViewRootImpl@b6f5aff[MainActivity]: setupSync seqId=0 mSyncId=0 fn=1 caller=android.view.ViewRootImpl$$ExternalSyntheticLambda11.accept:6 android.window.SurfaceSyncer.lambda$setupSync$1$android-window-SurfaceSyncer:128 android.window.SurfaceSyncer$$ExternalSyntheticLambda1.accept:8 android.window.SurfaceSyncer$SyncSet.checkIfSyncIsComplete:382 android.window.SurfaceSyncer$SyncSet.markSyncReady:359 android.window.SurfaceSyncer.markSyncReady:151 android.view.ViewRootImpl.performTraversals:4503
01-31 00:23:15.983  9236  9236 I ViewRootImpl@b6f5aff[MainActivity]: reportDrawFinished seqId=0 mSyncId=-1 fn=1 mSurfaceChangedTransaction=0xb4000071eb66a030
01-31 00:23:15.986  1426  1485 W WindowManager: lockNow pending, ignore updating lockscreen timeout
01-31 00:23:15.992  1426  1485 W WindowManager: lockNow pending, ignore updating lockscreen timeout
01-31 00:23:15.998  9236  9279 D FA      : Connected to remote service
01-31 00:23:15.999  9236  9279 V FA      : Processing queued up service tasks: 5
01-31 00:23:16.003  1426  1485 I SemDvfsHyPerManager: acquire hyper - AMS_RESUME_TAIL/1426@22, type = -999
01-31 00:23:16.003  1426  1485 I SemDvfsHyPerManager: acquire hyper - AMS_ACT_LAZY/1426@23, type = -999
01-31 00:23:16.003  1037  1116 I HYPER-HAL: [RequestManager.cpp]acquire(): Acquired ID : 1049098  [1426 / 22]    HINT : AMS_RESUME_TAIL    list :
01-31 00:23:16.005  1037  1116 I HYPER-HAL: [RequestManager.cpp]releaseLocked(): Released ID : 1051999
01-31 00:23:16.006  7203  7203 I BCL@CoreSvc: (BixbyCoreService) unregisterCoreListener is triggered
01-31 00:23:16.007  7203  7203 I BCL@MainUi: (UiEventBus) Clear : 0
01-31 00:23:16.007  7203  7327 I BCL@MainUi: (ActivityWatcher) Unregister usageStatsWatcher
01-31 00:23:16.008  7203  7203 I BCL@Common: (CommonEventBus) remove subscription for so.i@e743b2c
01-31 00:23:16.008  7203  7203 I BCL@MainUi: (BixbyWindow) [ConversationWindow:163077502] onDestroy
01-31 00:23:16.008  7203  7203 I BCL@MainUi: (BixbyWindowManager) destroyWindow :ConversationWindow
01-31 00:23:16.008  7203  7203 I BCL@MainUi: (BixbyUiStateController) processState: start with NONE
01-31 00:23:16.008  7203  7203 I BCL@MainUi: (FlexCapsuleWindowController) setState() start : NONE
01-31 00:23:16.008  7203  7203 I BCL@MainUi: (FlexCapsuleWindowController) setState() end : NONE
01-31 00:23:16.008  7203  7203 I BCL@MainUi: (ConversationWindowController) setState(): start NONE
01-31 00:23:16.008  7203  7203 I BCL@MainUi: (ConversationWindowController) setState(): end NONE
01-31 00:23:16.008  7203  7203 I BCL@MainUi: (FlexMessageWindowController) setState(): start NONE
01-31 00:23:16.008  7203  7203 I BCL@MainUi: (FlexMessageWindowController) setState(): end NONE
01-31 00:23:16.008  7203  7203 I BCL@MainUi: (TypingCommandWindowController) setState() start : NONE
01-31 00:23:16.008  7203  7203 I BCL@MainUi: (TypingCommandWindowController) setState() end : NONE
01-31 00:23:16.008  7203  7203 I BCL@MainUi: (CoverWindowController) setState(): start NONE
01-31 00:23:16.009  7203  7203 I BCL@MainUi: (CoverWindowController) setState(): end NONE
01-31 00:23:16.009  7203  7203 I BCL@MainUi: (WakeupLessCommandWindowController) setState() start : NONE
01-31 00:23:16.009  7203  7203 I BCL@MainUi: (WakeupLessCommandWindowController) setState() end : NONE
01-31 00:23:16.009  7203  7203 I BCL@MainUi: (BixbyUiStateController) processState: end with NONE
01-31 00:23:16.011  1426  1479 W ziparchive: Unable to open '/data/app/~~2XNX5ITrissHIoO2R63WLw==/com.example.sportmatch-MY6FPdVBrhmzBfIO5bEpAw==/base.dm': No such file or directory
01-31 00:23:16.014  1426  1479 I PkgPredictorService-SecIpmManagerServiceImpl: reportToNAP uid:10438 com.example.sportmatch/com.example.sportmatch.MainActivity thisTime:1108
01-31 00:23:16.016  1100  1100 I Layer   : Layer [com.example.sportmatch/com.example.sportmatch.MainActivity$_9236#133229] hidden!! flag(0)
01-31 00:23:16.016  7203  7203 I BCL@CoreSvc: (BixbyCoreService) onDestroy()
01-31 00:23:16.016   981   981 E audit   : type=1400 audit(1706653396.013:884190): avc:  denied  { search } for  pid=1096 comm="perfmond" name="host0" dev="sysfs" ino=73001 scontext=u:r:perfmond:s0 tcontext=u:object_r:sysfs_ski_ufs_writable:s0 tclass=dir permissive=0 SEPF_SM-A536B_12_0001 audit_filtered
01-31 00:23:16.016  7203  7335 I AudioManagerWrapper: Ph_abandonAudioFocus : true, remain : 0 [PhAMWrapper]
01-31 00:23:16.016  7203  7203 I BCL@CoreSvc: (CoreService) performance destroy()
01-31 00:23:16.017  7203  7852 I BCL@CoreSvc: (MediaStateManager) clear()
01-31 00:23:16.018  7203  7203 I BCL@CoreSvc: (ConversationInfo) isOnline: true
01-31 00:23:16.018  7203  7203 I BCL@CoreSvc: (BixbyEventBus) publish event : TYPE_ONDEVICE_ASR_RESULT
01-31 00:23:16.018  7203  7203 I BCL@CoreSvc: (BixbyEventBus) There is no subscriber about TYPE_ONDEVICE_ASR_RESULT, ignore it.
01-31 00:23:16.018  7203  7203 I BCL@CoreSvc: (RendererLifeCycleObserver) onDestroy
01-31 00:23:16.020  7203  7203 I BCL@CoreSvc: (EndPointBroadcastReceiver) unregisterEndPointsBroadcastReceivers
01-31 00:23:16.020  1426  1705 D InputDispatcher: Focus entered window (0): d0ae482 com.example.sportmatch/com.example.sportmatch.MainActivity
01-31 00:23:16.020  7203  7807 I BCL@CoreSvc: (AuthenticationManager) onDestroy
01-31 00:23:16.020  7203  7203 I BCL@CoreSvc: (PackageUpdateReceiver) unregisterEndPointsBroadcastReceivers
01-31 00:23:16.023  7203  7203 I BCL@CoreSvc: (SessionAlarmTimer) clear()
01-31 00:23:16.023  7203  7203 I BCL@CoreSvc: (QuickCommandManager) setQuickCommandState(DESTROYED)
01-31 00:23:16.024  1100  1333 I SurfaceFlinger: id=133232 createSurf flag=24000, Surface(name=d0ae482 com.example.sportmatch/com.example.sportmatch.MainActivity)/@0xa9b0056 - animation-leash of starting_reveal#133232
01-31 00:23:16.025  7203  9354 I BCL@CoreSvc: (RendererLifeCycleObserver) run - renderer update check [START]
01-31 00:23:16.025  7203  9354 I BCL@CoreSvc: (Renderer) updateRendererContent
01-31 00:23:16.025  7203  9354 I BCL@CoreSvc: (Renderer) get
01-31 00:23:16.026  7203  9354 I BCL@CoreSvc: (BixbyRendererManifest) checkManifest
01-31 00:23:16.026  1100  1100 D SurfaceFlinger: Display 4633128672291735932 HWC layers:
01-31 00:23:16.026  1100  1100 D SurfaceFlinger:      DEVICE | 0xb400007704b47090 | 0102 | RGBA_8888    |    0.0    0.0 1080.0 2400.0 |    0    0 1080 2400 | com.example.sportmatch/com.example.sportmatch.MainActivity$_9236#133229
01-31 00:23:16.026  1100  1100 D SurfaceFlinger:      DEVICE | 0xb400007704b540d0 | 0100 | RGBA_8888    |    0.0    0.0 1080.0 2400.0 |    0    0 1080 2400 | Splash Screen com.example.sportmatch$_2448#133216
01-31 00:23:16.026  1100  1100 D SurfaceFlinger:      DEVICE | 0xb400007704b498d0 | 0100 | RGBA_8888    |    0.0    0.0 1080.0   88.0 |    0    0 1080   88 | StatusBar$_2448#94
01-31 00:23:16.026  1100  1100 D SurfaceFlinger:      DEVICE | 0xb400007704b4f590 | 0100 | RGBA_8888    |    0.0    0.0   67.0  342.0 |    0 1504   67 1846 | com.samsung.android.app.cocktailbars[...]vice.CocktailBarService$_5767#133211
01-31 00:23:16.026  1100  1100 D SurfaceFlinger:      DEVICE | 0xb400007704b501d0 | 0100 | RGBA_8888    |    0.0    0.0 1080.0  135.0 |    0 2265 1080 2400 | NavigationBar0$_2448#88
01-31 00:23:16.026  1100  1100 D SurfaceFlinger:
01-31 00:23:16.026  7203  9354 I BCL@CoreSvc: (BixbyRendererManifest) Read local Manifest file.
01-31 00:23:16.030  7203  7807 I BCL@CoreSvc: (CloudServiceLifeCycleObserver) onDestroy()
01-31 00:23:16.031  7203  7203 I BCL@CoreSvc: (SettingsDataManagerObserver) dispose
01-31 00:23:16.031  7203  7203 I BCL@Common: (LocationService) release()
01-31 00:23:16.031  7203  7203 E BCL@Vendor: (SecGeoLocationService) Null listener
01-31 00:23:16.031  1426  1485 W WindowManager: lockNow pending, ignore updating lockscreen timeout
01-31 00:23:16.031  7203  7203 I BCL@CoreSvc: (UnlockReceiver) unregisterUnlockReceiver() : false
01-31 00:23:16.031  7203  7203 I BCL@CoreSvc: (OkHttpClientWrapper) uninit
01-31 00:23:16.031  7203  7203 I BCL@CoreSvc: (TtsHandler) shutdown
01-31 00:23:16.032  7203  7203 I BCL@CoreSvc: (TtsService) uninit 112382554
01-31 00:23:16.032  7203  7203 W BCL@CoreSvc: (BixbyHistory) Clear history!!!
01-31 00:23:16.032  7203  7203 I BCL@CoreSvc: (RefreshIntentExecutor) onDestroy
01-31 00:23:16.033  7203  7203 I BCL@CoreSvc: (SmartAssistDelegatorImpl) onDestroy..
01-31 00:23:16.033  7203  7203 I BCL@CoreSvc: (NlEpdWrapperManager) onDestroy
01-31 00:23:16.036  7203  7203 I EpdManager: Ph_stop [main]
01-31 00:23:16.037  9236  9236 I ViewRootImpl@b6f5aff[MainActivity]: MSG_WINDOW_FOCUS_CHANGED 1 0
01-31 00:23:16.037  7203  7203 I EpdManager: Ph_release [main]
01-31 00:23:16.037  7203  7203 I BCL@CoreSvc: (EventQueueServiceImpl) clearAll
01-31 00:23:16.037  9236  9236 I ViewRootImpl@b6f5aff[MainActivity]: mThreadedRenderer.initializeIfNeeded()#2 mSurface={isValid=true 0xb4000072bb6873a0}
01-31 00:23:16.037  1426  1479 I ActivityTaskManager: Displayed com.example.sportmatch/.MainActivity: +1s108ms
01-31 00:23:16.039  9236  9236 D InputMethodManager: startInputInner - Id : 0
01-31 00:23:16.039  9236  9236 I InputMethodManager: startInputInner - mService.startInputOrWindowGainedFocus
01-31 00:23:16.040 14240 14240 I ViewRootImpl@94b84ac[InstagramMainActivity]: stopped(true) old = false
01-31 00:23:16.040 14240 14240 I ViewRootImpl@94b84ac[InstagramMainActivity]: WindowStopped on com.instagram.android/com.instagram.mainactivity.InstagramMainActivity set to true
01-31 00:23:16.040  2448  2536 D OpenGLRenderer: setSurface called with nullptr
01-31 00:23:16.040  2448  2536 D OpenGLRenderer: setSurface() destroyed EGLSurface
01-31 00:23:16.040  2448  2536 D OpenGLRenderer: destroyEglSurface
01-31 00:23:16.043  2448  2522 I ViewRootImpl@387dde6[sportmatch]: performTraversals params={(0,0)(fillxfill) sim={adjust=pan} ty=APPLICATION_STARTING fmt=TRANSLUCENT wanim=0x1030309 alpha=0.0
01-31 00:23:16.043  2448  2522 I ViewRootImpl@387dde6[sportmatch]:   fl=81030118
01-31 00:23:16.043  2448  2522 I ViewRootImpl@387dde6[sportmatch]:   pfl=16000010
01-31 00:23:16.043  2448  2522 I ViewRootImpl@387dde6[sportmatch]:   bhv=DEFAULT
01-31 00:23:16.043  2448  2522 I ViewRootImpl@387dde6[sportmatch]:   fitSides= naviIconColor=0}
01-31 00:23:16.043  2448  2522 I ViewRootImpl@387dde6[sportmatch]: performTraversals mFirst=false windowShouldResize=false viewVisibilityChanged=true mForceNextWindowRelayout=false params={(0,0)(fillxfill) sim={adjust=pan} ty=APPLICATION_STARTING fmt=TRANSLUCENT wanim=0x1030309 alpha=0.0
01-31 00:23:16.043  2448  2522 I ViewRootImpl@387dde6[sportmatch]:   fl=81030118
01-31 00:23:16.043  2448  2522 I ViewRootImpl@387dde6[sportmatch]:   pfl=16000010
01-31 00:23:16.043  2448  2522 I ViewRootImpl@387dde6[sportmatch]:   bhv=DEFAULT
01-31 00:23:16.043  2448  2522 I ViewRootImpl@387dde6[sportmatch]:   fitSides= naviIconColor=0}
01-31 00:23:16.044  3326  3326 E pageboostd: Received HALT command code 2
01-31 00:23:16.046 14240 14311 W MultiSignalANRDetectorLacrima: Moving to background
01-31 00:23:16.046  1426  4488 V WindowManager: Relayout Window{4c5726f u0 Splash Screen com.example.sportmatch}: viewVisibility=8 req=1080x2400 d0
01-31 00:23:16.047  7203  9354 I BCL@CoreSvc: (BixbyRendererManifest) shouldRefreshManifestFile
01-31 00:23:16.047  7203  9354 I BCL@CoreSvc: (BixbyRendererManifest) Successfully validated the local copy of renderer manifest file
01-31 00:23:16.047  7203  9354 I BCL@CoreSvc: (BixbyRendererManifest) shouldRefreshRendererFiles
01-31 00:23:16.047  1426  4488 W WindowManager: lockNow pending, ignore updating lockscreen timeout
01-31 00:23:16.048 14240 14240 I ViewRootImpl@723daa4[feed_timeline]: stopped(true) old = false
01-31 00:23:16.048 14240 14240 I ViewRootImpl@723daa4[feed_timeline]: WindowStopped on KHCD.2aT.feed_timeline set to true
01-31 00:23:16.048  7203  7807 I BCL@CoreSvc: (CloudService) disconnect : i1{delegate=g1{logId=1, target=prd-euw1-user.aibixby.com:443}}
01-31 00:23:16.049  1100  1100 I Layer   : Layer [Splash Screen com.example.sportmatch$_2448#133216] hidden!! flag(1)
01-31 00:23:16.049 24460 24460 I Choreographer: Skipped 55 frames!  The application may be doing too much work on its main thread.
01-31 00:23:16.049  1426  4488 V WindowManager: Relayout hash=4c5726f, pid=2448, syncId=-1: mAttrs={(0,0)(fillxfill) sim={adjust=pan} ty=APPLICATION_STARTING fmt=TRANSLUCENT wanim=0x1030309 alpha=0.0
01-31 00:23:16.049  1426  4488 V WindowManager:   fl=81030118
01-31 00:23:16.049  1426  4488 V WindowManager:   pfl=16000010
01-31 00:23:16.049  1426  4488 V WindowManager:   bhv=DEFAULT
01-31 00:23:16.049  1426  4488 V WindowManager:   fitSides= naviIconColor=0}
01-31 00:23:16.050  7203  7807 I BCL@CoreSvc: (CloudService) unregisterDefaultNetworkCallback()
01-31 00:23:16.051  2448  2522 I ViewRootImpl@387dde6[sportmatch]: Relayout returned: old=(0,0,1080,2400) new=(0,0,1080,2400) req=(1080,2400)8 dur=7 res=0x2 s={false 0x0} ch=true seqId=0
01-31 00:23:16.051  2448  2522 I ViewRootImpl@387dde6[sportmatch]: dispatchDetachedFromWindow
01-31 00:23:16.051  1426  2528 D InputMethodManagerService: mDesktopModeManager null!
01-31 00:23:16.051  1426  2528 V InputMethodManagerService: getDisplayIdOfInputMethodWindowToBeAdded: displayId=0
01-31 00:23:16.051  7203  7807 I BCL@CoreSvc: (SpeechControl) deInit
01-31 00:23:16.052  7203  7807 I BCL@CoreSvc: (AudioRecorder) getState : READY:180867434
01-31 00:23:16.052  7203  7807 I BCL@CoreSvc: (AudioBuffer) releaseRecorder
01-31 00:23:16.052  7203  7807 I BCL@CoreSvc: (AudioRecorder) release 180867434
01-31 00:23:16.052  1426  4476 D InputTransport: Input channel destroyed: '4c5726f', fd=1311
01-31 00:23:16.052  7203  7807 I PhAudioSession: Ph_stopSession [CoreService]
01-31 00:23:16.052 14240 14427 D OpenGLRenderer: setSurface called with nullptr
01-31 00:23:16.052  1426  2528 D InputTransport: Input channel constructed: 'ClientS', fd=1178
01-31 00:23:16.052  1426  2528 D InputTransport: Input channel constructed: 'ClientS', fd=1179
01-31 00:23:16.052  7203  7807 I AudioSessionImpl: Ph_stopSession [CoreService]
01-31 00:23:16.053  1426  4476 W InputManager-JNI: Input channel object '4c5726f Splash Screen com.example.sportmatch (client)' was disposed without first being removed with the input manager!
01-31 00:23:16.053  1426  4476 D InputTransport: Input channel destroyed: '4c5726f', fd=1312
01-31 00:23:16.053  7203  7807 I PhAudioSession: Ph_Close AudioReader::storage close status:true [CoreService]
01-31 00:23:16.053  7203  7807 I BCL@CoreSvc: (AudioRecorder) releaseWorker
01-31 00:23:16.053  7203  7807 I BCL@CoreSvc: (AsrRequestExecutor) release : true
01-31 00:23:16.053  7203  7807 W BCL@CoreSvc: (AudioCodecOpus) Already uninitialized
01-31 00:23:16.053  7203  7807 I BTProfileHelper: Ph_unregister qk.b2@ee24c14 [CoreService]
01-31 00:23:16.054  7203  7807 I BTProfileHelper: Ph_remove EventListener [CoreService]
01-31 00:23:16.054  1426  2528 D InputTransport: Input channel destroyed: 'ClientS', fd=1179
01-31 00:23:16.054  7203  7807 I BCL@CoreSvc: (EventSender) onDestroy
01-31 00:23:16.057  1426  2325 D ConnectivityService:  Removing from current network [156 WIFI], leaving 163 requests.
01-31 00:23:16.058  1100  1100 D SurfaceFlinger: Display 4633128672291735932 HWC layers:
01-31 00:23:16.058  1100  1100 D SurfaceFlinger:      DEVICE | 0xb400007704b48910 | 0102 | RGBA_8888    |    0.0    0.0 1080.0 2400.0 |    0    0 1080 2400 | com.example.sportmatch/com.example.sportmatch.MainActivity$_9236#133229
01-31 00:23:16.058  1100  1100 D SurfaceFlinger:      DEVICE | 0xb400007704b498d0 | 0100 | RGBA_8888    |    0.0    0.0 1080.0   88.0 |    0    0 1080   88 | StatusBar$_2448#94
01-31 00:23:16.058  1100  1100 D SurfaceFlinger:      DEVICE | 0xb400007704b4f590 | 0100 | RGBA_8888    |    0.0    0.0   67.0  342.0 |    0 1504   67 1846 | com.samsung.android.app.cocktailbars[...]vice.CocktailBarService$_5767#133211
01-31 00:23:16.058  1100  1100 D SurfaceFlinger:      DEVICE | 0xb400007704b501d0 | 0100 | RGBA_8888    |    0.0    0.0 1080.0  135.0 |    0 2265 1080 2400 | NavigationBar0$_2448#88
01-31 00:23:16.058  1100  1100 D SurfaceFlinger:
01-31 00:23:16.058  1426  4476 W WindowManager: lockNow pending, ignore updating lockscreen timeout
01-31 00:23:16.059  2448  2522 D InputTransport: Input channel destroyed: '4c5726f', fd=321
01-31 00:23:16.061  1426  4481 D InputMethodManagerService: isImeSwitcherDisabledPackage : false
01-31 00:23:16.063  1426  4481 D InputMethodManagerService: checkDisplayOfStartInputAndUpdateKeyboard: displayId=0, mFocusedDisplayId=0
01-31 00:23:16.063  1426  4481 D InputTransport: Input channel constructed: 'ClientS', fd=1179
01-31 00:23:16.063  1426  1485 W WindowManager: lockNow pending, ignore updating lockscreen timeout
01-31 00:23:16.063 14240 14240 I MSHandlerLifeCycle: removeMultiSplitHandler: no exist. decor=DecorView@80a9bcc[InstagramMainActivity]
01-31 00:23:16.063  1426  4481 D InputTransport: Input channel destroyed: 'ClientS', fd=1179
01-31 00:23:16.064  9236  9236 D InputMethodManager: startInputInner - Id : 0
01-31 00:23:16.064 14240 14240 D SurfaceView@c73547e: updateSurface: has no frame
01-31 00:23:16.064 14240 14240 D SurfaceView@2f66caa: updateSurface: has no frame
01-31 00:23:16.064 14240 14240 D SurfaceView@2981ad6: updateSurface: has no frame
01-31 00:23:16.065  1100  1100 I Layer   : id=133215 removeFromCurrentState 4c5726f Splash Screen com.example.sportmatch#133215 (257)
01-31 00:23:16.065  1100  1100 I Layer   : id=133216 removeFromCurrentState Splash Screen com.example.sportmatch$_2448#133216 (257)
01-31 00:23:16.065  1100  1100 I Layer   : id=133232 removeFromCurrentState Surface(name=d0ae482 com.example.sportmatch/com.example.sportmatch.MainActivity)/@0xa9b0056 - animation-leash of starting_reveal#133232 (257)
01-31 00:23:16.065  1100  1100 I Layer   : id=133216 removeFromCurrentState Splash Screen com.example.sportmatch$_2448#133216 (257)
01-31 00:23:16.065  1100  1100 I SurfaceFlinger: id=133215 Removed 4c5726f Splash Screen com.example.sportmatch#133215 (257)
01-31 00:23:16.065  1100  1100 I SurfaceFlinger: id=133216 Removed Splash Screen com.example.sportmatch$_2448#133216 (257)
01-31 00:23:16.066  1100  1100 I Layer   : id=133215 Destroyed 4c5726f Splash Screen com.example.sportmatch#133215
01-31 00:23:16.066  1100  1100 I Layer   : id=133216 Destroyed Splash Screen com.example.sportmatch$_2448#133216
01-31 00:23:16.067 14240 14240 I ViewRootImpl@723daa4[feed_timeline]: dispatchDetachedFromWindow
01-31 00:23:16.069  1426  3027 D InputTransport: Input channel destroyed: 'f29e67d', fd=835
01-31 00:23:16.069  1426  3027 W InputManager-JNI: Input channel object 'f29e67d KHCD.2aT.feed_timeline (client)' was disposed without first being removed with the input manager!
01-31 00:23:16.069  1426  3027 D InputTransport: Input channel destroyed: 'f29e67d', fd=886
01-31 00:23:16.072  1426  3027 W WindowManager: lockNow pending, ignore updating lockscreen timeout
01-31 00:23:16.075  2448  2448 D SamsungLightBarControlHelper: onStatusBarAppearanceChanged() -  sbModeChanged:false, statusBarMode:MODE_TRANSPARENT, barState:SHADE, isKeyguardShowing:false, navbarColorManagedByIme:false, stackAppearancesChanged:true, (AppearanceRegion{ bounds=[0,0][1080,2400]}, ), packageName:com.example.sportmatch
01-31 00:23:16.075  2448  2448 D NavigationBar: onSystemBarAttributesChanged() -  displayId:0, appearance:0, packageName: com.example.sportmatch, navbarColorManagedByIme:false
01-31 00:23:16.076  2448  2448 D SamsungLightBarControlHelper: updateNavigation(White button) isLightBar:false, hasLightBarNavigationBarFlag:false, packageName:com.example.sportmatch, DirectReplying:false, NavBarColorManagerdByIme:false, ForceDarkForScrim:false, QsCustomizing:false, PanelHasWhiteBg:false
01-31 00:23:16.076  2448  2448 D SamsungLightBarControlHelper: updateStatus(WHITE icon) NumStacks:1, StatusBarMode:MODE_TRANSPARENT, lightBarBounds:[], StatusBarState:SHADE, packageName:com.example.sportmatch, isWhiteKeyguardStatusBarBySettings:false
01-31 00:23:16.077  1217  4272 I CameraService: onUidStateChanged: uid=10043, procState is changed. (1 -> 0)
01-31 00:23:16.078 14240 14240 D InputTransport: Input channel destroyed: 'f29e67d', fd=192
01-31 00:23:16.078 14240 14240 D InputTransport: Input channel destroyed: 'ClientS', fd=287
01-31 00:23:16.080  7203  7203 I BCL@CoreSvc: (AccessTokenExtensionReceiver) onReceive() class com.samsung.android.bixby.receiver.token.LazyBootCompleteReceiver
01-31 00:23:16.082  7203  7251 I BCL@CoreSvc: (AccessTokenExtensionReceiver) token expire time : 2024-01-31 12:10:12 [1706695812095]
01-31 00:23:16.082  7203  7251 I BCL@CoreSvc: (AccessTokenExtensionReceiver) current time : 2024-01-31 00:23:16 [1706653396081]
01-31 00:23:16.082  1100  1100 I Layer   : id=133210 removeFromCurrentState KHCD.2aT.feed_timeline$_14240#133210 (255)
01-31 00:23:16.082  1100  1100 I Layer   : id=133205 removeFromCurrentState f29e67d KHCD.2aT.feed_timeline#133205 (255)
01-31 00:23:16.082  1100  1100 I Layer   : id=133207 removeFromCurrentState com.instagram.android/com.instagram.mainactivity.InstagramMainActivity$_14240#133207 (255)
01-31 00:23:16.082  1100  1100 I SurfaceFlinger: id=133207 Removed com.instagram.android/com.instagram.mainactivity.InstagramMainActivity$_14240#133207 (255)
01-31 00:23:16.082  1100  1100 I SurfaceFlinger: id=133210 Removed KHCD.2aT.feed_timeline$_14240#133210 (255)
01-31 00:23:16.082  1100  1100 I SurfaceFlinger: id=133205 Removed f29e67d KHCD.2aT.feed_timeline#133205 (255)
01-31 00:23:16.083  1100  1100 I Layer   : id=133207 Destroyed com.instagram.android/com.instagram.mainactivity.InstagramMainActivity$_14240#133207
01-31 00:23:16.083  1100  1100 I Layer   : id=133205 Destroyed f29e67d KHCD.2aT.feed_timeline#133205
01-31 00:23:16.083  1100  1100 I Layer   : id=133210 Destroyed KHCD.2aT.feed_timeline$_14240#133210
01-31 00:23:16.091  7203  9354 I BCL@CoreSvc: (BixbyRendererManifest) Files:
01-31 00:23:16.091  7203  9354 I BCL@CoreSvc: [frame.b5836b14c4b4d4ba07a4.html, uiBundle.85b1a5daf936a69249a1.js, vendors~widgets.6ea82b71792cd8b328cf.js, vendors~actions.cef38a1b910224ec206f.css, vendors~maps.3ffef14e99b5052909f9.js, uiBundle.71aa64ffab7dc47d53e1.css, index.2f33bd6e95f3fac020ce.html, vendors~widgets.f6f89330188c1ea69cb9.css, localeData.en-GB.28f1213f9de328a8a97d.js]
01-31 00:23:16.091  7203  9354 I BCL@CoreSvc: exists
01-31 00:23:16.093  7203  7251 I BCL@CoreSvc: (AccessTokenExtensionReceiver) setAlarm after: 2024-01-31 11:20:12 [1706692812095]
01-31 00:23:16.103  1426  1493 I libprocessgroup: Successfully killed process cgroup uid 10253 pid 7441 in 6ms
01-31 00:23:16.116  6115  6115 I HBD     : HoneyBoardService onFinishInput
01-31 00:23:16.118  1100  1331 I SurfaceFlinger: id=133233 createSurf flag=24004, Surface(name=1e49913 InputMethod)/@0x940201a - animation-leash of insets_animation#133233
01-31 00:23:16.127  6115  6115 I HBD     : a IC have been unbinding,  RemoteInputConnection{idHash=#aeed07}
01-31 00:23:16.127  1426  1485 W WindowManager: lockNow pending, ignore updating lockscreen timeout
01-31 00:23:16.127  6115  6115 I HBD     : HoneyBoardService [PF_CL][onFinishInput]  11 ms
01-31 00:23:16.127  6115  6115 I HBD     : HoneyBoardService [IMI] onStartInput - caller pid : 9236 , caller uid : 10438
01-31 00:23:16.127  6115  6115 I HBD     : j updateConfigs
01-31 00:23:16.127  6115  6115 I HBD     : j isEnabledNightMode : true
01-31 00:23:16.127  6115  6115 I HBD     : a IC have been binding, RemoteInputConnection{idHash=#11d3e34}
01-31 00:23:16.128  6115  6115 I HBD     : h [EditorInputType]setPrivateImeOptionsToTable privateImeOptions ( null )
01-31 00:23:16.128  6115  6115 I HBD     : b incognitoMode : false
01-31 00:23:16.128  6115  6115 I HBD     : b needOff = true , isForceOff = false, isNullInputClass : true
01-31 00:23:16.132  1100  1100 I Layer   : id=133141 removeFromCurrentState Surface(name=1e49913 InputMethod)/@0x940201a - animation-leash of insets_animation#133141 (253)
01-31 00:23:16.132  1100  1100 I SurfaceFlinger: id=133141 Removed Surface(name=1e49913 InputMethod)/@0x940201a - animation-leash of insets_animation#133141 (253)
01-31 00:23:16.132  1100  1100 I Layer   : id=133141 Destroyed Surface(name=1e49913 InputMethod)/@0x940201a - animation-leash of insets_animation#133141
01-31 00:23:16.138  6115  6115 I HBD     : h getDefaultInputRange : UNKNOWN
01-31 00:23:16.138  1426  1705 D InputMethodManagerService: isImeSwitcherDisabledPackage : false
01-31 00:23:16.141 12143 14246 I FontLog : (REDACTED) Received query %s, URI %s
01-31 00:23:16.141 12143 14246 I FontLog : (REDACTED) Query [%s] resolved to %s
01-31 00:23:16.144  6115  6115 I HBD     : h getDefaultInputRange : UNKNOWN
01-31 00:23:16.144  6115  6115 I HBD     : h getDefaultInputRange : UNKNOWN
01-31 00:23:16.145 12143 14246 I FontLog : (REDACTED) Fetch %s end status %s
01-31 00:23:16.153 12143 12159 I FontLog : (REDACTED) Pulling font file for id = %d, cache size = %d
01-31 00:23:16.155  1007  1007 I Zygote  : Process 7441 exited due to signal 9 (Killed)
01-31 00:23:16.155  2448  2448 I ViewRootImpl@ca191f7[NotificationShade]: performTraversals mFirst=false windowShouldResize=false viewVisibilityChanged=false mForceNextWindowRelayout=false params={(0,0)(fillxfill) gr=TOP CENTER_VERTICAL sim={adjust=resize} layoutInDisplayCutoutMode=always ty=NOTIFICATION_SHADE fmt=TRANSLUCENT
01-31 00:23:16.155  2448  2448 I ViewRootImpl@ca191f7[NotificationShade]:   fl=81840048
