01-30 23:25:23.399 14070 14070 V ActivityScenario: Activity lifecycle changed event received but ignored because the intent does not match. startActivityIntent=Intent { act=android.intent.action.MAIN cat=[android.intent.category.LAUNCHER] flg=0x10008000 cmp=com.example.sportmatch/.MainActivity }, activity.getIntent()=Intent { cmp=com.example.sportmatch/.LoginActivity }, activity=com.example.sportmatch.LoginActivity@f28d420
01-30 23:25:23.400 14070 14070 I MSHandlerLifeCycle: check: return. pkg=com.example.sportmatch parent=null callers=com.android.internal.policy.DecorView.setVisibility:4412 android.app.ActivityThread.handleResumeActivity:5476 android.app.servertransaction.ResumeActivityItem.execute:54 android.app.servertransaction.ActivityTransactionItem.execute:45 android.app.servertransaction.TransactionExecutor.executeLifecycleState:176
01-30 23:25:23.400 14070 14070 I MSHandlerLifeCycle: removeMultiSplitHandler: no exist. decor=DecorView@1b5311[]
01-30 23:25:23.402 14070 14106 V FA      : Activity resumed, time: 589513503
01-30 23:25:23.404 14070 14114 D NativeCustomFrequencyManager: [NativeCFMS] BpCustomFrequencyManager::BpCustomFrequencyManager()
01-30 23:25:23.405  1426  4482 D InputTransport: Input channel constructed: '2e2a8ac', fd=880
01-30 23:25:23.406  1426  4482 D InputTransport: Input channel constructed: '2e2a8ac', fd=905
01-30 23:25:23.406  1426  4482 D InputTransport: Input channel constructed: '2e2a8ac', fd=907
01-30 23:25:23.406  1100  1331 I SurfaceFlinger: id=129933 createSurf flag=80004, 2e2a8ac com.example.sportmatch/com.example.sportmatch.LoginActivity#129933
01-30 23:25:23.407  1426  4482 D InputTransport: Input channel destroyed: '2e2a8ac', fd=907
01-30 23:25:23.410 14070 14070 D InsetsController: onStateChanged: InsetsState: {mDisplayFrame=Rect(0, 0 - 1080, 2400), mDisplayCutout=DisplayCutout{insets=Rect(0, 88 - 0, 0) waterfall=Insets{left=0, top=0, right=0, bottom=0} boundingRect={Bounds=[Rect(0, 0 - 0, 0), Rect(512, 0 - 568, 88), Rect(0, 0 - 0, 0), Rect(0, 0 - 0, 0)]} cutoutPathParserInfo={CutoutPathParserInfo{displayWidth=1080 displayHeight=2400 physicalDisplayWidth=1080 physicalDisplayHeight=2400 density={2.8125} cutoutSpec={M 0,0 M 0,11.43427858034597 a 9.899054752987353,9.899054752987353 0 1,0 0,19.79810950597471 a 9.899054752987353,9.899054752987353 0 1,0 0,-19.79810950597471 Z @dp} rotation={0} scale={1.0} physicalPixelDisplaySizeRatio={1.0}}}}, mRoundedCorners=RoundedCorners{[RoundedCorner{position=TopLeft, radius=90, center=Point(90, 90)}, RoundedCorner{position=TopRight, radius=90, center=Point(990, 90)}, RoundedCorner{position=BottomRight, radius=90, center=Point(990, 2310)}, RoundedCorner{position=BottomLeft, radius=90, center=Point(90, 2310)}]}  mRoundedCornerFrame=Rect(0, 0 - 1080, 2400), mPrivacyIndicatorBounds=PrivacyIndicatorBounds {static bounds=Rect(956, 0 - 1080, 88) rotation=0}, mSources= { InsetsSource: {mType=ITYPE_STATUS_BAR, mFrame=[0,0][1080,88], mVisible=true, mInsetsRoundedCornerFrame=false}, InsetsSource: {mType=ITYPE_NAVIGATION_BAR, mFrame=[0,2265][1080,2400], mVisible=true, mInsetsRoundedCornerFrame=false}, InsetsSource: {mType=ITYPE_LEFT_GESTURES, mFrame=[0,0][0,2400], mVisible=true, mInsetsRoundedCornerFrame=false}, InsetsSource: {mType=ITYPE_RIGHT_GESTURES, mFrame=[1080,0][1080,2400], mVisible=true, mInsetsRoundedCornerFrame=false}, InsetsSource: {mType=ITYPE_TOP_MANDATORY_GESTURES, mFrame=[0,0][1080,122], mVisible=true, mInsetsRoundedCornerFrame=false}, InsetsSource: {mType=ITYPE_BOTTOM_MANDATORY_GESTURES, mFrame=[0,2265][1080,2400], mVisible=true, mInsetsRoundedCornerFrame=false}, InsetsSource: {mType=ITYPE_LEFT_DISPLAY_CUTOUT, mFrame=[0,0][-100000,2400], mVisible=true, mInsetsRoundedCornerFrame=false}, InsetsSource: {mType=ITYPE_TOP_DISPLAY_CUTOUT, mFrame=[0,0][1080,88], mVisible=true, mInsetsRoundedCornerFrame=false}, InsetsSource: {mType=ITYPE_RIGHT_DISPLAY_CUTOUT, mFrame=[100000,0][1080,2400], mVisible=true, mInsetsRoundedCornerFrame=false}, InsetsSource: {mType=ITYPE_BOTTOM_DISPLAY_CUTOUT, mFrame=[0,100000][1080,2400], mVisible=true, mInsetsRoundedCornerFrame=false}, InsetsSource: {mType=ITYPE_TOP_TAPPABLE_ELEMENT, mFrame=[0,0][1080,88], mVisible=true, mInsetsRoundedCornerFrame=false}, InsetsSource: {mType=ITYPE_BOTTOM_TAPPABLE_ELEMENT, mFrame=[0,2265][1080,2400], mVisible=true, mInsetsRoundedCornerFrame=false} } host=com.example.sportmatch/com.example.sportmatch.LoginActivity from=android.view.ViewRootImpl.setView:1732
01-30 23:25:23.412 14070 14070 I ViewRootImpl@3699d4b[LoginActivity]: setView = com.android.internal.policy.DecorView@1b5311 TM=true
01-30 23:25:23.413 14070 14070 I MSHandlerLifeCycle: removeMultiSplitHandler: no exist. decor=DecorView@1b5311[LoginActivity]
01-30 23:25:23.435 14070 14070 I ViewRootImpl@3699d4b[LoginActivity]: performTraversals params={(0,0)(fillxfill) sim={adjust=pan forwardNavigation} ty=BASE_APPLICATION wanim=0x1030309
01-30 23:25:23.435 14070 14070 I ViewRootImpl@3699d4b[LoginActivity]:   fl=81810100
01-30 23:25:23.435 14070 14070 I ViewRootImpl@3699d4b[LoginActivity]:   pfl=12020040
01-30 23:25:23.435 14070 14070 I ViewRootImpl@3699d4b[LoginActivity]:   bhv=DEFAULT
01-30 23:25:23.435 14070 14070 I ViewRootImpl@3699d4b[LoginActivity]:   fitSides= naviIconColor=0}
01-30 23:25:23.437 14070 14070 I ViewRootImpl@3699d4b[LoginActivity]: performTraversals mFirst=true windowShouldResize=true viewVisibilityChanged=false mForceNextWindowRelayout=false params={(0,0)(fillxfill) sim={adjust=pan forwardNavigation} ty=BASE_APPLICATION wanim=0x1030309
01-30 23:25:23.437 14070 14070 I ViewRootImpl@3699d4b[LoginActivity]:   fl=81810100
01-30 23:25:23.437 14070 14070 I ViewRootImpl@3699d4b[LoginActivity]:   pfl=12020040
01-30 23:25:23.437 14070 14070 I ViewRootImpl@3699d4b[LoginActivity]:   bhv=DEFAULT
01-30 23:25:23.437 14070 14070 I ViewRootImpl@3699d4b[LoginActivity]:   fitSides= naviIconColor=0}
01-30 23:25:23.438  1426  2959 V WindowManager: Relayout Window{2e2a8ac u0 com.example.sportmatch/com.example.sportmatch.LoginActivity}: viewVisibility=0 req=1080x2400 d0
01-30 23:25:23.438  1100  1331 I SurfaceFlinger: id=129934 createSurf flag=40004, com.example.sportmatch/com.example.sportmatch.LoginActivity$_14070#129934
01-30 23:25:23.440  1426  2959 W WindowManager: lockNow pending, ignore updating lockscreen timeout
01-30 23:25:23.441  8598 14153 V FA-SVC  : Logging event: origin=auto,name=screen_view(_vs),params=Bundle[{ga_event_origin(_o)=auto, ga_previous_class(_pc)=MainActivity, ga_previous_id(_pi)=2564371498319530780, ga_screen_class(_sc)=LoginActivity, ga_screen_id(_si)=2564371498319530781}]
01-30 23:25:23.442  1100  1331 I SurfaceFlinger: id=129935 createSurf flag=24000, Surface(name=c2abcc7 StatusBar)/@0x2f665b7 - animation-leash of insets_animation#129935
01-30 23:25:23.443  1100  1331 I SurfaceFlinger: id=129936 createSurf flag=24000, Surface(name=719c3fd NavigationBar0)/@0xe9d3c89 - animation-leash of insets_animation#129936
01-30 23:25:23.445  1426  2959 V WindowManager: Relayout hash=2e2a8ac, pid=14070, syncId=-1: mAttrs={(0,0)(fillxfill) sim={adjust=pan forwardNavigation} ty=BASE_APPLICATION wanim=0x1030309
01-30 23:25:23.445  1426  2959 V WindowManager:   fl=81810100
01-30 23:25:23.445  1426  2959 V WindowManager:   pfl=12020040
01-30 23:25:23.445  1426  2959 V WindowManager:   bhv=DEFAULT
01-30 23:25:23.445  1426  2959 V WindowManager:   fitSides= naviIconColor=0}
01-30 23:25:23.448 14070 14070 D InsetsController: onStateChanged: InsetsState: {mDisplayFrame=Rect(0, 0 - 1080, 2400), mDisplayCutout=DisplayCutout{insets=Rect(0, 88 - 0, 0) waterfall=Insets{left=0, top=0, right=0, bottom=0} boundingRect={Bounds=[Rect(0, 0 - 0, 0), Rect(512, 0 - 568, 88), Rect(0, 0 - 0, 0), Rect(0, 0 - 0, 0)]} cutoutPathParserInfo={CutoutPathParserInfo{displayWidth=1080 displayHeight=2400 physicalDisplayWidth=1080 physicalDisplayHeight=2400 density={2.8125} cutoutSpec={M 0,0 M 0,11.43427858034597 a 9.899054752987353,9.899054752987353 0 1,0 0,19.79810950597471 a 9.899054752987353,9.899054752987353 0 1,0 0,-19.79810950597471 Z @dp} rotation={0} scale={1.0} physicalPixelDisplaySizeRatio={1.0}}}}, mRoundedCorners=RoundedCorners{[RoundedCorner{position=TopLeft, radius=90, center=Point(90, 90)}, RoundedCorner{position=TopRight, radius=90, center=Point(990, 90)}, RoundedCorner{position=BottomRight, radius=90, center=Point(990, 2310)}, RoundedCorner{position=BottomLeft, radius=90, center=Point(90, 2310)}]}  mRoundedCornerFrame=Rect(0, 0 - 1080, 2400), mPrivacyIndicatorBounds=PrivacyIndicatorBounds {static bounds=Rect(956, 0 - 1080, 88) rotation=0}, mSources= { InsetsSource: {mType=ITYPE_STATUS_BAR, mFrame=[0,0][1080,88], mVisible=true, mInsetsRoundedCornerFrame=false}, InsetsSource: {mType=ITYPE_NAVIGATION_BAR, mFrame=[0,2265][1080,2400], mVisible=true, mInsetsRoundedCornerFrame=false}, InsetsSource: {mType=ITYPE_LEFT_GESTURES, mFrame=[0,0][0,2400], mVisible=true, mInsetsRoundedCornerFrame=false}, InsetsSource: {mType=ITYPE_RIGHT_GESTURES, mFrame=[1080,0][1080,2400], mVisible=true, mInsetsRoundedCornerFrame=false}, InsetsSource: {mType=ITYPE_TOP_MANDATORY_GESTURES, mFrame=[0,0][1080,122], mVisible=true, mInsetsRoundedCornerFrame=false}, InsetsSource: {mType=ITYPE_BOTTOM_MANDATORY_GESTURES, mFrame=[0,2265][1080,2400], mVisible=true, mInsetsRoundedCornerFrame=false}, InsetsSource: {mType=ITYPE_LEFT_DISPLAY_CUTOUT, mFrame=[0,0][-100000,2400], mVisible=true, mInsetsRoundedCornerFrame=false}, InsetsSource: {mType=ITYPE_TOP_DISPLAY_CUTOUT, mFrame=[0,0][1080,88], mVisible=true, mInsetsRoundedCornerFrame=false}, InsetsSource: {mType=ITYPE_RIGHT_DISPLAY_CUTOUT, mFrame=[100000,0][1080,2400], mVisible=true, mInsetsRoundedCornerFrame=false}, InsetsSource: {mType=ITYPE_BOTTOM_DISPLAY_CUTOUT, mFrame=[0,100000][1080,2400], mVisible=true, mInsetsRoundedCornerFrame=false}, InsetsSource: {mType=ITYPE_TOP_TAPPABLE_ELEMENT, mFrame=[0,0][1080,88], mVisible=true, mInsetsRoundedCornerFrame=false}, InsetsSource: {mType=ITYPE_BOTTOM_TAPPABLE_ELEMENT, mFrame=[0,2265][1080,2400], mVisible=true, mInsetsRoundedCornerFrame=false}, InsetsSource: {mType=ITYPE_IME, mFrame=[0,0][0,0], mVisibleFrame=[0,1392][1080,2400], mVisible=false, mInsetsRoundedCornerFrame=false} } host=com.example.sportmatch/com.example.sportmatch.LoginActivity from=android.view.ViewRootImpl.relayoutWindow:9802
01-30 23:25:23.449  1426  2393 D SemWifiSwitchForIndividualAppsService: isSkipNetworkCondition - result:2
01-30 23:25:23.450 14070 14070 I ViewRootImpl@3699d4b[LoginActivity]: updateBlastSurfaceIfNeeded mBlastBufferQueue=null isSameSurfaceControl=false
01-30 23:25:23.451 14070 14070 I BLASTBufferQueue: new BLASTBufferQueue, mName= ViewRootImpl@3699d4b[LoginActivity] mNativeObject= 0xb40000722b6807d0 sc.mNativeObject= 0xb4000071bb6da7e0 caller= android.view.ViewRootImpl.updateBlastSurfaceIfNeeded:2909 android.view.ViewRootImpl.relayoutWindow:9847 android.view.ViewRootImpl.performTraversals:3884 android.view.ViewRootImpl.doTraversal:3116 android.view.ViewRootImpl$TraversalRunnable.run:10885 android.view.Choreographer$CallbackRecord.run:1301 android.view.Choreographer$CallbackRecord.run:1309 android.view.Choreographer.doCallbacks:923 android.view.Choreographer.doFrame:852 android.view.Choreographer$FrameDisplayEventReceiver.run:1283
01-30 23:25:23.451 14070 14070 I BLASTBufferQueue: update, w= 1080 h= 2400 mName = ViewRootImpl@3699d4b[LoginActivity] mNativeObject= 0xb40000722b6807d0 sc.mNativeObject= 0xb4000071bb6da7e0 format= -1 caller= android.graphics.BLASTBufferQueue.<init>:84 android.view.ViewRootImpl.updateBlastSurfaceIfNeeded:2909 android.view.ViewRootImpl.relayoutWindow:9847 android.view.ViewRootImpl.performTraversals:3884 android.view.ViewRootImpl.doTraversal:3116 android.view.ViewRootImpl$TraversalRunnable.run:10885
01-30 23:25:23.452 14070 14070 I ViewRootImpl@3699d4b[LoginActivity]: Relayout returned: old=(0,0,1080,2400) new=(0,0,1080,2400) req=(1080,2400)0 dur=13 res=0x3 s={true 0xb4000072bb6ed6a0} ch=true seqId=0
01-30 23:25:23.453  8598 14153 V FA-SVC  : Upload scheduled in approximately ms: 3457454
01-30 23:25:23.453  8598 14153 V FA-SVC  : Unscheduling upload
01-30 23:25:23.453 14070 14114 D OpenGLRenderer: eglCreateWindowSurface
01-30 23:25:23.454 14070 14070 I ViewRootImpl@3699d4b[LoginActivity]: mThreadedRenderer.initialize() mSurface={isValid=true 0xb4000072bb6ed6a0} hwInitialized=true
01-30 23:25:23.456  8598 14153 V FA-SVC  : Scheduling upload, millis: 3457454
01-30 23:25:23.457  8598 14153 V FA-SVC  : Background event processing time, ms: 16
01-30 23:25:23.463  1100  1100 I Layer   : id=129928 removeFromCurrentState Surface(name=c2abcc7 StatusBar)/@0x2f665b7 - animation-leash of insets_animation#129928 (243)
01-30 23:25:23.463  1100  1100 I SurfaceFlinger: [2e2a8ac com.example.sportmatch/com.example.sportmatch.LoginActivity#129933] FrameRatePriority: 1
01-30 23:25:23.463  1100  1100 I Layer   : id=129929 removeFromCurrentState Surface(name=719c3fd NavigationBar0)/@0xe9d3c89 - animation-leash of insets_animation#129929 (243)
01-30 23:25:23.463  1100  1100 D SurfaceFlinger: [input] inputWindowCommands.focusRequests size is 1
01-30 23:25:23.464 12143 13822 W NetworkScheduler: Error inserting flex_time=3457000 job_id=-1 period=6915000 source=16 requires_charging=0 preferred_network_type=1 target_class=com.google.android.gms.measurement.PackageMeasurementTaskService user_id=0 target_package=com.google.android.gms tag=Measurement.PackageMeasurementTaskService.UPLOAD_TASK_TAG task_type=0 required_idleness_state=0 service_kind=0 source_version=240213000 persistence_level=1 preferred_charging_state=1 required_network_type=0 runtime=1706649923461 retry_strategy={"maximum_backoff_seconds":{"3600":0},"initial_backoff_seconds":{"30":0},"retry_policy":{"0":0}} last_runtime=0 [CONTEXT service_id=218 ]
01-30 23:25:23.464 12143 13822 W NetworkScheduler: android.database.sqlite.SQLiteConstraintException: UNIQUE constraint failed: pending_ops.tag, pending_ops.target_class, pending_ops.target_package, pending_ops.user_id (code 2067 SQLITE_CONSTRAINT_UNIQUE[2067])
01-30 23:25:23.464 12143 13822 W NetworkScheduler: 	at android.database.sqlite.SQLiteConnection.nativeExecuteForLastInsertedRowId(Native Method)
01-30 23:25:23.464 12143 13822 W NetworkScheduler: 	at android.database.sqlite.SQLiteConnection.executeForLastInsertedRowId(SQLiteConnection.java:1275)
01-30 23:25:23.464 12143 13822 W NetworkScheduler: 	at android.database.sqlite.SQLiteSession.executeForLastInsertedRowId(SQLiteSession.java:790)
01-30 23:25:23.464 12143 13822 W NetworkScheduler: 	at android.database.sqlite.SQLiteStatement.executeInsert(SQLiteStatement.java:89)
01-30 23:25:23.464 12143 13822 W NetworkScheduler: 	at android.database.sqlite.SQLiteDatabase.insertWithOnConflict(SQLiteDatabase.java:2410)
01-30 23:25:23.464 12143 13822 W NetworkScheduler: 	at android.database.sqlite.SQLiteDatabase.insertOrThrow(SQLiteDatabase.java:2305)
01-30 23:25:23.464 12143 13822 W NetworkScheduler: 	at crnw.d(:com.google.android.gms@240213038@24.02.13 (190400-599553831):743)
01-30 23:25:23.464 12143 13822 W NetworkScheduler: 	at crmd.n(:com.google.android.gms@240213038@24.02.13 (190400-599553831):29)
01-30 23:25:23.464 12143 13822 W NetworkScheduler: 	at crmd.u(:com.google.android.gms@240213038@24.02.13 (190400-599553831):362)
01-30 23:25:23.464 12143 13822 W NetworkScheduler: 	at crmd.h(:com.google.android.gms@240213038@24.02.13 (190400-599553831):51)
01-30 23:25:23.464 12143 13822 W NetworkScheduler: 	at crhi.run(:com.google.android.gms@240213038@24.02.13 (190400-599553831):72)
01-30 23:25:23.464 12143 13822 W NetworkScheduler: 	at akki.c(:com.google.android.gms@240213038@24.02.13 (190400-599553831):50)
01-30 23:25:23.464 12143 13822 W NetworkScheduler: 	at akki.run(:com.google.android.gms@240213038@24.02.13 (190400-599553831):76)
01-30 23:25:23.464 12143 13822 W NetworkScheduler: 	at java.util.concurrent.ThreadPoolExecutor.runWorker(ThreadPoolExecutor.java:1145)
01-30 23:25:23.464 12143 13822 W NetworkScheduler: 	at java.util.concurrent.ThreadPoolExecutor$Worker.run(ThreadPoolExecutor.java:644)
01-30 23:25:23.464 12143 13822 W NetworkScheduler: 	at akpt.run(:com.google.android.gms@240213038@24.02.13 (190400-599553831):8)
01-30 23:25:23.464 12143 13822 W NetworkScheduler: 	at java.lang.Thread.run(Thread.java:1012)
01-30 23:25:23.467  1100  1210 D SurfaceFlinger: [input] setFocusedWindow: 2e2a8ac com.example.sportmatch/com.example.sportmatch.LoginActivity
01-30 23:25:23.469  1426  2959 D InputDispatcher: Focus request (0): 2e2a8ac com.example.sportmatch/com.example.sportmatch.LoginActivity but waiting because NOT_VISIBLE
01-30 23:25:23.469 14070 14070 I ViewRootImpl@3699d4b[LoginActivity]: reportNextDraw android.view.ViewRootImpl.performTraversals:4438 android.view.ViewRootImpl.doTraversal:3116 android.view.ViewRootImpl$TraversalRunnable.run:10885 android.view.Choreographer$CallbackRecord.run:1301 android.view.Choreographer$CallbackRecord.run:1309
01-30 23:25:23.470 14070 14070 I ViewRootImpl@3699d4b[LoginActivity]: Setup new sync id=0
01-30 23:25:23.470 14070 14070 I ViewRootImpl@3699d4b[LoginActivity]: Setting syncFrameCallback
01-30 23:25:23.470 14070 14070 I ViewRootImpl@3699d4b[LoginActivity]: registerCallbacksForSync syncBuffer=false
01-30 23:25:23.479 14070 14147 I ViewRootImpl@3699d4b[LoginActivity]: Received frameDrawingCallback syncResult=0 frameNum=1.
01-30 23:25:23.479 14070 14147 I ViewRootImpl@3699d4b[LoginActivity]: Setting up sync and frameCommitCallback
01-30 23:25:23.510  1426  1482 I GestureDetector: handleMessage TAP
01-30 23:25:23.511  1426  1426 I GestureDetector: handleMessage TAP
01-30 23:25:23.518 14070 14114 I BLASTBufferQueue: [ViewRootImpl@3699d4b[LoginActivity]#1](f:0,a:0) onFrameAvailable the first frame is available
01-30 23:25:23.518 14070 14114 I ViewRootImpl@3699d4b[LoginActivity]: Received frameCommittedCallback lastAttemptedDrawFrameNum=1 didProduceBuffer=true
01-30 23:25:23.519 14070 14114 D OpenGLRenderer: CFMS:: SetUp Pid : 14070    Tid : 14114
01-30 23:25:23.519 14070 14114 W Parcel  : Expecting binder but got null!
01-30 23:25:23.519 14070 14070 I ViewRootImpl@3699d4b[LoginActivity]: onSyncComplete
01-30 23:25:23.520 14070 14070 I ViewRootImpl@3699d4b[LoginActivity]: setupSync seqId=0 mSyncId=0 fn=1 caller=android.view.ViewRootImpl$$ExternalSyntheticLambda11.accept:6 android.window.SurfaceSyncer.lambda$setupSync$1$android-window-SurfaceSyncer:128 android.window.SurfaceSyncer$$ExternalSyntheticLambda1.accept:8 android.window.SurfaceSyncer$SyncSet.checkIfSyncIsComplete:382 android.window.SurfaceSyncer$SyncSet.markSyncReady:359 android.window.SurfaceSyncer.markSyncReady:151 android.view.ViewRootImpl.performTraversals:4503
01-30 23:25:23.523 14070 14070 I ViewRootImpl@3699d4b[LoginActivity]: reportDrawFinished seqId=0 mSyncId=-1 fn=1 mSurfaceChangedTransaction=0xb4000071eb67d7d0
01-30 23:25:23.525  1426  1485 W WindowManager: lockNow pending, ignore updating lockscreen timeout
01-30 23:25:23.525 14070 14070 I ViewRootImpl@829fdb8[MainActivity]: MSG_WINDOW_FOCUS_CHANGED 0 0
01-30 23:25:23.528  1100  1331 I SurfaceFlinger: id=129937 createSurf flag=24000, Surface(name=ActivityRecord{ac0db3b u0 com.example.sportmatch/.MainActivity} t17302})/@0x7895092 - animation-leash of app_transition#129937
01-30 23:25:23.531  1100  1153 I SurfaceFlinger: id=129938 createSurf flag=80004, Surface(name=ActivityRecord{ac0db3b u0 com.example.sportmatch/.MainActivity} t17302})/@0x7895092 - animation-bounds#129938
01-30 23:25:23.532  1100  1331 I SurfaceFlinger: id=129929 Removed Surface(name=719c3fd NavigationBar0)/@0xe9d3c89 - animation-leash of insets_animation#129929 (245)
01-30 23:25:23.532  1100  1331 I SurfaceFlinger: id=129928 Removed Surface(name=c2abcc7 StatusBar)/@0x2f665b7 - animation-leash of insets_animation#129928 (245)
01-30 23:25:23.535  1100  1153 I SurfaceFlinger: id=129939 createSurf flag=20004, DimAnimationLayer for ActivityRecord{588e96d u0 com.example.sportmatch/.LoginActivity} t17302}#129939
01-30 23:25:23.536 14070 14070 D CompatibilityChangeReporter: Compat change id reported: 163400105; UID 10438; state: ENABLED
01-30 23:25:23.536  1100  1153 I SurfaceFlinger: id=129940 createSurf flag=24004, Surface(name=ActivityRecord{588e96d u0 com.example.sportmatch/.LoginActivity} t17302})/@0xc3794dc - animation-leash of app_transition#129940
01-30 23:25:23.538  1100  1331 I SurfaceFlinger: id=129941 createSurf flag=80004, Surface(name=ActivityRecord{588e96d u0 com.example.sportmatch/.LoginActivity} t17302})/@0xc3794dc - animation-bounds#129941
01-30 23:25:23.540  1426  1479 I ActivityTaskManager: Displayed com.example.sportmatch/.LoginActivity: +283ms
01-30 23:25:23.540  3326  3326 E pageboostd: Received HALT command code 2
01-30 23:25:23.540  1426  1485 W WindowManager: lockNow pending, ignore updating lockscreen timeout
01-30 23:25:23.541  1100  1331 I SurfaceFlinger: id=129942 createSurf flag=80000, f87cd84 ActivityRecordInputSink com.example.sportmatch/.LoginActivity#129942
01-30 23:25:23.545 14070 14070 I AssistStructure: Flattened final assist data: 1900 bytes, containing 1 windows, 14 views
01-30 23:25:23.547  1100  1100 I Layer   : Layer [com.example.sportmatch/com.example.sportmatch.LoginActivity$_14070#129934] hidden!! flag(0)
01-30 23:25:23.548  1100  1100 I Layer   : id=129928 Destroyed Surface(name=c2abcc7 StatusBar)/@0x2f665b7 - animation-leash of insets_animation#129928
01-30 23:25:23.548  1100  1100 I Layer   : id=129929 Destroyed Surface(name=719c3fd NavigationBar0)/@0xe9d3c89 - animation-leash of insets_animation#129929
01-30 23:25:23.549  5582  5582 I SS:ContentCaptureService: onActivitySnapshot()
01-30 23:25:23.549  1426  1485 W WindowManager: lockNow pending, ignore updating lockscreen timeout
01-30 23:25:23.553  1426  4480 I SemDvfsHyPerManager: acquire hyper - AMS_RESUME_TAIL/1426@22, type = -999
01-30 23:25:23.553  1426  4480 I SemDvfsHyPerManager: acquire hyper - AMS_ACT_LAZY/1426@23, type = -999
01-30 23:25:23.553  1037  1116 I HYPER-HAL: [RequestManager.cpp]acquire(): Acquired ID : 1049098  [1426 / 22]    HINT : AMS_RESUME_TAIL    list :
01-30 23:25:23.554  1037  1116 I HYPER-HAL: [RequestManager.cpp]releaseLocked(): Released ID : 1047649
01-30 23:25:23.556  1100  1100 I Layer   : id=129943 Destroyed Screenshot Parent#129943
01-30 23:25:23.560  1100  1153 I SurfaceFlinger: id=129944 createSurf flag=40404, Bottom Edge Extension#129944
01-30 23:25:23.561  1100  1153 I SurfaceFlinger: id=129945 createSurf flag=400, bbq-wrapper#129945
01-30 23:25:23.562  1426 14512 I BLASTBufferQueue: [bbq-adapter#4815](f:0,a:0) onFrameAvailable the first frame is available
01-30 23:25:23.571  1100  1100 I Layer   : id=129946 Destroyed Screenshot Parent#129946
01-30 23:25:23.573  1100  1153 I SurfaceFlinger: id=129947 createSurf flag=40404, Top Edge Extension#129947
01-30 23:25:23.574  1100  1153 I SurfaceFlinger: id=129948 createSurf flag=400, bbq-wrapper#129948
01-30 23:25:23.576  1426 14513 I BLASTBufferQueue: [bbq-adapter#4816](f:0,a:0) onFrameAvailable the first frame is available
01-30 23:25:23.588  5767  5767 I Utils   : isCurrentUser current = 0, ownerId = 0
01-30 23:25:23.589  5767  5767 I TrayVisibilityController: getComputedTrayVisible : keyguardState = 1
01-30 23:25:23.589  5767  5767 I TrayVisibilityController: updateTrayVisible: State=1 visible=1 mCurrentVisible=1 specificMode=0
01-30 23:25:23.589  5767  5767 I TrayStateController: onNotifyUpdateTray: state=0
01-30 23:25:23.599  1426  4480 D InputDispatcher: Focus entered window (0): 2e2a8ac com.example.sportmatch/com.example.sportmatch.LoginActivity
01-30 23:25:23.600 14070 14070 I ViewRootImpl@3699d4b[LoginActivity]: MSG_WINDOW_FOCUS_CHANGED 1 0
01-30 23:25:23.600 14070 14070 I ViewRootImpl@3699d4b[LoginActivity]: mThreadedRenderer.initializeIfNeeded()#2 mSurface={isValid=true 0xb4000072bb6ed6a0}
01-30 23:25:23.606  1426  2377 D SemNscXgbMsL1: Probability - Cloud gaming: [0.019658431]
01-30 23:25:23.607  1426  2377 D SemNscXgbMsL1: Probability - Real time: [0.4498411]
01-30 23:25:23.607  1426  2377 D SemNscXgbMsL1: Probability - Non real time: [0.9231981]
01-30 23:25:23.607  1426  2377 D SemNscXgbMsL1: 1 sample inference time: 1.389076 msecs
01-30 23:25:23.609  1426  2377 D SemNscXgbL2Rt: L2 RT 1 sample inference time: 1.20373 msecs
01-30 23:25:23.610  1426  2377 D SemNscXgbL2Nrt: L2 NRT 1 sample inference time: 0.853538 msecs
01-30 23:25:23.611  1100  1100 D SurfaceFlinger: Display 4633128672291735932 HWC layers:
01-30 23:25:23.611  1100  1100 D SurfaceFlinger:      CLIENT | 0xb400007704b666d0 | 0102 | RGBA_8888    |    0.0    0.0    0.0    0.0 |    0 2392 1080 2400 | bbq-wrapper#129945
01-30 23:25:23.611  1100  1100 D SurfaceFlinger:      CLIENT | 0xb400007704b619d0 | 0102 | RGBA_8888    |    0.0    8.0 1080.0 2400.0 |    0    0 1080 2392 | com.example.sportmatch/com.example.sportmatch.MainActivity$_14070#129927
01-30 23:25:23.611  1100  1100 D SurfaceFlinger:      CLIENT | 0xb400007704b3e110 | 0102 | RGBA_8888    |    0.0    0.0 1080.0    1.0 |    0    0 1080  403 | bbq-wrapper#129948
01-30 23:25:23.611  1100  1100 D SurfaceFlinger:      DEVICE | 0xb400007704b5dad0 | 0102 | RGBA_8888    |    0.0    0.0 1080.0 1997.0 |    0  403 1080 2400 | com.example.sportmatch/com.example.sportmatch.LoginActivity$_14070#129934
01-30 23:25:23.611  1100  1100 D SurfaceFlinger:      DEVICE | 0xb400007704b67310 | 0100 | RGBA_8888    |    0.0    0.0 1080.0   88.0 |    0    0 1080   88 | StatusBar$_2448#94
01-30 23:25:23.611  1100  1100 D SurfaceFlinger:      DEVICE | 0xb400007704b64750 | 0100 | RGBA_8888    |    0.0    0.0   67.0  342.0 |    0 1504   67 1846 | com.samsung.android.app.cocktailbars[...]vice.CocktailBarService$_5767#129865
01-30 23:25:23.611  1100  1100 D SurfaceFlinger:      DEVICE | 0xb400007704b68110 | 0100 | RGBA_
01-30 23:25:23.612  1100  1100 D SurfaceFlinger: 8888    |    0.0    0.0 1080.0  135.0 |    0 2265 1080 2400 | NavigationBar0$_2448#88
01-30 23:25:23.612  1100  1100 D SurfaceFlinger:
01-30 23:25:23.619 14070 14070 D InputMethodManager: startInputInner - Id : 0
01-30 23:25:23.619 14070 14070 I InputMethodManager: startInputInner - mService.startInputOrWindowGainedFocus
01-30 23:25:23.620  1426  4480 D InputMethodManagerService: mDesktopModeManager null!
01-30 23:25:23.620  1426  4480 V InputMethodManagerService: getDisplayIdOfInputMethodWindowToBeAdded: displayId=0
01-30 23:25:23.621  1426  4480 D InputMethodManagerService: isImeSwitcherDisabledPackage : false
01-30 23:25:23.621  1426  4480 D InputMethodManagerService: checkDisplayOfStartInputAndUpdateKeyboard: displayId=0, mFocusedDisplayId=0
01-30 23:25:23.621  1426  4480 D InputTransport: Input channel constructed: 'ClientS', fd=907
01-30 23:25:23.621  1426  4480 D InputTransport: Input channel destroyed: 'ClientS', fd=907
01-30 23:25:23.623  1100  1100 D SurfaceFlinger: Display 4633128672291735932 HWC layers:
01-30 23:25:23.623  1100  1100 D SurfaceFlinger:      CLIENT | 0xb400007704b666d0 | 0102 | RGBA_8888    |    0.0    0.0    0.0    0.0 |    0 2381 1080 2400 | bbq-wrapper#129945
01-30 23:25:23.623  1100  1100 D SurfaceFlinger:      CLIENT | 0xb400007704b3cdd0 | 0102 | RGBA_8888    |    0.0   19.0 1080.0 2400.0 |    0    0 1080 2381 | com.example.sportmatch/com.example.sportmatch.MainActivity$_14070#129927
01-30 23:25:23.623  1100  1100 D SurfaceFlinger:      CLIENT | 0xb400007704b3e110 | 0102 | RGBA_8888    |    0.0    0.0 1080.0    1.0 |    0    0 1080  333 | bbq-wrapper#129948
01-30 23:25:23.623  1100  1100 D SurfaceFlinger:  SOLID_COLOR |              | 0000 |  Unknown  |    0.0    0.0    0.0    0.0 |    0    0 1080 2400 | DimAnimationLayer for ActivityRecord[...]match/.LoginActivity} t17302}#129939
01-30 23:25:23.623  1100  1100 D SurfaceFlinger:      DEVICE | 0xb400007704b5dad0 | 0102 | RGBA_8888    |    0.0    0.0 1080.0 2067.0 |    0  333 1080 2400 | com.example.sportmatch/com.example.sportmatch.LoginActivity$_14070#129934
01-30 23:25:23.623  1100  1100 D SurfaceFlinger:      DEVICE | 0xb400007704b67310 | 0100 | RGBA_8888    |    0.0    0.0 1080.0   88.0 |    0    0 1080   88 | StatusBar$_2448#94
01-30 23:25:23.623  1100  1100 D SurfaceFlinger:      DEVICE | 0xb400007704b64750 | 0100 | RGBA_8888
01-30 23:25:23.623  1100  1100 D SurfaceFlinger: |    0.0    0.0   67.0  342.0 |    0 1504   67 1846 | com.samsung.android.app.cocktailbars[...]vice.CocktailBarService$_5767#129865
01-30 23:25:23.623  1100  1100 D SurfaceFlinger:      DEVICE | 0xb400007704b68110 | 0100 | RGBA_8888    |    0.0    0.0 1080.0  135.0 |    0 2265 1080 2400 | NavigationBar0$_2448#88
01-30 23:25:23.623  1100  1100 D SurfaceFlinger:
01-30 23:25:23.624  6115  6115 I HBD     : HoneyBoardService onFinishInput
01-30 23:25:23.624  6115  6115 I HBD     : a IC have been unbinding,  RemoteInputConnection{idHash=#6ecfb33}
01-30 23:25:23.624  6115  6115 I HBD     : HoneyBoardService [PF_CL][onFinishInput]  0 ms
01-30 23:25:23.624  6115  6115 I HBD     : HoneyBoardService onInlineSuggestionsResponse
01-30 23:25:23.625  6115  6115 I HBD     : HoneyBoardService onCreateInlineSuggestionsRequest
01-30 23:25:23.625  6115  6115 I ResourceType: [SWT] Success lookup value directly, data = 0x01060430
01-30 23:25:23.625  6115  6115 I ResourceType: [SWT] Success lookup value directly, data = 0x01060439
01-30 23:25:23.625  1100  1153 I SurfaceFlinger: id=129949 createSurf flag=24004, Surface(name=1e49913 InputMethod)/@0x940201a - animation-leash of insets_animation#129949
01-30 23:25:23.625  6115  6115 I ResourceType: [SWT] Success lookup value directly, data = 0x01060430
01-30 23:25:23.627  1426  1485 W WindowManager: lockNow pending, ignore updating lockscreen timeout
01-30 23:25:23.627  6115  6115 I HBD     : HoneyBoardService [IMI] onStartInput - caller pid : 14070 , caller uid : 10438
01-30 23:25:23.628  6115  6115 I HBD     : j updateConfigs
01-30 23:25:23.628  6115  6115 I HBD     : j isEnabledNightMode : true
01-30 23:25:23.629  6115  6115 I HBD     : a IC have been binding, RemoteInputConnection{idHash=#6ecfb33}
01-30 23:25:23.629  6115  6115 I HBD     : h [EditorInputType]setPrivateImeOptionsToTable privateImeOptions ( null )
01-30 23:25:23.629  6115  6115 I HBD     : b incognitoMode : false
01-30 23:25:23.629  6115  6115 I HBD     : b needOff = true , isForceOff = false, isNullInputClass : true
01-30 23:25:23.629  6115  6115 I HBD     : h getDefaultInputRange : UNKNOWN
01-30 23:25:23.629  6115  6115 I HBD     : h getDefaultInputRange : UNKNOWN
01-30 23:25:23.630  6115  6115 I HBD     : h getDefaultInputRange : UNKNOWN
01-30 23:25:23.631  1100  1100 I Layer   : id=129931 removeFromCurrentState Surface(name=1e49913 InputMethod)/@0x940201a - animation-leash of insets_animation#129931 (252)
01-30 23:25:23.633  1100  1336 I SurfaceFlinger: id=129931 Removed Surface(name=1e49913 InputMethod)/@0x940201a - animation-leash of insets_animation#129931 (252)
01-30 23:25:23.634  1426  2959 D InputMethodManagerService: isImeSwitcherDisabledPackage : false
01-30 23:25:23.636  6115  6115 I HBD     : b needOff = true , isForceOff = false, isNullInputClass : true
01-30 23:25:23.636  6115  6115 I HBD     : b update cached prediction status : false
01-30 23:25:23.636  6115  6115 I HBD     : h getDefaultInputRange : UNKNOWN
01-30 23:25:23.636  6115  6115 I HBD     : a currentState : 0
01-30 23:25:23.637  6115  6115 I HBD     : a [UpdatePolicy] [post] a: 0 cl: 65538 kit: [0/0] vt: 0 ir: 1
01-30 23:25:23.637  6115  6115 I HBD     : a [NRIC] resetNoResponseState
01-30 23:25:23.637  6115  6115 I HBD     : b needOff = true , isForceOff = false, isNullInputClass : true
01-30 23:25:23.637  6115  6115 I HBD     : b update cached prediction status : false
01-30 23:25:23.639  6115  6115 I HBD     : HoneyBoardService [PF_OP][onStartInput]  12 ms
01-30 23:25:23.639  6115  6115 I InputMethodService: removeImeSurface
01-30 23:25:23.639  6115  6115 I MSHandlerLifeCycle: check: return. pkg=com.samsung.android.honeyboard isActivity=false callers=com.android.internal.policy.DecorView.setVisibility:4412 android.app.Dialog.hide:767 android.inputmethodservice.InputMethodService.removeImeSurface:1290 android.inputmethodservice.InputMethodService.scheduleImeSurfaceRemoval:1279 android.inputmethodservice.InputMethodService.-$$Nest$mscheduleImeSurfaceRemoval:0
01-30 23:25:23.640  6115  6115 I MSHandlerLifeCycle: removeMultiSplitHandler: no exist. decor=DecorView@f7681bd[InputMethod]
01-30 23:25:23.645  1426  4480 I AssistStructure: Flattened final assist data: 1756 bytes, containing 1 windows, 14 views
01-30 23:25:23.646 13467 13467 I [SPAF]AutofillHints: findFromEditText() / entry [activity_main_usernameEditText], hint [Email] => emailAddress
01-30 23:25:23.646 13467 13467 W [SPAF]AutofillHints: Valid autofill hint: [emailAddress]
01-30 23:25:23.646 13467 13467 I [SPAF]MetadataCollect: Add: 16, activity_main_usernameEditText
01-30 23:25:23.647 13467 13467 I [SPAF]AutofillHints: findFromEditText() / entry [activity_main_passwordEditText], hint [Password] => password
01-30 23:25:23.647  1100  1100 I Layer   : id=129931 Destroyed Surface(name=1e49913 InputMethod)/@0x940201a - animation-leash of insets_animation#129931
01-30 23:25:23.647 13467 13467 W [SPAF]AutofillHints: Valid autofill hint: [password]
01-30 23:25:23.647 13467 13467 I [SPAF]MetadataCollect: Add: 1, activity_main_passwordEditText
01-30 23:25:23.647 13467 13467 W [SPAF]AutofillHints: Valid autofill hint: [emailAddress, password]
01-30 23:25:23.648 13467 13467 I [PASS][SDK]j: getState
01-30 23:25:23.648 13467 13467 I [PASS][SDK]l: isSignedIn
01-30 23:25:23.648 13467 13467 I [PASS][SDK]l: getBooleanAttribute : is_signed_in
01-30 23:25:23.663 13467 13467 I [SPAF]PassController: SamsungPass.isActivated() : true
01-30 23:25:23.664 13467 13467 I [SPAF]PassController: isFingerprintRegistered: true
01-30 23:25:23.664 13467 13467 I [SPAF]PassController: hasEnrolledIrises: false
01-30 23:25:23.667  4190 13568 I [PASS][SPASS]WalletSettingsProvider: call method: getBiometricSwitchEnabled
01-30 23:25:23.668  4190 13568 W [PASS][CMN]PackageUtil: Can not find package [com.samsung.android.spay]
01-30 23:25:23.668  4190 13568 W [PASS][CMN]PackageUtil: Can not find package [com.samsung.android.spaymini]
01-30 23:25:23.669  4190 13568 W [PASS][CMN]PackageUtil: Can not find package [com.samsung.android.spay]
01-30 23:25:23.669  4190 13568 W [PASS][CMN]PackageUtil: Can not find package [com.samsung.android.spaymini]
01-30 23:25:23.670  4190 13568 W [PASS][CMN]PackageUtil: Can not find package [com.samsung.android.spay]
01-30 23:25:23.670  4190 13568 W [PASS][CMN]PackageUtil: Can not find package [com.samsung.android.spaymini]
01-30 23:25:23.671  4190 13568 I [PASS][CMN]WalletUtil: getWalletMigrated : false
01-30 23:25:23.672 13467 13467 I [PASS][SDK]j: getState
01-30 23:25:23.672 13467 13467 I [PASS][SDK]l: getEnabledAuthenticators
01-30 23:25:23.672 13467 13467 I [PASS][SDK]l: getStringAttribute : enabled_authenticators
01-30 23:25:23.675  4190 13568 I [PASS][SPASS]WalletSettingsProvider: call method: getBiometricSwitchEnabled
01-30 23:25:23.676  4190 13568 W [PASS][CMN]PackageUtil: Can not find package [com.samsung.android.spay]
01-30 23:25:23.676  4190 13568 W [PASS][CMN]PackageUtil: Can not find package [com.samsung.android.spaymini]
01-30 23:25:23.677  4190 13568 W [PASS][CMN]PackageUtil: Can not find package [com.samsung.android.spay]
01-30 23:25:23.677  4190 13568 W [PASS][CMN]PackageUtil: Can not find package [com.samsung.android.spaymini]
01-30 23:25:23.678  4190 13568 W [PASS][CMN]PackageUtil: Can not find package [com.samsung.android.spay]
01-30 23:25:23.678  4190 13568 W [PASS][CMN]PackageUtil: Can not find package [com.samsung.android.spaymini]
01-30 23:25:23.678  4190 13568 I [PASS][CMN]WalletUtil: getWalletMigrated : false
01-30 23:25:23.683 13467 13467 I [PASS][SDK]l: Enabled Authenticators : Fingerprint
01-30 23:25:23.683 13467 13467 I [SPAF]PassController: SamsungPass.getEnabledAuthenticators size: 1
01-30 23:25:23.683 13467 13467 I [SPAF]PassController: isActivated : true
01-30 23:25:23.688  4190 13568 I [PASS][SPASS]EasySigninProvider: query called from com.samsung.android.samsungpassautofill
01-30 23:25:23.695 13467 13467 I [SPAF]AutofillDataSource: has DAL field in Pass DB
01-30 23:25:23.697  4190 13568 I [PASS][SPASS]EasySigninProvider: query called from com.samsung.android.samsungpassautofill
01-30 23:25:23.706  1100  1100 D SurfaceFlinger: Display 4633128672291735932 HWC layers:
01-30 23:25:23.706  1100  1100 D SurfaceFlinger:      CLIENT | 0xb400007704b3e110 | 0102 | RGBA_8888    |    0.0    0.0    0.0    0.0 |    0    0 1080   89 | bbq-wrapper#129948
01-30 23:25:23.706  1100  1100 D SurfaceFlinger:  SOLID_COLOR |              | 0000 |  Unknown  |    0.0    0.0    0.0    0.0 |    0    0 1080 2400 | DimAnimationLayer for ActivityRecord[...]match/.LoginActivity} t17302}#129939
01-30 23:25:23.706  1100  1100 D SurfaceFlinger:      DEVICE | 0xb400007704b52f50 | 0102 | RGBA_8888    |    0.0    0.0 1080.0 2311.0 |    0   89 1080 2400 | com.example.sportmatch/com.example.sportmatch.LoginActivity$_14070#129934
01-30 23:25:23.706  1100  1100 D SurfaceFlinger:      DEVICE | 0xb400007704b67310 | 0100 | RGBA_8888    |    0.0    0.0 1080.0   88.0 |    0    0 1080   88 | StatusBar$_2448#94
01-30 23:25:23.706  1100  1100 D SurfaceFlinger:      DEVICE | 0xb400007704b64750 | 0100 | RGBA_8888    |    0.0    0.0   67.0  342.0 |    0 1504   67 1846 | com.samsung.android.app.cocktailbars[...]vice.CocktailBarService$_5767#129865
01-30 23:25:23.706  1100  1100 D SurfaceFlinger:      DEVICE | 0xb400007704b68110 | 0100 | RGBA_8888    |    0.0    0.0 1080.0  135.0 |    0 2265 1080 2400 | NavigationBar0$_2448#88
01-30 23:25:23.706  1100  1100 D SurfaceFlinger:
01-30 23:25:23.707 13467 13467 I [SPAF]DataSamsungPass: No matched [credential]
01-30 23:25:23.708 13467 13467 I [SPAF]AutofillRepo: dataMap: 0
01-30 23:25:23.709  4190 13568 I [PASS][SPASS]EasySigninProvider: query called from com.samsung.android.samsungpassautofill
01-30 23:25:23.714 13467 13467 I [SPAF]AutofillDataSource: has DAL field in Pass DB
01-30 23:25:23.716  4190 13568 I [PASS][SPASS]EasySigninProvider: query called from com.samsung.android.samsungpassautofill
01-30 23:25:23.721  4190 13568 I [PASS][SPASS]EasySigninProvider: call method in provider use_keyboard_autofill
01-30 23:25:23.722 13467 13467 I [PASS][SDK]j: getState
01-30 23:25:23.722 13467 13467 I [PASS][SDK]l: isSignedIn
01-30 23:25:23.722 13467 13467 I [PASS][SDK]l: getBooleanAttribute : is_signed_in
01-30 23:25:23.727 13467 13467 I [SPAF]PassController: SamsungPass.isActivated() : true
01-30 23:25:23.728 13467 13467 I [SPAF]PassController: isFingerprintRegistered: true
01-30 23:25:23.728 13467 13467 I [SPAF]PassController: hasEnrolledIrises: false
01-30 23:25:23.729  4190 13568 I [PASS][SPASS]WalletSettingsProvider: call method: getBiometricSwitchEnabled
01-30 23:25:23.729  4190 13568 W [PASS][CMN]PackageUtil: Can not find package [com.samsung.android.spay]
01-30 23:25:23.730  4190 13568 W [PASS][CMN]PackageUtil: Can not find package [com.samsung.android.spaymini]
01-30 23:25:23.731  4190 13568 W [PASS][CMN]PackageUtil: Can not find package [com.samsung.android.spay]
01-30 23:25:23.732  4190 13568 W [PASS][CMN]PackageUtil: Can not find package [com.samsung.android.spaymini]
01-30 23:25:23.732  4190 13568 W [PASS][CMN]PackageUtil: Can not find package [com.samsung.android.spay]
01-30 23:25:23.733  4190 13568 W [PASS][CMN]PackageUtil: Can not find package [com.samsung.android.spaymini]
01-30 23:25:23.733  4190 13568 I [PASS][CMN]WalletUtil: getWalletMigrated : false
01-30 23:25:23.734 13467 13467 I [PASS][SDK]j: getState
01-30 23:25:23.734 13467 13467 I [PASS][SDK]l: getEnabledAuthenticators
01-30 23:25:23.734 13467 13467 I [PASS][SDK]l: getStringAttribute : enabled_authenticators
01-30 23:25:23.736  4190 13568 I [PASS][SPASS]WalletSettingsProvider: call method: getBiometricSwitchEnabled
01-30 23:25:23.737  4190 13568 W [PASS][CMN]PackageUtil: Can not find package [com.samsung.android.spay]
01-30 23:25:23.737  4190 13568 W [PASS][CMN]PackageUtil: Can not find package [com.samsung.android.spaymini]
01-30 23:25:23.738  4190 13568 W [PASS][CMN]PackageUtil: Can not find package [com.samsung.android.spay]
01-30 23:25:23.738  4190 13568 W [PASS][CMN]PackageUtil: Can not find package [com.samsung.android.spaymini]
01-30 23:25:23.739  4190 13568 W [PASS][CMN]PackageUtil: Can not find package [com.samsung.android.spay]
01-30 23:25:23.739  4190 13568 W [PASS][CMN]PackageUtil: Can not find package [com.samsung.android.spaymini]
01-30 23:25:23.739  4190 13568 I [PASS][CMN]WalletUtil: getWalletMigrated : false
01-30 23:25:23.743 13467 13467 I [PASS][SDK]l: Enabled Authenticators : Fingerprint
01-30 23:25:23.743 13467 13467 I [SPAF]PassController: SamsungPass.getEnabledAuthenticators size: 1
01-30 23:25:23.743 13467 13467 I [SPAF]PassController: isActivated : true
01-30 23:25:23.744  4190 13568 I [PASS][SPASS]EasySigninProvider: query called from com.samsung.android.samsungpassautofill
01-30 23:25:23.749 13467 13467 I [SPAF]AutofillDataSource: has DAL field in Pass DB
01-30 23:25:23.752  4190 13568 I [PASS][SPASS]EasySigninProvider: query called from com.samsung.android.samsungpassautofill
01-30 23:25:23.757 13467 13467 I [SPAF]DataSamsungPass: queryEasySignData - count : 16
01-30 23:25:23.761  4190 13568 I [PASS][SPASS]EasySigninProvider: query called from com.samsung.android.samsungpassautofill
01-30 23:25:23.765 13467 13467 I [SPAF]AutofillDataSource: has DAL field in Pass DB
01-30 23:25:23.768  4190 13568 I [PASS][SPASS]EasySigninProvider: query called from com.samsung.android.samsungpassautofill
01-30 23:25:23.773 13467 13467 I [SPAF]DataSamsungPass: No matched [credential]
01-30 23:25:23.774 13467 13467 I [SPAF]AutofillRepo: dataMap: 0
01-30 23:25:23.776  4190 13568 I [PASS][SPASS]EasySigninProvider: call method in provider use_keyboard_autofill
01-30 23:25:23.777 13467 13467 I [PASS][SDK]j: getState
01-30 23:25:23.777 13467 13467 I [PASS][SDK]l: isSignedIn
01-30 23:25:23.777 13467 13467 I [PASS][SDK]l: getBooleanAttribute : is_signed_in
01-30 23:25:23.782 13467 13467 I [SPAF]PassController: SamsungPass.isActivated() : true
01-30 23:25:23.783 13467 13467 I [SPAF]PassController: isFingerprintRegistered: true
01-30 23:25:23.783 13467 13467 I [SPAF]PassController: hasEnrolledIrises: false
01-30 23:25:23.784  4190 13568 I [PASS][SPASS]WalletSettingsProvider: call method: getBiometricSwitchEnabled
01-30 23:25:23.785  4190 13568 W [PASS][CMN]PackageUtil: Can not find package [com.samsung.android.spay]
01-30 23:25:23.785  4190 13568 W [PASS][CMN]PackageUtil: Can not find package [com.samsung.android.spaymini]
01-30 23:25:23.786  4190 13568 W [PASS][CMN]PackageUtil: Can not find package [com.samsung.android.spay]
01-30 23:25:23.787  4190 13568 W [PASS][CMN]PackageUtil: Can not find package [com.samsung.android.spaymini]
01-30 23:25:23.787  4190 13568 W [PASS][CMN]PackageUtil: Can not find package [com.samsung.android.spay]
01-30 23:25:23.788  4190 13568 W [PASS][CMN]PackageUtil: Can not find package [com.samsung.android.spaymini]
01-30 23:25:23.789  4190 13568 I [PASS][CMN]WalletUtil: getWalletMigrated : false
01-30 23:25:23.789 13467 13467 I [PASS][SDK]j: getState
01-30 23:25:23.790 13467 13467 I [PASS][SDK]l: getEnabledAuthenticators
01-30 23:25:23.790 13467 13467 I [PASS][SDK]l: getStringAttribute : enabled_authenticators
01-30 23:25:23.791  4190 13568 I [PASS][SPASS]WalletSettingsProvider: call method: getBiometricSwitchEnabled
01-30 23:25:23.792  4190 13568 W [PASS][CMN]PackageUtil: Can not find package [com.samsung.android.spay]
01-30 23:25:23.792  4190 13568 W [PASS][CMN]PackageUtil: Can not find package [com.samsung.android.spaymini]
01-30 23:25:23.793  4190 13568 W [PASS][CMN]PackageUtil: Can not find package [com.samsung.android.spay]
01-30 23:25:23.794  4190 13568 W [PASS][CMN]PackageUtil: Can not find package [com.samsung.android.spaymini]
01-30 23:25:23.794  4190 13568 W [PASS][CMN]PackageUtil: Can not find package [com.samsung.android.spay]
01-30 23:25:23.795  4190 13568 W [PASS][CMN]PackageUtil: Can not find package [com.samsung.android.spaymini]
01-30 23:25:23.795  4190 13568 I [PASS][CMN]WalletUtil: getWalletMigrated : false
01-30 23:25:23.799 13467 13467 I [PASS][SDK]l: Enabled Authenticators : Fingerprint
01-30 23:25:23.800 13467 13467 I [SPAF]PassController: SamsungPass.getEnabledAuthenticators size: 1
01-30 23:25:23.800 13467 13467 I [SPAF]PassController: isActivated : true
01-30 23:25:23.801  4190 13568 I [PASS][SPASS]WalletSettingsProvider: call method: getBiometricSwitchEnabled
01-30 23:25:23.801  4190 13568 W [PASS][CMN]PackageUtil: Can not find package [com.samsung.android.spay]
01-30 23:25:23.802  4190 13568 W [PASS][CMN]PackageUtil: Can not find package [com.samsung.android.spaymini]
01-30 23:25:23.803  4190 13568 W [PASS][CMN]PackageUtil: Can not find package [com.samsung.android.spay]
01-30 23:25:23.803  4190 13568 W [PASS][CMN]PackageUtil: Can not find package [com.samsung.android.spaymini]
01-30 23:25:23.804  4190 13568 W [PASS][CMN]PackageUtil: Can not find package [com.samsung.android.spay]
01-30 23:25:23.804  4190 13568 W [PASS][CMN]PackageUtil: Can not find package [com.samsung.android.spaymini]
01-30 23:25:23.804  4190 13568 I [PASS][CMN]WalletUtil: getWalletMigrated : false
01-30 23:25:23.805 13467 13467 I [PASS][SDK]j: getState
01-30 23:25:23.806 13467 13467 I [PASS][SDK]l: getEnabledAuthenticators
01-30 23:25:23.806 13467 13467 I [PASS][SDK]l: getStringAttribute : enabled_authenticators
01-30 23:25:23.808  4190 13568 I [PASS][SPASS]WalletSettingsProvider: call method: getBiometricSwitchEnabled
01-30 23:25:23.808  4190 13568 W [PASS][CMN]PackageUtil: Can not find package [com.samsung.android.spay]
01-30 23:25:23.809  4190 13568 W [PASS][CMN]PackageUtil: Can not find package [com.samsung.android.spaymini]
01-30 23:25:23.810  4190 13568 W [PASS][CMN]PackageUtil: Can not find package [com.samsung.android.spay]
01-30 23:25:23.810  4190 13568 W [PASS][CMN]PackageUtil: Can not find package [com.samsung.android.spaymini]
01-30 23:25:23.811  4190 13568 W [PASS][CMN]PackageUtil: Can not find package [com.samsung.android.spay]
01-30 23:25:23.811  4190 13568 W [PASS][CMN]PackageUtil: Can not find package [com.samsung.android.spaymini]
01-30 23:25:23.812  4190 13568 I [PASS][CMN]WalletUtil: getWalletMigrated : false
01-30 23:25:23.816 13467 13467 I [PASS][SDK]l: Enabled Authenticators : Fingerprint
01-30 23:25:23.816 13467 13467 I [SPAF]PassController: SamsungPass.getEnabledAuthenticators size: 1
01-30 23:25:23.819  4190 13568 I [PASS][SPASS]EasySigninProvider: call method in provider check_smart_switch_data_exists
01-30 23:25:23.821 13467 13467 E [SPAF]AutofillSaveDialogReceiver: Register Cancel!!! value : 0
01-30 23:25:23.822 13467 13467 E [SPAF]AutofillSaveDialogReceiver: Register Never!!! value : 999
01-30 23:25:23.855  1037 14168 I HYPER-HAL: [RequestManager.cpp]releaseLocked(): Released ID : 1049098
01-30 23:25:23.969 14070 14070 I ViewRootImpl@829fdb8[MainActivity]: handleAppVisibility mAppVisible = true visible = false
01-30 23:25:23.971  1426  1485 W WindowManager: lockNow pending, ignore updating lockscreen timeout
01-30 23:25:23.976  1426  1485 W WindowManager: lockNow pending, ignore updating lockscreen timeout
01-30 23:25:23.978  1100  1100 D SurfaceFlinger: Display 4633128672291735932 HWC layers:
01-30 23:25:23.978  1100  1100 D SurfaceFlinger:      DEVICE | 0xb400007704b52f50 | 0102 | RGBA_8888    |    0.0    0.0 1080.0 2400.0 |    0    0 1080 2400 | com.example.sportmatch/com.example.sportmatch.LoginActivity$_14070#129934
01-30 23:25:23.978  1100  1100 D SurfaceFlinger:      DEVICE | 0xb400007704b67310 | 0100 | RGBA_8888    |    0.0    0.0 1080.0   88.0 |    0    0 1080   88 | StatusBar$_2448#94
01-30 23:25:23.978  1100  1100 D SurfaceFlinger:      DEVICE | 0xb400007704b64750 | 0100 | RGBA_8888    |    0.0    0.0   67.0  342.0 |    0 1504   67 1846 | com.samsung.android.app.cocktailbars[...]vice.CocktailBarService$_5767#129865
01-30 23:25:23.978  1100  1100 D SurfaceFlinger:      DEVICE | 0xb400007704b68110 | 0100 | RGBA_8888    |    0.0    0.0 1080.0  135.0 |    0 2265 1080 2400 | NavigationBar0$_2448#88
01-30 23:25:23.978  1100  1100 D SurfaceFlinger:
01-30 23:25:23.982  1100  1100 I Layer   : id=129937 removeFromCurrentState Surface(name=ActivityRecord{ac0db3b u0 com.example.sportmatch/.MainActivity} t17302})/@0x7895092 - animation-leash of app_transition#129937 (251)
01-30 23:25:23.982  1100  1100 I Layer   : id=129944 removeFromCurrentState Bottom Edge Extension#129944 (251)
01-30 23:25:23.982  1100  1100 I Layer   : id=129945 removeFromCurrentState bbq-wrapper#129945 (251)
01-30 23:25:23.982  1100  1100 I Layer   : id=129944 removeFromCurrentState Bottom Edge Extension#129944 (251)
01-30 23:25:23.982  1100  1100 I Layer   : id=129945 removeFromCurrentState bbq-wrapper#129945 (251)
01-30 23:25:23.982  1100  1100 I Layer   : id=129939 removeFromCurrentState DimAnimationLayer for ActivityRecord{588e96d u0 com.example.sportmatch/.LoginActivity} t17302}#129939 (251)
01-30 23:25:23.983  1100  1100 I Layer   : id=129938 removeFromCurrentState Surface(name=ActivityRecord{ac0db3b u0 com.example.sportmatch/.MainActivity} t17302})/@0x7895092 - animation-bounds#129938 (251)
01-30 23:25:23.983  1100  1100 I Layer   : id=129940 removeFromCurrentState Surface(name=ActivityRecord{588e96d u0 com.example.sportmatch/.LoginActivity} t17302})/@0xc3794dc - animation-leash of app_transition#129940 (251)
01-30 23:25:23.983  1100  1100 I Layer   : id=129947 removeFromCurrentState Top Edge Extension#129947 (251)
01-30 23:25:23.983  1100  1100 I Layer   : id=129948 removeFromCurrentState bbq-wrapper#129948 (251)
01-30 23:25:23.983  1100  1100 I Layer   : id=129947 removeFromCurrentState Top Edge Extension#129947 (251)
01-30 23:25:23.983  1100  1100 I Layer   : id=129948 removeFromCurrentState bbq-wrapper#129948 (251)
