01-30 23:25:21.754  2448  2448 I ViewRootImpl@ca191f7[NotificationShade]:   vsysui=2000
01-30 23:25:21.754  2448  2448 I ViewRootImpl@ca191f7[NotificationShade]:   apr=LIGHT_STATUS_BARS
01-30 23:25:21.754  2448  2448 I ViewRootImpl@ca191f7[NotificationShade]:   bhv=SHOW_TRANSIENT_BARS_BY_SWIPE naviIconColor=0
01-30 23:25:21.754  2448  2448 I ViewRootImpl@ca191f7[NotificationShade]:   sfl=60000}
01-30 23:25:21.753 14070 14148 I ViewRootImpl@829fdb8[MainActivity]: Setting up sync and frameCommitCallback
01-30 23:25:21.754  1426  2534 V WindowManager: Relayout Window{2390bad u0 NotificationShade}: viewVisibility=4 req=1080x2400 d0
01-30 23:25:21.754  1426  2534 W WindowManager: lockNow pending, ignore updating lockscreen timeout
01-30 23:25:21.756  1426  2534 V WindowManager: Relayout hash=2390bad, pid=2448, syncId=-1: mAttrs={(0,0)(fillxfill) gr=TOP CENTER_VERTICAL sim={adjust=resize} layoutInDisplayCutoutMode=always ty=NOTIFICATION_SHADE fmt=TRANSLUCENT
01-30 23:25:21.756  1426  2534 V WindowManager:   fl=81840048
01-30 23:25:21.756  1426  2534 V WindowManager:   pfl=1b000000
01-30 23:25:21.756  1426  2534 V WindowManager:   vsysui=2000
01-30 23:25:21.756  1426  2534 V WindowManager:   apr=LIGHT_STATUS_BARS
01-30 23:25:21.756  1426  2534 V WindowManager:   bhv=SHOW_TRANSIENT_BARS_BY_SWIPE naviIconColor=0
01-30 23:25:21.756  1426  2534 V WindowManager:   sfl=60000}
01-30 23:25:21.757  2448  2448 I ViewRootImpl@ca191f7[NotificationShade]: Relayout returned: old=(0,0,1080,2400) new=(0,0,1080,2400) req=(1080,2400)4 dur=3 res=0x0 s={false 0x0} ch=false seqId=38
01-30 23:25:21.765  2448  2448 I FaceWidgetPositionAlgorithm: getClockContainerHeight() supplier = 291, bottom margin = 0, real height = 359
01-30 23:25:21.765  2448  2448 I FaceWidgetPositionAlgorithm: getClockContainerHeight() supplier = 291, bottom margin = 68, real height = 359
01-30 23:25:21.765  2448  2448 I FaceWidgetPositionAlgorithm: getMediaContainerHeight() height = 489 container Visibility = 8, isValid = false, mIsDozing = false, fraction = 1.0, source = 0, target = 0
01-30 23:25:21.766  2448  2448 I FaceWidgetPositionAlgorithm: getMediaContainerHeight() supplier = 0
01-30 23:25:21.768  1426  2534 W WindowManager: lockNow pending, ignore updating lockscreen timeout
01-30 23:25:21.778  9700  9714 V ClearcutMetricXmitter: Transmission is done.
01-30 23:25:21.830 14070 14114 I BLASTBufferQueue: [ViewRootImpl@829fdb8[MainActivity]#0](f:0,a:0) onFrameAvailable the first frame is available
01-30 23:25:21.831 14070 14114 I ViewRootImpl@829fdb8[MainActivity]: Received frameCommittedCallback lastAttemptedDrawFrameNum=1 didProduceBuffer=true
01-30 23:25:21.831 14070 14114 D OpenGLRenderer: CFMS:: SetUp Pid : 14070    Tid : 14114
01-30 23:25:21.833 14070 14114 W Parcel  : Expecting binder but got null!
01-30 23:25:21.833 14070 14070 I ViewRootImpl@829fdb8[MainActivity]: onSyncComplete
01-30 23:25:21.834 14070 14070 I ViewRootImpl@829fdb8[MainActivity]: setupSync seqId=0 mSyncId=0 fn=1 caller=android.view.ViewRootImpl$$ExternalSyntheticLambda11.accept:6 android.window.SurfaceSyncer.lambda$setupSync$1$android-window-SurfaceSyncer:128 android.window.SurfaceSyncer$$ExternalSyntheticLambda1.accept:8 android.window.SurfaceSyncer$SyncSet.checkIfSyncIsComplete:382 android.window.SurfaceSyncer$SyncSet.markSyncReady:359 android.window.SurfaceSyncer.markSyncReady:151 android.view.ViewRootImpl.performTraversals:4503
01-30 23:25:21.834 14070 14070 I ViewRootImpl@829fdb8[MainActivity]: reportDrawFinished seqId=0 mSyncId=-1 fn=1 mSurfaceChangedTransaction=0xb4000071eb65bf30
01-30 23:25:21.836  1426  1485 W WindowManager: lockNow pending, ignore updating lockscreen timeout
01-30 23:25:21.837  1426  1485 W WindowManager: lockNow pending, ignore updating lockscreen timeout
01-30 23:25:21.838  1426  1485 I SemDvfsHyPerManager: acquire hyper - AMS_RESUME_TAIL/1426@22, type = -999
01-30 23:25:21.838  1426  1485 I SemDvfsHyPerManager: acquire hyper - AMS_ACT_LAZY/1426@23, type = -999
01-30 23:25:21.838  1037  1116 I HYPER-HAL: [RequestManager.cpp]acquire(): Acquired ID : 1049098  [1426 / 22]    HINT : AMS_RESUME_TAIL    list :
01-30 23:25:21.839  1037  1116 I HYPER-HAL: [RequestManager.cpp]releaseLocked(): Released ID : 1051999
01-30 23:25:21.839  1426  1479 W ziparchive: Unable to open '/data/app/~~0uNxVZTZZfqvylx2QtJ3sg==/com.example.sportmatch-n8cXn5opdACvVQFmSw3sXw==/base.dm': No such file or directory
01-30 23:25:21.841  1426  1479 I PkgPredictorService-SecIpmManagerServiceImpl: reportToNAP uid:10438 com.example.sportmatch/com.example.sportmatch.MainActivity thisTime:628
01-30 23:25:21.841 25557 25557 I ViewRootImpl@7304e6b[LauncherActivity]: stopped(true) old = false
01-30 23:25:21.842 25557 25557 I ViewRootImpl@7304e6b[LauncherActivity]: WindowStopped on com.sec.android.app.launcher/com.sec.android.app.launcher.activities.LauncherActivity set to true
01-30 23:25:21.843  1100  1333 I SurfaceFlinger: id=129930 createSurf flag=24000, Surface(name=3e5bcc4 com.example.sportmatch/com.example.sportmatch.MainActivity)/@0x81c761d - animation-leash of starting_reveal#129930
01-30 23:25:21.843  1426  1479 I ActivityTaskManager: Displayed com.example.sportmatch/.MainActivity: +628ms
01-30 23:25:21.843 25557 25557 I Launcher: !@Boot_DEBUG: Launcher.onStop()
01-30 23:25:21.843 25557 25557 I Launcher: !@Boot_EBS_D: Launcher.onStop()
01-30 23:25:21.843   981   981 E audit   : type=1400 audit(1706649921.841:879086): avc:  denied  { search } for  pid=1096 comm="perfmond" name="host0" dev="sysfs" ino=73001 scontext=u:r:perfmond:s0 tcontext=u:object_r:sysfs_ski_ufs_writable:s0 tclass=dir permissive=0 SEPF_SM-A536B_12_0001 audit_filtered
01-30 23:25:21.843 25557 25557 I BaseActivity: removeActivityFlags, flags : 17
01-30 23:25:21.844 25557 25557 I StateManager: goToState isInState Normal
01-30 23:25:21.845  3326  3326 E pageboostd: Received HALT command code 2
01-30 23:25:21.847 25557 25557 W LauncherAppWidgetHost: setShouldListenFlag, mFlags:7 flag:start on:false isFront:false
01-30 23:25:21.847 25557 25579 I IMM_LC  : hsifw() - flag : 0
01-30 23:25:21.847 25557 25579 I IMM_LC  : hsifw() - mService.hideSoftInput
01-30 23:25:21.849  1426  1445 D InputDispatcher: Focus entered window (0): 3e5bcc4 com.example.sportmatch/com.example.sportmatch.MainActivity
01-30 23:25:21.849  1426  2534 I AppWidgetServiceImpl: stopListening callbacks : null
01-30 23:25:21.849 14070 14106 D FA      : Connected to remote service
01-30 23:25:21.850 25557 25557 W LauncherAppWidgetHost: stopListening, mFlags:2 isFront:false
01-30 23:25:21.850 25557 25557 W Launcher.NotificationListener: removeNotificationsChangedListener
01-30 23:25:21.850 25557 25557 I Launcher.NotificationListener: unregisterObserver, this is not notificationService!!
01-30 23:25:21.850 25557 25557 I BadgeCountUpdaterImpl: onNotificationsChangedDisConnected
01-30 23:25:21.852 25557 25557 I DecorView: notifyKeepScreenOnChanged: keepScreenOn=false
01-30 23:25:21.853 14070 14106 V FA      : Processing queued up service tasks: 5
01-30 23:25:21.854  1426  1485 W WindowManager: lockNow pending, ignore updating lockscreen timeout
01-30 23:25:21.854  1100  1100 D SurfaceFlinger: Display 4633128672291735932 HWC layers:
01-30 23:25:21.854  1100  1100 D SurfaceFlinger:      DEVICE | 0xb400007704b619d0 | 0102 | RGBA_8888    |    0.0    0.0 1080.0 2400.0 |    0    0 1080 2400 | com.example.sportmatch/com.example.sportmatch.MainActivity$_14070#129927
01-30 23:25:21.854  1100  1100 D SurfaceFlinger:      DEVICE | 0xb400007704b3c350 | 0100 | RGBA_8888    |    0.0    0.0 1080.0 2400.0 |    0    0 1080 2400 | Splash Screen com.example.sportmatch$_2448#129922
01-30 23:25:21.854  1100  1100 D SurfaceFlinger:      DEVICE | 0xb400007704b67310 | 0100 | RGBA_8888    |    0.0    0.0 1080.0   88.0 |    0    0 1080   88 | StatusBar$_2448#94
01-30 23:25:21.854  1100  1100 D SurfaceFlinger:      DEVICE | 0xb400007704b64750 | 0100 | RGBA_8888    |    0.0    0.0   67.0  342.0 |    0 1504   67 1846 | com.samsung.android.app.cocktailbars[...]vice.CocktailBarService$_5767#129865
01-30 23:25:21.854  1100  1100 D SurfaceFlinger:      DEVICE | 0xb400007704b68110 | 0100 | RGBA_8888    |    0.0    0.0 1080.0  135.0 |    0 2265 1080 2400 | NavigationBar0$_2448#88
01-30 23:25:21.854  1100  1100 D SurfaceFlinger:
01-30 23:25:21.857 25557 25581 I LiveIconUpdateEventHandler: cancelMinuteChangeAlarm
01-30 23:25:21.857 25557 25557 I MSHandlerLifeCycle: removeMultiSplitHandler: no exist. decor=DecorView@672abee[LauncherActivity]
01-30 23:25:21.860 25557 25581 I LiveIconUpdateEventHandler: cancelDateChangeAlarm
01-30 23:25:21.862  2448  2522 I ViewRootImpl@5056d8f[sportmatch]: performTraversals params={(0,0)(fillxfill) sim={adjust=pan} ty=APPLICATION_STARTING fmt=TRANSLUCENT wanim=0x1030309
01-30 23:25:21.862  2448  2522 I ViewRootImpl@5056d8f[sportmatch]:   fl=81030118
01-30 23:25:21.862  2448  2522 I ViewRootImpl@5056d8f[sportmatch]:   pfl=16000010
01-30 23:25:21.862  2448  2522 I ViewRootImpl@5056d8f[sportmatch]:   bhv=DEFAULT
01-30 23:25:21.862  2448  2522 I ViewRootImpl@5056d8f[sportmatch]:   fitSides= naviIconColor=0}
01-30 23:25:21.863  2448  2522 I ViewRootImpl@5056d8f[sportmatch]: performTraversals mFirst=false windowShouldResize=false viewVisibilityChanged=false mForceNextWindowRelayout=false params={(0,0)(fillxfill) sim={adjust=pan} ty=APPLICATION_STARTING fmt=TRANSLUCENT wanim=0x1030309
01-30 23:25:21.863  2448  2522 I ViewRootImpl@5056d8f[sportmatch]:   fl=81030118
01-30 23:25:21.863  2448  2522 I ViewRootImpl@5056d8f[sportmatch]:   pfl=16000010
01-30 23:25:21.863  2448  2522 I ViewRootImpl@5056d8f[sportmatch]:   bhv=DEFAULT
01-30 23:25:21.863  2448  2522 I ViewRootImpl@5056d8f[sportmatch]:   fitSides= naviIconColor=0}
01-30 23:25:21.863 14070 14070 I ViewRootImpl@829fdb8[MainActivity]: MSG_WINDOW_FOCUS_CHANGED 1 0
01-30 23:25:21.864 14070 14070 I ViewRootImpl@829fdb8[MainActivity]: mThreadedRenderer.initializeIfNeeded()#2 mSurface={isValid=true 0xb4000072bb65ca60}
01-30 23:25:21.864  1426  1445 V WindowManager: Relayout Window{7bccc22 u0 Splash Screen com.example.sportmatch}: viewVisibility=0 req=1080x2400 d0
01-30 23:25:21.865 25557 25557 I ViewRootImpl@7304e6b[LauncherActivity]: performTraversals params={(0,0)(fillxfill) sim={adjust=nothing} layoutInDisplayCutoutMode=shortEdges ty=BASE_APPLICATION fmt=TRANSPARENT wanim=0x10302f4
01-30 23:25:21.865 25557 25557 I ViewRootImpl@7304e6b[LauncherActivity]:   fl=81910100
01-30 23:25:21.865 25557 25557 I ViewRootImpl@7304e6b[LauncherActivity]:   pfl=1e020040
01-30 23:25:21.865 25557 25557 I ViewRootImpl@7304e6b[LauncherActivity]:   vsysui=1700
01-30 23:25:21.865 25557 25557 I ViewRootImpl@7304e6b[LauncherActivity]:   bhv=SHOW_TRANSIENT_BARS_BY_SWIPE
01-30 23:25:21.865 25557 25557 I ViewRootImpl@7304e6b[LauncherActivity]:   fitSides= naviIconColor=0}
01-30 23:25:21.865 14070 14070 D InputMethodManager: startInputInner - Id : 0
01-30 23:25:21.866 14070 14070 I InputMethodManager: startInputInner - mService.startInputOrWindowGainedFocus
01-30 23:25:21.868 25557 25557 I ViewRootImpl@7304e6b[LauncherActivity]: performTraversals mFirst=false windowShouldResize=false viewVisibilityChanged=false mForceNextWindowRelayout=false params={(0,0)(fillxfill) sim={adjust=nothing} layoutInDisplayCutoutMode=shortEdges ty=BASE_APPLICATION fmt=TRANSPARENT wanim=0x10302f4
01-30 23:25:21.868 25557 25557 I ViewRootImpl@7304e6b[LauncherActivity]:   fl=81910100
01-30 23:25:21.868 25557 25557 I ViewRootImpl@7304e6b[LauncherActivity]:   pfl=1e020040
01-30 23:25:21.868 25557 25557 I ViewRootImpl@7304e6b[LauncherActivity]:   vsysui=1700
01-30 23:25:21.868 25557 25557 I ViewRootImpl@7304e6b[LauncherActivity]:   bhv=SHOW_TRANSIENT_BARS_BY_SWIPE
01-30 23:25:21.868 25557 25557 I ViewRootImpl@7304e6b[LauncherActivity]:   fitSides= naviIconColor=0}
01-30 23:25:21.868  1426  1445 W WindowManager: lockNow pending, ignore updating lockscreen timeout
01-30 23:25:21.870  2448  2448 D SamsungLightBarControlHelper: onStatusBarAppearanceChanged() -  sbModeChanged:false, statusBarMode:MODE_TRANSPARENT, barState:SHADE, isKeyguardShowing:false, navbarColorManagedByIme:false, stackAppearancesChanged:true, (AppearanceRegion{ bounds=[0,0][1080,2400]}, ), packageName:com.example.sportmatch
01-30 23:25:21.870  2448  2448 D NavigationBar: onSystemBarAttributesChanged() -  displayId:0, appearance:0, packageName: com.example.sportmatch, navbarColorManagedByIme:false
01-30 23:25:21.871  2448  2448 D SamsungLightBarControlHelper: updateNavigation(White button) isLightBar:false, hasLightBarNavigationBarFlag:false, packageName:com.example.sportmatch, DirectReplying:false, NavBarColorManagerdByIme:false, ForceDarkForScrim:false, QsCustomizing:false, PanelHasWhiteBg:false
01-30 23:25:21.871  2448  2448 D SamsungLightBarControlHelper: updateStatus(WHITE icon) NumStacks:1, StatusBarMode:MODE_TRANSPARENT, lightBarBounds:[], StatusBarState:SHADE, packageName:com.example.sportmatch, isWhiteKeyguardStatusBarBySettings:false
01-30 23:25:21.873  1426  1445 V WindowManager: Relayout hash=7bccc22, pid=2448, syncId=-1: mAttrs={(0,0)(fillxfill) sim={adjust=pan} ty=APPLICATION_STARTING fmt=TRANSLUCENT wanim=0x1030309
01-30 23:25:21.873  1426  1445 V WindowManager:   fl=81030118
01-30 23:25:21.873  1426  1445 V WindowManager:   pfl=16000010
01-30 23:25:21.873  1426  1445 V WindowManager:   bhv=DEFAULT
01-30 23:25:21.873  1426  1445 V WindowManager:   fitSides= naviIconColor=0}
01-30 23:25:21.874  2448  2522 I ViewRootImpl@5056d8f[sportmatch]: updateBlastSurfaceIfNeeded mBlastBufferQueue=0xb40000722b803fd0 isSameSurfaceControl=true
01-30 23:25:21.874  2448  2522 I BLASTBufferQueue: update, w= 1080 h= 2400 mName = ViewRootImpl@5056d8f[sportmatch] mNativeObject= 0xb40000722b803fd0 sc.mNativeObject= 0xb4000071bb695190 format= -3 caller= android.view.ViewRootImpl.updateBlastSurfaceIfNeeded:2898 android.view.ViewRootImpl.relayoutWindow:9847 android.view.ViewRootImpl.performTraversals:3884 android.view.ViewRootImpl.doTraversal:3116 android.view.ViewRootImpl$TraversalRunnable.run:10885 android.view.Choreographer$CallbackRecord.run:1301
01-30 23:25:21.874  1426  4480 V WindowManager: Relayout Window{f508e83 u0 com.sec.android.app.launcher/com.sec.android.app.launcher.activities.LauncherActivity}: viewVisibility=8 req=1080x2400 d0
01-30 23:25:21.874  2448  2522 I ViewRootImpl@5056d8f[sportmatch]: Relayout returned: old=(0,0,1080,2400) new=(0,0,1080,2400) req=(1080,2400)0 dur=11 res=0x0 s={true 0xb4000072bbc5b970} ch=false seqId=0
01-30 23:25:21.874  1426  4480 W WindowManager: lockNow pending, ignore updating lockscreen timeout
01-30 23:25:21.876  1426  2533 D InputMethodManagerService: mDesktopModeManager null!
01-30 23:25:21.876  1426  2533 V InputMethodManagerService: getDisplayIdOfInputMethodWindowToBeAdded: displayId=0
01-30 23:25:21.876  1426  4480 V WindowManager: Relayout hash=f508e83, pid=25557, syncId=-1: mAttrs={(0,0)(fillxfill) sim={adjust=nothing} layoutInDisplayCutoutMode=shortEdges ty=BASE_APPLICATION fmt=TRANSPARENT wanim=0x10302f4
01-30 23:25:21.876  1426  4480 V WindowManager:   fl=81910100
01-30 23:25:21.876  1426  4480 V WindowManager:   pfl=1e020040
01-30 23:25:21.876  1426  4480 V WindowManager:   vsysui=1700
01-30 23:25:21.876  1426  4480 V WindowManager:   bhv=SHOW_TRANSIENT_BARS_BY_SWIPE
01-30 23:25:21.876  1426  4480 V WindowManager:   fitSides= naviIconColor=0}
01-30 23:25:21.876  1426  2533 D InputTransport: Input channel constructed: 'ClientS', fd=868
01-30 23:25:21.876  1426  2533 D InputTransport: Input channel constructed: 'ClientS', fd=907
01-30 23:25:21.877  1426  2533 D InputTransport: Input channel destroyed: 'ClientS', fd=907
01-30 23:25:21.878  2448  2555 I ViewRootImpl@5056d8f[sportmatch]: mWNT: t=0xb4000071eb8e8bb0 mBlastBufferQueue=0xb40000722b803fd0 fn= 2 caller= android.view.SyncRtSurfaceTransactionApplier.applyTransaction:96 android.view.SyncRtSurfaceTransactionApplier.lambda$scheduleApply$0$android-view-SyncRtSurfaceTransactionApplier:69 android.view.SyncRtSurfaceTransactionApplier$$ExternalSyntheticLambda0.onFrameDraw:4
01-30 23:25:21.878  2448  2555 I ViewRootImpl@5056d8f[sportmatch]: mWNT: t=0xb4000071eb7402f0 mBlastBufferQueue=0xb40000722b803fd0 fn= 2 caller= android.view.SyncRtSurfaceTransactionApplier.applyTransaction:96 android.view.SyncRtSurfaceTransactionApplier.lambda$scheduleApply$0$android-view-SyncRtSurfaceTransactionApplier:69 android.view.SyncRtSurfaceTransactionApplier$$ExternalSyntheticLambda0.onFrameDraw:4
01-30 23:25:21.885 25557 25557 I ViewRootImpl@7304e6b[LauncherActivity]: Relayout returned: old=(0,0,1080,2400) new=(0,0,1080,2400) req=(1080,2400)8 dur=16 res=0x2 s={false 0x0} ch=false seqId=0
01-30 23:25:21.886  1426  1444 D InputMethodManagerService: isImeSwitcherDisabledPackage : false
01-30 23:25:21.887  2448  2556 I ViewRootImpl@5056d8f[sportmatch]: mWNT: t=0xb4000071eb966cd0 mBlastBufferQueue=0xb40000722b803fd0 fn= 3 caller= android.view.SyncRtSurfaceTransactionApplier.applyTransaction:96 android.view.SyncRtSurfaceTransactionApplier.lambda$scheduleApply$0$android-view-SyncRtSurfaceTransactionApplier:69 android.view.SyncRtSurfaceTransactionApplier$$ExternalSyntheticLambda0.onFrameDraw:4
01-30 23:25:21.889  2448  2448 I ViewRootImpl@ca191f7[NotificationShade]: performTraversals mFirst=false windowShouldResize=false viewVisibilityChanged=false mForceNextWindowRelayout=false params={(0,0)(fillxfill) gr=TOP CENTER_VERTICAL sim={adjust=resize} layoutInDisplayCutoutMode=always ty=NOTIFICATION_SHADE fmt=TRANSLUCENT
01-30 23:25:21.889  2448  2448 I ViewRootImpl@ca191f7[NotificationShade]:   fl=81840048
01-30 23:25:21.889  2448  2448 I ViewRootImpl@ca191f7[NotificationShade]:   pfl=1b000000
01-30 23:25:21.889  2448  2448 I ViewRootImpl@ca191f7[NotificationShade]:   bhv=SHOW_TRANSIENT_BARS_BY_SWIPE naviIconColor=0
01-30 23:25:21.889  2448  2448 I ViewRootImpl@ca191f7[NotificationShade]:   sfl=60000}
01-30 23:25:21.891  1426  4480 V WindowManager: Relayout Window{2390bad u0 NotificationShade}: viewVisibility=4 req=1080x2400 d0
01-30 23:25:21.892  1426  1444 D InputMethodManagerService: checkDisplayOfStartInputAndUpdateKeyboard: displayId=0, mFocusedDisplayId=0
01-30 23:25:21.892  1426  4480 W WindowManager: lockNow pending, ignore updating lockscreen timeout
01-30 23:25:21.893  1426  1444 D InputTransport: Input channel constructed: 'ClientS', fd=907
01-30 23:25:21.893  1426  1444 D InputTransport: Input channel destroyed: 'ClientS', fd=907
01-30 23:25:21.895  1426  4480 V WindowManager: Relayout hash=2390bad, pid=2448, syncId=-1: mAttrs={(0,0)(fillxfill) gr=TOP CENTER_VERTICAL sim={adjust=resize} layoutInDisplayCutoutMode=always ty=NOTIFICATION_SHADE fmt=TRANSLUCENT
01-30 23:25:21.895  1426  4480 V WindowManager:   fl=81840048
01-30 23:25:21.895  1426  4480 V WindowManager:   pfl=1b000000
01-30 23:25:21.895  1426  4480 V WindowManager:   bhv=SHOW_TRANSIENT_BARS_BY_SWIPE naviIconColor=0
01-30 23:25:21.895  1426  4480 V WindowManager:   sfl=60000}
01-30 23:25:21.895  1100  1100 I Layer   : id=129910 removeFromCurrentState com.sec.android.app.launcher/com.sec.android.app.launcher.activities.LauncherActivity$_9700#129910 (242)
01-30 23:25:21.895  1100  1100 I Layer   : id=129911 removeFromCurrentState com.sec.android.app.launcher/com.sec.android.app.launcher.activities.LauncherActivity$_25557#129911 (242)
01-30 23:25:21.895  1100  1100 I SurfaceFlinger: id=129911 Removed com.sec.android.app.launcher/com.sec.android.app.launcher.activities.LauncherActivity$_25557#129911 (242)
01-30 23:25:21.896  1100  1100 I SurfaceFlinger: id=129910 Removed com.sec.android.app.launcher/com.sec.android.app.launcher.activities.LauncherActivity$_9700#129910 (242)
01-30 23:25:21.896 14070 14070 D InputMethodManager: startInputInner - Id : 0
01-30 23:25:21.896  1100  1100 I Layer   : id=129911 Destroyed com.sec.android.app.launcher/com.sec.android.app.launcher.activities.LauncherActivity$_25557#129911
01-30 23:25:21.896  2448  2555 I ViewRootImpl@5056d8f[sportmatch]: mWNT: t=0xb4000071eb9bf890 mBlastBufferQueue=0xb40000722b803fd0 fn= 4 caller= android.view.SyncRtSurfaceTransactionApplier.applyTransaction:96 android.view.SyncRtSurfaceTransactionApplier.lambda$scheduleApply$0$android-view-SyncRtSurfaceTransactionApplier:69 android.view.SyncRtSurfaceTransactionApplier$$ExternalSyntheticLambda0.onFrameDraw:4
01-30 23:25:21.897  1100  1100 I Layer   : id=129910 Destroyed com.sec.android.app.launcher/com.sec.android.app.launcher.activities.LauncherActivity$_9700#129910
01-30 23:25:21.898  2448  2448 I ViewRootImpl@ca191f7[NotificationShade]: Relayout returned: old=(0,0,1080,2400) new=(0,0,1080,2400) req=(1080,2400)4 dur=7 res=0x0 s={false 0x0} ch=false seqId=38
01-30 23:25:21.901  2448  2448 I FaceWidgetPositionAlgorithm: getClockContainerHeight() supplier = 291, bottom margin = 0, real height = 359
01-30 23:25:21.901  2448  2448 I FaceWidgetPositionAlgorithm: getClockContainerHeight() supplier = 291, bottom margin = 68, real height = 359
01-30 23:25:21.901  2448  2448 I FaceWidgetPositionAlgorithm: getMediaContainerHeight() height = 489 container Visibility = 8, isValid = false, mIsDozing = false, fraction = 1.0, source = 0, target = 0
01-30 23:25:21.901  2448  2448 I FaceWidgetPositionAlgorithm: getMediaContainerHeight() supplier = 0
01-30 23:25:21.901  6115  6115 I HBD     : HoneyBoardService onFinishInput
01-30 23:25:21.902  6115  6115 I HBD     : a IC have been unbinding,  RemoteInputConnection{idHash=#46992a2}
01-30 23:25:21.902  6115  6115 I HBD     : HoneyBoardService [PF_CL][onFinishInput]  1 ms
01-30 23:25:21.902  6115  6115 I HBD     : HoneyBoardService [IMI] onStartInput - caller pid : 14070 , caller uid : 10438
01-30 23:25:21.902  6115  6115 I HBD     : j updateConfigs
01-30 23:25:21.903  6115  6115 I HBD     : j isEnabledNightMode : true
01-30 23:25:21.904  6115  6115 I HBD     : a IC have been binding, RemoteInputConnection{idHash=#6ecfb33}
01-30 23:25:21.904  1100  1331 I SurfaceFlinger: id=129931 createSurf flag=24004, Surface(name=1e49913 InputMethod)/@0x940201a - animation-leash of insets_animation#129931
01-30 23:25:21.905  6115  6115 I HBD     : h [EditorInputType]setPrivateImeOptionsToTable privateImeOptions ( null )
01-30 23:25:21.905  6115  6115 I HBD     : b incognitoMode : false
01-30 23:25:21.905  6115  6115 I HBD     : b needOff = true , isForceOff = false, isNullInputClass : true
01-30 23:25:21.906  6115  6115 I HBD     : h getDefaultInputRange : UNKNOWN
01-30 23:25:21.906  6115  6115 I HBD     : h getDefaultInputRange : UNKNOWN
01-30 23:25:21.906  6115  6115 I HBD     : h getDefaultInputRange : UNKNOWN
01-30 23:25:21.907  1426  4480 W WindowManager: lockNow pending, ignore updating lockscreen timeout
01-30 23:25:21.910  1426  1485 W WindowManager: lockNow pending, ignore updating lockscreen timeout
01-30 23:25:21.911  2448  2536 D OpenGLRenderer: setSurface called with nullptr
01-30 23:25:21.911  2448  2536 D OpenGLRenderer: setSurface() destroyed EGLSurface
01-30 23:25:21.911  2448  2536 D OpenGLRenderer: destroyEglSurface
01-30 23:25:21.912  1100  1100 I Layer   : id=129917 removeFromCurrentState Surface(name=1e49913 InputMethod)/@0x940201a - animation-leash of insets_animation#129917 (241)
01-30 23:25:21.912  1100  1100 I SurfaceFlinger: id=129917 Removed Surface(name=1e49913 InputMethod)/@0x940201a - animation-leash of insets_animation#129917 (241)
01-30 23:25:21.913  6115  6115 I HBD     : b needOff = true , isForceOff = false, isNullInputClass : true
01-30 23:25:21.913  6115  6115 I HBD     : b update cached prediction status : false
01-30 23:25:21.913  6115  6115 I HBD     : h getDefaultInputRange : UNKNOWN
01-30 23:25:21.913  6115  6115 I HBD     : a currentState : 0
01-30 23:25:21.913  2448  2522 I ViewRootImpl@5056d8f[sportmatch]: performTraversals params={(0,0)(fillxfill) sim={adjust=pan} ty=APPLICATION_STARTING fmt=TRANSLUCENT wanim=0x1030309 alpha=0.0
01-30 23:25:21.913  2448  2522 I ViewRootImpl@5056d8f[sportmatch]:   fl=81030118
01-30 23:25:21.913  2448  2522 I ViewRootImpl@5056d8f[sportmatch]:   pfl=16000010
01-30 23:25:21.913  2448  2522 I ViewRootImpl@5056d8f[sportmatch]:   bhv=DEFAULT
01-30 23:25:21.913  2448  2522 I ViewRootImpl@5056d8f[sportmatch]:   fitSides= naviIconColor=0}
01-30 23:25:21.913  1100  1100 I Layer   : id=129917 Destroyed Surface(name=1e49913 InputMethod)/@0x940201a - animation-leash of insets_animation#129917
01-30 23:25:21.913  2448  2522 I ViewRootImpl@5056d8f[sportmatch]: performTraversals mFirst=false windowShouldResize=false viewVisibilityChanged=true mForceNextWindowRelayout=false params={(0,0)(fillxfill) sim={adjust=pan} ty=APPLICATION_STARTING fmt=TRANSLUCENT wanim=0x1030309 alpha=0.0
01-30 23:25:21.913  2448  2522 I ViewRootImpl@5056d8f[sportmatch]:   fl=81030118
01-30 23:25:21.913  2448  2522 I ViewRootImpl@5056d8f[sportmatch]:   pfl=16000010
01-30 23:25:21.913  2448  2522 I ViewRootImpl@5056d8f[sportmatch]:   bhv=DEFAULT
01-30 23:25:21.913  2448  2522 I ViewRootImpl@5056d8f[sportmatch]:   fitSides= naviIconColor=0}
01-30 23:25:21.914  6115  6115 I HBD     : a [UpdatePolicy] [post] a: 0 cl: 65538 kit: [0/0] vt: 0 ir: 1
01-30 23:25:21.914  6115  6115 I HBD     : a [NRIC] resetNoResponseState
01-30 23:25:21.914  6115  6115 I HBD     : b needOff = true , isForceOff = false, isNullInputClass : true
01-30 23:25:21.914  6115  6115 I HBD     : b update cached prediction status : false
01-30 23:25:21.915  6115  6115 I HBD     : HoneyBoardService [PF_OP][onStartInput]  13 ms
01-30 23:25:21.918  1426  4480 V WindowManager: Relayout Window{7bccc22 u0 Splash Screen com.example.sportmatch}: viewVisibility=8 req=1080x2400 d0
01-30 23:25:21.919  1426  4480 W WindowManager: lockNow pending, ignore updating lockscreen timeout
01-30 23:25:21.920  1217  1217 I CameraService: onUidStateChanged: uid=10043, procState is changed. (1 -> 0)
01-30 23:25:21.921  1426  4480 V WindowManager: Relayout hash=7bccc22, pid=2448, syncId=-1: mAttrs={(0,0)(fillxfill) sim={adjust=pan} ty=APPLICATION_STARTING fmt=TRANSLUCENT wanim=0x1030309 alpha=0.0
01-30 23:25:21.921  1426  4480 V WindowManager:   fl=81030118
01-30 23:25:21.921  1426  4480 V WindowManager:   pfl=16000010
01-30 23:25:21.921  1426  4480 V WindowManager:   bhv=DEFAULT
01-30 23:25:21.921  1426  4480 V WindowManager:   fitSides= naviIconColor=0}
01-30 23:25:21.923  2448  2522 I ViewRootImpl@5056d8f[sportmatch]: Relayout returned: old=(0,0,1080,2400) new=(0,0,1080,2400) req=(1080,2400)8 dur=9 res=0x2 s={false 0x0} ch=true seqId=0
01-30 23:25:21.923  2448  2522 I ViewRootImpl@5056d8f[sportmatch]: dispatchDetachedFromWindow
01-30 23:25:21.928  1100  1100 I Layer   : Layer [Splash Screen com.example.sportmatch$_2448#129922] hidden!! flag(1)
01-30 23:25:21.930  1426  4484 D InputTransport: Input channel destroyed: '7bccc22', fd=880
01-30 23:25:21.930  1426  4484 W InputManager-JNI: Input channel object '7bccc22 Splash Screen com.example.sportmatch (client)' was disposed without first being removed with the input manager!
01-30 23:25:21.930  1426  4484 D InputTransport: Input channel destroyed: '7bccc22', fd=905
01-30 23:25:21.933  1426  4484 W WindowManager: lockNow pending, ignore updating lockscreen timeout
01-30 23:25:21.934  1100  1100 D SurfaceFlinger: Display 4633128672291735932 HWC layers:
01-30 23:25:21.934  1100  1100 D SurfaceFlinger:      DEVICE | 0xb400007704b3cdd0 | 0102 | RGBA_8888    |    0.0    0.0 1080.0 2400.0 |    0    0 1080 2400 | com.example.sportmatch/com.example.sportmatch.MainActivity$_14070#129927
01-30 23:25:21.934  1100  1100 D SurfaceFlinger:      DEVICE | 0xb400007704b46b50 | 0100 | RGBA_8888    |    0.0    0.0 1080.0   88.0 |    0    0 1080   88 | StatusBar$_2448#94
01-30 23:25:21.934  1100  1100 D SurfaceFlinger:      DEVICE | 0xb400007704b64750 | 0100 | RGBA_8888    |    0.0    0.0   67.0  342.0 |    0 1504   67 1846 | com.samsung.android.app.cocktailbars[...]vice.CocktailBarService$_5767#129865
01-30 23:25:21.934  1100  1100 D SurfaceFlinger:      DEVICE | 0xb400007704b58510 | 0100 | RGBA_8888    |    0.0    0.0 1080.0  135.0 |    0 2265 1080 2400 | NavigationBar0$_2448#88
01-30 23:25:21.934  1100  1100 D SurfaceFlinger:
01-30 23:25:21.936  2448  2522 D InputTransport: Input channel destroyed: '7bccc22', fd=356
01-30 23:25:21.941  8598 14153 V FA-SVC  : Logging event: origin=auto,name=screen_view(_vs),params=Bundle[{ga_event_origin(_o)=auto, ga_screen_class(_sc)=MainActivity, ga_screen_id(_si)=2564371498319530780}]
01-30 23:25:21.945  1100  1100 I Layer   : id=129921 removeFromCurrentState 7bccc22 Splash Screen com.example.sportmatch#129921 (240)
01-30 23:25:21.945  1100  1100 I Layer   : id=129922 removeFromCurrentState Splash Screen com.example.sportmatch$_2448#129922 (240)
01-30 23:25:21.946  1100  1100 I Layer   : id=129930 removeFromCurrentState Surface(name=3e5bcc4 com.example.sportmatch/com.example.sportmatch.MainActivity)/@0x81c761d - animation-leash of starting_reveal#129930 (240)
01-30 23:25:21.946  1100  1100 I Layer   : id=129922 removeFromCurrentState Splash Screen com.example.sportmatch$_2448#129922 (240)
01-30 23:25:21.946  1100  1100 I SurfaceFlinger: id=129921 Removed 7bccc22 Splash Screen com.example.sportmatch#129921 (240)
01-30 23:25:21.946  1100  1100 I SurfaceFlinger: id=129922 Removed Splash Screen com.example.sportmatch$_2448#129922 (240)
01-30 23:25:21.947  1100  1100 I Layer   : id=129921 Destroyed 7bccc22 Splash Screen com.example.sportmatch#129921
01-30 23:25:21.948  1100  1100 I Layer   : id=129922 Destroyed Splash Screen com.example.sportmatch$_2448#129922
01-30 23:25:21.957  1426  2534 D InputMethodManagerService: isImeSwitcherDisabledPackage : false
01-30 23:25:21.958  1426  1485 W WindowManager: lockNow pending, ignore updating lockscreen timeout
01-30 23:25:21.959  6115  6115 I InputMethodService: removeImeSurface
01-30 23:25:21.959  6115  6115 I MSHandlerLifeCycle: check: return. pkg=com.samsung.android.honeyboard isActivity=false callers=com.android.internal.policy.DecorView.setVisibility:4412 android.app.Dialog.hide:767 android.inputmethodservice.InputMethodService.removeImeSurface:1290 android.inputmethodservice.InputMethodService.scheduleImeSurfaceRemoval:1279 android.inputmethodservice.InputMethodService.-$$Nest$mscheduleImeSurfaceRemoval:0
01-30 23:25:21.959  6115  6115 I MSHandlerLifeCycle: removeMultiSplitHandler: no exist. decor=DecorView@f7681bd[InputMethod]
01-30 23:25:21.964  8598 14153 V FA-SVC  : Upload scheduled in approximately ms: 3458943
01-30 23:25:21.965  8598 14153 V FA-SVC  : Unscheduling upload
01-30 23:25:21.968  8598 14153 V FA-SVC  : Scheduling upload, millis: 3458943
01-30 23:25:21.971  8598 14153 V FA-SVC  : Background event processing time, ms: 30
01-30 23:25:21.974 12143 13822 W NetworkScheduler: Error inserting flex_time=3458000 job_id=-1 period=6918000 source=16 requires_charging=0 preferred_network_type=1 target_class=com.google.android.gms.measurement.PackageMeasurementTaskService user_id=0 target_package=com.google.android.gms tag=Measurement.PackageMeasurementTaskService.UPLOAD_TASK_TAG task_type=0 required_idleness_state=0 service_kind=0 source_version=240213000 persistence_level=1 preferred_charging_state=1 required_network_type=0 runtime=1706649921972 retry_strategy={"maximum_backoff_seconds":{"3600":0},"initial_backoff_seconds":{"30":0},"retry_policy":{"0":0}} last_runtime=0 [CONTEXT service_id=218 ]
01-30 23:25:21.974 12143 13822 W NetworkScheduler: android.database.sqlite.SQLiteConstraintException: UNIQUE constraint failed: pending_ops.tag, pending_ops.target_class, pending_ops.target_package, pending_ops.user_id (code 2067 SQLITE_CONSTRAINT_UNIQUE[2067])
01-30 23:25:21.974 12143 13822 W NetworkScheduler: 	at android.database.sqlite.SQLiteConnection.nativeExecuteForLastInsertedRowId(Native Method)
01-30 23:25:21.974 12143 13822 W NetworkScheduler: 	at android.database.sqlite.SQLiteConnection.executeForLastInsertedRowId(SQLiteConnection.java:1275)
01-30 23:25:21.974 12143 13822 W NetworkScheduler: 	at android.database.sqlite.SQLiteSession.executeForLastInsertedRowId(SQLiteSession.java:790)
01-30 23:25:21.974 12143 13822 W NetworkScheduler: 	at android.database.sqlite.SQLiteStatement.executeInsert(SQLiteStatement.java:89)
01-30 23:25:21.974 12143 13822 W NetworkScheduler: 	at android.database.sqlite.SQLiteDatabase.insertWithOnConflict(SQLiteDatabase.java:2410)
01-30 23:25:21.974 12143 13822 W NetworkScheduler: 	at android.database.sqlite.SQLiteDatabase.insertOrThrow(SQLiteDatabase.java:2305)
01-30 23:25:21.974 12143 13822 W NetworkScheduler: 	at crnw.d(:com.google.android.gms@240213038@24.02.13 (190400-599553831):743)
01-30 23:25:21.974 12143 13822 W NetworkScheduler: 	at crmd.n(:com.google.android.gms@240213038@24.02.13 (190400-599553831):29)
01-30 23:25:21.974 12143 13822 W NetworkScheduler: 	at crmd.u(:com.google.android.gms@240213038@24.02.13 (190400-599553831):362)
01-30 23:25:21.974 12143 13822 W NetworkScheduler: 	at crmd.h(:com.google.android.gms@240213038@24.02.13 (190400-599553831):51)
01-30 23:25:21.974 12143 13822 W NetworkScheduler: 	at crhi.run(:com.google.android.gms@240213038@24.02.13 (190400-599553831):72)
01-30 23:25:21.974 12143 13822 W NetworkScheduler: 	at akki.c(:com.google.android.gms@240213038@24.02.13 (190400-599553831):50)
01-30 23:25:21.974 12143 13822 W NetworkScheduler: 	at akki.run(:com.google.android.gms@240213038@24.02.13 (190400-599553831):76)
01-30 23:25:21.974 12143 13822 W NetworkScheduler: 	at java.util.concurrent.ThreadPoolExecutor.runWorker(ThreadPoolExecutor.java:1145)
01-30 23:25:21.974 12143 13822 W NetworkScheduler: 	at java.util.concurrent.ThreadPoolExecutor$Worker.run(ThreadPoolExecutor.java:644)
01-30 23:25:21.974 12143 13822 W NetworkScheduler: 	at akpt.run(:com.google.android.gms@240213038@24.02.13 (190400-599553831):8)
01-30 23:25:21.974 12143 13822 W NetworkScheduler: 	at java.lang.Thread.run(Thread.java:1012)
01-30 23:25:21.978  8598 14153 V FA-SVC  : Saving default event parameters, appId, data size: com.example.sportmatch, 2
01-30 23:25:22.111  1426  2377 D SemNscXgbMsL1: Probability - Cloud gaming: [0.0373852]
01-30 23:25:22.111  1426  2377 D SemNscXgbMsL1: Probability - Real time: [0.42683145]
01-30 23:25:22.112  1426  2377 D SemNscXgbMsL1: Probability - Non real time: [0.4427701]
01-30 23:25:22.112  1426  2377 D SemNscXgbMsL1: 1 sample inference time: 0.950192 msecs
01-30 23:25:22.113  1426  2377 D SemNscXgbL2Rt: L2 RT 1 sample inference time: 0.917539 msecs
01-30 23:25:22.114  1426  2377 D SemNscXgbL2Nrt: L2 NRT 1 sample inference time: 0.720077 msecs
01-30 23:25:22.139  1037 14152 I HYPER-HAL: [RequestManager.cpp]releaseLocked(): Released ID : 1049098
01-30 23:25:22.166 12143 12160 I FontLog : (REDACTED) Received query %s, URI %s
01-30 23:25:22.166 12143 12160 I FontLog : (REDACTED) Query [%s] resolved to %s
01-30 23:25:22.167 12143 12160 I FontLog : (REDACTED) Fetch %s end status %s
01-30 23:25:22.171 12143 12160 I FontLog : (REDACTED) Pulling font file for id = %d, cache size = %d
01-30 23:25:22.174 12143 12160 I FontLog : (REDACTED) Pulling font file for id = %d, cache size = %d
01-30 23:25:22.253  9700  9700 I dnoa    : onStop
01-30 23:25:22.420  1426  2393 D SemWifiSwitchForIndividualAppsService: isSkipNetworkCondition - result:2
01-30 23:25:22.438  1067  1067 I sysinput:Touch: writeInformation:249, OK
01-30 23:25:22.438  1426  1726 D SysinputHAL_V1_3(V1_2): runTspCmdNoRead(1): set_grip_data,1,45,7,15,720,15,2400(0)
01-30 23:25:22.541  1037 14111 I HYPER-HAL: [RequestManager.cpp]releaseLocked(): Released ID : 1043308
01-30 23:25:22.728  1037 14109 I HYPER-HAL: [RequestManager.cpp]releaseLocked(): Released ID : 16362076
01-30 23:25:23.086  1080  1258 I EDEN    : [Exynos][EDEN][v1.6.21][SERVICE] processAliveMointorMain:253: Try to check pid=(1051)...
01-30 23:25:23.094  1426  2377 D SemNscXgbMsL1: Probability - Cloud gaming: [0.014419349]
01-30 23:25:23.095  1426  2377 D SemNscXgbMsL1: Probability - Real time: [0.57538855]
01-30 23:25:23.097  1426  2377 D SemNscXgbMsL1: Probability - Non real time: [0.53010094]
01-30 23:25:23.098  1426  2377 D SemNscXgbMsL1: 1 sample inference time: 4.045692 msecs
01-30 23:25:23.102  1426  2377 D SemNscXgbL2Rt: L2 RT 1 sample inference time: 2.683346 msecs
01-30 23:25:23.105  1426  2377 D SemNscXgbL2Nrt: L2 NRT 1 sample inference time: 2.209653 msecs
01-30 23:25:23.154 14070 14104 W FileTestStorage: Output properties is not supported.
01-30 23:25:23.155 14070 14104 I Tracing : Tracer added: class androidx.test.platform.tracing.AndroidXTracer
01-30 23:25:23.162 14070 14104 D EventInjectionStrategy: Creating injection strategy with input manager.
01-30 23:25:23.162 14070 14104 W mple.sportmatch: Accessing hidden method Landroid/hardware/input/InputManager;->getInstance()Landroid/hardware/input/InputManager; (unsupported, reflection, allowed)
01-30 23:25:23.162 14070 14104 W mple.sportmatch: Accessing hidden method Landroid/hardware/input/InputManager;->injectInputEvent(Landroid/view/InputEvent;I)Z (unsupported, reflection, allowed)
01-30 23:25:23.162 14070 14104 W mple.sportmatch: Accessing hidden field Landroid/hardware/input/InputManager;->INJECT_INPUT_EVENT_MODE_WAIT_FOR_FINISH:I (unsupported, reflection, allowed)
01-30 23:25:23.181 14070 14070 W mple.sportmatch: Accessing hidden method Landroid/os/MessageQueue;->next()Landroid/os/Message; (unsupported, reflection, allowed)
01-30 23:25:23.181 14070 14070 W mple.sportmatch: Accessing hidden field Landroid/os/MessageQueue;->mMessages:Landroid/os/Message; (unsupported, reflection, allowed)
01-30 23:25:23.181 14070 14070 W mple.sportmatch: Accessing hidden method Landroid/os/Message;->recycleUnchecked()V (unsupported, reflection, allowed)
01-30 23:25:23.184 14070 14070 W mple.sportmatch: Accessing hidden method Landroid/view/WindowManagerGlobal;->getInstance()Landroid/view/WindowManagerGlobal; (unsupported, reflection, allowed)
01-30 23:25:23.184 14070 14070 W mple.sportmatch: Accessing hidden field Landroid/view/WindowManagerGlobal;->mViews:Ljava/util/ArrayList; (unsupported, reflection, allowed)
01-30 23:25:23.184 14070 14070 W mple.sportmatch: Accessing hidden field Landroid/view/WindowManagerGlobal;->mParams:Ljava/util/ArrayList; (unsupported, reflection, allowed)
01-30 23:25:23.187 14070 14070 I ViewInteraction: Checking 'MatchesViewAssertion{viewMatcher=(view has effective visibility <VISIBLE> and view.getGlobalVisibleRect() to return non-empty rectangle)}' assertion on view view.getId() is <2131361909/com.example.sportmatch:id/backG>
01-30 23:25:23.191 14070 14070 I ViewInteraction: Checking 'MatchesViewAssertion{viewMatcher=(view has effective visibility <VISIBLE> and view.getGlobalVisibleRect() to return non-empty rectangle)}' assertion on view view.getId() is <2131362136/com.example.sportmatch:id/hometext>
01-30 23:25:23.194 14070 14070 I ViewInteraction: Checking 'MatchesViewAssertion{viewMatcher=(view has effective visibility <VISIBLE> and view.getGlobalVisibleRect() to return non-empty rectangle)}' assertion on view view.getId() is <2131361929/com.example.sportmatch:id/bottons>
01-30 23:25:23.197 14070 14070 I ViewInteraction: Checking 'MatchesViewAssertion{viewMatcher=(view has effective visibility <VISIBLE> and view.getGlobalVisibleRect() to return non-empty rectangle)}' assertion on view view.getId() is <2131362123/com.example.sportmatch:id/googleLogo>
01-30 23:25:23.199 14070 14104 W mple.sportmatch: Accessing hidden method Landroid/view/ViewConfiguration;->getDoubleTapMinTime()I (unsupported, reflection, allowed)
01-30 23:25:23.204 14070 14070 I ViewInteraction: Performing 'single click' action on view view.getId() is <2131361949/com.example.sportmatch:id/button_login>
01-30 23:25:23.208  1426  2959 D InputDispatcher: Inject motion (14070/10438): action=0x0, time=339237621000000, f=0x0, d=0 dsdx=1.000000 dtdx=0.000000
01-30 23:25:23.209  1426  1711 I InputDispatcher: Delivering touch to (2448): action: 0x4, f=0x0, d=0, '719c3fd', t=0
01-30 23:25:23.209  1426  1711 I InputDispatcher: Delivering touch to (14070): action: 0x0, f=0x0, d=0, '3e5bcc4', t=0
01-30 23:25:23.211  1426  1482 I GestureDetector: obtain mCurrentDownEvent. id: -152496320 caller: com.android.server.wm.SystemGesturesPointerEventListener.onPointerEvent:203 com.android.server.wm.PointerEventDispatcher.onInputEvent:53 android.view.InputEventReceiver.dispatchInputEvent:285
01-30 23:25:23.211  1426  1482 I GestureDetector: obtain mCurrentDownEvent. id: -152496320 caller: com.android.server.wm.SystemPerformancePointerEventListener.onPointerEvent:89 com.android.server.wm.PointerEventDispatcher.onInputEvent:53 android.view.InputEventReceiver.dispatchInputEvent:285
01-30 23:25:23.213 14070 14070 I ViewRootImpl@829fdb8[MainActivity]: ViewPostIme pointer 0
01-30 23:25:23.250  1426  2959 D InputDispatcher: Inject motion (14070/10438): action=0x1, time=339237663000000, f=0x0, d=0 dsdx=1.000000 dtdx=0.000000
01-30 23:25:23.251  1426  1711 I InputDispatcher: Delivering touch to (14070): action: 0x1, f=0x0, d=0, '3e5bcc4', t=0
01-30 23:25:23.252 14070 14070 I ViewRootImpl@829fdb8[MainActivity]: ViewPostIme pointer 1
01-30 23:25:23.253  1426  1482 I GestureDetector: obtain mCurrentMotionEventRaw. action: 1 id: -1041971273
01-30 23:25:23.253  1426  1482 I GestureDetector: obtain mCurrentMotionEventRaw. action: 1 id: -1041971273
01-30 23:25:23.255  1426  1484 I ChimeraSystemEventListener: appLaunchIntent package name is: com.example.sportmatch
01-30 23:25:23.256  1426  2959 I SemDvfsHyPerManager: acquire hyper - AMS_ACT_START/1426@21, type = -999
01-30 23:25:23.257  1037  1116 I HYPER-HAL: [RequestManager.cpp]acquire(): Acquired ID : 1047649  [1426 / 21]    HINT : AMS_ACT_START    list :
01-30 23:25:23.257  1100  1153 I SurfaceFlinger: id=129932 createSurf flag=80004, ActivityRecord{588e96d u0 com.example.sportmatch/.LoginActivity} t17302}#129932
01-30 23:25:23.263  1426  2959 W WindowManager: lockNow pending, ignore updating lockscreen timeout
01-30 23:25:23.265  3326  3326 E pageboostd: Received HALT command code 2
01-30 23:25:23.269 14070 14070 D LifecycleMonitor: Lifecycle status change: com.example.sportmatch.MainActivity@cf366af in: PAUSED
01-30 23:25:23.269 14070 14070 V ActivityScenario: Update currentActivityStage to PAUSED, currentActivity=com.example.sportmatch.MainActivity@cf366af
01-30 23:25:23.274 14070 14106 V FA      : Recording user engagement, ms: 1617
01-30 23:25:23.275  1426  2959 D InputDispatcher: Focused application(0): ActivityRecord{588e96d u0 com.example.sportmatch/.LoginActivity} t17302}
01-30 23:25:23.278  1426  2959 W WindowManager: lockNow pending, ignore updating lockscreen timeout
01-30 23:25:23.279  1100  1100 I SurfaceFlinger: [3e5bcc4 com.example.sportmatch/com.example.sportmatch.MainActivity#129926] FrameRatePriority: -1
01-30 23:25:23.284  1426  3460 I MediaSessionMonitor: Media session stopped : controllerList empty
01-30 23:25:23.287  5767  5767 I ActivityUtils: HomePackage : com.sec.android.app.launcher, resumePackageName : com.example.sportmatch
01-30 23:25:23.291 14070 14070 D LifecycleMonitor: Lifecycle status change: com.example.sportmatch.LoginActivity@f28d420 in: PRE_ON_CREATE
01-30 23:25:23.292 14070 14070 V ActivityScenario: Activity lifecycle changed event received but ignored because the intent does not match. startActivityIntent=Intent { act=android.intent.action.MAIN cat=[android.intent.category.LAUNCHER] flg=0x10008000 cmp=com.example.sportmatch/.MainActivity }, activity.getIntent()=Intent { cmp=com.example.sportmatch/.LoginActivity }, activity=com.example.sportmatch.LoginActivity@f28d420
01-30 23:25:23.296  1100  1100 D SurfaceFlinger: [input] inputWindowCommands.focusRequests size is 1
01-30 23:25:23.297 14070 14092 V FA      : onActivityCreated
01-30 23:25:23.299  1100  1210 D SurfaceFlinger: [input] setFocusedWindow: <null>
01-30 23:25:23.299  1426  4484 D InputDispatcher: Focus request (0): <null> but waiting because NOT_FOCUSABLE
01-30 23:25:23.299  1426  4484 D InputDispatcher: Focus left window (0): 3e5bcc4 com.example.sportmatch/com.example.sportmatch.MainActivity
01-30 23:25:23.302 14070 14070 I DecorView: [INFO] isPopOver=false config=true
01-30 23:25:23.302 14070 14070 I DecorView: updateCaptionType: isFloating=false isApplication=true hasWindowDecorCaption=false this=DecorView@1b5311[]
01-30 23:25:23.302 14070 14070 D DecorView: setCaptionType = 0, this = DecorView@1b5311[]
01-30 23:25:23.304 14070 14070 I DecorView: getCurrentDensityDpi: from real metrics. densityDpi=450 msg=resources_loaded
01-30 23:25:23.305 14070 14070 I DecorView: setWindowBackground: isPopOver=false color=ffffffff d=android.graphics.drawable.ColorDrawable@1cb6277
01-30 23:25:23.331  8598 14153 V FA-SVC  : Logging event: origin=auto,name=user_engagement(_e),params=Bundle[{ga_event_origin(_o)=auto, engagement_time_msec(_et)=1617, ga_screen_class(_sc)=MainActivity, ga_screen_id(_si)=2564371498319530780}]
01-30 23:25:23.331 14070 14106 V FA      : Activity paused, time: 589513374
01-30 23:25:23.339  8598 14153 V FA-SVC  : Upload scheduled in approximately ms: 3457568
01-30 23:25:23.339  8598 14153 V FA-SVC  : Unscheduling upload
01-30 23:25:23.342  8598 14153 V FA-SVC  : Scheduling upload, millis: 3457568
01-30 23:25:23.344  8598 14153 V FA-SVC  : Background event processing time, ms: 13
01-30 23:25:23.349 12143 12904 W NetworkScheduler: Error inserting flex_time=3457000 job_id=-1 period=6916000 source=16 requires_charging=0 preferred_network_type=1 target_class=com.google.android.gms.measurement.PackageMeasurementTaskService user_id=0 target_package=com.google.android.gms tag=Measurement.PackageMeasurementTaskService.UPLOAD_TASK_TAG task_type=0 required_idleness_state=0 service_kind=0 source_version=240213000 persistence_level=1 preferred_charging_state=1 required_network_type=0 runtime=1706649923345 retry_strategy={"maximum_backoff_seconds":{"3600":0},"initial_backoff_seconds":{"30":0},"retry_policy":{"0":0}} last_runtime=0 [CONTEXT service_id=218 ]
01-30 23:25:23.349 12143 12904 W NetworkScheduler: android.database.sqlite.SQLiteConstraintException: UNIQUE constraint failed: pending_ops.tag, pending_ops.target_class, pending_ops.target_package, pending_ops.user_id (code 2067 SQLITE_CONSTRAINT_UNIQUE[2067])
01-30 23:25:23.349 12143 12904 W NetworkScheduler: 	at android.database.sqlite.SQLiteConnection.nativeExecuteForLastInsertedRowId(Native Method)
01-30 23:25:23.349 12143 12904 W NetworkScheduler: 	at android.database.sqlite.SQLiteConnection.executeForLastInsertedRowId(SQLiteConnection.java:1275)
01-30 23:25:23.349 12143 12904 W NetworkScheduler: 	at android.database.sqlite.SQLiteSession.executeForLastInsertedRowId(SQLiteSession.java:790)
01-30 23:25:23.349 12143 12904 W NetworkScheduler: 	at android.database.sqlite.SQLiteStatement.executeInsert(SQLiteStatement.java:89)
01-30 23:25:23.349 12143 12904 W NetworkScheduler: 	at android.database.sqlite.SQLiteDatabase.insertWithOnConflict(SQLiteDatabase.java:2410)
01-30 23:25:23.349 12143 12904 W NetworkScheduler: 	at android.database.sqlite.SQLiteDatabase.insertOrThrow(SQLiteDatabase.java:2305)
01-30 23:25:23.349 12143 12904 W NetworkScheduler: 	at crnw.d(:com.google.android.gms@240213038@24.02.13 (190400-599553831):743)
01-30 23:25:23.349 12143 12904 W NetworkScheduler: 	at crmd.n(:com.google.android.gms@240213038@24.02.13 (190400-599553831):29)
01-30 23:25:23.349 12143 12904 W NetworkScheduler: 	at crmd.u(:com.google.android.gms@240213038@24.02.13 (190400-599553831):362)
01-30 23:25:23.349 12143 12904 W NetworkScheduler: 	at crmd.h(:com.google.android.gms@240213038@24.02.13 (190400-599553831):51)
01-30 23:25:23.349 12143 12904 W NetworkScheduler: 	at crhi.run(:com.google.android.gms@240213038@24.02.13 (190400-599553831):72)
01-30 23:25:23.349 12143 12904 W NetworkScheduler: 	at akki.c(:com.google.android.gms@240213038@24.02.13 (190400-599553831):50)
01-30 23:25:23.349 12143 12904 W NetworkScheduler: 	at akki.run(:com.google.android.gms@240213038@24.02.13 (190400-599553831):97)
01-30 23:25:23.349 12143 12904 W NetworkScheduler: 	at java.util.concurrent.ThreadPoolExecutor.runWorker(ThreadPoolExecutor.java:1145)
01-30 23:25:23.349 12143 12904 W NetworkScheduler: 	at java.util.concurrent.ThreadPoolExecutor$Worker.run(ThreadPoolExecutor.java:644)
01-30 23:25:23.349 12143 12904 W NetworkScheduler: 	at akpt.run(:com.google.android.gms@240213038@24.02.13 (190400-599553831):8)
01-30 23:25:23.349 12143 12904 W NetworkScheduler: 	at java.lang.Thread.run(Thread.java:1012)
01-30 23:25:23.379 25557 25571 I RecentModel: onTaskStackChangedBackground
01-30 23:25:23.394 14070 14070 D LifecycleMonitor: Lifecycle status change: com.example.sportmatch.LoginActivity@f28d420 in: CREATED
01-30 23:25:23.394 14070 14070 V ActivityScenario: Activity lifecycle changed event received but ignored because the intent does not match. startActivityIntent=Intent { act=android.intent.action.MAIN cat=[android.intent.category.LAUNCHER] flg=0x10008000 cmp=com.example.sportmatch/.MainActivity }, activity.getIntent()=Intent { cmp=com.example.sportmatch/.LoginActivity }, activity=com.example.sportmatch.LoginActivity@f28d420
01-30 23:25:23.397 14070 14070 D LifecycleMonitor: Lifecycle status change: com.example.sportmatch.LoginActivity@f28d420 in: STARTED
01-30 23:25:23.397 14070 14070 V ActivityScenario: Activity lifecycle changed event received but ignored because the intent does not match. startActivityIntent=Intent { act=android.intent.action.MAIN cat=[android.intent.category.LAUNCHER] flg=0x10008000 cmp=com.example.sportmatch/.MainActivity }, activity.getIntent()=Intent { cmp=com.example.sportmatch/.LoginActivity }, activity=com.example.sportmatch.LoginActivity@f28d420
01-30 23:25:23.399 14070 14070 D LifecycleMonitor: Lifecycle status change: com.example.sportmatch.LoginActivity@f28d420 in: RESUMED
